                                                                                     
                              ABACUS v3.11.0-beta.4

               Atomic-orbital Based Ab-initio Computation at UStc                    

                     Website: http://abacus.ustc.edu.cn/                             
               Documentation: https://abacus.deepmodeling.com/                       
                  Repository: https://github.com/abacusmodeling/abacus-develop       
                              https://github.com/deepmodeling/abacus-develop         
                      Commit: unknown

 Fri Jun 26 15:03:14 2026
 MAKE THE DIR         : OUT.CaOMgO/
 RUNNING WITH DEVICE  : CPU / Intel(R) Xeon(R) Silver 4116 CPU @ 2.10GHz (x2)
 WARNING: some of potential function is set to zero cause of less than 1e-30.
 WARNING: some of potential function is set to zero cause of less than 1e-30.
 WARNING: some of potential function is set to zero cause of less than 1e-30.

%%%%%%%%%%%%%%%%%%%%%%%%%%%%%%%%%%%%%%%%%%%%%%%%%%%%%%%%%%%%%%%%%%%%%%%%%%%%%%%%%%%%%%%%%%%%%%%%%%%%%%%%%
 Warning: the number of valence electrons in pseudopotential > 2 for Ca: [Ar] 4s2
 Pseudopotentials with additional electrons can yield (more) accurate outcomes, but may be less efficient.
 If you're confident that your chosen pseudopotential is appropriate, you can safely ignore this warning.
%%%%%%%%%%%%%%%%%%%%%%%%%%%%%%%%%%%%%%%%%%%%%%%%%%%%%%%%%%%%%%%%%%%%%%%%%%%%%%%%%%%%%%%%%%%%%%%%%%%%%%%%%

 UNIFORM GRID DIM     : 135 * 135 * 135
 UNIFORM GRID DIM(BIG): 45 * 45 * 45
 DONE(0.226874   SEC) : SYMMETRY
 DONE(0.226986   SEC) : SETUP UNITCELL
 DONE(0.365518   SEC) : INIT K-POINTS
 ----------------------------------------------------------------
 Cell relaxation calculations
 ----------------------------------------------------------------
 SPIN    KPOINTS         PROCESSES   THREADS/PROC  THREADS/TOTAL 
 1       14              24          1             24            
 ----------------------------------------------------------------
 Use Systematically Improvable Atomic bases
 ----------------------------------------------------------------
 TOTAL NBASE 120
 ELEMENT ORBITALS        NBASE       NATOM       
 Ca      4s2p1d-10au     15          3           
 Mg      2s1p-9au        5           2           
 O       2s2p1d-6au      13          5           
 ----------------------------------------------------------------
 Initial plane wave basis and FFT box
 ----------------------------------------------------------------
 DONE(0.399122   SEC) : INIT PLANEWAVE
 START CHARGE         : ATOMIC
 DONE(1.06896    SEC) : CHARGE
 DONE(1.12408    SEC) : POTENTIALS

 ================================================================
 RELAX STEP: 1 (CELL_CHANGE# 1 IONS_CHANGE# 1)
 ================================================================
 DONE(2.79708    SEC) : INIT SCF
 ITER       ETOT/eV          EDIFF/eV         DRHO     TIME/s
 GE1     -5.46156719e+03   0.00000000e+00   1.4602e-01  13.71
 GE2     -5.46669980e+03  -5.13261108e+00   1.3865e-01  13.52
 GE3     -5.47411375e+03  -7.41395445e+00   2.0547e-02  13.49
 GE4     -5.47417163e+03  -5.78814958e-02   1.5118e-02  13.50
 GE5     -5.47418953e+03  -1.79001714e-02   5.1707e-03  13.52
 GE6     -5.47419731e+03  -7.77576853e-03   1.0868e-03  13.51
 GE7     -5.47419732e+03  -1.25625622e-05   5.1139e-04  13.52
 GE8     -5.47419735e+03  -2.39021805e-05   2.5947e-04  13.49
 GE9     -5.47419736e+03  -1.83533155e-05   1.0764e-04  13.50
 GE10    -5.47419737e+03  -1.31237603e-06   2.3076e-05  13.56
 GE11    -5.47419737e+03  -2.76207752e-07   2.1489e-06  13.55
 GE12    -5.47419737e+03  -4.33874253e-10   1.7149e-07  13.52
 GE13    -5.47419737e+03  -3.09357756e-12   5.0168e-08  13.46
 ----------------------------------------------------------------
              Stress_x             Stress_y             Stress_z 
 ----------------------------------------------------------------
        724.6655263757        -0.0000000000        -0.0000000000 
          0.0000000000       724.6655263757         0.0000000000 
         -0.0000000000         0.0000000000       704.2945682875 
 ----------------------------------------------------------------
 TOTAL-PRESSURE (EXCLUDE KINETIC PART OF IONS): 717.875207 kbar
 ETOT DIFF (eV)              : 0.000000
 LARGEST GRAD (eV/Angstrom)  : 2.230947
 DONE(191.337045 SEC) : SETUP UNITCELL

 ================================================================
 RELAX STEP: 2 (CELL_CHANGE# 2 IONS_CHANGE# 1)
 ================================================================
 DONE(191.419891 SEC) : LOCAL POTENTIAL
 DONE(191.467084 SEC) : SYMMETRY
 DONE(191.467498 SEC) : INIT K-POINTS
 DONE(193.122100 SEC) : INIT SCF
 ITER       ETOT/eV          EDIFF/eV         DRHO     TIME/s
 GE1     -5.47643273e+03   0.00000000e+00   3.6185e-03  12.35
 GE2     -5.47643672e+03  -3.99201631e-03   2.0984e-03  12.20
 GE3     -5.47643797e+03  -1.24954770e-03   6.1105e-04  12.20
 GE4     -5.47643820e+03  -2.29451554e-04   3.0121e-04  12.21
 GE5     -5.47643820e+03   3.30734996e-06   1.5866e-04  12.24
 GE6     -5.47643820e+03  -2.30823113e-06   5.3879e-05  12.23
 GE7     -5.47643820e+03  -1.33944174e-06   1.0017e-05  12.24
 GE8     -5.47643820e+03  -1.86024553e-08   2.8124e-06  12.22
 GE9     -5.47643820e+03  -2.55220149e-09   6.5854e-07  12.23
 GE10    -5.47643820e+03  -2.81515558e-10   1.2220e-07  12.22
 GE11    -5.47643820e+03  -2.62954093e-11   2.4700e-08  12.20
 ----------------------------------------------------------------
              Stress_x             Stress_y             Stress_z 
 ----------------------------------------------------------------
        513.2932344973        -0.0000000000         0.0000000000 
          0.0000000000       513.2932344973         0.0000000000 
          0.0000000000        -0.0000000000       489.5728439720 
 ----------------------------------------------------------------
 TOTAL-PRESSURE (EXCLUDE KINETIC PART OF IONS): 505.386438 kbar
 ETOT DIFF (eV)              : -2.240833
 LARGEST GRAD (eV/Angstrom)  : 1.689148
 DONE(339.565594 SEC) : SETUP UNITCELL

 ================================================================
 RELAX STEP: 3 (CELL_CHANGE# 3 IONS_CHANGE# 1)
 ================================================================
 DONE(339.648286 SEC) : LOCAL POTENTIAL
 DONE(339.695534 SEC) : SYMMETRY
 DONE(339.695940 SEC) : INIT K-POINTS
 DONE(341.176681 SEC) : INIT SCF
 ITER       ETOT/eV          EDIFF/eV         DRHO     TIME/s
 GE1     -5.47975980e+03   0.00000000e+00   6.1524e-03   9.11
 GE2     -5.47977076e+03  -1.09605185e-02   3.5689e-03   9.05
 GE3     -5.47977366e+03  -2.90566532e-03   9.7961e-04   9.03
 GE4     -5.47977402e+03  -3.59556528e-04   7.7610e-04   9.03
 GE5     -5.47977397e+03   5.16423570e-05   4.1519e-04   9.03
 GE6     -5.47977392e+03   5.22073835e-05   2.4610e-04   9.04
 GE7     -5.47977394e+03  -2.71060743e-05   2.0257e-05   9.03
 GE8     -5.47977394e+03  -3.23727424e-08   8.1540e-06   9.03
 GE9     -5.47977394e+03  -1.07022316e-08   4.4797e-06   9.05
 GE10    -5.47977394e+03  -9.80973445e-09   5.0785e-07   9.04
 GE11    -5.47977394e+03  -5.64577905e-11   6.5717e-08   9.03
 ----------------------------------------------------------------
              Stress_x             Stress_y             Stress_z 
 ----------------------------------------------------------------
        112.0286511605        -0.0000000000         0.0000000000 
          0.0000000000       112.0286511605         0.0000000000 
         -0.0000000000        -0.0000000000        85.4123879915 
 ----------------------------------------------------------------
 TOTAL-PRESSURE (EXCLUDE KINETIC PART OF IONS): 103.156563 kbar
 ETOT DIFF (eV)              : -3.335746
 LARGEST GRAD (eV/Angstrom)  : 0.786749
 DONE(449.647316 SEC) : SETUP UNITCELL

 ================================================================
 RELAX STEP: 4 (CELL_CHANGE# 4 IONS_CHANGE# 1)
 ================================================================
 DONE(449.730210 SEC) : LOCAL POTENTIAL
 DONE(449.777727 SEC) : SYMMETRY
 DONE(449.778124 SEC) : INIT K-POINTS
 DONE(451.167004 SEC) : INIT SCF
 ITER       ETOT/eV          EDIFF/eV         DRHO     TIME/s
 GE1     -5.48003682e+03   0.00000000e+00   6.7993e-03   8.25
 GE2     -5.48004828e+03  -1.14639588e-02   4.6582e-03   8.10
 GE3     -5.48005356e+03  -5.27378181e-03   1.1936e-03   8.13
 GE4     -5.48005433e+03  -7.76085102e-04   7.8066e-04   8.14
 GE5     -5.48005430e+03   3.69508381e-05   4.6892e-04   8.16
 GE6     -5.48005419e+03   1.01553028e-04   2.8507e-04   8.12
 GE7     -5.48005424e+03  -4.46181788e-05   2.9557e-05   8.12
 GE8     -5.48005424e+03  -2.61540328e-07   1.5265e-05   8.15
 GE9     -5.48005424e+03  -4.58220708e-08   6.0163e-06   8.14
 GE10    -5.48005424e+03  -2.05421284e-08   5.2436e-07   8.16
 GE11    -5.48005424e+03  -1.54678878e-12   7.9538e-08   8.14
 ----------------------------------------------------------------
              Stress_x             Stress_y             Stress_z 
 ----------------------------------------------------------------
         29.6906558614         0.0000000000         0.0000000000 
          0.0000000000        29.6906558614         0.0000000000 
         -0.0000000000         0.0000000000         3.5926462655 
 ----------------------------------------------------------------
 TOTAL-PRESSURE (EXCLUDE KINETIC PART OF IONS): 20.991319 kbar
 ETOT DIFF (eV)              : -0.280294
 LARGEST GRAD (eV/Angstrom)  : 0.776465
 DONE(548.977990 SEC) : SETUP UNITCELL

 ================================================================
 RELAX STEP: 5 (CELL_CHANGE# 5 IONS_CHANGE# 1)
 ================================================================
 DONE(549.060704 SEC) : LOCAL POTENTIAL
 DONE(549.108090 SEC) : SYMMETRY
 DONE(549.108532 SEC) : INIT K-POINTS
 DONE(550.415188 SEC) : INIT SCF
 ITER       ETOT/eV          EDIFF/eV         DRHO     TIME/s
 GE1     -5.47973079e+03   0.00000000e+00   3.4997e-03   6.86
 GE2     -5.47973489e+03  -4.09937367e-03   2.9874e-03   6.72
 GE3     -5.47973735e+03  -2.46331493e-03   6.6123e-04   6.70
 GE4     -5.47973734e+03   1.73958920e-05   2.7267e-04   6.71
 GE5     -5.47973734e+03  -2.79406280e-06   2.2244e-04   6.72
 GE6     -5.47973732e+03   1.49961683e-05   1.1211e-04   6.72
 GE7     -5.47973733e+03  -6.58050815e-06   1.0565e-05   6.71
 GE8     -5.47973733e+03   8.28073374e-09   9.2378e-06   6.72
 GE9     -5.47973733e+03  -1.60123575e-08   2.3624e-06   6.72
 GE10    -5.47973733e+03  -3.47872797e-09   3.8112e-07   6.75
 GE11    -5.47973733e+03  -4.87238466e-11   4.0518e-08   6.70
 ----------------------------------------------------------------
              Stress_x             Stress_y             Stress_z 
 ----------------------------------------------------------------
        -83.8444017283         0.0000000000         0.0000000000 
          0.0000000000       -83.8444017283         0.0000000000 
          0.0000000000         0.0000000000      -107.3648180394 
 ----------------------------------------------------------------
 TOTAL-PRESSURE (EXCLUDE KINETIC PART OF IONS): -91.684540 kbar
 ETOT DIFF (eV)              : 0.316910
 LARGEST GRAD (eV/Angstrom)  : 0.772996
 DONE(631.473321 SEC) : SETUP UNITCELL

 ================================================================
 RELAX STEP: 6 (CELL_CHANGE# 6 IONS_CHANGE# 1)
 ================================================================
 DONE(631.556042 SEC) : LOCAL POTENTIAL
 DONE(631.603407 SEC) : SYMMETRY
 DONE(631.603843 SEC) : INIT K-POINTS
 DONE(632.956439 SEC) : INIT SCF
 ITER       ETOT/eV          EDIFF/eV         DRHO     TIME/s
 GE1     -5.47990401e+03   0.00000000e+00   7.5446e-03   7.13
 GE2     -5.47992699e+03  -2.29799342e-02   5.9407e-03   7.00
 GE3     -5.47993676e+03  -9.76871478e-03   1.6132e-03   7.01
 GE4     -5.47993657e+03   1.94009332e-04   7.9692e-04   7.03
 GE5     -5.47993654e+03   2.57532706e-05   5.0856e-04   7.01
 GE6     -5.47993646e+03   7.60050607e-05   2.6692e-04   7.03
 GE7     -5.47993650e+03  -3.84210848e-05   2.2535e-05   7.01
 GE8     -5.47993650e+03   4.73820073e-08   1.9666e-05   7.02
 GE9     -5.47993650e+03  -6.97748685e-08   4.7489e-06   7.02
 GE10    -5.47993650e+03  -1.33920973e-08   9.2598e-07   7.02
 GE11    -5.47993650e+03  -3.37973349e-10   7.3894e-08   7.01
 ----------------------------------------------------------------
              Stress_x             Stress_y             Stress_z 
 ----------------------------------------------------------------
        -62.8413230052         0.0000000000        -0.0000000000 
          0.0000000000       -62.8413230052         0.0000000000 
          0.0000000000         0.0000000000       -85.7402121818 
 ----------------------------------------------------------------
 TOTAL-PRESSURE (EXCLUDE KINETIC PART OF IONS): -70.474286 kbar
 ETOT DIFF (eV)              : -0.199173
 LARGEST GRAD (eV/Angstrom)  : 0.694697
 DONE(717.539777 SEC) : SETUP UNITCELL

 ================================================================
 RELAX STEP: 7 (CELL_CHANGE# 7 IONS_CHANGE# 1)
 ================================================================
 DONE(717.622453 SEC) : LOCAL POTENTIAL
 DONE(717.669802 SEC) : SYMMETRY
 DONE(717.670249 SEC) : INIT K-POINTS
 DONE(719.037047 SEC) : INIT SCF
 ITER       ETOT/eV          EDIFF/eV         DRHO     TIME/s
 GE1     -5.48018902e+03   0.00000000e+00   1.7576e-03   7.98
 GE2     -5.48019008e+03  -1.05901297e-03   1.3095e-03   7.87
 GE3     -5.48019032e+03  -2.42759290e-04   4.9564e-04   7.85
 GE4     -5.48019030e+03   1.42768620e-05   2.4078e-04   7.85
 GE5     -5.48019031e+03  -2.94429698e-06   1.3535e-04   8.05
 GE6     -5.48019031e+03  -4.17715801e-06   2.8101e-05   7.84
 GE7     -5.48019031e+03  -3.86768347e-07   3.9776e-06   7.86
 GE8     -5.48019031e+03  -2.36194647e-09   3.0437e-06   7.86
 GE9     -5.48019031e+03  -2.96519409e-09   6.2092e-07   7.84
 GE10    -5.48019031e+03  -7.50192559e-11   1.3329e-07   7.86
 GE11    -5.48019031e+03  -1.46944934e-11   1.5726e-08   7.83
 ----------------------------------------------------------------
              Stress_x             Stress_y             Stress_z 
 ----------------------------------------------------------------
         -0.1516312274         0.0000000000         0.0000000000 
          0.0000000000        -0.1516312274         0.0000000000 
          0.0000000000        -0.0000000000       -16.9966966572 
 ----------------------------------------------------------------
 TOTAL-PRESSURE (EXCLUDE KINETIC PART OF IONS): -5.766653 kbar
 ETOT DIFF (eV)              : -0.253809
 LARGEST GRAD (eV/Angstrom)  : 0.457277
 DONE(813.676870 SEC) : SETUP UNITCELL

 ================================================================
 RELAX STEP: 8 (CELL_CHANGE# 8 IONS_CHANGE# 1)
 ================================================================
 DONE(813.759595 SEC) : LOCAL POTENTIAL
 DONE(813.807074 SEC) : SYMMETRY
 DONE(813.807535 SEC) : INIT K-POINTS
 DONE(815.196950 SEC) : INIT SCF
 ITER       ETOT/eV          EDIFF/eV         DRHO     TIME/s
 GE1     -5.48019384e+03   0.00000000e+00   2.4610e-03   8.17
 GE2     -5.48019606e+03  -2.22066033e-03   1.9315e-03   8.02
 GE3     -5.48019669e+03  -6.28228222e-04   6.9796e-04   8.00
 GE4     -5.48019667e+03   2.05884903e-05   3.0124e-04   8.02
 GE5     -5.48019667e+03  -2.19415159e-06   1.9667e-04   8.01
 GE6     -5.48019668e+03  -8.15966503e-06   3.7837e-05   8.03
 GE7     -5.48019668e+03  -6.92966787e-07   5.7139e-06   8.01
 GE8     -5.48019668e+03  -5.20030388e-09   4.5811e-06   8.03
 GE9     -5.48019668e+03  -7.37354212e-09   8.9856e-07   8.02
 GE10    -5.48019668e+03  -2.08043091e-10   1.7928e-07   8.04
 GE11    -5.48019668e+03  -5.41376073e-12   2.0606e-08   8.02
 ----------------------------------------------------------------
              Stress_x             Stress_y             Stress_z 
 ----------------------------------------------------------------
         14.9289261002         0.0000000000        -0.0000000000 
          0.0000000000        14.9289261002         0.0000000000 
          0.0000000000         0.0000000000         0.3593191585 
 ----------------------------------------------------------------
 TOTAL-PRESSURE (EXCLUDE KINETIC PART OF IONS): 10.072390 kbar
 ETOT DIFF (eV)              : -0.006368
 LARGEST GRAD (eV/Angstrom)  : 0.505135
 DONE(911.677534 SEC) : SETUP UNITCELL

 ================================================================
 RELAX STEP: 9 (CELL_CHANGE# 9 IONS_CHANGE# 1)
 ================================================================
 DONE(911.760392 SEC) : LOCAL POTENTIAL
 DONE(911.807705 SEC) : SYMMETRY
 DONE(911.808142 SEC) : INIT K-POINTS
 DONE(913.187297 SEC) : INIT SCF
 ITER       ETOT/eV          EDIFF/eV         DRHO     TIME/s
 GE1     -5.48022338e+03   0.00000000e+00   1.3246e-03   8.17
 GE2     -5.48022384e+03  -4.51725848e-04   6.6332e-04   8.00
 GE3     -5.48022397e+03  -1.33830950e-04   2.1983e-04   8.02
 GE4     -5.48022398e+03  -1.06535503e-05   1.1182e-04   8.01
 GE5     -5.48022398e+03  -5.27055129e-07   6.6028e-05   8.01
 GE6     -5.48022398e+03   3.12824110e-06   4.2758e-05   8.01
 GE7     -5.48022398e+03  -1.13710089e-06   4.3684e-06   8.01
 GE8     -5.48022398e+03   5.36813046e-09   2.6465e-06   8.03
 GE9     -5.48022398e+03  -2.51430516e-09   6.1518e-07   8.01
 GE10    -5.48022398e+03  -2.21190796e-10   1.3648e-07   8.04
 GE11    -5.48022398e+03   1.70146766e-11   1.6933e-08   8.01
 ----------------------------------------------------------------
              Stress_x             Stress_y             Stress_z 
 ----------------------------------------------------------------
         13.7989622329         0.0000000000        -0.0000000000 
          0.0000000000        13.7989622329         0.0000000000 
          0.0000000000         0.0000000000         2.0166128613 
 ----------------------------------------------------------------
 TOTAL-PRESSURE (EXCLUDE KINETIC PART OF IONS): 9.871512 kbar
 ETOT DIFF (eV)              : -0.027299
 LARGEST GRAD (eV/Angstrom)  : 0.481013
 DONE(1009.611045 SEC) : SETUP UNITCELL

 ================================================================
 RELAX STEP: 10 (CELL_CHANGE# 10 IONS_CHANGE# 1)
 ================================================================
 DONE(1009.693856 SEC) : LOCAL POTENTIAL
 DONE(1009.741031 SEC) : SYMMETRY
 DONE(1009.741454 SEC) : INIT K-POINTS
 DONE(1011.124353 SEC) : INIT SCF
 ITER       ETOT/eV          EDIFF/eV         DRHO     TIME/s
 GE1     -5.48028776e+03   0.00000000e+00   2.4656e-03   8.09
 GE2     -5.48028857e+03  -8.11157327e-04   7.1600e-04   7.99
 GE3     -5.48028873e+03  -1.63091834e-04   4.2903e-04   7.98
 GE4     -5.48028883e+03  -9.98382019e-05   1.0226e-04   7.99
 GE5     -5.48028884e+03  -2.78572174e-06   2.9536e-05   7.96
 GE6     -5.48028884e+03   1.86106533e-07   1.3971e-05   8.00
 GE7     -5.48028884e+03  -3.01701152e-09   1.0399e-05   7.99
 GE8     -5.48028884e+03  -9.87856655e-09   2.9669e-06   8.45
 GE9     -5.48028884e+03  -5.29543139e-09   2.3991e-07   8.01
 GE10    -5.48028884e+03  -2.16550429e-11   1.2347e-07   8.00
 GE11    -5.48028884e+03  -1.08275215e-11   1.7766e-08   7.99
 ----------------------------------------------------------------
              Stress_x             Stress_y             Stress_z 
 ----------------------------------------------------------------
         10.6380759704         0.0000000000         0.0000000000 
          0.0000000000        10.6380759704         0.0000000000 
          0.0000000000        -0.0000000000         9.4325616465 
 ----------------------------------------------------------------
 TOTAL-PRESSURE (EXCLUDE KINETIC PART OF IONS): 10.236238 kbar
 ETOT DIFF (eV)              : -0.064858
 LARGEST GRAD (eV/Angstrom)  : 0.411700
 DONE(1107.698663 SEC) : SETUP UNITCELL

 ================================================================
 RELAX STEP: 11 (CELL_CHANGE# 11 IONS_CHANGE# 1)
 ================================================================
 DONE(1107.781502 SEC) : LOCAL POTENTIAL
 DONE(1107.829405 SEC) : SYMMETRY
 DONE(1107.829831 SEC) : INIT K-POINTS
 DONE(1109.190928 SEC) : INIT SCF
 ITER       ETOT/eV          EDIFF/eV         DRHO     TIME/s
 GE1     -5.48031352e+03   0.00000000e+00   3.9001e-03   8.10
 GE2     -5.48031556e+03  -2.04363089e-03   1.4011e-03   7.95
 GE3     -5.48031663e+03  -1.06938818e-03   6.9451e-04   7.93
 GE4     -5.48031687e+03  -2.40733117e-04   1.4485e-04   7.94
 GE5     -5.48031688e+03  -5.81162188e-06   8.4017e-05   7.94
 GE6     -5.48031688e+03  -1.19734677e-06   3.2380e-05   7.95
 GE7     -5.48031688e+03  -1.01934154e-07   1.0901e-05   7.96
 GE8     -5.48031688e+03  -2.30641675e-08   3.7883e-06   7.95
 GE9     -5.48031688e+03   3.66047565e-09   2.7611e-06   7.97
 GE10    -5.48031688e+03  -3.40293532e-09   1.7548e-07   7.99
 GE11    -5.48031688e+03  -6.18715512e-12   2.4164e-08   7.92
 ----------------------------------------------------------------
              Stress_x             Stress_y             Stress_z 
 ----------------------------------------------------------------
          5.3021591291         0.0000000000         0.0000000000 
          0.0000000000         5.3021591291        -0.0000000000 
         -0.0000000000         0.0000000000        38.0722879054 
 ----------------------------------------------------------------
 TOTAL-PRESSURE (EXCLUDE KINETIC PART OF IONS): 16.225535 kbar
 ETOT DIFF (eV)              : -0.028043
 LARGEST GRAD (eV/Angstrom)  : 0.531907
 DONE(1204.888141 SEC) : SETUP UNITCELL

 ================================================================
 RELAX STEP: 12 (CELL_CHANGE# 12 IONS_CHANGE# 1)
 ================================================================
 DONE(1204.971871 SEC) : LOCAL POTENTIAL
 DONE(1205.019098 SEC) : SYMMETRY
 DONE(1205.019513 SEC) : INIT K-POINTS
 DONE(1206.389541 SEC) : INIT SCF
 ITER       ETOT/eV          EDIFF/eV         DRHO     TIME/s
 GE1     -5.48030380e+03   0.00000000e+00   1.0349e-02   8.14
 GE2     -5.48031848e+03  -1.46741880e-02   3.3959e-03   8.01
 GE3     -5.48032373e+03  -5.25087947e-03   1.8464e-03   7.99
 GE4     -5.48032546e+03  -1.72964714e-03   3.6941e-04   8.00
 GE5     -5.48032549e+03  -3.42367327e-05   1.2681e-04   7.99
 GE6     -5.48032549e+03   3.55868999e-06   7.5093e-05   8.00
 GE7     -5.48032549e+03  -4.92029644e-07   3.2156e-05   7.99
 GE8     -5.48032549e+03  -1.08569878e-07   1.0922e-05   8.01
 GE9     -5.48032549e+03  -7.62798887e-08   5.8628e-07   8.03
 GE10    -5.48032549e+03  -5.80045793e-11   2.5101e-07   8.00
 GE11    -5.48032549e+03  -3.17091700e-11   6.8627e-08   7.99
 ----------------------------------------------------------------
              Stress_x             Stress_y             Stress_z 
 ----------------------------------------------------------------
          7.1048777294         0.0000000000         0.0000000000 
          0.0000000000         7.1048777294         0.0000000000 
          0.0000000000        -0.0000000000        25.1003281092 
 ----------------------------------------------------------------
 TOTAL-PRESSURE (EXCLUDE KINETIC PART OF IONS): 13.103361 kbar
 ETOT DIFF (eV)              : -0.008608
 LARGEST GRAD (eV/Angstrom)  : 0.330956
 DONE(1302.662078 SEC) : SETUP UNITCELL

 ================================================================
 RELAX STEP: 13 (CELL_CHANGE# 13 IONS_CHANGE# 1)
 ================================================================
 DONE(1302.744903 SEC) : LOCAL POTENTIAL
 DONE(1302.792295 SEC) : SYMMETRY
 DONE(1302.792723 SEC) : INIT K-POINTS
 DONE(1304.151129 SEC) : INIT SCF
 ITER       ETOT/eV          EDIFF/eV         DRHO     TIME/s
 GE1     -5.48033271e+03   0.00000000e+00   3.4236e-03   8.04
 GE2     -5.48033479e+03  -2.07979850e-03   1.2035e-03   7.92
 GE3     -5.48033530e+03  -5.11957468e-04   6.0204e-04   7.90
 GE4     -5.48033547e+03  -1.72817444e-04   1.6693e-04   7.91
 GE5     -5.48033548e+03  -5.75879904e-06   7.3405e-05   7.94
 GE6     -5.48033547e+03   2.69787109e-06   4.5609e-05   7.92
 GE7     -5.48033547e+03  -2.14715938e-07   1.9797e-05   8.11
 GE8     -5.48033547e+03  -7.64755575e-08   5.5332e-06   7.93
 GE9     -5.48033547e+03  -1.43951898e-08   1.0251e-06   7.93
 GE10    -5.48033547e+03  -7.25443938e-10   2.5488e-07   7.94
 GE11    -5.48033547e+03  -2.86155924e-11   3.6041e-08   7.93
 ----------------------------------------------------------------
              Stress_x             Stress_y             Stress_z 
 ----------------------------------------------------------------
          2.9525920861         0.0000000000         0.0000000000 
          0.0000000000         2.9525920861         0.0000000000 
          0.0000000000        -0.0000000000        16.8516161854 
 ----------------------------------------------------------------
 TOTAL-PRESSURE (EXCLUDE KINETIC PART OF IONS): 7.585600 kbar
 ETOT DIFF (eV)              : -0.009986
 LARGEST GRAD (eV/Angstrom)  : 0.279479
 DONE(1399.671741 SEC) : SETUP UNITCELL

 ================================================================
 RELAX STEP: 14 (CELL_CHANGE# 14 IONS_CHANGE# 1)
 ================================================================
 DONE(1399.754472 SEC) : LOCAL POTENTIAL
 DONE(1399.801931 SEC) : SYMMETRY
 DONE(1399.802367 SEC) : INIT K-POINTS
 DONE(1401.164092 SEC) : INIT SCF
 ITER       ETOT/eV          EDIFF/eV         DRHO     TIME/s
 GE1     -5.48034782e+03   0.00000000e+00   1.4183e-03   7.90
 GE2     -5.48034845e+03  -6.33389151e-04   5.7756e-04   7.74
 GE3     -5.48034850e+03  -4.66671875e-05   3.2778e-04   7.75
 GE4     -5.48034852e+03  -2.23911442e-05   1.2946e-04   7.74
 GE5     -5.48034852e+03  -4.85395080e-06   8.6953e-05   7.77
 GE6     -5.48034852e+03   5.66911081e-06   5.6512e-05   8.31
 GE7     -5.48034852e+03  -1.77072745e-06   9.1184e-06   7.77
 GE8     -5.48034852e+03   1.18097323e-09   3.4936e-06   7.81
 GE9     -5.48034852e+03  -4.83139476e-09   7.4439e-07   7.76
 GE10    -5.48034852e+03  -4.80277916e-10   8.7553e-08   7.75
 ----------------------------------------------------------------
              Stress_x             Stress_y             Stress_z 
 ----------------------------------------------------------------
         -8.8034562740         0.0000000000        -0.0000000000 
          0.0000000000        -8.8034562740         0.0000000000 
         -0.0000000000         0.0000000000        -5.4661847448 
 ----------------------------------------------------------------
 TOTAL-PRESSURE (EXCLUDE KINETIC PART OF IONS): -7.691032 kbar
 ETOT DIFF (eV)              : -0.013047
 LARGEST GRAD (eV/Angstrom)  : 0.159970
 DONE(1487.391302 SEC) : SETUP UNITCELL

 ================================================================
 RELAX STEP: 15 (CELL_CHANGE# 15 IONS_CHANGE# 1)
 ================================================================
 DONE(1487.473927 SEC) : LOCAL POTENTIAL
 DONE(1487.520972 SEC) : SYMMETRY
 DONE(1487.521372 SEC) : INIT K-POINTS
 DONE(1488.882405 SEC) : INIT SCF
 ITER       ETOT/eV          EDIFF/eV         DRHO     TIME/s
 GE1     -5.48035166e+03   0.00000000e+00   1.7083e-03   7.90
 GE2     -5.48035253e+03  -8.75598536e-04   8.3863e-04   7.77
 GE3     -5.48035265e+03  -1.21635482e-04   4.0151e-04   7.75
 GE4     -5.48035267e+03  -1.28057537e-05   1.7408e-04   7.77
 GE5     -5.48035267e+03  -5.32079022e-06   1.3064e-04   7.77
 GE6     -5.48035266e+03   1.22739476e-05   8.2141e-05   7.78
 GE7     -5.48035266e+03  -4.56148630e-06   5.7811e-06   7.76
 GE8     -5.48035266e+03   1.27347120e-08   4.1306e-06   7.77
 GE9     -5.48035266e+03  -6.56689177e-09   8.6527e-07   7.76
 GE10    -5.48035266e+03  -6.61252204e-10   1.3433e-07   7.76
 GE11    -5.48035266e+03  -7.73394390e-12   2.2868e-08   7.75
 ----------------------------------------------------------------
              Stress_x             Stress_y             Stress_z 
 ----------------------------------------------------------------
         -5.7535828185         0.0000000000         0.0000000000 
          0.0000000000        -5.7535828185         0.0000000000 
          0.0000000000        -0.0000000000        -4.1371307096 
 ----------------------------------------------------------------
 TOTAL-PRESSURE (EXCLUDE KINETIC PART OF IONS): -5.214765 kbar
 ETOT DIFF (eV)              : -0.004144
 LARGEST GRAD (eV/Angstrom)  : 0.118675
 DONE(1582.375829 SEC) : SETUP UNITCELL

 ================================================================
 RELAX STEP: 16 (CELL_CHANGE# 16 IONS_CHANGE# 1)
 ================================================================
 DONE(1582.461117 SEC) : LOCAL POTENTIAL
 DONE(1582.508633 SEC) : SYMMETRY
 DONE(1582.509067 SEC) : INIT K-POINTS
 DONE(1583.867845 SEC) : INIT SCF
 ITER       ETOT/eV          EDIFF/eV         DRHO     TIME/s
 GE1     -5.48035682e+03   0.00000000e+00   1.0890e-03   7.99
 GE2     -5.48035718e+03  -3.61122539e-04   3.4093e-04   7.86
 GE3     -5.48035721e+03  -3.01303194e-05   2.0940e-04   7.86
 GE4     -5.48035723e+03  -2.44704653e-05   6.3908e-05   7.89
 GE5     -5.48035724e+03  -2.32588386e-06   1.9262e-05   7.86
 GE6     -5.48035724e+03  -8.64871479e-08   1.1318e-05   7.88
 GE7     -5.48035724e+03   2.91546483e-08   5.0205e-06   7.86
 GE8     -5.48035724e+03  -7.22582379e-09   2.1381e-06   7.89
 GE9     -5.48035724e+03   5.48336623e-10   9.8251e-07   7.87
 GE10    -5.48035724e+03  -5.10440298e-10   4.5437e-08   7.86
 ----------------------------------------------------------------
              Stress_x             Stress_y             Stress_z 
 ----------------------------------------------------------------
          2.5716599043         0.0000000000         0.0000000000 
          0.0000000000         2.5716599043        -0.0000000000 
          0.0000000000        -0.0000000000        -0.0574467390 
 ----------------------------------------------------------------
 TOTAL-PRESSURE (EXCLUDE KINETIC PART OF IONS): 1.695291 kbar
 ETOT DIFF (eV)              : -0.004572
 LARGEST GRAD (eV/Angstrom)  : 0.081688
 DONE(1670.706667 SEC) : SETUP UNITCELL

 ================================================================
 RELAX STEP: 17 (CELL_CHANGE# 17 IONS_CHANGE# 1)
 ================================================================
 DONE(1670.789416 SEC) : LOCAL POTENTIAL
 DONE(1670.836699 SEC) : SYMMETRY
 DONE(1670.837111 SEC) : INIT K-POINTS
 DONE(1672.202421 SEC) : INIT SCF
 ITER       ETOT/eV          EDIFF/eV         DRHO     TIME/s
 GE1     -5.48035738e+03   0.00000000e+00   1.5419e-03   8.00
 GE2     -5.48035801e+03  -6.30959841e-04   5.5523e-04   7.84
 GE3     -5.48035813e+03  -1.23386675e-04   2.9337e-04   7.85
 GE4     -5.48035818e+03  -4.61838555e-05   8.0176e-05   7.85
 GE5     -5.48035818e+03  -3.03571761e-06   3.6475e-05   7.85
 GE6     -5.48035818e+03  -5.85287860e-07   1.0506e-05   7.85
 GE7     -5.48035818e+03   3.00618400e-09   3.3868e-06   7.85
 GE8     -5.48035818e+03  -1.82366397e-09   2.1081e-06   7.86
 GE9     -5.48035818e+03   2.11136669e-10   9.4763e-07   7.85
 GE10    -5.48035818e+03  -3.54214631e-10   8.6707e-08   7.85
 ----------------------------------------------------------------
              Stress_x             Stress_y             Stress_z 
 ----------------------------------------------------------------
          2.0221050648         0.0000000000         0.0000000000 
          0.0000000000         2.0221050648         0.0000000000 
         -0.0000000000         0.0000000000         0.2143711114 
 ----------------------------------------------------------------
 TOTAL-PRESSURE (EXCLUDE KINETIC PART OF IONS): 1.419527 kbar
 ETOT DIFF (eV)              : -0.000943
 LARGEST GRAD (eV/Angstrom)  : 0.058385
 DONE(1758.867728 SEC) : SETUP UNITCELL

 ================================================================
 RELAX STEP: 18 (CELL_CHANGE# 18 IONS_CHANGE# 1)
 ================================================================
 DONE(1758.950434 SEC) : LOCAL POTENTIAL
 DONE(1758.997824 SEC) : SYMMETRY
 DONE(1758.998323 SEC) : INIT K-POINTS
 DONE(1760.359660 SEC) : INIT SCF
 ITER       ETOT/eV          EDIFF/eV         DRHO     TIME/s
 GE1     -5.48035897e+03   0.00000000e+00   5.9013e-04   7.96
 GE2     -5.48035904e+03  -7.69491231e-05   2.1507e-04   7.82
 GE3     -5.48035906e+03  -1.11833130e-05   1.1335e-04   7.82
 GE4     -5.48035906e+03  -5.02280136e-06   3.8029e-05   7.83
 GE5     -5.48035906e+03  -3.86798510e-07   2.2181e-05   7.84
 GE6     -5.48035906e+03   2.10135896e-07   1.2450e-05   7.82
 GE7     -5.48035906e+03  -3.64841070e-08   3.8671e-06   7.84
 GE8     -5.48035906e+03  -3.67594354e-09   1.0456e-06   7.82
 GE9     -5.48035906e+03  -1.17555947e-10   4.4060e-07   7.82
 GE10    -5.48035906e+03  -1.19876130e-10   4.7990e-08   7.83
 ----------------------------------------------------------------
              Stress_x             Stress_y             Stress_z 
 ----------------------------------------------------------------
          0.7892639940         0.0000000000         0.0000000000 
          0.0000000000         0.7892639940        -0.0000000000 
         -0.0000000000         0.0000000000         0.9883475160 
 ----------------------------------------------------------------
 TOTAL-PRESSURE (EXCLUDE KINETIC PART OF IONS): 0.855625 kbar
 ETOT DIFF (eV)              : -0.000881
 LARGEST GRAD (eV/Angstrom)  : 0.018405
 DONE(1846.733210 SEC) : SETUP UNITCELL

 ================================================================
 RELAX STEP: 19 (CELL_CHANGE# 19 IONS_CHANGE# 1)
 ================================================================
 DONE(1846.815858 SEC) : LOCAL POTENTIAL
 DONE(1846.863156 SEC) : SYMMETRY
 DONE(1846.863646 SEC) : INIT K-POINTS
 DONE(1848.222201 SEC) : INIT SCF
 ITER       ETOT/eV          EDIFF/eV         DRHO     TIME/s
 GE1     -5.48035880e+03   0.00000000e+00   1.0450e-03   7.95
 GE2     -5.48035907e+03  -2.70511161e-04   3.9623e-04   7.81
 GE3     -5.48035910e+03  -2.92777047e-05   2.0288e-04   7.81
 GE4     -5.48035911e+03  -1.56327886e-05   7.7834e-05   7.81
 GE5     -5.48035911e+03  -1.39658786e-06   4.5914e-05   7.80
 GE6     -5.48035911e+03   1.22500180e-06   2.6724e-05   7.82
 GE7     -5.48035911e+03  -3.37012019e-07   5.6285e-06   7.82
 GE8     -5.48035911e+03  -1.41067137e-09   1.9365e-06   7.81
 GE9     -5.48035911e+03  -2.83835741e-09   1.6051e-07   7.84
 GE10    -5.48035911e+03   7.73394390e-12   4.4641e-08   7.78
 ----------------------------------------------------------------
              Stress_x             Stress_y             Stress_z 
 ----------------------------------------------------------------
         -0.3139479055         0.0000000000         0.0000000000 
          0.0000000000        -0.3139479055         0.0000000000 
          0.0000000000         0.0000000000        -0.1136158317 
 ----------------------------------------------------------------
 TOTAL-PRESSURE (EXCLUDE KINETIC PART OF IONS): -0.247171 kbar
 ETOT DIFF (eV)              : -0.000051
 LARGEST GRAD (eV/Angstrom)  : 0.004067

 ~~~~~~~~~~~~~~~~~~~~~~~~~~~~~~~~~~~~~~~~~~~~~~~~~~~~~~~~~~~~~~~~
 Geometry relaxation thresholds are reached within 18 steps.
 ~~~~~~~~~~~~~~~~~~~~~~~~~~~~~~~~~~~~~~~~~~~~~~~~~~~~~~~~~~~~~~~~

 TIME STATISTICS
-------------------------------------------------------------------
    CLASS_NAME          NAME       TIME/s   CALLS    AVG/s  PER/%  
-------------------------------------------------------------------
                   total           1934.46 195      9.92    100.00 
 Driver            atomic_world    1934.46 1        1934.46 100.00 
 Relax_Driver      relax_driver    1933.33 1        1933.33 99.94  
 ESolver_KS        runner          1774.96 19       93.42   91.75  
 ESolver_KS_LCAO   before_scf      28.96   19       1.52    1.50   
 Potential         cal_veff        38.78   225      0.17    2.00   
 PotXC             cal_veff        33.78   225      0.15    1.75   
 XC_Functional     v_xc            39.03   263      0.15    2.02   
 HSolverLCAO       solve           1689.47 206      8.20    87.34  
 HamiltLCAO        updateHk        950.20  2884     0.33    49.12  
 OperatorLCAO      init            950.19  14420    0.07    49.12  
 Veff              contributeHR    945.62  206      4.59    48.88  
 Gint              cal_gint_vl     945.62  206      4.59    48.88  
 HSolverLCAO       hamiltSolvePsiK 46.96   2884     0.02    2.43   
 DiagoElpa         elpa_solve      41.57   2884     0.01    2.15   
 LCAO_domain       dm2rho          688.61  206      3.34    35.60  
 Gint              cal_gint_rho    679.92  206      3.30    35.15  
 ESolver_KS_LCAO   cal_force       158.31  19       8.33    8.18   
 Force_Stress_LCAO getForceStress  158.30  19       8.33    8.18   
 Gint              cal_gint_fvl    126.78  19       6.67    6.55   
-------------------------------------------------------------------


 START  Time  : Fri Jun 26 15:03:14 2026
 FINISH Time  : Fri Jun 26 15:35:28 2026
 TOTAL  Time  : 1934
 SEE INFORMATION IN : OUT.CaOMgO/
