                                                                                     
                              ABACUS v3.11.0-beta.4

               Atomic-orbital Based Ab-initio Computation at UStc                    

                     Website: http://abacus.ustc.edu.cn/                             
               Documentation: https://abacus.deepmodeling.com/                       
                  Repository: https://github.com/abacusmodeling/abacus-develop       
                              https://github.com/deepmodeling/abacus-develop         
                      Commit: unknown

 Fri Jun 26 13:05:02 2026
 MAKE THE DIR         : OUT.CaOMgO/
 RUNNING WITH DEVICE  : CPU / Intel(R) Xeon(R) Silver 4116 CPU @ 2.10GHz (x2)
 WARNING: some of potential function is set to zero cause of less than 1e-30.
 WARNING: some of potential function is set to zero cause of less than 1e-30.
 WARNING: some of potential function is set to zero cause of less than 1e-30.

%%%%%%%%%%%%%%%%%%%%%%%%%%%%%%%%%%%%%%%%%%%%%%%%%%%%%%%%%%%%%%%%%%%%%%%%%%%%%%%%%%%%%%%%%%%%%%%%%%%%%%%%%
 Warning: the number of valence electrons in pseudopotential > 2 for Ca: [Ar] 4s2
 Pseudopotentials with additional electrons can yield (more) accurate outcomes, but may be less efficient.
 If you're confident that your chosen pseudopotential is appropriate, you can safely ignore this warning.
%%%%%%%%%%%%%%%%%%%%%%%%%%%%%%%%%%%%%%%%%%%%%%%%%%%%%%%%%%%%%%%%%%%%%%%%%%%%%%%%%%%%%%%%%%%%%%%%%%%%%%%%%

 UNIFORM GRID DIM     : 80 * 80 * 80
 UNIFORM GRID DIM(BIG): 20 * 20 * 20
 DONE(0.221179   SEC) : SYMMETRY
 DONE(0.221275   SEC) : SETUP UNITCELL
 DONE(0.359791   SEC) : INIT K-POINTS
 ----------------------------------------------------------------
 Cell relaxation calculations
 ----------------------------------------------------------------
 SPIN    KPOINTS         PROCESSES   THREADS/PROC  THREADS/TOTAL 
 1       14              24          1             24            
 ----------------------------------------------------------------
 Use Systematically Improvable Atomic bases
 ----------------------------------------------------------------
 TOTAL NBASE 74
 ELEMENT ORBITALS        NBASE       NATOM       
 Ca      4s2p1d-10au     15          2           
 Mg      2s1p-9au        5           1           
 O       2s2p1d-6au      13          3           
 ----------------------------------------------------------------
 Initial plane wave basis and FFT box
 ----------------------------------------------------------------
 DONE(0.391429   SEC) : INIT PLANEWAVE
 START CHARGE         : ATOMIC
 DONE(1.04223    SEC) : CHARGE
 DONE(1.06865    SEC) : POTENTIALS

 ================================================================
 RELAX STEP: 1 (CELL_CHANGE# 1 IONS_CHANGE# 1)
 ================================================================
 DONE(1.34664    SEC) : INIT SCF
 ITER       ETOT/eV          EDIFF/eV         DRHO     TIME/s
 GE1     -3.48151266e+03   0.00000000e+00   1.4105e-01   2.74
 GE2     -3.48509168e+03  -3.57901966e+00   1.3267e-01   2.63
 GE3     -3.48938014e+03  -4.28845811e+00   1.8968e-02   2.62
 GE4     -3.48939877e+03  -1.86340623e-02   1.3074e-02   2.62
 GE5     -3.48941687e+03  -1.80964085e-02   4.5962e-03   2.63
 GE6     -3.48942059e+03  -3.71761166e-03   8.6402e-04   2.62
 GE7     -3.48942070e+03  -1.07771593e-04   1.8585e-04   2.62
 GE8     -3.48942070e+03  -5.06365669e-06   7.5238e-05   2.64
 GE9     -3.48942070e+03  -6.57890258e-07   1.4179e-05   2.62
 GE10    -3.48942070e+03  -3.21152021e-08   1.4508e-06   2.63
 GE11    -3.48942070e+03  -3.19411883e-10   1.0531e-07   2.62
 GE12    -3.48942070e+03   0.00000000e+00   8.4683e-09   2.63
 ----------------------------------------------------------------
              Stress_x             Stress_y             Stress_z 
 ----------------------------------------------------------------
        795.8706441515         0.0000000000         0.0000000000 
          0.0000000000       795.8706441515        -0.0000000000 
          0.0000000000        -0.0000000000       775.6446784355 
 ----------------------------------------------------------------
 TOTAL-PRESSURE (EXCLUDE KINETIC PART OF IONS): 789.128656 kbar
 ETOT DIFF (eV)              : 0.000000
 LARGEST GRAD (eV/Angstrom)  : 2.053621
 DONE(35.848842  SEC) : SETUP UNITCELL

 ================================================================
 RELAX STEP: 2 (CELL_CHANGE# 2 IONS_CHANGE# 1)
 ================================================================
 DONE(35.894319  SEC) : LOCAL POTENTIAL
 DONE(35.941634  SEC) : SYMMETRY
 DONE(35.942069  SEC) : INIT K-POINTS
 DONE(36.221258  SEC) : INIT SCF
 ITER       ETOT/eV          EDIFF/eV         DRHO     TIME/s
 GE1     -3.49319687e+03   0.00000000e+00   1.2896e-02   1.86
 GE2     -3.49324088e+03  -4.40146299e-02   7.8858e-03   1.76
 GE3     -3.49325613e+03  -1.52490404e-02   2.2295e-03   1.76
 GE4     -3.49325830e+03  -2.16222694e-03   9.2984e-04   1.77
 GE5     -3.49325839e+03  -9.17925359e-05   2.5732e-04   1.79
 GE6     -3.49325839e+03  -6.35833669e-06   1.1475e-04   1.77
 GE7     -3.49325840e+03  -3.16384199e-06   2.0573e-05   1.89
 GE8     -3.49325840e+03  -4.04005762e-08   3.2449e-06   1.76
 GE9     -3.49325840e+03  -2.72234825e-10   2.6239e-07   1.76
 GE10    -3.49325840e+03  -1.54678878e-12   3.4951e-08   1.78
 ----------------------------------------------------------------
              Stress_x             Stress_y             Stress_z 
 ----------------------------------------------------------------
        123.8249257873         0.0000000000         0.0000000000 
         -0.0000000000       123.8249257873        -0.0000000000 
         -0.0000000000        -0.0000000000       103.7105916591 
 ----------------------------------------------------------------
 TOTAL-PRESSURE (EXCLUDE KINETIC PART OF IONS): 117.120148 kbar
 ETOT DIFF (eV)              : -3.837696
 LARGEST GRAD (eV/Angstrom)  : 0.625993
 DONE(56.470057  SEC) : SETUP UNITCELL

 ================================================================
 RELAX STEP: 3 (CELL_CHANGE# 3 IONS_CHANGE# 1)
 ================================================================
 DONE(56.515503  SEC) : LOCAL POTENTIAL
 DONE(56.562790  SEC) : SYMMETRY
 DONE(56.563261  SEC) : INIT K-POINTS
 DONE(56.836353  SEC) : INIT SCF
 ITER       ETOT/eV          EDIFF/eV         DRHO     TIME/s
 GE1     -3.49342008e+03   0.00000000e+00   1.0276e-02   1.71
 GE2     -3.49344398e+03  -2.38934342e-02   6.3488e-03   1.62
 GE3     -3.49345423e+03  -1.02480975e-02   2.0620e-03   1.61
 GE4     -3.49345596e+03  -1.73558556e-03   6.5602e-04   1.62
 GE5     -3.49345600e+03  -3.92977281e-05   1.9201e-04   1.62
 GE6     -3.49345600e+03  -1.49762719e-06   3.9273e-05   1.61
 GE7     -3.49345600e+03  -2.07557399e-07   2.3821e-05   1.61
 GE8     -3.49345600e+03  -1.46181594e-07   2.8017e-06   1.61
 GE9     -3.49345600e+03  -3.62721969e-10   2.5532e-07   1.62
 GE10    -3.49345600e+03  -6.18715512e-12   2.8842e-08   1.62
 ----------------------------------------------------------------
              Stress_x             Stress_y             Stress_z 
 ----------------------------------------------------------------
         40.4808595719         0.0000000000        -0.0000000000 
          0.0000000000        40.4808595719         0.0000000000 
          0.0000000000        -0.0000000000        21.4195770160 
 ----------------------------------------------------------------
 TOTAL-PRESSURE (EXCLUDE KINETIC PART OF IONS): 34.127099 kbar
 ETOT DIFF (eV)              : -0.197606
 LARGEST GRAD (eV/Angstrom)  : 0.440818
 DONE(75.287084  SEC) : SETUP UNITCELL

 ================================================================
 RELAX STEP: 4 (CELL_CHANGE# 4 IONS_CHANGE# 1)
 ================================================================
 DONE(75.332651  SEC) : LOCAL POTENTIAL
 DONE(75.379944  SEC) : SYMMETRY
 DONE(75.380387  SEC) : INIT K-POINTS
 DONE(75.651137  SEC) : INIT SCF
 ITER       ETOT/eV          EDIFF/eV         DRHO     TIME/s
 GE1     -3.49348135e+03   0.00000000e+00   1.4521e-03   1.65
 GE2     -3.49348195e+03  -6.05622274e-04   8.3289e-04   1.54
 GE3     -3.49348217e+03  -2.16529184e-04   2.1976e-04   1.54
 GE4     -3.49348218e+03  -7.19139923e-06   1.3661e-04   1.54
 GE5     -3.49348218e+03  -2.07952449e-06   5.8090e-05   1.54
 GE6     -3.49348218e+03  -6.99146209e-07   2.0054e-05   1.54
 GE7     -3.49348218e+03  -2.70711238e-08   2.2335e-06   1.55
 GE8     -3.49348218e+03  -2.35885289e-10   4.3636e-07   1.55
 GE9     -3.49348218e+03  -4.64036634e-12   3.8286e-08   1.55
 ----------------------------------------------------------------
              Stress_x             Stress_y             Stress_z 
 ----------------------------------------------------------------
          6.8484310769         0.0000000000        -0.0000000000 
          0.0000000000         6.8484310769         0.0000000000 
          0.0000000000        -0.0000000000       -11.6199621107 
 ----------------------------------------------------------------
 TOTAL-PRESSURE (EXCLUDE KINETIC PART OF IONS): 0.692300 kbar
 ETOT DIFF (eV)              : -0.026176
 LARGEST GRAD (eV/Angstrom)  : 0.365764
 DONE(91.784653  SEC) : SETUP UNITCELL

 ================================================================
 RELAX STEP: 5 (CELL_CHANGE# 5 IONS_CHANGE# 1)
 ================================================================
 DONE(91.830512  SEC) : LOCAL POTENTIAL
 DONE(91.877919  SEC) : SYMMETRY
 DONE(91.878369  SEC) : INIT K-POINTS
 DONE(92.144372  SEC) : INIT SCF
 ITER       ETOT/eV          EDIFF/eV         DRHO     TIME/s
 GE1     -3.49341573e+03   0.00000000e+00   1.4808e-03   1.49
 GE2     -3.49341641e+03  -6.88520158e-04   1.2308e-03   1.40
 GE3     -3.49341672e+03  -3.01523008e-04   2.8357e-04   1.40
 GE4     -3.49341672e+03  -1.10083875e-06   9.8470e-05   1.40
 GE5     -3.49341672e+03  -1.19546355e-06   4.4113e-05   1.41
 GE6     -3.49341672e+03  -7.79608614e-07   1.9120e-05   1.41
 GE7     -3.49341672e+03  -2.89187630e-08   2.0708e-06   1.41
 GE8     -3.49341672e+03  -1.80974287e-10   4.1888e-07   1.41
 GE9     -3.49341672e+03  -5.41376073e-12   3.7607e-08   1.41
 ----------------------------------------------------------------
              Stress_x             Stress_y             Stress_z 
 ----------------------------------------------------------------
        -49.1403633639         0.0000000000        -0.0000000000 
          0.0000000000       -49.1403633639         0.0000000000 
         -0.0000000000        -0.0000000000       -66.3260985946 
 ----------------------------------------------------------------
 TOTAL-PRESSURE (EXCLUDE KINETIC PART OF IONS): -54.868942 kbar
 ETOT DIFF (eV)              : 0.065461
 LARGEST GRAD (eV/Angstrom)  : 0.413742
 DONE(106.899826 SEC) : SETUP UNITCELL

 ================================================================
 RELAX STEP: 6 (CELL_CHANGE# 6 IONS_CHANGE# 1)
 ================================================================
 DONE(106.945322 SEC) : LOCAL POTENTIAL
 DONE(106.992656 SEC) : SYMMETRY
 DONE(106.993100 SEC) : INIT K-POINTS
 DONE(107.260890 SEC) : INIT SCF
 ITER       ETOT/eV          EDIFF/eV         DRHO     TIME/s
 GE1     -3.49347978e+03   0.00000000e+00   3.5589e-03   1.57
 GE2     -3.49348373e+03  -3.95693907e-03   3.0129e-03   1.48
 GE3     -3.49348550e+03  -1.77020097e-03   7.7607e-04   1.48
 GE4     -3.49348553e+03  -2.41233798e-05   2.4256e-04   1.48
 GE5     -3.49348553e+03  -6.57033724e-06   1.0301e-04   1.48
 GE6     -3.49348554e+03  -4.45326600e-06   4.4171e-05   1.48
 GE7     -3.49348554e+03  -1.66545842e-07   4.1514e-06   1.48
 GE8     -3.49348554e+03  -7.05335684e-10   7.5102e-07   1.48
 GE9     -3.49348554e+03  -2.32018317e-11   1.0261e-07   1.48
 GE10    -3.49348554e+03   7.73394390e-13   1.3445e-08   1.49
 ----------------------------------------------------------------
              Stress_x             Stress_y             Stress_z 
 ----------------------------------------------------------------
        -21.0614480419         0.0000000000        -0.0000000000 
          0.0000000000       -21.0614480419        -0.0000000000 
          0.0000000000         0.0000000000       -34.8001747984 
 ----------------------------------------------------------------
 TOTAL-PRESSURE (EXCLUDE KINETIC PART OF IONS): -25.641024 kbar
 ETOT DIFF (eV)              : -0.068819
 LARGEST GRAD (eV/Angstrom)  : 0.282677
 DONE(124.230481 SEC) : SETUP UNITCELL

 ================================================================
 RELAX STEP: 7 (CELL_CHANGE# 7 IONS_CHANGE# 1)
 ================================================================
 DONE(124.275987 SEC) : LOCAL POTENTIAL
 DONE(124.323305 SEC) : SYMMETRY
 DONE(124.323739 SEC) : INIT K-POINTS
 DONE(124.591979 SEC) : INIT SCF
 ITER       ETOT/eV          EDIFF/eV         DRHO     TIME/s
 GE1     -3.49350614e+03   0.00000000e+00   2.7346e-04   1.63
 GE2     -3.49350616e+03  -1.28211590e-05   2.5330e-04   1.54
 GE3     -3.49350617e+03  -1.30827411e-05   4.0732e-05   1.54
 GE4     -3.49350617e+03  -1.01931060e-07   3.9625e-06   1.53
 GE5     -3.49350617e+03  -5.29775157e-10   2.0797e-06   1.56
 GE6     -3.49350617e+03  -6.05567808e-10   7.5073e-07   1.54
 GE7     -3.49350617e+03  -2.09589880e-10   1.8904e-07   1.54
 GE8     -3.49350617e+03  -8.50733829e-12   3.0512e-08   1.55
 ----------------------------------------------------------------
              Stress_x             Stress_y             Stress_z 
 ----------------------------------------------------------------
          6.1020524272         0.0000000000        -0.0000000000 
          0.0000000000         6.1020524272         0.0000000000 
         -0.0000000000         0.0000000000        -2.9405082509 
 ----------------------------------------------------------------
 TOTAL-PRESSURE (EXCLUDE KINETIC PART OF IONS): 3.087866 kbar
 ETOT DIFF (eV)              : -0.020631
 LARGEST GRAD (eV/Angstrom)  : 0.315869
 DONE(139.175338 SEC) : SETUP UNITCELL

 ================================================================
 RELAX STEP: 8 (CELL_CHANGE# 8 IONS_CHANGE# 1)
 ================================================================
 DONE(139.220779 SEC) : LOCAL POTENTIAL
 DONE(139.268175 SEC) : SYMMETRY
 DONE(139.268611 SEC) : INIT K-POINTS
 DONE(139.537572 SEC) : INIT SCF
 ITER       ETOT/eV          EDIFF/eV         DRHO     TIME/s
 GE1     -3.49351144e+03   0.00000000e+00   1.2402e-03   1.63
 GE2     -3.49351193e+03  -4.83374820e-04   9.1963e-04   1.54
 GE3     -3.49351209e+03  -1.65883657e-04   2.5863e-04   1.55
 GE4     -3.49351209e+03  -3.56054536e-07   8.5997e-05   1.54
 GE5     -3.49351209e+03  -6.84576232e-07   3.3215e-05   1.54
 GE6     -3.49351209e+03  -4.64219929e-07   1.8831e-05   1.55
 GE7     -3.49351209e+03  -3.64833336e-08   1.6817e-06   1.54
 GE8     -3.49351209e+03  -2.15003641e-10   3.5049e-07   1.55
 GE9     -3.49351209e+03  -3.09357756e-12   3.9289e-08   1.55
 ----------------------------------------------------------------
              Stress_x             Stress_y             Stress_z 
 ----------------------------------------------------------------
          4.7535317753         0.0000000000         0.0000000000 
          0.0000000000         4.7535317753         0.0000000000 
          0.0000000000        -0.0000000000        -1.7527555888 
 ----------------------------------------------------------------
 TOTAL-PRESSURE (EXCLUDE KINETIC PART OF IONS): 2.584769 kbar
 ETOT DIFF (eV)              : -0.005925
 LARGEST GRAD (eV/Angstrom)  : 0.267088
 DONE(155.652542 SEC) : SETUP UNITCELL

 ================================================================
 RELAX STEP: 9 (CELL_CHANGE# 9 IONS_CHANGE# 1)
 ================================================================
 DONE(155.698023 SEC) : LOCAL POTENTIAL
 DONE(155.745351 SEC) : SYMMETRY
 DONE(155.745796 SEC) : INIT K-POINTS
 DONE(156.015007 SEC) : INIT SCF
 ITER       ETOT/eV          EDIFF/eV         DRHO     TIME/s
 GE1     -3.49352179e+03   0.00000000e+00   2.1330e-03   1.62
 GE2     -3.49352301e+03  -1.21676026e-03   8.6078e-04   1.53
 GE3     -3.49352316e+03  -1.54059665e-04   3.6810e-04   1.53
 GE4     -3.49352320e+03  -4.15120839e-05   1.1841e-04   1.53
 GE5     -3.49352321e+03  -3.16134547e-06   2.9017e-05   1.54
 GE6     -3.49352321e+03  -2.49094865e-07   1.9795e-05   1.53
 GE7     -3.49352321e+03  -6.31306373e-08   3.0350e-06   1.53
 GE8     -3.49352321e+03  -6.61252204e-10   4.5350e-07   1.53
 GE9     -3.49352321e+03  -3.09357756e-12   3.2076e-08   1.54
 ----------------------------------------------------------------
              Stress_x             Stress_y             Stress_z 
 ----------------------------------------------------------------
          0.9127155671         0.0000000000        -0.0000000000 
          0.0000000000         0.9127155671         0.0000000000 
          0.0000000000         0.0000000000         3.1626521710 
 ----------------------------------------------------------------
 TOTAL-PRESSURE (EXCLUDE KINETIC PART OF IONS): 1.662694 kbar
 ETOT DIFF (eV)              : -0.011113
 LARGEST GRAD (eV/Angstrom)  : 0.116751
 DONE(172.033918 SEC) : SETUP UNITCELL

 ================================================================
 RELAX STEP: 10 (CELL_CHANGE# 10 IONS_CHANGE# 1)
 ================================================================
 DONE(172.079297 SEC) : LOCAL POTENTIAL
 DONE(172.126608 SEC) : SYMMETRY
 DONE(172.127066 SEC) : INIT K-POINTS
 DONE(172.400951 SEC) : INIT SCF
 ITER       ETOT/eV          EDIFF/eV         DRHO     TIME/s
 GE1     -3.49352123e+03   0.00000000e+00   2.9577e-03   1.63
 GE2     -3.49352340e+03  -2.17265096e-03   1.1926e-03   1.53
 GE3     -3.49352371e+03  -3.10243684e-04   5.2845e-04   1.53
 GE4     -3.49352380e+03  -8.16627075e-05   1.5799e-04   1.53
 GE5     -3.49352380e+03  -5.42635391e-06   3.7309e-05   1.53
 GE6     -3.49352380e+03  -3.43472956e-07   2.5194e-05   1.54
 GE7     -3.49352380e+03  -1.15765539e-07   3.8668e-06   1.54
 GE8     -3.49352380e+03  -1.13688975e-09   5.6264e-07   1.54
 GE9     -3.49352380e+03  -2.01082541e-11   4.5304e-08   1.54
 ----------------------------------------------------------------
              Stress_x             Stress_y             Stress_z 
 ----------------------------------------------------------------
         -0.0334245876         0.0000000000        -0.0000000000 
          0.0000000000        -0.0334245876         0.0000000000 
         -0.0000000000         0.0000000000        -0.1120688169 
 ----------------------------------------------------------------
 TOTAL-PRESSURE (EXCLUDE KINETIC PART OF IONS): -0.059639 kbar
 ETOT DIFF (eV)              : -0.000596
 LARGEST GRAD (eV/Angstrom)  : 0.096129
 DONE(188.438635 SEC) : SETUP UNITCELL

 ================================================================
 RELAX STEP: 11 (CELL_CHANGE# 11 IONS_CHANGE# 1)
 ================================================================
 DONE(188.484062 SEC) : LOCAL POTENTIAL
 DONE(188.531730 SEC) : SYMMETRY
 DONE(188.532189 SEC) : INIT K-POINTS
 DONE(188.800881 SEC) : INIT SCF
 ITER       ETOT/eV          EDIFF/eV         DRHO     TIME/s
 GE1     -3.49352415e+03   0.00000000e+00   1.9115e-04   1.61
 GE2     -3.49352416e+03  -9.56097446e-06   7.8644e-05   1.52
 GE3     -3.49352416e+03  -1.16113180e-06   3.7088e-05   1.52
 GE4     -3.49352416e+03  -3.66799304e-07   1.1934e-05   1.52
 GE5     -3.49352416e+03  -3.15637719e-08   4.4547e-06   1.52
 GE6     -3.49352416e+03  -3.02242528e-09   1.5929e-06   1.52
 GE7     -3.49352416e+03  -5.23588002e-10   4.2873e-07   1.52
 GE8     -3.49352416e+03  -1.62412822e-11   5.2811e-08   1.52
 ----------------------------------------------------------------
              Stress_x             Stress_y             Stress_z 
 ----------------------------------------------------------------
         -1.4869166206         0.0000000000         0.0000000000 
          0.0000000000        -1.4869166206        -0.0000000000 
         -0.0000000000         0.0000000000        -5.0577419627 
 ----------------------------------------------------------------
 TOTAL-PRESSURE (EXCLUDE KINETIC PART OF IONS): -2.677192 kbar
 ETOT DIFF (eV)              : -0.000358
 LARGEST GRAD (eV/Angstrom)  : 0.074335
 DONE(203.183900 SEC) : SETUP UNITCELL

 ================================================================
 RELAX STEP: 12 (CELL_CHANGE# 12 IONS_CHANGE# 1)
 ================================================================
 DONE(203.229321 SEC) : LOCAL POTENTIAL
 DONE(203.276477 SEC) : SYMMETRY
 DONE(203.276925 SEC) : INIT K-POINTS
 DONE(203.545108 SEC) : INIT SCF
 ITER       ETOT/eV          EDIFF/eV         DRHO     TIME/s
 GE1     -3.49352526e+03   0.00000000e+00   4.6305e-04   1.63
 GE2     -3.49352527e+03  -4.27177818e-06   1.2794e-04   1.54
 GE3     -3.49352527e+03  -1.63113517e-06   1.2772e-04   1.54
 GE4     -3.49352527e+03  -4.03242267e-06   1.6851e-05   1.53
 GE5     -3.49352527e+03  -3.77950105e-08   6.5839e-06   1.54
 GE6     -3.49352527e+03  -9.11522628e-09   3.0356e-06   1.53
 GE7     -3.49352527e+03  -2.62799414e-09   5.5805e-07   1.54
 GE8     -3.49352527e+03  -1.00541271e-11   7.9350e-08   1.55
 ----------------------------------------------------------------
              Stress_x             Stress_y             Stress_z 
 ----------------------------------------------------------------
          1.1066430257         0.0000000000         0.0000000000 
          0.0000000000         1.1066430257        -0.0000000000 
          0.0000000000         0.0000000000        -0.6031132635 
 ----------------------------------------------------------------
 TOTAL-PRESSURE (EXCLUDE KINETIC PART OF IONS): 0.536724 kbar
 ETOT DIFF (eV)              : -0.001113
 LARGEST GRAD (eV/Angstrom)  : 0.045035
 DONE(218.067813 SEC) : SETUP UNITCELL

 ================================================================
 RELAX STEP: 13 (CELL_CHANGE# 13 IONS_CHANGE# 1)
 ================================================================
 DONE(218.113251 SEC) : LOCAL POTENTIAL
 DONE(218.160551 SEC) : SYMMETRY
 DONE(218.161030 SEC) : INIT K-POINTS
 DONE(218.429991 SEC) : INIT SCF
 ITER       ETOT/eV          EDIFF/eV         DRHO     TIME/s
 GE1     -3.49352543e+03   0.00000000e+00   3.1433e-04   1.62
 GE2     -3.49352545e+03  -2.06739759e-05   9.1980e-05   1.54
 GE3     -3.49352545e+03  -1.24400720e-06   4.8297e-05   1.53
 GE4     -3.49352545e+03  -7.50668970e-07   2.0489e-05   1.54
 GE5     -3.49352545e+03  -1.02459289e-07   2.2467e-06   1.53
 GE6     -3.49352545e+03  -5.80819187e-10   4.3033e-07   1.54
 GE7     -3.49352545e+03  -7.73394390e-13   2.1190e-07   1.54
 GE8     -3.49352545e+03  -1.31477046e-11   3.3350e-08   1.54
 ----------------------------------------------------------------
              Stress_x             Stress_y             Stress_z 
 ----------------------------------------------------------------
          2.6046731997         0.0000000000        -0.0000000000 
          0.0000000000         2.6046731997         0.0000000000 
         -0.0000000000         0.0000000000         2.0355843098 
 ----------------------------------------------------------------
 TOTAL-PRESSURE (EXCLUDE KINETIC PART OF IONS): 2.414977 kbar
 ETOT DIFF (eV)              : -0.000178
 LARGEST GRAD (eV/Angstrom)  : 0.033492
 DONE(232.943805 SEC) : SETUP UNITCELL

 ================================================================
 RELAX STEP: 14 (CELL_CHANGE# 14 IONS_CHANGE# 1)
 ================================================================
 DONE(232.989461 SEC) : LOCAL POTENTIAL
 DONE(233.037352 SEC) : SYMMETRY
 DONE(233.037796 SEC) : INIT K-POINTS
 DONE(233.306022 SEC) : INIT SCF
 ITER       ETOT/eV          EDIFF/eV         DRHO     TIME/s
 GE1     -3.49352571e+03   0.00000000e+00   2.3643e-04   1.62
 GE2     -3.49352573e+03  -1.83137139e-05   1.5099e-04   1.52
 GE3     -3.49352573e+03  -4.54515608e-06   4.3895e-05   1.52
 GE4     -3.49352573e+03   2.33178409e-09   1.6200e-05   1.52
 GE5     -3.49352574e+03  -2.67524854e-08   5.5526e-06   1.52
 GE6     -3.49352574e+03  -1.08986737e-08   3.8741e-06   1.52
 GE7     -3.49352574e+03  -1.71848234e-09   3.7894e-07   1.53
 GE8     -3.49352574e+03  -1.54678878e-11   7.8206e-08   1.54
 ----------------------------------------------------------------
              Stress_x             Stress_y             Stress_z 
 ----------------------------------------------------------------
         -0.1457261873         0.0000000000         0.0000000000 
          0.0000000000        -0.1457261873         0.0000000000 
          0.0000000000         0.0000000000         0.1540702038 
 ----------------------------------------------------------------
 TOTAL-PRESSURE (EXCLUDE KINETIC PART OF IONS): -0.045794 kbar
 ETOT DIFF (eV)              : -0.000284
 LARGEST GRAD (eV/Angstrom)  : 0.006450

 ~~~~~~~~~~~~~~~~~~~~~~~~~~~~~~~~~~~~~~~~~~~~~~~~~~~~~~~~~~~~~~~~
 Geometry relaxation thresholds are reached within 13 steps.
 ~~~~~~~~~~~~~~~~~~~~~~~~~~~~~~~~~~~~~~~~~~~~~~~~~~~~~~~~~~~~~~~~

 TIME STATISTICS
-----------------------------------------------------------------
    CLASS_NAME          NAME       TIME/s  CALLS   AVG/s  PER/%  
-----------------------------------------------------------------
                   total           247.74 145      1.71   100.00 
 Driver            atomic_world    247.74 1        247.74 100.00 
 Relax_Driver      relax_driver    246.67 1        246.67 99.57  
 ESolver_KS        runner          216.87 14       15.49  87.54  
 ESolver_KS_LCAO   before_scf      4.98   14       0.36   2.01   
 Potential         cal_veff        3.28   141      0.02   1.33   
 PotXC             cal_veff        2.93   141      0.02   1.18   
 XC_Functional     v_xc            3.46   169      0.02   1.40   
 HSolverLCAO       solve           205.30 127      1.62   82.87  
 HamiltLCAO        updateHk        103.01 1778     0.06   41.58  
 OperatorLCAO      init            103.01 8890     0.01   41.58  
 Veff              contributeHR    101.34 127      0.80   40.91  
 Gint              cal_gint_vl     101.34 127      0.80   40.91  
 Gint              hr_gint_to_hR   3.38   127      0.03   1.36   
 HSolverLCAO       hamiltSolvePsiK 17.49  1778     0.01   7.06   
 DiagoElpa         elpa_solve      14.35  1778     0.01   5.79   
 LCAO_domain       dm2rho          83.40  127      0.66   33.67  
 Gint              cal_gint_rho    83.14  127      0.65   33.56  
 ESolver_KS_LCAO   cal_force       29.76  14       2.13   12.01  
 Force_Stress_LCAO getForceStress  29.76  14       2.13   12.01  
 Stress            stress_loc      2.64   14       0.19   1.07   
 Stress            stress_cc       3.66   14       0.26   1.48   
 Gint              cal_gint_fvl    19.12  14       1.37   7.72   
-----------------------------------------------------------------


 START  Time  : Fri Jun 26 13:05:02 2026
 FINISH Time  : Fri Jun 26 13:09:10 2026
 TOTAL  Time  : 248
 SEE INFORMATION IN : OUT.CaOMgO/
