                                                                                     
                              ABACUS v3.11.0-beta.4

               Atomic-orbital Based Ab-initio Computation at UStc                    

                     Website: http://abacus.ustc.edu.cn/                             
               Documentation: https://abacus.deepmodeling.com/                       
                  Repository: https://github.com/abacusmodeling/abacus-develop       
                              https://github.com/deepmodeling/abacus-develop         
                      Commit: unknown

 Fri Jun 26 14:34:07 2026
 MAKE THE DIR         : OUT.CaOMgO/
 RUNNING WITH DEVICE  : CPU / Intel(R) Xeon(R) Silver 4116 CPU @ 2.10GHz (x2)
 WARNING: some of potential function is set to zero cause of less than 1e-30.
 WARNING: some of potential function is set to zero cause of less than 1e-30.
 WARNING: some of potential function is set to zero cause of less than 1e-30.

%%%%%%%%%%%%%%%%%%%%%%%%%%%%%%%%%%%%%%%%%%%%%%%%%%%%%%%%%%%%%%%%%%%%%%%%%%%%%%%%%%%%%%%%%%%%%%%%%%%%%%%%%
 Warning: the number of valence electrons in pseudopotential > 2 for Ca: [Ar] 4s2
 Pseudopotentials with additional electrons can yield (more) accurate outcomes, but may be less efficient.
 If you're confident that your chosen pseudopotential is appropriate, you can safely ignore this warning.
%%%%%%%%%%%%%%%%%%%%%%%%%%%%%%%%%%%%%%%%%%%%%%%%%%%%%%%%%%%%%%%%%%%%%%%%%%%%%%%%%%%%%%%%%%%%%%%%%%%%%%%%%

 UNIFORM GRID DIM     : 64 * 64 * 64
 UNIFORM GRID DIM(BIG): 16 * 16 * 16
 DONE(0.212931   SEC) : SYMMETRY
 DONE(0.21303    SEC) : SETUP UNITCELL
 DONE(0.351304   SEC) : INIT K-POINTS
 ----------------------------------------------------------------
 Cell relaxation calculations
 ----------------------------------------------------------------
 SPIN    KPOINTS         PROCESSES   THREADS/PROC  THREADS/TOTAL 
 1       6               24          1             24            
 ----------------------------------------------------------------
 Use Systematically Improvable Atomic bases
 ----------------------------------------------------------------
 TOTAL NBASE 92
 ELEMENT ORBITALS        NBASE       NATOM       
 Ca      4s2p1d-10au     15          2           
 Mg      2s1p-9au        5           2           
 O       2s2p1d-6au      13          4           
 ----------------------------------------------------------------
 Initial plane wave basis and FFT box
 ----------------------------------------------------------------
 DONE(0.358259   SEC) : INIT PLANEWAVE
 START CHARGE         : ATOMIC
 DONE(0.992051   SEC) : CHARGE
 DONE(1.02384    SEC) : POTENTIALS

 ================================================================
 RELAX STEP: 1 (CELL_CHANGE# 1 IONS_CHANGE# 1)
 ================================================================
 DONE(1.25926    SEC) : INIT SCF
 ITER       ETOT/eV          EDIFF/eV         DRHO     TIME/s
 GE1     -3.95994392e+03   0.00000000e+00   1.5538e-01   1.54
 GE2     -3.96530623e+03  -5.36230666e+00   1.3434e-01   1.43
 GE3     -3.96972029e+03  -4.41406140e+00   1.9132e-02   1.44
 GE4     -3.96969990e+03   2.03887936e-02   6.6776e-03   1.43
 GE5     -3.96970921e+03  -9.30675015e-03   8.3524e-04   1.43
 GE6     -3.96970933e+03  -1.21821664e-04   9.0026e-05   1.43
 GE7     -3.96970933e+03  -3.85721171e-07   4.0483e-05   1.43
 GE8     -3.96970933e+03  -3.14661695e-07   2.0440e-06   1.43
 GE9     -3.96970933e+03  -8.63108140e-10   2.7285e-07   1.47
 GE10    -3.96970933e+03  -1.16009159e-11   1.3928e-08   1.46
 ----------------------------------------------------------------
              Stress_x             Stress_y             Stress_z 
 ----------------------------------------------------------------
        597.6408674902         0.0000000000         0.0000000000 
          0.0000000000       619.1628797529        -0.0000000000 
         -0.0000000000        -0.0000000000       619.1628797529 
 ----------------------------------------------------------------
 TOTAL-PRESSURE (EXCLUDE KINETIC PART OF IONS): 611.988876 kbar
 ETOT DIFF (eV)              : 0.000000
 LARGEST GRAD (eV/Angstrom)  : 2.222861
 DONE(17.665970  SEC) : SETUP UNITCELL

 ================================================================
 RELAX STEP: 2 (CELL_CHANGE# 2 IONS_CHANGE# 1)
 ================================================================
 DONE(17.727418  SEC) : LOCAL POTENTIAL
 DONE(17.774690  SEC) : SYMMETRY
 DONE(17.775012  SEC) : INIT K-POINTS
 DONE(18.069942  SEC) : INIT SCF
 ITER       ETOT/eV          EDIFF/eV         DRHO     TIME/s
 GE1     -3.97255581e+03   0.00000000e+00   8.3976e-03   1.26
 GE2     -3.97256749e+03  -1.16849729e-02   1.5964e-03   1.16
 GE3     -3.97256757e+03  -7.19838058e-05   3.8886e-04   1.16
 GE4     -3.97256757e+03  -4.70277927e-08   1.1486e-04   1.15
 GE5     -3.97256757e+03  -4.46067589e-06   3.4352e-05   1.15
 GE6     -3.97256757e+03  -1.92084871e-07   3.6988e-06   1.15
 GE7     -3.97256757e+03  -2.08043091e-10   3.2490e-07   1.16
 GE8     -3.97256757e+03  -8.50733829e-12   1.6514e-08   1.17
 ----------------------------------------------------------------
              Stress_x             Stress_y             Stress_z 
 ----------------------------------------------------------------
        201.9792786686         0.0000000000         0.0000000000 
          0.0000000000       236.9163455828        -0.0000000000 
         -0.0000000000        -0.0000000000       236.9163455828 
 ----------------------------------------------------------------
 TOTAL-PRESSURE (EXCLUDE KINETIC PART OF IONS): 225.270657 kbar
 ETOT DIFF (eV)              : -2.858239
 LARGEST GRAD (eV/Angstrom)  : 1.191070
 DONE(29.447100  SEC) : SETUP UNITCELL

 ================================================================
 RELAX STEP: 3 (CELL_CHANGE# 3 IONS_CHANGE# 1)
 ================================================================
 DONE(29.508249  SEC) : LOCAL POTENTIAL
 DONE(29.555313  SEC) : SYMMETRY
 DONE(29.555586  SEC) : INIT K-POINTS
 DONE(29.825226  SEC) : INIT SCF
 ITER       ETOT/eV          EDIFF/eV         DRHO     TIME/s
 GE1     -3.97335011e+03   0.00000000e+00   3.3524e-03   1.09
 GE2     -3.97335131e+03  -1.20227583e-03   1.7647e-03   0.96
 GE3     -3.97335244e+03  -1.12709683e-03   7.4240e-04   0.96
 GE4     -3.97335258e+03  -1.38354396e-04   7.3412e-05   0.96
 GE5     -3.97335258e+03  -1.08985964e-07   7.7346e-06   0.97
 GE6     -3.97335258e+03  -2.71074734e-09   1.3374e-06   0.97
 GE7     -3.97335258e+03  -6.96054951e-11   1.1184e-07   0.97
 GE8     -3.97335258e+03   7.73394390e-12   6.7185e-09   0.98
 ----------------------------------------------------------------
              Stress_x             Stress_y             Stress_z 
 ----------------------------------------------------------------
         24.5027967499         0.0000000000         0.0000000000 
          0.0000000000        60.0683473573         0.0000000000 
         -0.0000000000         0.0000000000        60.0683473573 
 ----------------------------------------------------------------
 TOTAL-PRESSURE (EXCLUDE KINETIC PART OF IONS): 48.213164 kbar
 ETOT DIFF (eV)              : -0.785006
 LARGEST GRAD (eV/Angstrom)  : 0.704384
 DONE(39.544482  SEC) : SETUP UNITCELL

 ================================================================
 RELAX STEP: 4 (CELL_CHANGE# 4 IONS_CHANGE# 1)
 ================================================================
 DONE(39.605739  SEC) : LOCAL POTENTIAL
 DONE(39.653226  SEC) : SYMMETRY
 DONE(39.653507  SEC) : INIT K-POINTS
 DONE(39.914322  SEC) : INIT SCF
 ITER       ETOT/eV          EDIFF/eV         DRHO     TIME/s
 GE1     -3.97341954e+03   0.00000000e+00   3.8572e-03   1.04
 GE2     -3.97342163e+03  -2.09662233e-03   1.0866e-03   0.92
 GE3     -3.97342186e+03  -2.25389697e-04   8.0172e-04   0.95
 GE4     -3.97342205e+03  -1.96050599e-04   2.1109e-04   0.92
 GE5     -3.97342206e+03  -9.17397564e-06   1.4063e-05   0.92
 GE6     -3.97342206e+03  -3.49728943e-09   2.1595e-06   0.92
 GE7     -3.97342206e+03  -4.02165083e-11   2.1597e-07   0.92
 GE8     -3.97342206e+03  -5.41376073e-12   1.0614e-08   0.93
 ----------------------------------------------------------------
              Stress_x             Stress_y             Stress_z 
 ----------------------------------------------------------------
        -21.8805420091        -0.0000000000         0.0000000000 
         -0.0000000000        12.6532380238         0.0000000000 
          0.0000000000         0.0000000000        12.6532380238 
 ----------------------------------------------------------------
 TOTAL-PRESSURE (EXCLUDE KINETIC PART OF IONS): 1.141978 kbar
 ETOT DIFF (eV)              : -0.069487
 LARGEST GRAD (eV/Angstrom)  : 0.573699
 DONE(49.260012  SEC) : SETUP UNITCELL

 ================================================================
 RELAX STEP: 5 (CELL_CHANGE# 5 IONS_CHANGE# 1)
 ================================================================
 DONE(49.321527  SEC) : LOCAL POTENTIAL
 DONE(49.369091  SEC) : SYMMETRY
 DONE(49.369424  SEC) : INIT K-POINTS
 DONE(49.627334  SEC) : INIT SCF
 ITER       ETOT/eV          EDIFF/eV         DRHO     TIME/s
 GE1     -3.97328963e+03   0.00000000e+00   2.4456e-03   0.97
 GE2     -3.97329060e+03  -9.69742811e-04   1.6501e-03   0.84
 GE3     -3.97329121e+03  -6.13221228e-04   3.4585e-04   0.84
 GE4     -3.97329121e+03  -6.72791248e-08   7.0052e-05   0.84
 GE5     -3.97329122e+03  -5.93320334e-07   9.2216e-06   0.84
 GE6     -3.97329122e+03  -1.13998333e-09   1.3003e-06   0.84
 GE7     -3.97329122e+03  -1.00541271e-11   1.6090e-07   0.84
 GE8     -3.97329122e+03  -6.18715512e-12   8.0215e-09   0.85
 ----------------------------------------------------------------
              Stress_x             Stress_y             Stress_z 
 ----------------------------------------------------------------
        -94.3201090017        -0.0000000000        -0.0000000000 
          0.0000000000       -62.6445313192        -0.0000000000 
         -0.0000000000        -0.0000000000       -62.6445313192 
 ----------------------------------------------------------------
 TOTAL-PRESSURE (EXCLUDE KINETIC PART OF IONS): -73.203057 kbar
 ETOT DIFF (eV)              : 0.130848
 LARGEST GRAD (eV/Angstrom)  : 0.366425
 DONE(58.210878  SEC) : SETUP UNITCELL

 ================================================================
 RELAX STEP: 6 (CELL_CHANGE# 6 IONS_CHANGE# 1)
 ================================================================
 DONE(58.272308  SEC) : LOCAL POTENTIAL
 DONE(58.319585  SEC) : SYMMETRY
 DONE(58.319921  SEC) : INIT K-POINTS
 DONE(58.575822  SEC) : INIT SCF
 ITER       ETOT/eV          EDIFF/eV         DRHO     TIME/s
 GE1     -3.97341282e+03   0.00000000e+00   5.0466e-03   0.99
 GE2     -3.97341720e+03  -4.38516782e-03   3.5803e-03   0.87
 GE3     -3.97342003e+03  -2.82300988e-03   7.1862e-04   0.88
 GE4     -3.97342003e+03  -3.72747171e-06   1.4085e-04   0.88
 GE5     -3.97342003e+03  -2.17094203e-06   2.0300e-05   0.87
 GE6     -3.97342003e+03  -9.46325376e-09   3.2780e-06   0.87
 GE7     -3.97342003e+03  -7.65660446e-11   3.6668e-07   0.88
 GE8     -3.97342003e+03  -8.50733829e-12   2.1235e-08   0.89
 ----------------------------------------------------------------
              Stress_x             Stress_y             Stress_z 
 ----------------------------------------------------------------
        -63.3660416263         0.0000000000         0.0000000000 
          0.0000000000       -33.5635112235         0.0000000000 
         -0.0000000000         0.0000000000       -33.5635112235 
 ----------------------------------------------------------------
 TOTAL-PRESSURE (EXCLUDE KINETIC PART OF IONS): -43.497688 kbar
 ETOT DIFF (eV)              : -0.128816
 LARGEST GRAD (eV/Angstrom)  : 0.369271
 DONE(67.495714  SEC) : SETUP UNITCELL

 ================================================================
 RELAX STEP: 7 (CELL_CHANGE# 7 IONS_CHANGE# 1)
 ================================================================
 DONE(67.557267  SEC) : LOCAL POTENTIAL
 DONE(67.604575  SEC) : SYMMETRY
 DONE(67.604898  SEC) : INIT K-POINTS
 DONE(67.865486  SEC) : INIT SCF
 ITER       ETOT/eV          EDIFF/eV         DRHO     TIME/s
 GE1     -3.97349138e+03   0.00000000e+00   4.6888e-04   1.05
 GE2     -3.97349139e+03  -8.99722331e-06   1.1149e-04   0.93
 GE3     -3.97349139e+03  -4.58182039e-08   5.8686e-05   0.94
 GE4     -3.97349139e+03  -1.14653708e-06   2.2185e-05   0.97
 GE5     -3.97349139e+03  -1.23053235e-07   2.4842e-06   0.93
 GE6     -3.97349139e+03  -1.37664201e-10   1.8735e-07   0.93
 GE7     -3.97349139e+03   0.00000000e+00   4.6235e-08   0.93
 ----------------------------------------------------------------
              Stress_x             Stress_y             Stress_z 
 ----------------------------------------------------------------
        -13.2412056441        -0.0000000000        -0.0000000000 
          0.0000000000        10.3830504334         0.0000000000 
          0.0000000000         0.0000000000        10.3830504334 
 ----------------------------------------------------------------
 TOTAL-PRESSURE (EXCLUDE KINETIC PART OF IONS): 2.508298 kbar
 ETOT DIFF (eV)              : -0.071357
 LARGEST GRAD (eV/Angstrom)  : 0.364982
 DONE(76.367548  SEC) : SETUP UNITCELL

 ================================================================
 RELAX STEP: 8 (CELL_CHANGE# 8 IONS_CHANGE# 1)
 ================================================================
 DONE(76.428715  SEC) : LOCAL POTENTIAL
 DONE(76.475927  SEC) : SYMMETRY
 DONE(76.476259  SEC) : INIT K-POINTS
 DONE(76.737445  SEC) : INIT SCF
 ITER       ETOT/eV          EDIFF/eV         DRHO     TIME/s
 GE1     -3.97349159e+03   0.00000000e+00   1.7532e-03   1.06
 GE2     -3.97349170e+03  -1.04983493e-04   7.8414e-04   0.93
 GE3     -3.97349188e+03  -1.82500314e-04   3.9842e-04   0.93
 GE4     -3.97349191e+03  -3.47817383e-05   3.8778e-05   0.94
 GE5     -3.97349191e+03  -1.80835850e-07   8.6622e-06   0.93
 GE6     -3.97349191e+03  -8.33719153e-10   7.5303e-07   0.94
 GE7     -3.97349191e+03  -3.86697195e-12   1.4619e-07   0.94
 GE8     -3.97349191e+03   7.73394390e-13   9.0516e-09   0.95
 ----------------------------------------------------------------
              Stress_x             Stress_y             Stress_z 
 ----------------------------------------------------------------
         -7.5931926550         0.0000000000         0.0000000000 
         -0.0000000000        15.1372650570         0.0000000000 
         -0.0000000000         0.0000000000        15.1372650570 
 ----------------------------------------------------------------
 TOTAL-PRESSURE (EXCLUDE KINETIC PART OF IONS): 7.560446 kbar
 ETOT DIFF (eV)              : -0.000527
 LARGEST GRAD (eV/Angstrom)  : 0.363885
 DONE(86.165983  SEC) : SETUP UNITCELL

 ================================================================
 RELAX STEP: 9 (CELL_CHANGE# 9 IONS_CHANGE# 1)
 ================================================================
 DONE(86.227435  SEC) : LOCAL POTENTIAL
 DONE(86.274701  SEC) : SYMMETRY
 DONE(86.275035  SEC) : INIT K-POINTS
 DONE(86.535201  SEC) : INIT SCF
 ITER       ETOT/eV          EDIFF/eV         DRHO     TIME/s
 GE1     -3.97350650e+03   0.00000000e+00   1.4599e-03   1.07
 GE2     -3.97350679e+03  -2.86525780e-04   5.1385e-04   0.94
 GE3     -3.97350687e+03  -8.27154952e-05   2.9318e-04   0.93
 GE4     -3.97350689e+03  -2.04728624e-05   5.2674e-05   0.93
 GE5     -3.97350689e+03  -5.08442620e-07   6.0012e-06   0.93
 GE6     -3.97350689e+03  -7.10749445e-10   6.7871e-07   0.93
 GE7     -3.97350689e+03  -3.71229307e-11   5.3301e-08   0.95
 ----------------------------------------------------------------
              Stress_x             Stress_y             Stress_z 
 ----------------------------------------------------------------
         -4.5146601142        -0.0000000000        -0.0000000000 
         -0.0000000000        12.2730707914         0.0000000000 
         -0.0000000000         0.0000000000        12.2730707914 
 ----------------------------------------------------------------
 TOTAL-PRESSURE (EXCLUDE KINETIC PART OF IONS): 6.677160 kbar
 ETOT DIFF (eV)              : -0.014980
 LARGEST GRAD (eV/Angstrom)  : 0.294783
 DONE(95.037260  SEC) : SETUP UNITCELL

 ================================================================
 RELAX STEP: 10 (CELL_CHANGE# 10 IONS_CHANGE# 1)
 ================================================================
 DONE(95.098482  SEC) : LOCAL POTENTIAL
 DONE(95.145684  SEC) : SYMMETRY
 DONE(95.145968  SEC) : INIT K-POINTS
 DONE(95.406403  SEC) : INIT SCF
 ITER       ETOT/eV          EDIFF/eV         DRHO     TIME/s
 GE1     -3.97352813e+03   0.00000000e+00   3.1154e-03   1.06
 GE2     -3.97352941e+03  -1.28729682e-03   1.0792e-03   0.94
 GE3     -3.97352977e+03  -3.55015120e-04   6.5708e-04   0.93
 GE4     -3.97352988e+03  -1.05328705e-04   1.1044e-04   0.93
 GE5     -3.97352988e+03  -2.27708113e-06   1.3534e-05   0.93
 GE6     -3.97352988e+03  -3.90486828e-09   1.4653e-06   0.93
 GE7     -3.97352988e+03  -1.94895386e-10   1.4455e-07   0.93
 GE8     -3.97352988e+03   7.73394390e-13   1.1319e-08   0.94
 ----------------------------------------------------------------
              Stress_x             Stress_y             Stress_z 
 ----------------------------------------------------------------
          7.8710572045         0.0000000000         0.0000000000 
          0.0000000000         4.1954757297         0.0000000000 
          0.0000000000         0.0000000000         4.1954757297 
 ----------------------------------------------------------------
 TOTAL-PRESSURE (EXCLUDE KINETIC PART OF IONS): 5.420670 kbar
 ETOT DIFF (eV)              : -0.022983
 LARGEST GRAD (eV/Angstrom)  : 0.062427
 DONE(105.134819 SEC) : SETUP UNITCELL

 ================================================================
 RELAX STEP: 11 (CELL_CHANGE# 11 IONS_CHANGE# 1)
 ================================================================
 DONE(105.196087 SEC) : LOCAL POTENTIAL
 DONE(105.243322 SEC) : SYMMETRY
 DONE(105.243652 SEC) : INIT K-POINTS
 DONE(105.503916 SEC) : INIT SCF
 ITER       ETOT/eV          EDIFF/eV         DRHO     TIME/s
 GE1     -3.97352732e+03   0.00000000e+00   4.4976e-03   1.05
 GE2     -3.97352991e+03  -2.58808694e-03   1.5670e-03   0.94
 GE3     -3.97353066e+03  -7.52767276e-04   9.7608e-04   0.93
 GE4     -3.97353089e+03  -2.29442188e-04   1.5221e-04   0.93
 GE5     -3.97353089e+03  -4.15325239e-06   2.0674e-05   0.93
 GE6     -3.97353089e+03  -1.05405921e-08   2.2302e-06   0.93
 GE7     -3.97353089e+03  -4.79504522e-10   2.3347e-07   0.93
 GE8     -3.97353089e+03   1.54678878e-12   1.7112e-08   0.94
 ----------------------------------------------------------------
              Stress_x             Stress_y             Stress_z 
 ----------------------------------------------------------------
          0.0762050887         0.0000000000         0.0000000000 
          0.0000000000        -0.1860345650         0.0000000000 
         -0.0000000000         0.0000000000        -0.1860345650 
 ----------------------------------------------------------------
 TOTAL-PRESSURE (EXCLUDE KINETIC PART OF IONS): -0.098621 kbar
 ETOT DIFF (eV)              : -0.001016
 LARGEST GRAD (eV/Angstrom)  : 0.051014
 DONE(114.892009 SEC) : SETUP UNITCELL

 ================================================================
 RELAX STEP: 12 (CELL_CHANGE# 12 IONS_CHANGE# 1)
 ================================================================
 DONE(114.953373 SEC) : LOCAL POTENTIAL
 DONE(115.000635 SEC) : SYMMETRY
 DONE(115.000972 SEC) : INIT K-POINTS
 DONE(115.262532 SEC) : INIT SCF
 ITER       ETOT/eV          EDIFF/eV         DRHO     TIME/s
 GE1     -3.97353089e+03   0.00000000e+00   2.9936e-04   1.06
 GE2     -3.97353089e+03  -6.47439844e-06   1.1520e-04   0.93
 GE3     -3.97353090e+03  -3.70503941e-06   7.0269e-05   0.93
 GE4     -3.97353090e+03  -1.26393138e-06   1.1512e-05   0.93
 GE5     -3.97353090e+03  -1.23070249e-08   1.8798e-06   0.92
 GE6     -3.97353090e+03  -2.86155924e-11   1.1747e-07   0.93
 GE7     -3.97353090e+03   7.73394390e-13   2.6497e-08   0.94
 ----------------------------------------------------------------
              Stress_x             Stress_y             Stress_z 
 ----------------------------------------------------------------
         -0.9936877148         0.0000000000         0.0000000000 
          0.0000000000        -0.7927044686         0.0000000000 
          0.0000000000         0.0000000000        -0.7927044686 
 ----------------------------------------------------------------
 TOTAL-PRESSURE (EXCLUDE KINETIC PART OF IONS): -0.859699 kbar
 ETOT DIFF (eV)              : -0.000006
 LARGEST GRAD (eV/Angstrom)  : 0.049462
 DONE(123.712414 SEC) : SETUP UNITCELL

 ================================================================
 RELAX STEP: 13 (CELL_CHANGE# 13 IONS_CHANGE# 1)
 ================================================================
 DONE(123.773967 SEC) : LOCAL POTENTIAL
 DONE(123.821289 SEC) : SYMMETRY
 DONE(123.821606 SEC) : INIT K-POINTS
 DONE(124.081665 SEC) : INIT SCF
 ITER       ETOT/eV          EDIFF/eV         DRHO     TIME/s
 GE1     -3.97353115e+03   0.00000000e+00   2.9302e-04   1.05
 GE2     -3.97353116e+03  -1.19938373e-05   8.6670e-05   0.93
 GE3     -3.97353116e+03  -1.07548533e-06   5.2855e-05   0.93
 GE4     -3.97353116e+03  -8.45741569e-07   1.5152e-05   0.93
 GE5     -3.97353116e+03  -5.10270151e-08   1.2135e-06   0.93
 GE6     -3.97353116e+03  -4.79504522e-11   1.4078e-07   0.93
 GE7     -3.97353116e+03  -2.32018317e-12   1.5850e-08   0.94
 ----------------------------------------------------------------
              Stress_x             Stress_y             Stress_z 
 ----------------------------------------------------------------
         -0.6497506908         0.0000000000         0.0000000000 
         -0.0000000000        -0.3821226375        -0.0000000000 
          0.0000000000        -0.0000000000        -0.3821226375 
 ----------------------------------------------------------------
 TOTAL-PRESSURE (EXCLUDE KINETIC PART OF IONS): -0.471332 kbar
 ETOT DIFF (eV)              : -0.000263
 LARGEST GRAD (eV/Angstrom)  : 0.031554
 DONE(132.533304 SEC) : SETUP UNITCELL

 ================================================================
 RELAX STEP: 14 (CELL_CHANGE# 14 IONS_CHANGE# 1)
 ================================================================
 DONE(132.594701 SEC) : LOCAL POTENTIAL
 DONE(132.642126 SEC) : SYMMETRY
 DONE(132.642466 SEC) : INIT K-POINTS
 DONE(132.904289 SEC) : INIT SCF
 ITER       ETOT/eV          EDIFF/eV         DRHO     TIME/s
 GE1     -3.97353141e+03   0.00000000e+00   2.3599e-04   1.05
 GE2     -3.97353142e+03  -7.85525700e-06   7.3096e-05   0.92
 GE3     -3.97353142e+03  -9.79019850e-07   4.3453e-05   0.93
 GE4     -3.97353142e+03  -5.60816115e-07   1.1792e-05   0.93
 GE5     -3.97353142e+03  -2.74013632e-08   9.6573e-07   0.93
 GE6     -3.97353142e+03  -2.39752261e-11   1.0874e-07   0.93
 GE7     -3.97353142e+03  -7.73394390e-13   1.1071e-08   0.94
 ----------------------------------------------------------------
              Stress_x             Stress_y             Stress_z 
 ----------------------------------------------------------------
         -0.0134213151         0.0000000000        -0.0000000000 
          0.0000000000         0.3261524971        -0.0000000000 
          0.0000000000        -0.0000000000         0.3261524971 
 ----------------------------------------------------------------
 TOTAL-PRESSURE (EXCLUDE KINETIC PART OF IONS): 0.212961 kbar
 ETOT DIFF (eV)              : -0.000258
 LARGEST GRAD (eV/Angstrom)  : 0.000625

 ~~~~~~~~~~~~~~~~~~~~~~~~~~~~~~~~~~~~~~~~~~~~~~~~~~~~~~~~~~~~~~~~
 Geometry relaxation thresholds are reached within 13 steps.
 ~~~~~~~~~~~~~~~~~~~~~~~~~~~~~~~~~~~~~~~~~~~~~~~~~~~~~~~~~~~~~~~~

 TIME STATISTICS
------------------------------------------------------------------
    CLASS_NAME           NAME       TIME/s  CALLS   AVG/s  PER/%  
------------------------------------------------------------------
                   total            141.36 145      0.97   100.00 
 Driver            atomic_world     141.36 1        141.36 100.00 
 Charge            atomic_rho       1.69   28       0.06   1.20   
 Relax_Driver      relax_driver     140.33 1        140.33 99.27  
 ESolver_KS        runner           115.32 14       8.24   81.58  
 ESolver_KS_LCAO   before_scf       5.06   14       0.36   3.58   
 Potential         cal_veff         1.75   123      0.01   1.24   
 PotXC             cal_veff         1.56   123      0.01   1.10   
 XC_Functional     v_xc             1.88   151      0.01   1.33   
 Symmetry_rho      begin            1.62   123      0.01   1.15   
 HSolverLCAO       solve            105.62 109      0.97   74.71  
 HamiltLCAO        updateHk         52.45  654      0.08   37.10  
 OperatorLCAO      init             52.44  3270     0.02   37.10  
 Veff              contributeHR     50.90  109      0.47   36.01  
 Gint              cal_gint_vl      50.90  109      0.47   36.01  
 Gint              hr_gint_to_hR    3.34   109      0.03   2.37   
 HSolverLCAO       hamiltSolvePsiK  7.88   654      0.01   5.58   
 DiagoElpa         elpa_solve       6.67   654      0.01   4.72   
 LCAO_domain       dm2rho           44.62  109      0.41   31.56  
 Gint              cal_gint_rho     42.70  109      0.39   30.21  
 Gint              dm_2d_to_gint    2.08   123      0.02   1.47   
 ESolver_KS_LCAO   cal_force        24.98  14       1.78   17.67  
 Force_Stress_LCAO getForceStress   24.97  14       1.78   17.67  
 Stress            stress_loc       3.41   14       0.24   2.41   
 Stress            stress_cc        4.84   14       0.35   3.42   
 Nonlocal          cal_force_stress 1.48   14       0.11   1.05   
 Gint              cal_gint_fvl     11.44  14       0.82   8.09   
------------------------------------------------------------------


 START  Time  : Fri Jun 26 14:34:07 2026
 FINISH Time  : Fri Jun 26 14:36:28 2026
 TOTAL  Time  : 141
 SEE INFORMATION IN : OUT.CaOMgO/
