                                                                                     
                              ABACUS v3.11.0-beta.4

               Atomic-orbital Based Ab-initio Computation at UStc                    

                     Website: http://abacus.ustc.edu.cn/                             
               Documentation: https://abacus.deepmodeling.com/                       
                  Repository: https://github.com/abacusmodeling/abacus-develop       
                              https://github.com/deepmodeling/abacus-develop         
                      Commit: unknown

 Fri Jun 26 13:52:06 2026
 MAKE THE DIR         : OUT.CaOMgO/
 RUNNING WITH DEVICE  : CPU / Intel(R) Xeon(R) Silver 4116 CPU @ 2.10GHz (x2)
 WARNING: some of potential function is set to zero cause of less than 1e-30.
 WARNING: some of potential function is set to zero cause of less than 1e-30.
 WARNING: some of potential function is set to zero cause of less than 1e-30.

%%%%%%%%%%%%%%%%%%%%%%%%%%%%%%%%%%%%%%%%%%%%%%%%%%%%%%%%%%%%%%%%%%%%%%%%%%%%%%%%%%%%%%%%%%%%%%%%%%%%%%%%%
 Warning: the number of valence electrons in pseudopotential > 2 for Ca: [Ar] 4s2
 Pseudopotentials with additional electrons can yield (more) accurate outcomes, but may be less efficient.
 If you're confident that your chosen pseudopotential is appropriate, you can safely ignore this warning.
%%%%%%%%%%%%%%%%%%%%%%%%%%%%%%%%%%%%%%%%%%%%%%%%%%%%%%%%%%%%%%%%%%%%%%%%%%%%%%%%%%%%%%%%%%%%%%%%%%%%%%%%%

 UNIFORM GRID DIM     : 64 * 64 * 64
 UNIFORM GRID DIM(BIG): 16 * 16 * 16
 DONE(0.215272   SEC) : SYMMETRY
 DONE(0.215321   SEC) : SETUP UNITCELL
 DONE(0.357425   SEC) : INIT K-POINTS
 ----------------------------------------------------------------
 Cell relaxation calculations
 ----------------------------------------------------------------
 SPIN    KPOINTS         PROCESSES   THREADS/PROC  THREADS/TOTAL 
 1       6               24          1             24            
 ----------------------------------------------------------------
 Use Systematically Improvable Atomic bases
 ----------------------------------------------------------------
 TOTAL NBASE 82
 ELEMENT ORBITALS        NBASE       NATOM       
 Ca      4s2p1d-10au     15          1           
 Mg      2s1p-9au        5           3           
 O       2s2p1d-6au      13          4           
 ----------------------------------------------------------------
 Initial plane wave basis and FFT box
 ----------------------------------------------------------------
 DONE(0.380356   SEC) : INIT PLANEWAVE
 START CHARGE         : ATOMIC
 DONE(1.02549    SEC) : CHARGE
 DONE(1.05733    SEC) : POTENTIALS

 ================================================================
 RELAX STEP: 1 (CELL_CHANGE# 1 IONS_CHANGE# 1)
 ================================================================
 DONE(1.29044    SEC) : INIT SCF
 ITER       ETOT/eV          EDIFF/eV         DRHO     TIME/s
 GE1     -2.93596914e+03   0.00000000e+00   1.8614e-01   1.18
 GE2     -2.94185061e+03  -5.88146844e+00   1.4724e-01   1.11
 GE3     -2.94519551e+03  -3.34489377e+00   2.4153e-02   1.10
 GE4     -2.94518081e+03   1.46975766e-02   6.9436e-03   1.11
 GE5     -2.94519447e+03  -1.36666289e-02   2.5301e-03   1.10
 GE6     -2.94519600e+03  -1.52151572e-03   3.5330e-04   1.11
 GE7     -2.94519601e+03  -1.77067656e-05   6.5157e-05   1.13
 GE8     -2.94519601e+03  -1.03521546e-07   1.4383e-05   1.12
 GE9     -2.94519601e+03  -3.22667874e-08   1.0005e-06   1.11
 GE10    -2.94519601e+03  -3.48027476e-11   1.3840e-07   1.11
 GE11    -2.94519601e+03   7.73394390e-13   1.1678e-08   1.13
 ----------------------------------------------------------------
              Stress_x             Stress_y             Stress_z 
 ----------------------------------------------------------------
        342.7980527818        -0.0000000000        -0.0000000000 
          0.0000000000       353.9776685986        -0.0000000000 
         -0.0000000000        -0.0000000000       353.9776685986 
 ----------------------------------------------------------------
 TOTAL-PRESSURE (EXCLUDE KINETIC PART OF IONS): 350.251130 kbar
 ETOT DIFF (eV)              : 0.000000
 LARGEST GRAD (eV/Angstrom)  : 2.324712
 DONE(15.134961  SEC) : SETUP UNITCELL

 ================================================================
 RELAX STEP: 2 (CELL_CHANGE# 2 IONS_CHANGE# 1)
 ================================================================
 DONE(15.196739  SEC) : LOCAL POTENTIAL
 DONE(15.243970  SEC) : SYMMETRY
 DONE(15.244331  SEC) : INIT K-POINTS
 DONE(15.508845  SEC) : INIT SCF
 ITER       ETOT/eV          EDIFF/eV         DRHO     TIME/s
 GE1     -2.94654124e+03   0.00000000e+00   1.6599e-02   0.84
 GE2     -2.94656868e+03  -2.74408744e-02   5.8445e-03   0.75
 GE3     -2.94657938e+03  -1.07077639e-02   3.3277e-03   0.74
 GE4     -2.94658268e+03  -3.29283564e-03   1.0866e-03   0.75
 GE5     -2.94658292e+03  -2.41537629e-04   5.6113e-04   0.75
 GE6     -2.94658299e+03  -7.10321077e-05   4.8577e-05   0.75
 GE7     -2.94658299e+03  -8.39972046e-08   5.7236e-06   0.74
 GE8     -2.94658299e+03  -6.42304041e-10   8.1257e-07   0.75
 GE9     -2.94658299e+03  -2.55220149e-11   4.7815e-08   0.76
 ----------------------------------------------------------------
              Stress_x             Stress_y             Stress_z 
 ----------------------------------------------------------------
        -89.2385392448        -0.0000000000        -0.0000000000 
         -0.0000000000       -63.4107196213        -0.0000000000 
          0.0000000000        -0.0000000000       -63.4107196213 
 ----------------------------------------------------------------
 TOTAL-PRESSURE (EXCLUDE KINETIC PART OF IONS): -72.019993 kbar
 ETOT DIFF (eV)              : -1.386976
 LARGEST GRAD (eV/Angstrom)  : 0.209016
 DONE(23.934715  SEC) : SETUP UNITCELL

 ================================================================
 RELAX STEP: 3 (CELL_CHANGE# 3 IONS_CHANGE# 1)
 ================================================================
 DONE(23.996601  SEC) : LOCAL POTENTIAL
 DONE(24.043629  SEC) : SYMMETRY
 DONE(24.043977  SEC) : INIT K-POINTS
 DONE(24.325245  SEC) : INIT SCF
 ITER       ETOT/eV          EDIFF/eV         DRHO     TIME/s
 GE1     -2.94662594e+03   0.00000000e+00   2.0679e-02   0.91
 GE2     -2.94667443e+03  -4.84965453e-02   6.8075e-03   0.81
 GE3     -2.94668813e+03  -1.36983552e-02   3.6776e-03   0.81
 GE4     -2.94669236e+03  -4.22520086e-03   1.1810e-03   0.81
 GE5     -2.94669267e+03  -3.12540423e-04   5.6723e-04   0.81
 GE6     -2.94669276e+03  -9.07692211e-05   5.1137e-05   0.81
 GE7     -2.94669276e+03  -5.08108514e-08   6.4139e-06   0.81
 GE8     -2.94669276e+03  -1.10634068e-09   9.7281e-07   0.81
 GE9     -2.94669276e+03  -3.40293532e-11   5.6008e-08   0.82
 ----------------------------------------------------------------
              Stress_x             Stress_y             Stress_z 
 ----------------------------------------------------------------
        -23.5169643962         0.0000000000         0.0000000000 
         -0.0000000000         3.3287030315         0.0000000000 
         -0.0000000000         0.0000000000         3.3287030315 
 ----------------------------------------------------------------
 TOTAL-PRESSURE (EXCLUDE KINETIC PART OF IONS): -5.619853 kbar
 ETOT DIFF (eV)              : -0.109770
 LARGEST GRAD (eV/Angstrom)  : 0.512285
 DONE(33.416570  SEC) : SETUP UNITCELL

 ================================================================
 RELAX STEP: 4 (CELL_CHANGE# 4 IONS_CHANGE# 1)
 ================================================================
 DONE(33.478328  SEC) : LOCAL POTENTIAL
 DONE(33.525801  SEC) : SYMMETRY
 DONE(33.526155  SEC) : INIT K-POINTS
 DONE(33.809772  SEC) : INIT SCF
 ITER       ETOT/eV          EDIFF/eV         DRHO     TIME/s
 GE1     -2.94669010e+03   0.00000000e+00   4.2413e-03   0.91
 GE2     -2.94669194e+03  -1.84417248e-03   1.7763e-03   0.81
 GE3     -2.94669276e+03  -8.16432388e-04   6.9252e-04   0.82
 GE4     -2.94669284e+03  -7.67629014e-05   1.7842e-04   0.81
 GE5     -2.94669285e+03  -7.26374912e-06   1.1271e-04   0.81
 GE6     -2.94669285e+03  -3.44411277e-06   1.1375e-05   0.81
 GE7     -2.94669285e+03  -4.32327464e-09   1.2951e-06   0.81
 GE8     -2.94669285e+03  -3.78963251e-11   2.0952e-07   0.81
 GE9     -2.94669285e+03   3.48027476e-12   1.1731e-08   0.82
 ----------------------------------------------------------------
              Stress_x             Stress_y             Stress_z 
 ----------------------------------------------------------------
        -25.2585833015         0.0000000000         0.0000000000 
          0.0000000000         1.5781138558        -0.0000000000 
          0.0000000000        -0.0000000000         1.5781138558 
 ----------------------------------------------------------------
 TOTAL-PRESSURE (EXCLUDE KINETIC PART OF IONS): -7.367452 kbar
 ETOT DIFF (eV)              : -0.000090
 LARGEST GRAD (eV/Angstrom)  : 0.504108
 DONE(42.885070  SEC) : SETUP UNITCELL

 ================================================================
 RELAX STEP: 5 (CELL_CHANGE# 5 IONS_CHANGE# 1)
 ================================================================
 DONE(42.946650  SEC) : LOCAL POTENTIAL
 DONE(42.994010  SEC) : SYMMETRY
 DONE(42.994369  SEC) : INIT K-POINTS
 DONE(43.276977  SEC) : INIT SCF
 ITER       ETOT/eV          EDIFF/eV         DRHO     TIME/s
 GE1     -2.94671487e+03   0.00000000e+00   2.2640e-03   0.91
 GE2     -2.94671551e+03  -6.36489082e-04   6.2429e-04   0.82
 GE3     -2.94671552e+03  -1.58604060e-05   3.4279e-04   0.82
 GE4     -2.94671556e+03  -4.33452196e-05   1.3473e-04   0.82
 GE5     -2.94671557e+03  -5.47725757e-06   3.7584e-05   0.81
 GE6     -2.94671557e+03  -4.23362663e-07   9.4270e-06   0.82
 GE7     -2.94671557e+03  -8.84067128e-09   6.2293e-07   0.81
 GE8     -2.94671557e+03  -2.74555009e-11   7.9248e-08   0.83
 ----------------------------------------------------------------
              Stress_x             Stress_y             Stress_z 
 ----------------------------------------------------------------
        -14.5141934993        -0.0000000000        -0.0000000000 
          0.0000000000         3.2657363549         0.0000000000 
         -0.0000000000         0.0000000000         3.2657363549 
 ----------------------------------------------------------------
 TOTAL-PRESSURE (EXCLUDE KINETIC PART OF IONS): -2.660907 kbar
 ETOT DIFF (eV)              : -0.022722
 LARGEST GRAD (eV/Angstrom)  : 0.289186
 DONE(51.584142  SEC) : SETUP UNITCELL

 ================================================================
 RELAX STEP: 6 (CELL_CHANGE# 6 IONS_CHANGE# 1)
 ================================================================
 DONE(51.645981  SEC) : LOCAL POTENTIAL
 DONE(51.693161  SEC) : SYMMETRY
 DONE(51.693534  SEC) : INIT K-POINTS
 DONE(51.976591  SEC) : INIT SCF
 ITER       ETOT/eV          EDIFF/eV         DRHO     TIME/s
 GE1     -2.94672582e+03   0.00000000e+00   6.3928e-04   0.91
 GE2     -2.94672587e+03  -5.13139053e-05   1.7631e-04   0.82
 GE3     -2.94672588e+03  -7.16374729e-07   1.0466e-04   0.82
 GE4     -2.94672588e+03  -2.61348797e-06   4.5918e-05   0.81
 GE5     -2.94672588e+03  -3.63337204e-07   3.6136e-06   0.82
 GE6     -2.94672588e+03  -6.53904957e-10   2.8582e-06   0.82
 GE7     -2.94672588e+03  -1.77378003e-09   1.6083e-07   0.82
 GE8     -2.94672588e+03  -2.32018317e-12   2.1564e-08   0.84
 ----------------------------------------------------------------
              Stress_x             Stress_y             Stress_z 
 ----------------------------------------------------------------
          2.1471662842         0.0000000000         0.0000000000 
         -0.0000000000         5.6068719803        -0.0000000000 
          0.0000000000        -0.0000000000         5.6068719803 
 ----------------------------------------------------------------
 TOTAL-PRESSURE (EXCLUDE KINETIC PART OF IONS): 4.453637 kbar
 ETOT DIFF (eV)              : -0.010308
 LARGEST GRAD (eV/Angstrom)  : 0.016838
 DONE(60.322721  SEC) : SETUP UNITCELL

 ================================================================
 RELAX STEP: 7 (CELL_CHANGE# 7 IONS_CHANGE# 1)
 ================================================================
 DONE(60.384370  SEC) : LOCAL POTENTIAL
 DONE(60.431806  SEC) : SYMMETRY
 DONE(60.432160  SEC) : INIT K-POINTS
 DONE(60.715969  SEC) : INIT SCF
 ITER       ETOT/eV          EDIFF/eV         DRHO     TIME/s
 GE1     -2.94672523e+03   0.00000000e+00   2.7491e-03   0.91
 GE2     -2.94672624e+03  -1.01269983e-03   7.7973e-04   0.82
 GE3     -2.94672628e+03  -3.62651188e-05   4.5182e-04   0.82
 GE4     -2.94672635e+03  -6.70909518e-05   1.5454e-04   0.82
 GE5     -2.94672636e+03  -7.57744291e-06   4.7152e-05   0.83
 GE6     -2.94672636e+03  -6.39010541e-07   1.1057e-05   0.83
 GE7     -2.94672636e+03  -1.26229565e-08   7.3279e-07   0.82
 GE8     -2.94672636e+03  -4.02165083e-11   9.8374e-08   0.83
 ----------------------------------------------------------------
              Stress_x             Stress_y             Stress_z 
 ----------------------------------------------------------------
         -1.2230830313        -0.0000000000        -0.0000000000 
          0.0000000000        -0.6266021631         0.0000000000 
          0.0000000000         0.0000000000        -0.6266021631 
 ----------------------------------------------------------------
 TOTAL-PRESSURE (EXCLUDE KINETIC PART OF IONS): -0.825429 kbar
 ETOT DIFF (eV)              : -0.000478
 LARGEST GRAD (eV/Angstrom)  : 0.029569
 DONE(69.059257  SEC) : SETUP UNITCELL

 ================================================================
 RELAX STEP: 8 (CELL_CHANGE# 8 IONS_CHANGE# 1)
 ================================================================
 DONE(69.121161  SEC) : LOCAL POTENTIAL
 DONE(69.168396  SEC) : SYMMETRY
 DONE(69.168743  SEC) : INIT K-POINTS
 DONE(69.455802  SEC) : INIT SCF
 ITER       ETOT/eV          EDIFF/eV         DRHO     TIME/s
 GE1     -2.94672635e+03   0.00000000e+00   3.5957e-04   0.91
 GE2     -2.94672636e+03  -7.35320339e-06   1.6851e-04   0.82
 GE3     -2.94672637e+03  -8.64447736e-06   6.9763e-05   0.82
 GE4     -2.94672637e+03  -8.21861470e-07   1.9760e-05   0.82
 GE5     -2.94672637e+03  -1.28182386e-07   8.2372e-06   0.82
 GE6     -2.94672637e+03  -1.24984400e-08   1.1762e-06   0.82
 GE7     -2.94672637e+03  -5.41376073e-12   9.1881e-08   0.84
 ----------------------------------------------------------------
              Stress_x             Stress_y             Stress_z 
 ----------------------------------------------------------------
         -0.7281350631         0.0000000000         0.0000000000 
         -0.0000000000         0.2830887507         0.0000000000 
          0.0000000000         0.0000000000         0.2830887507 
 ----------------------------------------------------------------
 TOTAL-PRESSURE (EXCLUDE KINETIC PART OF IONS): -0.053986 kbar
 ETOT DIFF (eV)              : -0.000014
 LARGEST GRAD (eV/Angstrom)  : 0.027692
 DONE(76.969089  SEC) : SETUP UNITCELL

 ================================================================
 RELAX STEP: 9 (CELL_CHANGE# 9 IONS_CHANGE# 1)
 ================================================================
 DONE(77.030960  SEC) : LOCAL POTENTIAL
 DONE(77.078147  SEC) : SYMMETRY
 DONE(77.078594  SEC) : INIT K-POINTS
 DONE(77.361239  SEC) : INIT SCF
 ITER       ETOT/eV          EDIFF/eV         DRHO     TIME/s
 GE1     -2.94672643e+03   0.00000000e+00   1.5468e-04   0.92
 GE2     -2.94672643e+03  -2.21219605e-06   4.7715e-05   0.81
 GE3     -2.94672643e+03  -1.07121697e-07   3.2403e-05   0.81
 GE4     -2.94672643e+03  -3.20445911e-07   9.8551e-06   0.82
 GE5     -2.94672643e+03  -1.95958804e-08   1.0600e-06   0.81
 GE6     -2.94672643e+03  -5.52976989e-11   6.3828e-07   0.81
 GE7     -2.94672643e+03  -7.26990727e-11   3.8135e-08   0.83
 ----------------------------------------------------------------
              Stress_x             Stress_y             Stress_z 
 ----------------------------------------------------------------
         -0.2310543284        -0.0000000000        -0.0000000000 
         -0.0000000000         0.0961830747        -0.0000000000 
          0.0000000000        -0.0000000000         0.0961830747 
 ----------------------------------------------------------------
 TOTAL-PRESSURE (EXCLUDE KINETIC PART OF IONS): -0.012896 kbar
 ETOT DIFF (eV)              : -0.000060
 LARGEST GRAD (eV/Angstrom)  : 0.010264

 ~~~~~~~~~~~~~~~~~~~~~~~~~~~~~~~~~~~~~~~~~~~~~~~~~~~~~~~~~~~~~~~~
 Geometry relaxation thresholds are reached within 8 steps.
 ~~~~~~~~~~~~~~~~~~~~~~~~~~~~~~~~~~~~~~~~~~~~~~~~~~~~~~~~~~~~~~~~

 TIME STATISTICS
--------------------------------------------------------------------
    CLASS_NAME            NAME        TIME/s  CALLS   AVG/s  PER/%  
--------------------------------------------------------------------
                   total              84.84  95       0.89   100.00 
 Driver            atomic_world       84.84  1        84.84  100.00 
 ESolver_KS_LCAO   before_all_runners 1.02   1        1.02   1.20   
 Charge            atomic_rho         1.08   18       0.06   1.27   
 Relax_Driver      relax_driver       83.79  1        83.79  98.75  
 ESolver_KS        runner             69.61  9        7.73   82.04  
 ESolver_KS_LCAO   before_scf         3.35   9        0.37   3.94   
 Potential         cal_veff           1.21   85       0.01   1.43   
 PotXC             cal_veff           1.08   85       0.01   1.27   
 XC_Functional     v_xc               1.29   103      0.01   1.52   
 Symmetry_rho      begin              1.09   85       0.01   1.28   
 HSolverLCAO       solve              63.09  76       0.83   74.36  
 HamiltLCAO        updateHk           31.19  456      0.07   36.77  
 OperatorLCAO      init               31.19  2280     0.01   36.76  
 Veff              contributeHR       30.40  76       0.40   35.83  
 Gint              cal_gint_vl        30.40  76       0.40   35.82  
 Gint              hr_gint_to_hR      3.09   76       0.04   3.64   
 HSolverLCAO       hamiltSolvePsiK    4.76   456      0.01   5.61   
 DiagoElpa         elpa_solve         4.00   456      0.01   4.71   
 LCAO_domain       dm2rho             26.74  76       0.35   31.51  
 Gint              cal_gint_rho       25.22  76       0.33   29.73  
 Gint              dm_2d_to_gint      1.08   85       0.01   1.28   
 ESolver_KS_LCAO   cal_force          14.15  9        1.57   16.68  
 Force_Stress_LCAO getForceStress     14.15  9        1.57   16.68  
 Stress            stress_loc         2.15   9        0.24   2.53   
 Stress            stress_cc          2.84   9        0.32   3.35   
 Gint              cal_gint_fvl       6.14   9        0.68   7.24   
--------------------------------------------------------------------


 START  Time  : Fri Jun 26 13:52:06 2026
 FINISH Time  : Fri Jun 26 13:53:30 2026
 TOTAL  Time  : 84
 SEE INFORMATION IN : OUT.CaOMgO/
