STEP: 0
CALCULATE THE MULLIkEN ANALYSIS FOR EACH ATOM
 Total charge:	32
Decomposed Mulliken populations
0                 Zeta of Fe                        Spin 1                        Spin 2                        Spin 3                        Spin 4
s                        0                           1.317                       0.04362                        0.2968                        0.1961
  sum over m                                         1.317                       0.04362                        0.2968                        0.1961
s                        1                           1.726                      -0.02135                      -0.09276                       0.03485
  sum over m                                         1.726                      -0.02135                      -0.09276                       0.03485
s                        2                         0.03246                      -0.04667                       -0.2113                       0.05497
  sum over m                                       0.03246                      -0.04667                       -0.2113                       0.05497
s                        3                         -0.0292                      0.004428                       0.02721                       0.01262
  sum over m                                       -0.0292                      0.004428                       0.02721                       0.01262
  sum over m+zeta                                    3.046                      -0.01997                       0.01999                        0.2986
pz                        0                           2.034                     -0.001186                     -0.005932                     9.906e-06
px                        0                           2.033                     -0.001283                     -0.006418                     9.915e-06
py                        0                           2.033                     -0.001188                     -0.005944                     9.898e-06
  sum over m                                           6.1                     -0.003658                      -0.01829                     2.972e-05
pz                        1                        -0.02622                     0.0005608                      0.002793                             0
px                        1                         -0.0264                      0.000615                      0.003054                     1.139e-06
py                        1                        -0.02603                     0.0005568                      0.002771                             0
  sum over m                                      -0.07865                      0.001733                      0.008618                     2.685e-06
  sum over m+zeta                                    6.021                     -0.001925                     -0.009676                      3.24e-05
dz^2                        0                           1.964                     0.0008259                      0.004133                     2.695e-05
dxz                        0                           1.043                        0.1738                        0.7282                      0.002744
dyz                        0                          0.9512                        0.1754                         0.731                      0.002828
dx^2-y^2                        0                           1.967                      0.000751                      0.003757                     2.625e-05
dxy                        0                           1.055                        0.1735                         0.727                      0.002736
  sum over m                                          6.98                        0.5243                         2.194                      0.008361
dz^2                        1                         0.03863                     -0.000872                     -0.004361                     3.367e-05
dxz                        1                        -0.03797                     -0.005303                       -0.0183                    -0.0001646
dyz                        1                        -0.03434                     -0.005708                      -0.02018                    -0.0001671
dx^2-y^2                        1                         0.03943                    -0.0009115                     -0.004562                     3.654e-05
dxy                        1                        -0.03826                     -0.005203                      -0.01784                    -0.0001637
  sum over m                                      -0.03251                        -0.018                      -0.06525                    -0.0004252
  sum over m+zeta                                    6.948                        0.5063                         2.129                      0.007936
fz^3                        0                       -0.007052                     0.0007579                      0.003775                     3.695e-06
fxz^2                        0                       -0.002045                     0.0002637                      0.001311                     1.469e-06
fyz^2                        0                       -0.002728                      0.000291                      0.001446                      1.45e-06
fzx^2-zy^2                        0                       6.625e-05                             0                    -8.906e-06                             0
fxyz                        0                       1.164e-05                     1.397e-06                     5.233e-06                             0
fx^3-3*xy^2                        0                       -0.003381                       0.00044                      0.002189                     2.431e-06
f3yx^2-y^3                        0                        -0.00407                     0.0004645                       0.00231                     2.369e-06
  sum over m                                       -0.0192                      0.002218                       0.01103                     1.157e-05
  sum over m+zeta                                  -0.0192                      0.002218                       0.01103                     1.157e-05
Total Charge on atom:  Fe                  16
Total Magnetism on atom:  Fe                   (0.4866, 2.15, 0.3066)


1                 Zeta of Fe                        Spin 1                        Spin 2                        Spin 3                        Spin 4
s                        0                           1.275                       0.06532                         0.248                       -0.1961
  sum over m                                         1.275                       0.06532                         0.248                       -0.1961
s                        1                           1.755                      -0.01541                      -0.09102                      -0.03484
  sum over m                                         1.755                      -0.01541                      -0.09102                      -0.03484
s                        2                        -0.02898                      -0.03706                       -0.2074                      -0.05493
  sum over m                                      -0.02898                      -0.03706                       -0.2074                      -0.05493
s                        3                        -0.04711                      0.007136                       0.03058                      -0.01266
  sum over m                                      -0.04711                      0.007136                       0.03058                      -0.01266
  sum over m+zeta                                    2.954                       0.01999                       -0.0199                       -0.2986
pz                        0                           2.032                     -0.001369                     -0.006853                    -9.712e-06
px                        0                           2.025                    -0.0009202                     -0.004609                    -9.709e-06
py                        0                           2.032                     -0.001331                     -0.006667                    -9.706e-06
  sum over m                                         6.089                      -0.00362                      -0.01813                    -2.913e-05
pz                        1                        -0.02528                     0.0005884                      0.002879                             0
px                        1                        -0.01606                     0.0001371                     0.0006357                             0
py                        1                        -0.02465                     0.0005707                      0.002793                             0
  sum over m                                      -0.06599                      0.001296                      0.006308                             0
  sum over m+zeta                                    6.023                     -0.002324                      -0.01182                    -2.821e-05
dz^2                        0                           1.957                      0.001161                      0.005772                    -2.805e-05
dxz                        0                           1.102                        0.1708                        0.7036                      0.002309
dyz                        0                          0.9477                        0.1746                        0.7251                      0.002277
dx^2-y^2                        0                           1.947                      0.001657                      0.008242                    -2.997e-05
dxy                        0                           1.118                        0.1697                        0.6987                      0.002301
  sum over m                                         7.071                        0.5179                         2.141                      0.006829
dz^2                        1                         0.03925                      -0.00106                     -0.005335                    -3.153e-05
dxz                        1                        -0.03736                     -0.003886                      -0.01148                    -0.0001169
dyz                        1                        -0.03189                     -0.005178                      -0.01759                    -0.0001227
dx^2-y^2                        1                         0.04266                     -0.001392                     -0.007004                    -3.137e-05
dxy                        1                        -0.03822                     -0.003788                      -0.01106                    -0.0001159
  sum over m                                      -0.02556                       -0.0153                      -0.05247                    -0.0004184
  sum over m+zeta                                    7.046                        0.5026                         2.089                       0.00641
fz^3                        0                       -0.006614                     0.0007261                      0.003591                    -2.799e-06
fxz^2                        0                       -0.001954                     0.0002565                      0.001274                    -1.155e-06
fyz^2                        0                       -0.002684                     0.0002742                      0.001365                    -1.188e-06
fzx^2-zy^2                        0                       8.865e-05                     1.977e-05                     7.721e-05                             0
fxyz                        0                       2.069e-05                     4.137e-06                     1.805e-05                             0
fx^3-3*xy^2                        0                       -0.003202                     0.0004291                      0.002127                    -1.834e-06
f3yx^2-y^3                        0                       -0.003699                     0.0004635                      0.002264                    -1.283e-06
  sum over m                                      -0.01804                      0.002173                       0.01072                    -7.866e-06
  sum over m+zeta                                 -0.01804                      0.002173                       0.01072                    -7.866e-06
Total Charge on atom:  Fe                  16
Total Magnetism on atom:  Fe                   (0.5224, 2.068, -0.2922)


