STEP: 0
CALCULATE THE MULLIkEN ANALYSIS FOR EACH ATOM
 Total charge:	32
Decomposed Mulliken populations
0                 Zeta of Fe                        Spin 1                        Spin 2                        Spin 3                        Spin 4
s                        0                           1.317                       0.05809                        0.2905                             0
  sum over m                                         1.317                       0.05809                        0.2905                             0
s                        1                           1.726                      -0.01878                      -0.09389                             0
  sum over m                                         1.726                      -0.01878                      -0.09389                             0
s                        2                         0.03245                      -0.04261                       -0.2131                             0
  sum over m                                       0.03245                      -0.04261                       -0.2131                             0
s                        3                        -0.02921                      0.005361                        0.0268                             0
  sum over m                                      -0.02921                      0.005361                        0.0268                             0
  sum over m+zeta                                    3.046                      0.002061                        0.0103                             0
pz                        0                           2.034                     -0.001186                     -0.005931                             0
px                        0                           2.033                     -0.001284                     -0.006418                             0
py                        0                           2.033                     -0.001188                     -0.005942                             0
  sum over m                                           6.1                     -0.003658                      -0.01829                             0
pz                        1                        -0.02621                     0.0005578                      0.002789                             0
px                        1                        -0.02639                     0.0006107                      0.003054                             0
py                        1                        -0.02603                     0.0005536                      0.002768                             0
  sum over m                                      -0.07863                      0.001722                      0.008611                             0
  sum over m+zeta                                    6.021                     -0.001936                      -0.00968                             0
dz^2                        0                           1.964                     0.0008264                      0.004132                             0
dxz                        0                           1.044                        0.1578                        0.7891                             0
dyz                        0                            0.96                        0.1582                         0.791                             0
dx^2-y^2                        0                           1.967                     0.0007515                      0.003758                             0
dxy                        0                           1.054                        0.1575                        0.7877                             0
  sum over m                                         6.989                        0.4751                         2.376                             0
dz^2                        1                         0.03863                    -0.0008721                     -0.004361                             0
dxz                        1                        -0.03701                     -0.004241                      -0.02121                             0
dyz                        1                        -0.03368                     -0.004585                      -0.02292                             0
dx^2-y^2                        1                         0.03943                    -0.0009123                     -0.004561                             0
dxy                        1                        -0.03725                     -0.004149                      -0.02074                             0
  sum over m                                      -0.02987                      -0.01476                       -0.0738                             0
  sum over m+zeta                                    6.959                        0.4604                         2.302                             0
fz^3                        0                       -0.007044                     0.0007553                      0.003776                             0
fxz^2                        0                       -0.002046                     0.0002629                      0.001314                             0
fyz^2                        0                        -0.00273                     0.0002901                      0.001451                             0
fzx^2-zy^2                        0                       5.741e-05                             0                     -3.01e-06                             0
fxyz                        0                       1.138e-05                     1.278e-06                     6.389e-06                             0
fx^3-3*xy^2                        0                       -0.003378                     0.0004381                      0.002191                             0
f3yx^2-y^3                        0                        -0.00407                     0.0004627                      0.002313                             0
  sum over m                                       -0.0192                       0.00221                       0.01105                             0
  sum over m+zeta                                  -0.0192                       0.00221                       0.01105                             0
Total Charge on atom:  Fe               16.01
Total Magnetism on atom:  Fe                   (0.4627, 2.314, 0)


1                 Zeta of Fe                        Spin 1                        Spin 2                        Spin 3                        Spin 4
s                        0                           1.275                       0.05086                        0.2543                             0
  sum over m                                         1.275                       0.05086                        0.2543                             0
s                        1                           1.755                      -0.01798                      -0.08989                             0
  sum over m                                         1.755                      -0.01798                      -0.08989                             0
s                        2                        -0.02899                      -0.04112                       -0.2056                             0
  sum over m                                      -0.02899                      -0.04112                       -0.2056                             0
s                        3                        -0.04712                        0.0062                         0.031                             0
  sum over m                                      -0.04712                        0.0062                         0.031                             0
  sum over m+zeta                                    2.954                     -0.002044                      -0.01022                             0
pz                        0                           2.032                      -0.00137                     -0.006852                             0
px                        0                           2.025                    -0.0009215                     -0.004608                             0
py                        0                           2.032                     -0.001333                     -0.006665                             0
  sum over m                                         6.089                     -0.003625                      -0.01812                             0
pz                        1                        -0.02529                     0.0005811                      0.002905                             0
px                        1                        -0.01606                       0.00013                     0.0006499                             0
py                        1                        -0.02466                     0.0005632                      0.002816                             0
  sum over m                                      -0.06602                      0.001274                      0.006371                             0
  sum over m+zeta                                    6.023                     -0.002351                      -0.01175                             0
dz^2                        0                           1.957                      0.001155                      0.005774                             0
dxz                        0                            1.09                        0.1536                        0.7681                             0
dyz                        0                          0.9564                        0.1571                        0.7856                             0
dx^2-y^2                        0                           1.947                      0.001649                      0.008244                             0
dxy                        0                           1.104                        0.1527                        0.7635                             0
  sum over m                                         7.055                        0.4663                         2.331                             0
dz^2                        1                         0.03925                     -0.001066                     -0.005332                             0
dxz                        1                        -0.03543                     -0.002921                       -0.0146                             0
dyz                        1                        -0.03112                     -0.004054                      -0.02027                             0
dx^2-y^2                        1                         0.04266                       -0.0014                     -0.007001                             0
dxy                        1                        -0.03621                     -0.002845                      -0.01422                             0
  sum over m                                      -0.02084                      -0.01229                      -0.06143                             0
  sum over m+zeta                                    7.034                         0.454                          2.27                             0
fz^3                        0                       -0.006615                     0.0007211                      0.003605                             0
fxz^2                        0                       -0.001955                     0.0002556                      0.001278                             0
fyz^2                        0                       -0.002684                     0.0002736                      0.001368                             0
fzx^2-zy^2                        0                       9.428e-05                     1.705e-05                     8.527e-05                             0
fxyz                        0                       2.052e-05                      3.68e-06                      1.84e-05                             0
fx^3-3*xy^2                        0                       -0.003204                     0.0004269                      0.002135                             0
f3yx^2-y^3                        0                       -0.003695                     0.0004564                      0.002282                             0
  sum over m                                      -0.01804                      0.002154                       0.01077                             0
  sum over m+zeta                                 -0.01804                      0.002154                       0.01077                             0
Total Charge on atom:  Fe               15.99
Total Magnetism on atom:  Fe                   (0.4517, 2.259, 0)


