                                                                                     
                              ABACUS v3.11.0-beta.4

               Atomic-orbital Based Ab-initio Computation at UStc                    

                     Website: http://abacus.ustc.edu.cn/                             
               Documentation: https://abacus.deepmodeling.com/                       
                  Repository: https://github.com/abacusmodeling/abacus-develop       
                              https://github.com/deepmodeling/abacus-develop         
                      Commit: unknown

 Fri Jun 26 14:58:32 2026
 MAKE THE DIR         : OUT.CaOMgO/
 RUNNING WITH DEVICE  : CPU / Intel(R) Xeon(R) Silver 4116 CPU @ 2.10GHz (x2)
 WARNING: some of potential function is set to zero cause of less than 1e-30.
 WARNING: some of potential function is set to zero cause of less than 1e-30.
 WARNING: some of potential function is set to zero cause of less than 1e-30.

%%%%%%%%%%%%%%%%%%%%%%%%%%%%%%%%%%%%%%%%%%%%%%%%%%%%%%%%%%%%%%%%%%%%%%%%%%%%%%%%%%%%%%%%%%%%%%%%%%%%%%%%%
 Warning: the number of valence electrons in pseudopotential > 2 for Ca: [Ar] 4s2
 Pseudopotentials with additional electrons can yield (more) accurate outcomes, but may be less efficient.
 If you're confident that your chosen pseudopotential is appropriate, you can safely ignore this warning.
%%%%%%%%%%%%%%%%%%%%%%%%%%%%%%%%%%%%%%%%%%%%%%%%%%%%%%%%%%%%%%%%%%%%%%%%%%%%%%%%%%%%%%%%%%%%%%%%%%%%%%%%%

 UNIFORM GRID DIM     : 36 * 54 * 72
 UNIFORM GRID DIM(BIG): 9 * 18 * 24
 DONE(0.203638   SEC) : SYMMETRY
 DONE(0.203735   SEC) : SETUP UNITCELL
 DONE(0.341612   SEC) : INIT K-POINTS
 ----------------------------------------------------------------
 Cell relaxation calculations
 ----------------------------------------------------------------
 SPIN    KPOINTS         PROCESSES   THREADS/PROC  THREADS/TOTAL 
 1       8               24          1             24            
 ----------------------------------------------------------------
 Use Systematically Improvable Atomic bases
 ----------------------------------------------------------------
 TOTAL NBASE 92
 ELEMENT ORBITALS        NBASE       NATOM       
 Ca      4s2p1d-10au     15          2           
 Mg      2s1p-9au        5           2           
 O       2s2p1d-6au      13          4           
 ----------------------------------------------------------------
 Initial plane wave basis and FFT box
 ----------------------------------------------------------------
 DONE(0.346351   SEC) : INIT PLANEWAVE
 START CHARGE         : ATOMIC
 DONE(0.996344   SEC) : CHARGE
 DONE(1.03391    SEC) : POTENTIALS

 ================================================================
 RELAX STEP: 1 (CELL_CHANGE# 1 IONS_CHANGE# 1)
 ================================================================
 DONE(1.25084    SEC) : INIT SCF
 ITER       ETOT/eV          EDIFF/eV         DRHO     TIME/s
 GE1     -3.95965207e+03   0.00000000e+00   1.5548e-01   0.89
 GE2     -3.96513092e+03  -5.47884700e+00   1.3411e-01   0.75
 GE3     -3.96961438e+03  -4.48345843e+00   1.9815e-02   0.76
 GE4     -3.96959903e+03   1.53474772e-02   9.6100e-03   0.76
 GE5     -3.96962232e+03  -2.32876944e-02   3.5286e-03   0.75
 GE6     -3.96962579e+03  -3.46602036e-03   5.7055e-04   0.76
 GE7     -3.96962584e+03  -5.63196669e-05   1.2095e-04   0.75
 GE8     -3.96962584e+03  -2.55603134e-06   5.0828e-05   0.75
 GE9     -3.96962584e+03  -2.51760756e-07   1.0402e-05   0.75
 GE10    -3.96962584e+03  -2.35413518e-08   6.8400e-07   0.75
 GE11    -3.96962584e+03  -6.88321007e-11   4.5723e-08   0.77
 ----------------------------------------------------------------
              Stress_x             Stress_y             Stress_z 
 ----------------------------------------------------------------
        640.2690057689         0.0000000000         0.0000000000 
         -0.0000000000       603.5489564208        11.8680264029 
         -0.0000000000        11.8680264029       603.5489564208 
 ----------------------------------------------------------------
 TOTAL-PRESSURE (EXCLUDE KINETIC PART OF IONS): 615.788973 kbar
 ETOT DIFF (eV)              : 0.000000
 LARGEST GRAD (eV/Angstrom)  : 2.125335
 DONE(10.959549  SEC) : SETUP UNITCELL

 ================================================================
 RELAX STEP: 2 (CELL_CHANGE# 2 IONS_CHANGE# 1)
 ================================================================
 DONE(11.028789  SEC) : LOCAL POTENTIAL
 DONE(11.076284  SEC) : SYMMETRY
 DONE(11.076633  SEC) : INIT K-POINTS
 DONE(11.357580  SEC) : INIT SCF
 ITER       ETOT/eV          EDIFF/eV         DRHO     TIME/s
 GE1     -3.97254877e+03   0.00000000e+00   1.0511e-02   0.75
 GE2     -3.97258980e+03  -4.10241261e-02   4.2167e-03   0.63
 GE3     -3.97259483e+03  -5.03570310e-03   1.6030e-03   0.63
 GE4     -3.97259622e+03  -1.38531963e-03   6.1227e-04   0.63
 GE5     -3.97259626e+03  -4.33356752e-05   1.9722e-04   0.63
 GE6     -3.97259627e+03  -7.90644643e-06   6.3682e-05   0.63
 GE7     -3.97259627e+03  -5.27164951e-07   1.1523e-05   0.63
 GE8     -3.97259627e+03  -1.17989048e-08   2.0444e-06   0.63
 GE9     -3.97259627e+03  -1.22196314e-10   1.9404e-07   0.63
 GE10    -3.97259627e+03  -6.96054951e-12   1.6886e-08   0.64
 ----------------------------------------------------------------
              Stress_x             Stress_y             Stress_z 
 ----------------------------------------------------------------
        248.0346562892         0.0000000000         0.0000000000 
          0.0000000000       209.3655427496        -0.1174112648 
          0.0000000000        -0.1174112648       209.3655427496 
 ----------------------------------------------------------------
 TOTAL-PRESSURE (EXCLUDE KINETIC PART OF IONS): 222.255247 kbar
 ETOT DIFF (eV)              : -2.970424
 LARGEST GRAD (eV/Angstrom)  : 0.973794
 DONE(19.356947  SEC) : SETUP UNITCELL

 ================================================================
 RELAX STEP: 3 (CELL_CHANGE# 3 IONS_CHANGE# 1)
 ================================================================
 DONE(19.426623  SEC) : LOCAL POTENTIAL
 DONE(19.474017  SEC) : SYMMETRY
 DONE(19.474372  SEC) : INIT K-POINTS
 DONE(19.736561  SEC) : INIT SCF
 ITER       ETOT/eV          EDIFF/eV         DRHO     TIME/s
 GE1     -3.97337377e+03   0.00000000e+00   3.9380e-03   0.68
 GE2     -3.97337819e+03  -4.42343824e-03   1.5777e-03   0.55
 GE3     -3.97337901e+03  -8.15791716e-04   8.1234e-04   0.55
 GE4     -3.97337932e+03  -3.13916921e-04   1.8318e-04   0.55
 GE5     -3.97337932e+03  -3.03866501e-06   4.6197e-05   0.55
 GE6     -3.97337932e+03  -4.03114038e-07   2.1335e-05   0.56
 GE7     -3.97337932e+03  -8.73146799e-08   3.9133e-06   0.55
 GE8     -3.97337932e+03  -1.98994377e-09   9.4449e-07   0.56
 GE9     -3.97337932e+03  -4.25366915e-11   8.0083e-08   0.57
 ----------------------------------------------------------------
              Stress_x             Stress_y             Stress_z 
 ----------------------------------------------------------------
         72.8905157463         0.0000000000         0.0000000000 
          0.0000000000        37.4396771509        -3.5270222023 
          0.0000000000        -3.5270222023        37.4396771509 
 ----------------------------------------------------------------
 TOTAL-PRESSURE (EXCLUDE KINETIC PART OF IONS): 49.256623 kbar
 ETOT DIFF (eV)              : -0.783056
 LARGEST GRAD (eV/Angstrom)  : 0.436174
 DONE(26.370941  SEC) : SETUP UNITCELL

 ================================================================
 RELAX STEP: 4 (CELL_CHANGE# 4 IONS_CHANGE# 1)
 ================================================================
 DONE(26.440169  SEC) : LOCAL POTENTIAL
 DONE(26.487254  SEC) : SYMMETRY
 DONE(26.487608  SEC) : INIT K-POINTS
 DONE(26.740823  SEC) : INIT SCF
 ITER       ETOT/eV          EDIFF/eV         DRHO     TIME/s
 GE1     -3.97344451e+03   0.00000000e+00   4.6620e-03   0.67
 GE2     -3.97345181e+03  -7.30234764e-03   2.1342e-03   0.53
 GE3     -3.97345349e+03  -1.67976221e-03   6.6266e-04   0.53
 GE4     -3.97345364e+03  -1.49777667e-04   2.9980e-04   0.53
 GE5     -3.97345365e+03  -8.51640325e-06   1.2363e-04   0.54
 GE6     -3.97345365e+03  -4.62186443e-06   3.7488e-05   0.53
 GE7     -3.97345365e+03  -1.05957352e-07   5.3390e-06   0.53
 GE8     -3.97345365e+03  -2.21113456e-09   1.2218e-06   0.53
 GE9     -3.97345365e+03  -5.25908185e-11   1.1638e-07   0.54
 GE10    -3.97345365e+03   3.09357756e-12   1.2483e-08   0.55
 ----------------------------------------------------------------
              Stress_x             Stress_y             Stress_z 
 ----------------------------------------------------------------
         23.4462626356         0.0000000000         0.0000000000 
          0.0000000000       -10.2775248169        -4.3856820909 
         -0.0000000000        -4.3856820909       -10.2775248169 
 ----------------------------------------------------------------
 TOTAL-PRESSURE (EXCLUDE KINETIC PART OF IONS): 0.963738 kbar
 ETOT DIFF (eV)              : -0.074330
 LARGEST GRAD (eV/Angstrom)  : 0.332768
 DONE(33.708131  SEC) : SETUP UNITCELL

 ================================================================
 RELAX STEP: 5 (CELL_CHANGE# 5 IONS_CHANGE# 1)
 ================================================================
 DONE(33.777579  SEC) : LOCAL POTENTIAL
 DONE(33.825320  SEC) : SYMMETRY
 DONE(33.825677  SEC) : INIT K-POINTS
 DONE(34.075097  SEC) : INIT SCF
 ITER       ETOT/eV          EDIFF/eV         DRHO     TIME/s
 GE1     -3.97331196e+03   0.00000000e+00   2.9383e-03   0.61
 GE2     -3.97331453e+03  -2.56884800e-03   1.9281e-03   0.49
 GE3     -3.97331545e+03  -9.22597875e-04   3.6195e-04   0.49
 GE4     -3.97331545e+03   1.21589199e-06   1.3319e-04   0.49
 GE5     -3.97331545e+03  -1.48335961e-06   5.3852e-05   0.49
 GE6     -3.97331545e+03  -1.53875399e-06   2.4592e-05   0.49
 GE7     -3.97331545e+03  -5.32242285e-08   3.0523e-06   0.49
 GE8     -3.97331545e+03  -7.60246686e-10   7.6109e-07   0.49
 GE9     -3.97331545e+03  -1.77880710e-11   7.3210e-08   0.50
 ----------------------------------------------------------------
              Stress_x             Stress_y             Stress_z 
 ----------------------------------------------------------------
        -54.8105738925         0.0000000000         0.0000000000 
          0.0000000000       -84.6259066666        -5.6240337305 
          0.0000000000        -5.6240337305       -84.6259066666 
 ----------------------------------------------------------------
 TOTAL-PRESSURE (EXCLUDE KINETIC PART OF IONS): -74.687462 kbar
 ETOT DIFF (eV)              : 0.138204
 LARGEST GRAD (eV/Angstrom)  : 0.359385
 DONE(40.036042  SEC) : SETUP UNITCELL

 ================================================================
 RELAX STEP: 6 (CELL_CHANGE# 6 IONS_CHANGE# 1)
 ================================================================
 DONE(40.105532  SEC) : LOCAL POTENTIAL
 DONE(40.152956  SEC) : SYMMETRY
 DONE(40.153334  SEC) : INIT K-POINTS
 DONE(40.403634  SEC) : INIT SCF
 ITER       ETOT/eV          EDIFF/eV         DRHO     TIME/s
 GE1     -3.97342968e+03   0.00000000e+00   6.8952e-03   0.63
 GE2     -3.97344559e+03  -1.59028035e-02   4.6000e-03   0.51
 GE3     -3.97345056e+03  -4.97609621e-03   9.8295e-04   0.52
 GE4     -3.97345055e+03   1.05905697e-05   3.6061e-04   0.52
 GE5     -3.97345056e+03  -1.10805150e-05   1.1891e-04   0.51
 GE6     -3.97345057e+03  -7.56484277e-06   6.1883e-05   0.51
 GE7     -3.97345057e+03  -3.58978740e-07   7.5069e-06   0.51
 GE8     -3.97345057e+03  -5.19024975e-09   1.8145e-06   0.52
 GE9     -3.97345057e+03  -1.13688975e-10   1.8100e-07   0.51
 GE10    -3.97345057e+03   7.73394390e-13   2.6272e-08   0.52
 ----------------------------------------------------------------
              Stress_x             Stress_y             Stress_z 
 ----------------------------------------------------------------
        -27.4599204859         0.0000000000         0.0000000000 
         -0.0000000000       -52.8721482329        -5.4699134668 
         -0.0000000000        -5.4699134668       -52.8721482329 
 ----------------------------------------------------------------
 TOTAL-PRESSURE (EXCLUDE KINETIC PART OF IONS): -44.401406 kbar
 ETOT DIFF (eV)              : -0.135120
 LARGEST GRAD (eV/Angstrom)  : 0.259775
 DONE(47.104263  SEC) : SETUP UNITCELL

 ================================================================
 RELAX STEP: 7 (CELL_CHANGE# 7 IONS_CHANGE# 1)
 ================================================================
 DONE(47.173560  SEC) : LOCAL POTENTIAL
 DONE(47.220746  SEC) : SYMMETRY
 DONE(47.221085  SEC) : INIT K-POINTS
 DONE(47.477004  SEC) : INIT SCF
 ITER       ETOT/eV          EDIFF/eV         DRHO     TIME/s
 GE1     -3.97352107e+03   0.00000000e+00   3.9529e-04   0.65
 GE2     -3.97352108e+03  -8.15233557e-06   1.0483e-04   0.53
 GE3     -3.97352108e+03  -2.18540914e-06   1.0649e-04   0.54
 GE4     -3.97352108e+03  -2.19011293e-06   1.4595e-05   0.53
 GE5     -3.97352108e+03  -3.89636094e-09   5.3423e-06   0.53
 GE6     -3.97352108e+03  -7.54755586e-09   2.6081e-06   0.53
 GE7     -3.97352108e+03  -1.16473195e-09   2.4168e-07   0.53
 GE8     -3.97352108e+03  -3.09357756e-12   6.4017e-08   0.55
 ----------------------------------------------------------------
              Stress_x             Stress_y             Stress_z 
 ----------------------------------------------------------------
         11.3508063931         0.0000000000         0.0000000000 
          0.0000000000        -5.0163917979        -5.3171766063 
          0.0000000000        -5.3171766063        -5.0163917979 
 ----------------------------------------------------------------
 TOTAL-PRESSURE (EXCLUDE KINETIC PART OF IONS): 0.439341 kbar
 ETOT DIFF (eV)              : -0.070513
 LARGEST GRAD (eV/Angstrom)  : 0.178855
 DONE(53.339743  SEC) : SETUP UNITCELL

 ================================================================
 RELAX STEP: 8 (CELL_CHANGE# 8 IONS_CHANGE# 1)
 ================================================================
 DONE(53.408828  SEC) : LOCAL POTENTIAL
 DONE(53.455166  SEC) : SYMMETRY
 DONE(53.455512  SEC) : INIT K-POINTS
 DONE(53.707889  SEC) : INIT SCF
 ITER       ETOT/eV          EDIFF/eV         DRHO     TIME/s
 GE1     -3.97352094e+03   0.00000000e+00   1.7854e-03   0.65
 GE2     -3.97352131e+03  -3.73313447e-04   1.0016e-03   0.54
 GE3     -3.97352158e+03  -2.64552482e-04   3.3884e-04   0.54
 GE4     -3.97352158e+03  -9.05565558e-06   5.6439e-05   0.53
 GE5     -3.97352158e+03  -2.55604526e-07   3.1440e-05   0.53
 GE6     -3.97352158e+03  -1.63835868e-07   9.3531e-06   0.54
 GE7     -3.97352158e+03  -2.65885257e-08   1.4379e-06   0.53
 GE8     -3.97352158e+03  -2.11910063e-10   3.4227e-07   0.54
 GE9     -3.97352158e+03  -6.18715512e-12   5.2674e-08   0.57
 ----------------------------------------------------------------
              Stress_x             Stress_y             Stress_z 
 ----------------------------------------------------------------
         15.3888413156         0.0000000000         0.0000000000 
          0.0000000000         0.1433580953        -5.3038238793 
          0.0000000000        -5.3038238793         0.1433580953 
 ----------------------------------------------------------------
 TOTAL-PRESSURE (EXCLUDE KINETIC PART OF IONS): 5.225186 kbar
 ETOT DIFF (eV)              : -0.000501
 LARGEST GRAD (eV/Angstrom)  : 0.188165
 DONE(60.149298  SEC) : SETUP UNITCELL

 ================================================================
 RELAX STEP: 9 (CELL_CHANGE# 9 IONS_CHANGE# 1)
 ================================================================
 DONE(60.218672  SEC) : LOCAL POTENTIAL
 DONE(60.265959  SEC) : SYMMETRY
 DONE(60.266310  SEC) : INIT K-POINTS
 DONE(60.520242  SEC) : INIT SCF
 ITER       ETOT/eV          EDIFF/eV         DRHO     TIME/s
 GE1     -3.97352993e+03   0.00000000e+00   1.0749e-03   0.65
 GE2     -3.97353023e+03  -3.01671654e-04   4.7372e-04   0.54
 GE3     -3.97353032e+03  -9.02526397e-05   1.4232e-04   0.54
 GE4     -3.97353032e+03  -4.81466005e-06   3.6061e-05   0.54
 GE5     -3.97353032e+03  -1.72234931e-07   1.9270e-05   0.54
 GE6     -3.97353032e+03  -1.85199341e-07   5.2129e-06   0.54
 GE7     -3.97353032e+03  -3.31322157e-09   8.4184e-07   0.53
 GE8     -3.97353032e+03  -6.80587063e-11   1.2181e-07   0.54
 GE9     -3.97353032e+03   0.00000000e+00   1.8007e-08   0.55
 ----------------------------------------------------------------
              Stress_x             Stress_y             Stress_z 
 ----------------------------------------------------------------
         11.3177853950         0.0000000000         0.0000000000 
         -0.0000000000         0.6642357150        -4.1419421451 
         -0.0000000000        -4.1419421451         0.6642357150 
 ----------------------------------------------------------------
 TOTAL-PRESSURE (EXCLUDE KINETIC PART OF IONS): 4.215419 kbar
 ETOT DIFF (eV)              : -0.008739
 LARGEST GRAD (eV/Angstrom)  : 0.150619
 DONE(66.959687  SEC) : SETUP UNITCELL

 ================================================================
 RELAX STEP: 10 (CELL_CHANGE# 10 IONS_CHANGE# 1)
 ================================================================
 DONE(67.029018  SEC) : LOCAL POTENTIAL
 DONE(67.076722  SEC) : SYMMETRY
 DONE(67.077071  SEC) : INIT K-POINTS
 DONE(67.329878  SEC) : INIT SCF
 ITER       ETOT/eV          EDIFF/eV         DRHO     TIME/s
 GE1     -3.97354095e+03   0.00000000e+00   1.9085e-03   0.65
 GE2     -3.97354170e+03  -7.48199879e-04   7.6534e-04   0.53
 GE3     -3.97354196e+03  -2.63457400e-04   2.9696e-04   0.54
 GE4     -3.97354199e+03  -2.18940156e-05   5.6579e-05   0.53
 GE5     -3.97354199e+03  -5.37118537e-07   3.7110e-05   0.53
 GE6     -3.97354199e+03  -5.96634329e-07   7.6352e-06   0.54
 GE7     -3.97354199e+03  -9.01468501e-09   1.3112e-06   0.53
 GE8     -3.97354199e+03  -1.37664201e-10   1.5909e-07   0.53
 GE9     -3.97354199e+03  -3.09357756e-12   2.5673e-08   0.54
 ----------------------------------------------------------------
              Stress_x             Stress_y             Stress_z 
 ----------------------------------------------------------------
          0.4887023615         0.0000000000         0.0000000000 
         -0.0000000000         2.8054396550        -0.8538035183 
         -0.0000000000        -0.8538035183         2.8054396550 
 ----------------------------------------------------------------
 TOTAL-PRESSURE (EXCLUDE KINETIC PART OF IONS): 2.033194 kbar
 ETOT DIFF (eV)              : -0.011664
 LARGEST GRAD (eV/Angstrom)  : 0.041452
 DONE(73.734023  SEC) : SETUP UNITCELL

 ================================================================
 RELAX STEP: 11 (CELL_CHANGE# 11 IONS_CHANGE# 1)
 ================================================================
 DONE(73.803034  SEC) : LOCAL POTENTIAL
 DONE(73.850177  SEC) : SYMMETRY
 DONE(73.850536  SEC) : INIT K-POINTS
 DONE(74.105311  SEC) : INIT SCF
 ITER       ETOT/eV          EDIFF/eV         DRHO     TIME/s
 GE1     -3.97354023e+03   0.00000000e+00   2.8511e-03   0.66
 GE2     -3.97354168e+03  -1.44350551e-03   1.1368e-03   0.53
 GE3     -3.97354228e+03  -6.05080005e-04   4.6918e-04   0.54
 GE4     -3.97354233e+03  -5.10592881e-05   8.5848e-05   0.54
 GE5     -3.97354233e+03  -1.41647260e-06   6.0140e-05   0.54
 GE6     -3.97354234e+03  -1.42511605e-06   1.1330e-05   0.54
 GE7     -3.97354234e+03  -1.93101111e-08   2.1163e-06   0.54
 GE8     -3.97354234e+03  -3.06264179e-10   2.9762e-07   0.53
 GE9     -3.97354234e+03  -8.50733829e-12   5.6991e-08   0.55
 ----------------------------------------------------------------
              Stress_x             Stress_y             Stress_z 
 ----------------------------------------------------------------
         -0.2397945510         0.0000000000         0.0000000000 
          0.0000000000         0.0933057247        -0.5725865276 
         -0.0000000000        -0.5725865276         0.0933057247 
 ----------------------------------------------------------------
 TOTAL-PRESSURE (EXCLUDE KINETIC PART OF IONS): -0.017728 kbar
 ETOT DIFF (eV)              : -0.000349
 LARGEST GRAD (eV/Angstrom)  : 0.022770
 DONE(80.539382  SEC) : SETUP UNITCELL

 ================================================================
 RELAX STEP: 12 (CELL_CHANGE# 12 IONS_CHANGE# 1)
 ================================================================
 DONE(80.608470  SEC) : LOCAL POTENTIAL
 DONE(80.654872  SEC) : SYMMETRY
 DONE(80.655215  SEC) : INIT K-POINTS
 DONE(80.915106  SEC) : INIT SCF
 ITER       ETOT/eV          EDIFF/eV         DRHO     TIME/s
 GE1     -3.97354234e+03   0.00000000e+00   2.2033e-04   0.66
 GE2     -3.97354235e+03  -1.30223908e-05   8.4575e-05   0.53
 GE3     -3.97354236e+03  -2.19678423e-06   4.3600e-05   0.54
 GE4     -3.97354236e+03  -3.77544073e-07   9.2362e-06   0.53
 GE5     -3.97354236e+03  -1.39528082e-08   6.5156e-06   0.53
 GE6     -3.97354236e+03  -5.55915888e-09   1.5188e-06   0.53
 GE7     -3.97354236e+03  -1.58545850e-10   2.3238e-07   0.54
 GE8     -3.97354236e+03  -1.00541271e-11   6.5700e-08   0.55
 ----------------------------------------------------------------
              Stress_x             Stress_y             Stress_z 
 ----------------------------------------------------------------
         -0.4218118511         0.0000000000         0.0000000000 
          0.0000000000        -0.5802049674        -0.5020296630 
          0.0000000000        -0.5020296630        -0.5802049674 
 ----------------------------------------------------------------
 TOTAL-PRESSURE (EXCLUDE KINETIC PART OF IONS): -0.527407 kbar
 ETOT DIFF (eV)              : -0.000020
 LARGEST GRAD (eV/Angstrom)  : 0.018145
 DONE(86.796998  SEC) : SETUP UNITCELL

 ================================================================
 RELAX STEP: 13 (CELL_CHANGE# 13 IONS_CHANGE# 1)
 ================================================================
 DONE(86.866514  SEC) : LOCAL POTENTIAL
 DONE(86.914272  SEC) : SYMMETRY
 DONE(86.914619  SEC) : INIT K-POINTS
 DONE(87.173661  SEC) : INIT SCF
 ITER       ETOT/eV          EDIFF/eV         DRHO     TIME/s
 GE1     -3.97354249e+03   0.00000000e+00   1.4555e-04   0.66
 GE2     -3.97354249e+03  -2.40086058e-06   4.1960e-05   0.53
 GE3     -3.97354249e+03  -7.80590052e-07   2.8569e-05   0.53
 GE4     -3.97354249e+03  -2.18166824e-07   4.3420e-06   0.53
 GE5     -3.97354249e+03  -3.88785360e-09   2.7466e-06   0.53
 GE6     -3.97354249e+03  -2.59937855e-09   6.3692e-07   0.54
 GE7     -3.97354249e+03  -6.65119176e-11   1.5873e-07   0.53
 GE8     -3.97354249e+03  -1.54678878e-12   2.4571e-08   0.55
 ----------------------------------------------------------------
              Stress_x             Stress_y             Stress_z 
 ----------------------------------------------------------------
         -0.0725833327         0.0000000000         0.0000000000 
          0.0000000000        -0.1885658930        -0.3382602418 
          0.0000000000        -0.3382602418        -0.1885658930 
 ----------------------------------------------------------------
 TOTAL-PRESSURE (EXCLUDE KINETIC PART OF IONS): -0.149905 kbar
 ETOT DIFF (eV)              : -0.000137
 LARGEST GRAD (eV/Angstrom)  : 0.011390

 ~~~~~~~~~~~~~~~~~~~~~~~~~~~~~~~~~~~~~~~~~~~~~~~~~~~~~~~~~~~~~~~~
 Geometry relaxation thresholds are reached within 12 steps.
 ~~~~~~~~~~~~~~~~~~~~~~~~~~~~~~~~~~~~~~~~~~~~~~~~~~~~~~~~~~~~~~~~

 TIME STATISTICS
--------------------------------------------------------------------
    CLASS_NAME            NAME        TIME/s  CALLS   AVG/s  PER/%  
--------------------------------------------------------------------
                   total              93.07  135      0.69   100.00 
 Driver            atomic_world       93.07  1        93.07  100.00 
 ESolver_KS_LCAO   before_all_runners 1.01   1        1.01   1.08   
 Charge            atomic_rho         1.79   26       0.07   1.93   
 Relax_Driver      relax_driver       92.03  1        92.03  98.89  
 ESolver_KS        runner             74.11  13       5.70   79.63  
 ESolver_KS_LCAO   before_scf         4.69   13       0.36   5.04   
 Charge            set_rho_core       0.96   13       0.07   1.03   
 Symmetry_rho      begin              1.63   132      0.01   1.75   
 Symmetry          rhog_symmetry      1.23   132      0.01   1.32   
 HSolverLCAO       solve              65.76  119      0.55   70.66  
 HamiltLCAO        updateHk           30.62  952      0.03   32.90  
 OperatorLCAO      init               30.61  4760     0.01   32.89  
 Veff              contributeHR       29.09  119      0.24   31.26  
 Gint              cal_gint_vl        29.09  119      0.24   31.26  
 Gint              hr_gint_to_hR      3.62   119      0.03   3.89   
 HSolverLCAO       hamiltSolvePsiK    10.65  952      0.01   11.44  
 DiagoElpa         elpa_solve         9.39   952      0.01   10.09  
 LCAO_domain       dm2rho             23.56  119      0.20   25.32  
 Gint              cal_gint_rho       22.09  119      0.19   23.73  
 Gint              dm_2d_to_gint      2.66   132      0.02   2.86   
 ESolver_KS_LCAO   after_scf          1.00   13       0.08   1.08   
 ESolver_KS_LCAO   cal_force          17.90  13       1.38   19.23  
 Force_Stress_LCAO getForceStress     17.89  13       1.38   19.23  
 Forces            cal_force_cc       1.18   13       0.09   1.27   
 Forces            cal_force_scc      1.23   13       0.09   1.33   
 Stress            stress_loc         3.66   13       0.28   3.93   
 Stress            stress_cc          4.70   13       0.36   5.05   
 Nonlocal          cal_force_stress   1.34   13       0.10   1.44   
 Gint              cal_gint_fvl       4.72   13       0.36   5.07   
--------------------------------------------------------------------


 START  Time  : Fri Jun 26 14:58:32 2026
 FINISH Time  : Fri Jun 26 15:00:06 2026
 TOTAL  Time  : 94
 SEE INFORMATION IN : OUT.CaOMgO/
