                                                                                     
                              ABACUS v3.8.1

               Atomic-orbital Based Ab-initio Computation at UStc                    

                     Website: http://abacus.ustc.edu.cn/                             
               Documentation: https://abacus.deepmodeling.com/                       
                  Repository: https://github.com/abacusmodeling/abacus-develop       
                              https://github.com/deepmodeling/abacus-develop         
                      Commit: 533b6c957 (Tue Oct 29 13:31:41 2024 +0800)

 Thu Oct 31 10:18:28 2024
 MAKE THE DIR         : OUT.ABACUS/
 RUNNING WITH DEVICE  : CPU / Intel(R) Xeon(R) Gold 6132 CPU @ 2.60GHz
 UNIFORM GRID DIM        : 36 * 36 * 36
 UNIFORM GRID DIM(BIG)   : 12 * 12 * 12
 DONE(0.0238514  SEC) : SETUP UNITCELL
 DONE(0.0249085  SEC) : INIT K-POINTS
 ---------------------------------------------------------
 ---------------------------------------------------------
 SPIN    KPOINTS         PROCESSORS  THREADS     NBASE       
 1       101             2           2           26          
 ---------------------------------------------------------
 Use Systematically Improvable Atomic bases
 ---------------------------------------------------------
 ELEMENT ORBITALS        NBASE       NATOM       XC          
 Si      2s2p1d-8au      13          2           
 ---------------------------------------------------------
 Initial plane wave basis and FFT box
 ---------------------------------------------------------
 DONE(0.0336685  SEC) : INIT PLANEWAVE
 START CHARGE      : file
 NON-SELF CONSISTENT CALCULATIONS
TIME STATISTICS
--------------------------------------------------------------------------
   CLASS_NAME               NAME            TIME/s  CALLS   AVG/s  PER/%  
--------------------------------------------------------------------------
                 total                      0.55   7        0.08   100.00 
 Driver          reading                    0.01   1        0.01   1.95   
 Input_Conv      Convert                    0.00   1        0.00   0.09   
 Driver          driver_line                0.54   1        0.54   98.03  
 UnitCell        check_tau                  0.00   1        0.00   0.00   
 ESolver_KS_LCAO before_all_runners         0.09   1        0.09   16.34  
 PW_Basis_Sup    setuptransform             0.01   1        0.01   0.91   
 PW_Basis_Sup    distributeg                0.00   1        0.00   0.06   
 mymath          heapsort                   0.00   3        0.00   0.12   
 PW_Basis_K      setuptransform             0.01   1        0.01   0.93   
 PW_Basis_K      distributeg                0.00   1        0.00   0.04   
 PW_Basis        setup_struc_factor         0.00   1        0.00   0.07   
 NOrbital_Lm     extra_uniform              0.00   5        0.00   0.78   
 Mathzone_Add1   SplineD2                   0.00   5        0.00   0.01   
 Mathzone_Add1   Cubic_Spline_Interpolation 0.00   5        0.00   0.43   
 ppcell_vl       init_vloc                  0.00   1        0.00   0.14   
 ESolver_KS_LCAO others                     0.45   1        0.45   80.94  
 ESolver_KS_LCAO beforesolver               0.02   1        0.02   4.08   
 ESolver_KS_LCAO set_matrix_grid            0.02   1        0.02   3.66   
 atom_arrange    search                     0.00   1        0.00   0.15   
 Grid_Technique  init                       0.01   1        0.01   2.62   
 Grid_BigCell    grid_expansion_index       0.00   2        0.00   0.57   
 Record_adj      for_2d                     0.00   1        0.00   0.56   
 Grid_Driver     Find_atom                  0.00   22       0.00   0.03   
 LCAO_domain     grid_prepare               0.00   1        0.00   0.00   
 Veff            initialize_HR              0.00   1        0.00   0.02   
 OverlapNew      initialize_SR              0.00   1        0.00   0.02   
 EkineticNew     initialize_HR              0.00   1        0.00   0.03   
 NonlocalNew     initialize_HR              0.00   1        0.00   0.32   
 Charge          set_rho_core               0.00   1        0.00   0.00   
 ModuleIO        read_rhog                  0.00   1        0.00   0.29   
 PW_Basis_Sup    recip2real                 0.00   3        0.00   0.34   
 PW_Basis_Sup    gathers_scatterp           0.00   3        0.00   0.08   
 Potential       init_pot                   0.00   1        0.00   0.54   
 Potential       update_from_charge         0.00   1        0.00   0.54   
 Potential       cal_fixed_v                0.00   1        0.00   0.12   
 PotLocal        cal_fixed_v                0.00   1        0.00   0.11   
 Potential       cal_v_eff                  0.00   1        0.00   0.42   
 H_Hartree_pw    v_hartree                  0.00   1        0.00   0.21   
 PW_Basis_Sup    real2recip                 0.00   1        0.00   0.08   
 PW_Basis_Sup    gatherp_scatters           0.00   1        0.00   0.01   
 PotXC           cal_v_eff                  0.00   1        0.00   0.20   
 XC_Functional   v_xc                       0.00   1        0.00   0.20   
 Potential       interpolate_vrs            0.00   1        0.00   0.00   
 HSolverLCAO     solve                      0.41   1        0.41   75.37  
 HamiltLCAO      updateHk                   0.33   101      0.00   60.42  
 OperatorLCAO    init                       0.29   303      0.00   53.05  
 Veff            contributeHR               0.17   1        0.17   30.31  
 Gint_interface  cal_gint                   0.17   1        0.17   30.19  
 Gint_interface  cal_gint_vlocal            0.17   1        0.17   30.19  
 Gint_Tools      cal_psir_ylm               0.02   864      0.00   4.07   
 Gint_k          transfer_pvpR              0.00   1        0.00   0.11   
 OverlapNew      calculate_SR               0.02   1        0.02   4.24   
 OverlapNew      contributeHk               0.02   101      0.00   3.10   
 EkineticNew     contributeHR               0.02   1        0.02   4.29   
 EkineticNew     calculate_HR               0.02   1        0.02   4.27   
 NonlocalNew     contributeHR               0.03   1        0.03   5.31   
 NonlocalNew     calculate_HR               0.03   1        0.03   5.28   
 OperatorLCAO    contributeHk               0.07   101      0.00   13.11  
 HSolverLCAO     hamiltSolvePsiK            0.08   101      0.00   14.93  
 DiagoElpa       elpa_solve                 0.06   101      0.00   10.87  
 ESolver_KS_LCAO after_all_runners          0.00   1        0.00   0.30   
 ModuleIO        nscf_band                  0.00   1        0.00   0.29   
--------------------------------------------------------------------------


 START  Time  : Thu Oct 31 10:18:28 2024
 FINISH Time  : Thu Oct 31 10:18:28 2024
 TOTAL  Time  : 0
 SEE INFORMATION IN : OUT.ABACUS/
