                                                                                     
                              ABACUS v3.8.1

               Atomic-orbital Based Ab-initio Computation at UStc                    

                     Website: http://abacus.ustc.edu.cn/                             
               Documentation: https://abacus.deepmodeling.com/                       
                  Repository: https://github.com/abacusmodeling/abacus-develop       
                              https://github.com/deepmodeling/abacus-develop         
                      Commit: 533b6c957 (Tue Oct 29 13:31:41 2024 +0800)

 Thu Oct 31 10:18:25 2024
 MAKE THE DIR         : OUT.ABACUS/
 RUNNING WITH DEVICE  : CPU / Intel(R) Xeon(R) Gold 6132 CPU @ 2.60GHz
 UNIFORM GRID DIM        : 36 * 36 * 36
 UNIFORM GRID DIM(BIG)   : 12 * 12 * 12
 DONE(0.0294833  SEC) : SETUP UNITCELL
 DONE(0.0302722  SEC) : INIT K-POINTS
 ---------------------------------------------------------
 Self-consistent calculations for electrons
 ---------------------------------------------------------
 SPIN    KPOINTS         PROCESSORS  THREADS     NBASE       
 1       36              2           2           26          
 ---------------------------------------------------------
 Use Systematically Improvable Atomic bases
 ---------------------------------------------------------
 ELEMENT ORBITALS        NBASE       NATOM       XC          
 Si      2s2p1d-8au      13          2           
 ---------------------------------------------------------
 Initial plane wave basis and FFT box
 ---------------------------------------------------------
 DONE(0.034115   SEC) : INIT PLANEWAVE
 -------------------------------------------
 SELF-CONSISTENT : 
 -------------------------------------------
 START CHARGE      : atomic
 DONE(0.127968   SEC) : INIT SCF
 * * * * * *
 << Start SCF iteration.
 ITER       ETOT/eV          EDIFF/eV         DRHO     TIME/s
 GE1     -2.13624915e+02   0.00000000e+00   1.7044e-01   0.41
 GE2     -2.13662196e+02  -3.72813650e-02   3.4611e-02   0.34
 GE3     -2.13664572e+02  -2.37639553e-03   2.9635e-03   0.33
 GE4     -2.13664573e+02  -9.65571851e-07   1.3697e-04   0.31
 GE5     -2.13664573e+02  -5.32733874e-08   1.9619e-05   0.31
 GE6     -2.13664573e+02  -1.11917419e-09   1.5538e-06   0.34
 GE7     -2.13664573e+02  -6.72853120e-11   5.0174e-08   0.31
 >> Leave SCF iteration.
 * * * * * *
TIME STATISTICS
--------------------------------------------------------------------------
   CLASS_NAME               NAME            TIME/s  CALLS   AVG/s  PER/%  
--------------------------------------------------------------------------
                 total                      2.51   9        0.28   100.00 
 Driver          reading                    0.02   1        0.02   0.63   
 Input_Conv      Convert                    0.00   1        0.00   0.02   
 Driver          driver_line                2.50   1        2.50   99.37  
 UnitCell        check_tau                  0.00   1        0.00   0.00   
 ESolver_KS_LCAO before_all_runners         0.08   1        0.08   3.31   
 PW_Basis_Sup    setuptransform             0.01   1        0.01   0.23   
 PW_Basis_Sup    distributeg                0.00   1        0.00   0.02   
 mymath          heapsort                   0.00   3        0.00   0.03   
 PW_Basis_K      setuptransform             0.00   1        0.00   0.09   
 PW_Basis_K      distributeg                0.00   1        0.00   0.01   
 PW_Basis        setup_struc_factor         0.00   1        0.00   0.02   
 NOrbital_Lm     extra_uniform              0.00   5        0.00   0.16   
 Mathzone_Add1   SplineD2                   0.00   5        0.00   0.00   
 Mathzone_Add1   Cubic_Spline_Interpolation 0.00   5        0.00   0.09   
 ppcell_vl       init_vloc                  0.00   1        0.00   0.03   
 Ions            opt_ions                   2.41   1        2.41   95.92  
 ESolver_KS_LCAO runner                     2.41   1        2.41   95.92  
 ESolver_KS_LCAO before_scf                 0.03   1        0.03   1.10   
 ESolver_KS_LCAO beforesolver               0.02   1        0.02   0.88   
 ESolver_KS_LCAO set_matrix_grid            0.02   1        0.02   0.79   
 atom_arrange    search                     0.00   1        0.00   0.03   
 Grid_Technique  init                       0.01   1        0.01   0.56   
 Grid_BigCell    grid_expansion_index       0.00   2        0.00   0.12   
 Record_adj      for_2d                     0.00   1        0.00   0.12   
 Grid_Driver     Find_atom                  0.00   34       0.00   0.02   
 LCAO_domain     grid_prepare               0.00   1        0.00   0.00   
 Veff            initialize_HR              0.00   1        0.00   0.00   
 OverlapNew      initialize_SR              0.00   1        0.00   0.00   
 EkineticNew     initialize_HR              0.00   1        0.00   0.01   
 NonlocalNew     initialize_HR              0.00   1        0.00   0.07   
 Charge          set_rho_core               0.00   1        0.00   0.00   
 Charge          atomic_rho                 0.00   2        0.00   0.14   
 PW_Basis_Sup    recip2real                 0.01   17       0.00   0.32   
 PW_Basis_Sup    gathers_scatterp           0.00   17       0.00   0.06   
 Potential       init_pot                   0.00   1        0.00   0.12   
 Potential       update_from_charge         0.02   8        0.00   0.75   
 Potential       cal_fixed_v                0.00   1        0.00   0.02   
 PotLocal        cal_fixed_v                0.00   1        0.00   0.02   
 Potential       cal_v_eff                  0.02   8        0.00   0.72   
 H_Hartree_pw    v_hartree                  0.01   8        0.00   0.34   
 PW_Basis_Sup    real2recip                 0.01   16       0.00   0.32   
 PW_Basis_Sup    gatherp_scatters           0.00   16       0.00   0.04   
 PotXC           cal_v_eff                  0.01   8        0.00   0.36   
 XC_Functional   v_xc                       0.01   8        0.00   0.36   
 Potential       interpolate_vrs            0.00   8        0.00   0.01   
 H_Ewald_pw      compute_ewald              0.00   1        0.00   0.02   
 Charge_Mixing   init_mixing                0.00   1        0.00   0.00   
 HSolverLCAO     solve                      2.33   7        0.33   92.62  
 HamiltLCAO      updateHk                   1.37   252      0.01   54.66  
 OperatorLCAO    init                       1.31   756      0.00   52.25  
 Veff            contributeHR               1.10   7        0.16   43.86  
 Gint_interface  cal_gint                   1.73   14       0.12   69.03  
 Gint_interface  cal_gint_vlocal            1.10   7        0.16   43.70  
 Gint_Tools      cal_psir_ylm               0.30   12096    0.00   11.75  
 Gint_k          transfer_pvpR              0.00   7        0.00   0.16   
 OverlapNew      calculate_SR               0.02   1        0.02   0.92   
 OverlapNew      contributeHk               0.04   252      0.00   1.46   
 EkineticNew     contributeHR               0.02   7        0.00   0.94   
 EkineticNew     calculate_HR               0.02   1        0.02   0.94   
 NonlocalNew     contributeHR               0.03   7        0.00   1.19   
 NonlocalNew     calculate_HR               0.03   1        0.03   1.12   
 OperatorLCAO    contributeHk               0.16   252      0.00   6.23   
 HSolverLCAO     hamiltSolvePsiK            0.19   252      0.00   7.41   
 DiagoElpa       elpa_solve                 0.14   252      0.00   5.39   
 ElecStateLCAO   psiToRho                   0.77   7        0.11   30.54  
 elecstate       cal_dm                     0.00   7        0.00   0.12   
 psiMulPsiMpi    pdgemm                     0.00   252      0.00   0.10   
 DensityMatrix   cal_DMR                    0.12   7        0.02   4.92   
 Gint            transfer_DMR               0.00   7        0.00   0.11   
 Gint_interface  cal_gint_rho               0.64   7        0.09   25.33  
 Charge_Mixing   get_drho                   0.00   7        0.00   0.01   
 Charge          mix_rho                    0.01   6        0.00   0.42   
 Charge          Broyden_mixing             0.00   6        0.00   0.08   
 ESolver_KS_LCAO after_scf                  0.02   1        0.02   0.98   
 ModuleIO        write_rhog                 0.00   1        0.00   0.08   
 ESolver_KS_LCAO after_all_runners          0.00   1        0.00   0.04   
 ModuleIO        write_istate_info          0.00   1        0.00   0.04   
--------------------------------------------------------------------------


 START  Time  : Thu Oct 31 10:18:25 2024
 FINISH Time  : Thu Oct 31 10:18:27 2024
 TOTAL  Time  : 2
 SEE INFORMATION IN : OUT.ABACUS/
