STEP: 0
CALCULATE THE MULLIkEN ANALYSIS FOR EACH ATOM
 Total charge:	32
Decomposed Mulliken populations
0                 Zeta of Fe                        Spin 1                        Spin 2                        Spin 3                        Spin 4
s                        0                           1.545                        0.2667                             0                             0
  sum over m                                         1.545                        0.2667                             0                             0
s                        1                           1.851                       0.03184                             0                             0
  sum over m                                         1.851                       0.03184                             0                             0
s                        2                            -0.4                       0.06438                             0                             0
  sum over m                                          -0.4                       0.06438                             0                             0
s                        3                        0.004734                     0.0008369                             0                             0
  sum over m                                      0.004734                     0.0008369                             0                             0
  sum over m+zeta                                        3                        0.3637                             0                             0
pz                        0                           1.998                     3.942e-05                             0                             0
px                        0                           1.998                     3.942e-05                             0                             0
py                        0                           1.998                     3.942e-05                             0                             0
  sum over m                                         5.993                     0.0001182                             0                             0
pz                        1                        0.001897                     0.0004984                             0                             0
px                        1                        0.001897                     0.0004984                             0                             0
py                        1                        0.001897                     0.0004984                             0                             0
  sum over m                                      0.005692                      0.001495                             0                             0
  sum over m+zeta                                    5.999                      0.001613                             0                             0
dz^2                        0                           1.902                       0.02826                             0                             0
dxz                        0                            1.05                        0.8737                             0                             0
dyz                        0                            1.05                        0.8737                             0                             0
dx^2-y^2                        0                           1.902                       0.02826                             0                             0
dxy                        0                            1.05                        0.8737                             0                             0
  sum over m                                         6.955                         2.678                             0                     1.145e-06
dz^2                        1                         0.02174                     -0.005304                             0                             0
dxz                        1                       0.0005979                      0.002113                             0                             0
dyz                        1                       0.0005979                      0.002113                             0                             0
dx^2-y^2                        1                         0.02174                     -0.005304                             0                             0
dxy                        1                       0.0005979                      0.002113                             0                             0
  sum over m                                       0.04527                     -0.004267                             0                             0
  sum over m+zeta                                        7                         2.673                             0                     1.061e-06
fz^3                        0                       0.0003494                     0.0005607                             0                             0
fxz^2                        0                        0.000131                     0.0002103                             0                             0
fyz^2                        0                        0.000131                     0.0002103                             0                             0
fzx^2-zy^2                        0                               0                             0                             0                             0
fxyz                        0                               0                             0                             0                             0
fx^3-3*xy^2                        0                       0.0002184                     0.0003505                             0                             0
f3yx^2-y^3                        0                       0.0002184                     0.0003505                             0                             0
  sum over m                                      0.001048                      0.001682                             0                             0
  sum over m+zeta                                 0.001048                      0.001682                             0                             0
Total Charge on atom:  Fe                  16
Total Magnetism on atom:  Fe                   (3.04, 0, 1.06e-06)


1                 Zeta of Fe                        Spin 1                        Spin 2                        Spin 3                        Spin 4
s                        0                           1.545                       -0.2667                             0                             0
  sum over m                                         1.545                       -0.2667                             0                             0
s                        1                           1.851                      -0.03184                             0                             0
  sum over m                                         1.851                      -0.03184                             0                             0
s                        2                            -0.4                      -0.06438                             0                             0
  sum over m                                          -0.4                      -0.06438                             0                             0
s                        3                        0.004734                    -0.0008369                             0                             0
  sum over m                                      0.004734                    -0.0008369                             0                             0
  sum over m+zeta                                        3                       -0.3637                             0                             0
pz                        0                           1.998                    -3.942e-05                             0                             0
px                        0                           1.998                    -3.942e-05                             0                             0
py                        0                           1.998                    -3.942e-05                             0                             0
  sum over m                                         5.993                    -0.0001182                             0                             0
pz                        1                        0.001897                    -0.0004984                             0                             0
px                        1                        0.001897                    -0.0004984                             0                             0
py                        1                        0.001897                    -0.0004984                             0                             0
  sum over m                                      0.005692                     -0.001495                             0                             0
  sum over m+zeta                                    5.999                     -0.001613                             0                             0
dz^2                        0                           1.902                      -0.02826                             0                             0
dxz                        0                            1.05                       -0.8737                             0                             0
dyz                        0                            1.05                       -0.8737                             0                             0
dx^2-y^2                        0                           1.902                      -0.02826                             0                             0
dxy                        0                            1.05                       -0.8737                             0                             0
  sum over m                                         6.955                        -2.678                             0                     1.142e-06
dz^2                        1                         0.02174                      0.005304                             0                             0
dxz                        1                       0.0005979                     -0.002113                             0                             0
dyz                        1                       0.0005979                     -0.002113                             0                             0
dx^2-y^2                        1                         0.02174                      0.005304                             0                             0
dxy                        1                       0.0005979                     -0.002113                             0                             0
  sum over m                                       0.04527                      0.004267                             0                             0
  sum over m+zeta                                        7                        -2.673                             0                     1.059e-06
fz^3                        0                       0.0003494                    -0.0005607                             0                             0
fxz^2                        0                        0.000131                    -0.0002103                             0                             0
fyz^2                        0                        0.000131                    -0.0002103                             0                             0
fzx^2-zy^2                        0                               0                             0                             0                             0
fxyz                        0                               0                             0                             0                             0
fx^3-3*xy^2                        0                       0.0002184                    -0.0003505                             0                             0
f3yx^2-y^3                        0                       0.0002184                    -0.0003505                             0                             0
  sum over m                                      0.001048                     -0.001682                             0                             0
  sum over m+zeta                                 0.001048                     -0.001682                             0                             0
Total Charge on atom:  Fe                  16
Total Magnetism on atom:  Fe                   (-3.04, 0, 1.06e-06)


