                                                                                     
                              ABACUS v3.8.1

               Atomic-orbital Based Ab-initio Computation at UStc                    

                     Website: http://abacus.ustc.edu.cn/                             
               Documentation: https://abacus.deepmodeling.com/                       
                  Repository: https://github.com/abacusmodeling/abacus-develop       
                              https://github.com/deepmodeling/abacus-develop         
                      Commit: 5dece2d32 (Tue Oct 22 20:06:12 2024 +0800)

 Thu Oct 24 10:30:55 2024
 MAKE THE DIR         : OUT.ABACUS/
 RUNNING WITH DEVICE  : CPU / Intel(R) Xeon(R) Gold 6132 CPU @ 2.60GHz
 UNIFORM GRID DIM        : 27 * 27 * 27
 UNIFORM GRID DIM(BIG)   : 27 * 27 * 27
 DONE(0.0524215  SEC) : SETUP UNITCELL
 DONE(0.0533994  SEC) : INIT K-POINTS
 ---------------------------------------------------------
 ---------------------------------------------------------
 SPIN    KPOINTS         PROCESSORS  
 1       122             2           
 ---------------------------------------------------------
 Use plane wave basis
 ---------------------------------------------------------
 ELEMENT NATOM       XC          
 Al      2           
 ---------------------------------------------------------
 Initial plane wave basis and FFT box
 ---------------------------------------------------------
 DONE(0.0615887  SEC) : INIT PLANEWAVE
 DONE(0.0662585  SEC) : LOCAL POTENTIAL
 DONE(0.08086    SEC) : NON-LOCAL POTENTIAL
 MEMORY FOR PSI (MB)  : 16.6983
 DONE(0.117933   SEC) : INIT BASIS
 START CHARGE      : file

 * * * * * *
 << Start writing band energies.
 >> Finish writing band energies.
 * * * * * *
TIME STATISTICS
--------------------------------------------------------------------
    CLASS_NAME           NAME         TIME/s  CALLS   AVG/s  PER/%  
--------------------------------------------------------------------
                  total               8.85   13       0.68   100.00 
 Driver           reading             0.02   1        0.02   0.24   
 Input_Conv       Convert             0.00   1        0.00   0.01   
 Driver           driver_line         8.83   1        8.83   99.76  
 UnitCell         check_tau           0.00   1        0.00   0.00   
 PW_Basis_Sup     setuptransform      0.00   1        0.00   0.04   
 PW_Basis_Sup     distributeg         0.00   1        0.00   0.00   
 mymath           heapsort            0.00   3        0.00   0.01   
 PW_Basis_K       setuptransform      0.00   1        0.00   0.05   
 PW_Basis_K       distributeg         0.00   1        0.00   0.00   
 PW_Basis         setup_struc_factor  0.00   1        0.00   0.00   
 ppcell_vnl       init                0.00   1        0.00   0.02   
 ppcell_vl        init_vloc           0.00   1        0.00   0.03   
 ppcell_vnl       init_vnl            0.01   1        0.01   0.16   
 WF_atomic        init_at_1           0.04   1        0.04   0.42   
 wavefunc         wfcinit             0.00   1        0.00   0.00   
 ESolver_KS_PW    nscf                8.72   1        8.72   98.53  
 H_Ewald_pw       compute_ewald       0.00   1        0.00   0.00   
 Charge           set_rho_core        0.00   1        0.00   0.03   
 PW_Basis_Sup     recip2real          0.00   8        0.00   0.02   
 PW_Basis_Sup     gathers_scatterp    0.00   8        0.00   0.01   
 ModuleIO         read_rhog           0.00   1        0.00   0.02   
 Potential        init_pot            0.01   1        0.01   0.06   
 Potential        update_from_charge  0.01   1        0.01   0.06   
 Potential        cal_fixed_v         0.00   1        0.00   0.00   
 PotLocal         cal_fixed_v         0.00   1        0.00   0.00   
 Potential        cal_v_eff           0.00   1        0.00   0.06   
 H_Hartree_pw     v_hartree           0.00   1        0.00   0.00   
 PW_Basis_Sup     real2recip          0.00   6        0.00   0.01   
 PW_Basis_Sup     gatherp_scatters    0.00   6        0.00   0.00   
 PotXC            cal_v_eff           0.00   1        0.00   0.05   
 XC_Functional    v_xc                0.00   1        0.00   0.05   
 Potential        interpolate_vrs     0.00   1        0.00   0.00   
 HSolverPW        solve               8.70   1        8.70   98.32  
 Nonlocal         getvnl              0.04   122      0.00   0.46   
 pp_cell_vnl      getvnl              0.04   122      0.00   0.46   
 Structure_Factor get_sk              0.01   366      0.00   0.08   
 WF_atomic        atomic_wfc          0.02   122      0.00   0.24   
 DiagoIterAssist  diagH_subspace_init 0.22   122      0.00   2.49   
 Operator         hPsi                7.01   48111    0.00   79.23  
 Operator         EkineticPW          0.15   48111    0.00   1.64   
 Operator         VeffPW              5.38   48111    0.00   60.80  
 PW_Basis_K       recip2real          2.72   51303    0.00   30.78  
 PW_Basis_K       gathers_scatterp    1.23   51303    0.00   13.86  
 PW_Basis_K       real2recip          2.16   51303    0.00   24.42  
 PW_Basis_K       gatherp_scatters    0.78   51303    0.00   8.81   
 Operator         NonlocalPW          1.45   48111    0.00   16.40  
 Nonlocal         add_nonlocal_pp     0.64   48111    0.00   7.18   
 DiagoIterAssist  diagH_LAPACK        0.01   266      0.00   0.17   
 DiagoCG          diag_once           8.16   266      0.03   92.14  
 DiagoCG_New      spsi_func           0.07   95690    0.00   0.76   
 DiagoCG_New      hpsi_func           6.66   47845    0.00   75.24  
 DiagoIterAssist  diagH_subspace      0.23   144      0.00   2.65   
 ModuleIO         write_istate_info   0.01   1        0.01   0.08   
 ModuleIO         nscf_band           0.00   1        0.00   0.04   
--------------------------------------------------------------------


 START  Time  : Thu Oct 24 10:30:55 2024
 FINISH Time  : Thu Oct 24 10:31:03 2024
 TOTAL  Time  : 8
 SEE INFORMATION IN : OUT.ABACUS/
