                                                                                     
                              ABACUS v3.9.0.14

               Atomic-orbital Based Ab-initio Computation at UStc                    

                     Website: http://abacus.ustc.edu.cn/                             
               Documentation: https://abacus.deepmodeling.com/                       
                  Repository: https://github.com/abacusmodeling/abacus-develop       
                              https://github.com/deepmodeling/abacus-develop         
                      Commit: 002786e9f (Sat Sep 20 14:53:41 2025 +0800)

 Fri Sep 26 11:10:34 2025
 MAKE THE DIR         : OUT.cg/
 RUNNING WITH DEVICE  : CPU / Intel(R) Xeon(R) Gold 6132 CPU @ 2.60GHz (x2)
WARNING: some of potential function is set to zero cause of less than 1e-30.
 UNIFORM GRID DIM     : 36 * 36 * 36
 UNIFORM GRID DIM(BIG): 36 * 36 * 36
 DONE(0.0573098  SEC) : SETUP UNITCELL
 DONE(0.0856557  SEC) : SYMMETRY
 DONE(0.167417   SEC) : INIT K-POINTS
 ---------------------------------------------------------
 Self-consistent calculations for electrons
 ---------------------------------------------------------
 SPIN    KPOINTS         PROCESSORS  THREADS     
 1       8               8           32          
 ---------------------------------------------------------
 Use plane wave basis
 ---------------------------------------------------------
 ELEMENT NATOM       XC          
 Si      2           
 ---------------------------------------------------------
 Initial plane wave basis and FFT box
 ---------------------------------------------------------
 DONE(0.169926   SEC) : INIT PLANEWAVE
 DONE(0.17137    SEC) : LOCAL POTENTIAL
 DONE(0.183837   SEC) : NON-LOCAL POTENTIAL
 MEMORY FOR PSI (MB)  : 0.466553
 DONE(0.195448   SEC) : INIT BASIS

 ================================================================
 SELF-CONSISTENT: 
 ================================================================
 START CHARGE      : atomic
 DONE(0.256495   SEC) : INIT SCF
 ITER       ETOT/eV          EDIFF/eV         DRHO     TIME/s
 CG1     -2.15457234e+02   0.00000000e+00   6.8569e-02   0.56
 CG2     -2.15503372e+02  -4.61371898e-02   1.8978e-03   0.20
 CG3     -2.15505536e+02  -2.16417006e-03   2.1861e-05   0.25
 CG4     -2.15505697e+02  -1.60845184e-04   6.0180e-07   0.27
 CG5     -2.15505698e+02  -1.75455021e-06   1.4861e-08   0.27

TIME STATISTICS
---------------------------------------------------------------
  CLASS_NAME         NAME        TIME/s  CALLS   AVG/s  PER/%  
---------------------------------------------------------------
               total             1.80   17       0.11   100.00 
 Driver        atomic_world      1.80   1        1.80   100.00 
 Driver        reading           0.02   1        0.02   1.09   
 Symmetry      analy_sys         0.03   1        0.03   1.57   
 Relax_Driver  relax_driver      1.60   1        1.60   89.13  
 ESolver_KS    runner            1.60   1        1.60   89.12  
 ESolver_KS_PW before_scf        0.06   1        0.06   3.39   
 PSIInit       initialize_psi    0.05   1        0.05   2.76   
 DiagoAssist   diag_subspace     0.23   40       0.01   12.71  
 Operator      hPsi              1.29   2358     0.00   71.56  
 Operator      veff_pw           1.23   2358     0.00   68.41  
 PW_Basis_K    recip2real        0.73   3550     0.00   40.61  
 PW_Basis_K    real2recip        0.61   2878     0.00   33.63  
 Operator      nonlocal_pw       0.05   2358     0.00   2.64   
 ESolver_KS_PW hamilt2rho_single 1.53   6        0.25   84.82  
 HSolverPW     solve             1.51   6        0.25   83.98  
 HSolverPW     solve_psik        1.39   48       0.03   77.01  
 DiagoCG       diag_once         1.20   48       0.03   66.80  
 ElecStatePW   psiToRho          0.12   6        0.02   6.78   
---------------------------------------------------------------


 START  Time  : Fri Sep 26 11:10:34 2025
 FINISH Time  : Fri Sep 26 11:10:35 2025
 TOTAL  Time  : 1
 SEE INFORMATION IN : OUT.cg/
