                                                                                     
                              ABACUS v3.9.0.15

               Atomic-orbital Based Ab-initio Computation at UStc                    

                     Website: http://abacus.ustc.edu.cn/                             
               Documentation: https://abacus.deepmodeling.com/                       
                  Repository: https://github.com/abacusmodeling/abacus-develop       
                              https://github.com/deepmodeling/abacus-develop         
                      Commit: 860ce0f38 (Thu Sep 25 18:15:52 2025 +0800)

 Sun Sep 28 00:08:09 2025
 MAKE THE DIR         : OUT.cg_new/
 RUNNING WITH DEVICE  : CPU / Intel(R) Xeon(R) Gold 6132 CPU @ 2.60GHz (x2)
WARNING: some of potential function is set to zero cause of less than 1e-30.
 UNIFORM GRID DIM     : 36 * 36 * 36
 UNIFORM GRID DIM(BIG): 36 * 36 * 36
 DONE(0.0437151  SEC) : SETUP UNITCELL
 DONE(0.0692912  SEC) : SYMMETRY
 DONE(0.14622    SEC) : INIT K-POINTS
 ---------------------------------------------------------
 Self-consistent calculations for electrons
 ---------------------------------------------------------
 SPIN    KPOINTS         PROCESSORS  THREADS     
 1       8               1           4           
 ---------------------------------------------------------
 Use plane wave basis
 ---------------------------------------------------------
 ELEMENT NATOM       XC          
 Si      2           
 ---------------------------------------------------------
 Initial plane wave basis and FFT box
 ---------------------------------------------------------
 DONE(0.152698   SEC) : INIT PLANEWAVE
 DONE(0.156751   SEC) : LOCAL POTENTIAL
 DONE(0.167649   SEC) : NON-LOCAL POTENTIAL
 MEMORY FOR PSI (MB)  : 3.62305
 DONE(0.178299   SEC) : INIT BASIS

 ================================================================
 SELF-CONSISTENT: 
 ================================================================
 START CHARGE      : atomic
 DONE(0.668712   SEC) : INIT SCF
 ITER       ETOT/eV          EDIFF/eV         DRHO     TIME/s
 CG1     -2.15455418e+02   0.00000000e+00   6.8509e-02   4.59
 CG2     -2.15503134e+02  -4.77161657e-02   1.9163e-03   1.70
 CG3     -2.15505578e+02  -2.44356181e-03   2.1974e-05   2.23
 CG4     -2.15505696e+02  -1.18765650e-04   4.7574e-07   2.42
 CG5     -2.15505698e+02  -2.05020468e-06   2.2014e-08   2.37

TIME STATISTICS
-----------------------------------------------------------------
   CLASS_NAME          NAME        TIME/s  CALLS   AVG/s  PER/%  
-----------------------------------------------------------------
                 total             13.99  17       0.82   100.00 
 Driver          atomic_world      13.99  1        13.99  100.00 
 Relax_Driver    relax_driver      13.81  1        13.81  98.72  
 ESolver_KS      runner            13.81  1        13.81  98.72  
 ESolver_KS_PW   before_scf        0.49   1        0.49   3.51   
 PSIInit         initialize_psi    0.46   1        0.46   3.30   
 DiagoIterAssist diag_subspace     4.02   20       0.20   28.73  
 Operator        hPsi              11.54  2339     0.00   82.52  
 Operator        veff_pw           10.88  2339     0.00   77.81  
 PW_Basis_K      recip2real        6.73   3531     0.00   48.12  
 PW_Basis_K      real2recip        5.23   2859     0.00   37.40  
 Operator        nonlocal_pw       0.60   2339     0.00   4.26   
 Nonlocal        add_nonlocal_pp   0.48   2339     0.00   3.45   
 DiagoAssist     diag_subspace     4.01   20       0.20   28.70  
 ESolver_KS_PW   hamilt2rho_single 13.20  6        2.20   94.39  
 HSolverPW       solve             13.15  6        2.19   94.00  
 HSolverPW       solve_psik        11.85  48       0.25   84.69  
 DiagoCG         diag_once         10.11  48       0.21   72.25  
 ElecStatePW     psiToRho          1.27   6        0.21   9.10   
-----------------------------------------------------------------


 START  Time  : Sun Sep 28 00:08:09 2025
 FINISH Time  : Sun Sep 28 00:08:23 2025
 TOTAL  Time  : 14
 SEE INFORMATION IN : OUT.cg_new/
