                                                                                     
                              ABACUS v3.9.0.9

               Atomic-orbital Based Ab-initio Computation at UStc                    

                     Website: http://abacus.ustc.edu.cn/                             
               Documentation: https://abacus.deepmodeling.com/                       
                  Repository: https://github.com/abacusmodeling/abacus-develop       
                              https://github.com/deepmodeling/abacus-develop         
                      Commit: 012c2169b (Fri Jul 11 00:54:40 2025 +0800)

 Fri Jul 11 12:07:39 2025
 MAKE THE DIR         : OUT.ABACUS/
 RUNNING WITH DEVICE  : CPU / Intel(R) Xeon(R) Gold 6132 CPU @ 2.60GHz
 UNIFORM GRID DIM     : 36 * 36 * 36
 UNIFORM GRID DIM(BIG): 36 * 36 * 36
 DONE(0.207487   SEC) : SETUP UNITCELL
 DONE(0.420226   SEC) : SYMMETRY
 DONE(1.06694    SEC) : INIT K-POINTS
 ---------------------------------------------------------
 Self-consistent calculations for electrons
 ---------------------------------------------------------
 SPIN    KPOINTS         PROCESSORS  THREADS     
 1       8               2           2           
 ---------------------------------------------------------
 Use plane wave basis
 ---------------------------------------------------------
 ELEMENT NATOM       XC          
 Si      2           
 ---------------------------------------------------------
 Initial plane wave basis and FFT box
 ---------------------------------------------------------
 DONE(1.0862     SEC) : INIT PLANEWAVE
 DONE(1.10386    SEC) : LOCAL POTENTIAL
 DONE(1.20412    SEC) : NON-LOCAL POTENTIAL
 MEMORY FOR PSI (MB)  : 1.81665
 DONE(1.30716    SEC) : INIT BASIS
 ======================================================================
 SELF-CONSISTENT: 
 ======================================================================
 START CHARGE      : atomic
 DONE(1.54007    SEC) : INIT SCF
