                                                                                     
                              ABACUS v3.11.0-beta.4

               Atomic-orbital Based Ab-initio Computation at UStc                    

                     Website: http://abacus.ustc.edu.cn/                             
               Documentation: https://abacus.deepmodeling.com/                       
                  Repository: https://github.com/abacusmodeling/abacus-develop       
                              https://github.com/deepmodeling/abacus-develop         
                      Commit: unknown

 Fri Jun 26 14:57:02 2026
 MAKE THE DIR         : OUT.CaOMgO/
 RUNNING WITH DEVICE  : CPU / Intel(R) Xeon(R) Silver 4116 CPU @ 2.10GHz (x2)
 WARNING: some of potential function is set to zero cause of less than 1e-30.
 WARNING: some of potential function is set to zero cause of less than 1e-30.
 WARNING: some of potential function is set to zero cause of less than 1e-30.

%%%%%%%%%%%%%%%%%%%%%%%%%%%%%%%%%%%%%%%%%%%%%%%%%%%%%%%%%%%%%%%%%%%%%%%%%%%%%%%%%%%%%%%%%%%%%%%%%%%%%%%%%
 Warning: the number of valence electrons in pseudopotential > 2 for Ca: [Ar] 4s2
 Pseudopotentials with additional electrons can yield (more) accurate outcomes, but may be less efficient.
 If you're confident that your chosen pseudopotential is appropriate, you can safely ignore this warning.
%%%%%%%%%%%%%%%%%%%%%%%%%%%%%%%%%%%%%%%%%%%%%%%%%%%%%%%%%%%%%%%%%%%%%%%%%%%%%%%%%%%%%%%%%%%%%%%%%%%%%%%%%

 UNIFORM GRID DIM     : 64 * 64 * 64
 UNIFORM GRID DIM(BIG): 16 * 16 * 16
 DONE(0.217169   SEC) : SYMMETRY
 DONE(0.217265   SEC) : SETUP UNITCELL
 DONE(0.356045   SEC) : INIT K-POINTS
 ----------------------------------------------------------------
 Cell relaxation calculations
 ----------------------------------------------------------------
 SPIN    KPOINTS         PROCESSES   THREADS/PROC  THREADS/TOTAL 
 1       6               24          1             24            
 ----------------------------------------------------------------
 Use Systematically Improvable Atomic bases
 ----------------------------------------------------------------
 TOTAL NBASE 82
 ELEMENT ORBITALS        NBASE       NATOM       
 Ca      4s2p1d-10au     15          1           
 Mg      2s1p-9au        5           3           
 O       2s2p1d-6au      13          4           
 ----------------------------------------------------------------
 Initial plane wave basis and FFT box
 ----------------------------------------------------------------
 DONE(0.362946   SEC) : INIT PLANEWAVE
 START CHARGE         : ATOMIC
 DONE(1.00352    SEC) : CHARGE
 DONE(1.03523    SEC) : POTENTIALS

 ================================================================
 RELAX STEP: 1 (CELL_CHANGE# 1 IONS_CHANGE# 1)
 ================================================================
 DONE(1.26692    SEC) : INIT SCF
 ITER       ETOT/eV          EDIFF/eV         DRHO     TIME/s
 GE1     -2.93596914e+03   0.00000000e+00   1.8614e-01   1.17
 GE2     -2.94185061e+03  -5.88146844e+00   1.4724e-01   1.11
 GE3     -2.94519551e+03  -3.34489377e+00   2.4153e-02   1.09
 GE4     -2.94518081e+03   1.46975766e-02   6.9436e-03   1.10
 GE5     -2.94519447e+03  -1.36666289e-02   2.5301e-03   1.10
 GE6     -2.94519600e+03  -1.52151572e-03   3.5330e-04   1.10
 GE7     -2.94519601e+03  -1.77067656e-05   6.5157e-05   1.10
 GE8     -2.94519601e+03  -1.03521546e-07   1.4383e-05   1.10
 GE9     -2.94519601e+03  -3.22667874e-08   1.0005e-06   1.10
 GE10    -2.94519601e+03  -3.48027476e-11   1.3840e-07   1.10
 GE11    -2.94519601e+03   7.73394390e-13   1.1678e-08   1.11
 ----------------------------------------------------------------
              Stress_x             Stress_y             Stress_z 
 ----------------------------------------------------------------
        342.7980527818        -0.0000000000        -0.0000000000 
          0.0000000000       353.9776685986        -0.0000000000 
         -0.0000000000        -0.0000000000       353.9776685986 
 ----------------------------------------------------------------
 TOTAL-PRESSURE (EXCLUDE KINETIC PART OF IONS): 350.251130 kbar
 ETOT DIFF (eV)              : 0.000000
 LARGEST GRAD (eV/Angstrom)  : 2.324712
 DONE(14.997895  SEC) : SETUP UNITCELL

 ================================================================
 RELAX STEP: 2 (CELL_CHANGE# 2 IONS_CHANGE# 1)
 ================================================================
 DONE(15.059319  SEC) : LOCAL POTENTIAL
 DONE(15.106432  SEC) : SYMMETRY
 DONE(15.106747  SEC) : INIT K-POINTS
 DONE(15.371772  SEC) : INIT SCF
 ITER       ETOT/eV          EDIFF/eV         DRHO     TIME/s
 GE1     -2.94654124e+03   0.00000000e+00   1.6599e-02   0.83
 GE2     -2.94656868e+03  -2.74408744e-02   5.8445e-03   0.74
 GE3     -2.94657938e+03  -1.07077639e-02   3.3277e-03   0.74
 GE4     -2.94658268e+03  -3.29283564e-03   1.0866e-03   0.74
 GE5     -2.94658292e+03  -2.41537629e-04   5.6113e-04   0.74
 GE6     -2.94658299e+03  -7.10321077e-05   4.8577e-05   0.75
 GE7     -2.94658299e+03  -8.39972046e-08   5.7236e-06   0.73
 GE8     -2.94658299e+03  -6.42304041e-10   8.1257e-07   0.74
 GE9     -2.94658299e+03  -2.55220149e-11   4.7815e-08   0.75
 ----------------------------------------------------------------
              Stress_x             Stress_y             Stress_z 
 ----------------------------------------------------------------
        -89.2385392448        -0.0000000000        -0.0000000000 
         -0.0000000000       -63.4107196213        -0.0000000000 
          0.0000000000        -0.0000000000       -63.4107196213 
 ----------------------------------------------------------------
 TOTAL-PRESSURE (EXCLUDE KINETIC PART OF IONS): -72.019993 kbar
 ETOT DIFF (eV)              : -1.386976
 LARGEST GRAD (eV/Angstrom)  : 0.209016
 DONE(23.715016  SEC) : SETUP UNITCELL

 ================================================================
 RELAX STEP: 3 (CELL_CHANGE# 3 IONS_CHANGE# 1)
 ================================================================
 DONE(23.776460  SEC) : LOCAL POTENTIAL
 DONE(23.823779  SEC) : SYMMETRY
 DONE(23.824114  SEC) : INIT K-POINTS
 DONE(24.105564  SEC) : INIT SCF
 ITER       ETOT/eV          EDIFF/eV         DRHO     TIME/s
 GE1     -2.94662594e+03   0.00000000e+00   2.0679e-02   0.89
 GE2     -2.94667443e+03  -4.84965453e-02   6.8075e-03   0.80
 GE3     -2.94668813e+03  -1.36983552e-02   3.6776e-03   0.80
 GE4     -2.94669236e+03  -4.22520086e-03   1.1810e-03   0.80
 GE5     -2.94669267e+03  -3.12540423e-04   5.6723e-04   0.79
 GE6     -2.94669276e+03  -9.07692211e-05   5.1137e-05   0.80
 GE7     -2.94669276e+03  -5.08108514e-08   6.4139e-06   0.79
 GE8     -2.94669276e+03  -1.10634068e-09   9.7281e-07   0.80
 GE9     -2.94669276e+03  -3.40293532e-11   5.6008e-08   0.81
 ----------------------------------------------------------------
              Stress_x             Stress_y             Stress_z 
 ----------------------------------------------------------------
        -23.5169643962         0.0000000000         0.0000000000 
         -0.0000000000         3.3287030315         0.0000000000 
         -0.0000000000         0.0000000000         3.3287030315 
 ----------------------------------------------------------------
 TOTAL-PRESSURE (EXCLUDE KINETIC PART OF IONS): -5.619853 kbar
 ETOT DIFF (eV)              : -0.109770
 LARGEST GRAD (eV/Angstrom)  : 0.512285
 DONE(33.053141  SEC) : SETUP UNITCELL

 ================================================================
 RELAX STEP: 4 (CELL_CHANGE# 4 IONS_CHANGE# 1)
 ================================================================
 DONE(33.114383  SEC) : LOCAL POTENTIAL
 DONE(33.161381  SEC) : SYMMETRY
 DONE(33.161659  SEC) : INIT K-POINTS
 DONE(33.442127  SEC) : INIT SCF
 ITER       ETOT/eV          EDIFF/eV         DRHO     TIME/s
 GE1     -2.94669010e+03   0.00000000e+00   4.2413e-03   0.89
 GE2     -2.94669194e+03  -1.84417248e-03   1.7763e-03   0.80
 GE3     -2.94669276e+03  -8.16432388e-04   6.9252e-04   0.80
 GE4     -2.94669284e+03  -7.67629014e-05   1.7842e-04   0.80
 GE5     -2.94669285e+03  -7.26374912e-06   1.1271e-04   0.80
 GE6     -2.94669285e+03  -3.44411277e-06   1.1375e-05   0.80
 GE7     -2.94669285e+03  -4.32327464e-09   1.2951e-06   0.80
 GE8     -2.94669285e+03  -3.78963251e-11   2.0952e-07   0.80
 GE9     -2.94669285e+03   3.48027476e-12   1.1731e-08   0.81
 ----------------------------------------------------------------
              Stress_x             Stress_y             Stress_z 
 ----------------------------------------------------------------
        -25.2585833015         0.0000000000         0.0000000000 
          0.0000000000         1.5781138558        -0.0000000000 
          0.0000000000        -0.0000000000         1.5781138558 
 ----------------------------------------------------------------
 TOTAL-PRESSURE (EXCLUDE KINETIC PART OF IONS): -7.367452 kbar
 ETOT DIFF (eV)              : -0.000090
 LARGEST GRAD (eV/Angstrom)  : 0.504108
 DONE(42.385753  SEC) : SETUP UNITCELL

 ================================================================
 RELAX STEP: 5 (CELL_CHANGE# 5 IONS_CHANGE# 1)
 ================================================================
 DONE(42.446876  SEC) : LOCAL POTENTIAL
 DONE(42.494062  SEC) : SYMMETRY
 DONE(42.494339  SEC) : INIT K-POINTS
 DONE(42.775263  SEC) : INIT SCF
 ITER       ETOT/eV          EDIFF/eV         DRHO     TIME/s
 GE1     -2.94671487e+03   0.00000000e+00   2.2640e-03   0.89
 GE2     -2.94671551e+03  -6.36489082e-04   6.2429e-04   0.80
 GE3     -2.94671552e+03  -1.58604060e-05   3.4279e-04   0.80
 GE4     -2.94671556e+03  -4.33452196e-05   1.3473e-04   0.80
 GE5     -2.94671557e+03  -5.47725757e-06   3.7584e-05   0.80
 GE6     -2.94671557e+03  -4.23362663e-07   9.4270e-06   0.81
 GE7     -2.94671557e+03  -8.84067128e-09   6.2293e-07   0.80
 GE8     -2.94671557e+03  -2.74555009e-11   7.9248e-08   0.82
 ----------------------------------------------------------------
              Stress_x             Stress_y             Stress_z 
 ----------------------------------------------------------------
        -14.5141934993        -0.0000000000        -0.0000000000 
          0.0000000000         3.2657363549         0.0000000000 
         -0.0000000000         0.0000000000         3.2657363549 
 ----------------------------------------------------------------
 TOTAL-PRESSURE (EXCLUDE KINETIC PART OF IONS): -2.660907 kbar
 ETOT DIFF (eV)              : -0.022722
 LARGEST GRAD (eV/Angstrom)  : 0.289186
 DONE(50.965095  SEC) : SETUP UNITCELL

 ================================================================
 RELAX STEP: 6 (CELL_CHANGE# 6 IONS_CHANGE# 1)
 ================================================================
 DONE(51.026599  SEC) : LOCAL POTENTIAL
 DONE(51.073600  SEC) : SYMMETRY
 DONE(51.073922  SEC) : INIT K-POINTS
 DONE(51.360191  SEC) : INIT SCF
 ITER       ETOT/eV          EDIFF/eV         DRHO     TIME/s
 GE1     -2.94672582e+03   0.00000000e+00   6.3928e-04   0.91
 GE2     -2.94672587e+03  -5.13139053e-05   1.7631e-04   0.81
 GE3     -2.94672588e+03  -7.16374729e-07   1.0466e-04   0.81
 GE4     -2.94672588e+03  -2.61348797e-06   4.5918e-05   0.81
 GE5     -2.94672588e+03  -3.63337204e-07   3.6136e-06   0.81
 GE6     -2.94672588e+03  -6.53904957e-10   2.8582e-06   0.81
 GE7     -2.94672588e+03  -1.77378003e-09   1.6083e-07   0.81
 GE8     -2.94672588e+03  -2.32018317e-12   2.1564e-08   0.82
 ----------------------------------------------------------------
              Stress_x             Stress_y             Stress_z 
 ----------------------------------------------------------------
          2.1471662842         0.0000000000         0.0000000000 
         -0.0000000000         5.6068719803        -0.0000000000 
          0.0000000000        -0.0000000000         5.6068719803 
 ----------------------------------------------------------------
 TOTAL-PRESSURE (EXCLUDE KINETIC PART OF IONS): 4.453637 kbar
 ETOT DIFF (eV)              : -0.010308
 LARGEST GRAD (eV/Angstrom)  : 0.016838
 DONE(59.605917  SEC) : SETUP UNITCELL

 ================================================================
 RELAX STEP: 7 (CELL_CHANGE# 7 IONS_CHANGE# 1)
 ================================================================
 DONE(59.667363  SEC) : LOCAL POTENTIAL
 DONE(59.714408  SEC) : SYMMETRY
 DONE(59.714725  SEC) : INIT K-POINTS
 DONE(59.996451  SEC) : INIT SCF
 ITER       ETOT/eV          EDIFF/eV         DRHO     TIME/s
 GE1     -2.94672523e+03   0.00000000e+00   2.7491e-03   0.89
 GE2     -2.94672624e+03  -1.01269983e-03   7.7973e-04   0.80
 GE3     -2.94672628e+03  -3.62651188e-05   4.5182e-04   0.81
 GE4     -2.94672635e+03  -6.70909518e-05   1.5454e-04   0.81
 GE5     -2.94672636e+03  -7.57744291e-06   4.7152e-05   0.80
 GE6     -2.94672636e+03  -6.39010541e-07   1.1057e-05   0.80
 GE7     -2.94672636e+03  -1.26229565e-08   7.3279e-07   0.80
 GE8     -2.94672636e+03  -4.02165083e-11   9.8374e-08   0.83
 ----------------------------------------------------------------
              Stress_x             Stress_y             Stress_z 
 ----------------------------------------------------------------
         -1.2230830313        -0.0000000000        -0.0000000000 
          0.0000000000        -0.6266021631         0.0000000000 
          0.0000000000         0.0000000000        -0.6266021631 
 ----------------------------------------------------------------
 TOTAL-PRESSURE (EXCLUDE KINETIC PART OF IONS): -0.825429 kbar
 ETOT DIFF (eV)              : -0.000478
 LARGEST GRAD (eV/Angstrom)  : 0.029569
 DONE(68.199618  SEC) : SETUP UNITCELL

 ================================================================
 RELAX STEP: 8 (CELL_CHANGE# 8 IONS_CHANGE# 1)
 ================================================================
 DONE(68.261207  SEC) : LOCAL POTENTIAL
 DONE(68.308522  SEC) : SYMMETRY
 DONE(68.308839  SEC) : INIT K-POINTS
 DONE(68.598027  SEC) : INIT SCF
 ITER       ETOT/eV          EDIFF/eV         DRHO     TIME/s
 GE1     -2.94672635e+03   0.00000000e+00   3.5957e-04   0.89
 GE2     -2.94672636e+03  -7.35320339e-06   1.6851e-04   0.80
 GE3     -2.94672637e+03  -8.64447736e-06   6.9763e-05   0.80
 GE4     -2.94672637e+03  -8.21861470e-07   1.9760e-05   0.81
 GE5     -2.94672637e+03  -1.28182386e-07   8.2372e-06   0.81
 GE6     -2.94672637e+03  -1.24984400e-08   1.1762e-06   0.81
 GE7     -2.94672637e+03  -5.41376073e-12   9.1881e-08   0.82
 ----------------------------------------------------------------
              Stress_x             Stress_y             Stress_z 
 ----------------------------------------------------------------
         -0.7281350631         0.0000000000         0.0000000000 
         -0.0000000000         0.2830887507         0.0000000000 
          0.0000000000         0.0000000000         0.2830887507 
 ----------------------------------------------------------------
 TOTAL-PRESSURE (EXCLUDE KINETIC PART OF IONS): -0.053986 kbar
 ETOT DIFF (eV)              : -0.000014
 LARGEST GRAD (eV/Angstrom)  : 0.027692
 DONE(75.998865  SEC) : SETUP UNITCELL

 ================================================================
 RELAX STEP: 9 (CELL_CHANGE# 9 IONS_CHANGE# 1)
 ================================================================
 DONE(76.060453  SEC) : LOCAL POTENTIAL
 DONE(76.107442  SEC) : SYMMETRY
 DONE(76.107757  SEC) : INIT K-POINTS
 DONE(76.388704  SEC) : INIT SCF
 ITER       ETOT/eV          EDIFF/eV         DRHO     TIME/s
 GE1     -2.94672643e+03   0.00000000e+00   1.5468e-04   0.90
 GE2     -2.94672643e+03  -2.21219605e-06   4.7715e-05   0.81
 GE3     -2.94672643e+03  -1.07121697e-07   3.2403e-05   0.80
 GE4     -2.94672643e+03  -3.20445911e-07   9.8551e-06   0.80
 GE5     -2.94672643e+03  -1.95958804e-08   1.0600e-06   0.81
 GE6     -2.94672643e+03  -5.52976989e-11   6.3828e-07   0.81
 GE7     -2.94672643e+03  -7.26990727e-11   3.8135e-08   0.83
 ----------------------------------------------------------------
              Stress_x             Stress_y             Stress_z 
 ----------------------------------------------------------------
         -0.2310543284        -0.0000000000        -0.0000000000 
         -0.0000000000         0.0961830747        -0.0000000000 
          0.0000000000        -0.0000000000         0.0961830747 
 ----------------------------------------------------------------
 TOTAL-PRESSURE (EXCLUDE KINETIC PART OF IONS): -0.012896 kbar
 ETOT DIFF (eV)              : -0.000060
 LARGEST GRAD (eV/Angstrom)  : 0.010264

 ~~~~~~~~~~~~~~~~~~~~~~~~~~~~~~~~~~~~~~~~~~~~~~~~~~~~~~~~~~~~~~~~
 Geometry relaxation thresholds are reached within 8 steps.
 ~~~~~~~~~~~~~~~~~~~~~~~~~~~~~~~~~~~~~~~~~~~~~~~~~~~~~~~~~~~~~~~~

 TIME STATISTICS
--------------------------------------------------------------------
    CLASS_NAME            NAME        TIME/s  CALLS   AVG/s  PER/%  
--------------------------------------------------------------------
                   total              83.82  95       0.88   100.00 
 Driver            atomic_world       83.82  1        83.82  100.00 
 ESolver_KS_LCAO   before_all_runners 1.00   1        1.00   1.19   
 Charge            atomic_rho         1.07   18       0.06   1.28   
 Relax_Driver      relax_driver       82.78  1        82.78  98.76  
 ESolver_KS        runner             68.65  9        7.63   81.91  
 ESolver_KS_LCAO   before_scf         3.34   9        0.37   3.98   
 Potential         cal_veff           1.19   85       0.01   1.42   
 PotXC             cal_veff           1.07   85       0.01   1.27   
 XC_Functional     v_xc               1.27   103      0.01   1.52   
 Symmetry_rho      begin              1.06   85       0.01   1.27   
 HSolverLCAO       solve              62.20  76       0.82   74.22  
 HamiltLCAO        updateHk           30.51  456      0.07   36.41  
 OperatorLCAO      init               30.51  2280     0.01   36.40  
 Veff              contributeHR       29.72  76       0.39   35.46  
 Gint              cal_gint_vl        29.72  76       0.39   35.46  
 Gint              hr_gint_to_hR      2.52   76       0.03   3.01   
 HSolverLCAO       hamiltSolvePsiK    4.76   456      0.01   5.68   
 DiagoElpa         elpa_solve         4.00   456      0.01   4.77   
 LCAO_domain       dm2rho             26.53  76       0.35   31.66  
 Gint              cal_gint_rho       25.06  76       0.33   29.89  
 Gint              dm_2d_to_gint      1.07   85       0.01   1.28   
 ESolver_KS_LCAO   cal_force          14.11  9        1.57   16.83  
 Force_Stress_LCAO getForceStress     14.10  9        1.57   16.83  
 Stress            stress_loc         2.15   9        0.24   2.56   
 Stress            stress_cc          2.84   9        0.32   3.39   
 Gint              cal_gint_fvl       6.13   9        0.68   7.31   
--------------------------------------------------------------------


 START  Time  : Fri Jun 26 14:57:02 2026
 FINISH Time  : Fri Jun 26 14:58:26 2026
 TOTAL  Time  : 84
 SEE INFORMATION IN : OUT.CaOMgO/
