                                                                                     
                              ABACUS v3.11.0-beta.4

               Atomic-orbital Based Ab-initio Computation at UStc                    

                     Website: http://abacus.ustc.edu.cn/                             
               Documentation: https://abacus.deepmodeling.com/                       
                  Repository: https://github.com/abacusmodeling/abacus-develop       
                              https://github.com/deepmodeling/abacus-develop         
                      Commit: unknown

 Fri Jun 26 14:27:23 2026
 MAKE THE DIR         : OUT.CaOMgO/
 RUNNING WITH DEVICE  : CPU / Intel(R) Xeon(R) Silver 4116 CPU @ 2.10GHz (x2)
 WARNING: some of potential function is set to zero cause of less than 1e-30.
 WARNING: some of potential function is set to zero cause of less than 1e-30.
 WARNING: some of potential function is set to zero cause of less than 1e-30.

%%%%%%%%%%%%%%%%%%%%%%%%%%%%%%%%%%%%%%%%%%%%%%%%%%%%%%%%%%%%%%%%%%%%%%%%%%%%%%%%%%%%%%%%%%%%%%%%%%%%%%%%%
 Warning: the number of valence electrons in pseudopotential > 2 for Ca: [Ar] 4s2
 Pseudopotentials with additional electrons can yield (more) accurate outcomes, but may be less efficient.
 If you're confident that your chosen pseudopotential is appropriate, you can safely ignore this warning.
%%%%%%%%%%%%%%%%%%%%%%%%%%%%%%%%%%%%%%%%%%%%%%%%%%%%%%%%%%%%%%%%%%%%%%%%%%%%%%%%%%%%%%%%%%%%%%%%%%%%%%%%%

 UNIFORM GRID DIM     : 80 * 80 * 80
 UNIFORM GRID DIM(BIG): 20 * 20 * 20
 DONE(0.224996   SEC) : SYMMETRY
 DONE(0.225094   SEC) : SETUP UNITCELL
 DONE(0.363658   SEC) : INIT K-POINTS
 ----------------------------------------------------------------
 Cell relaxation calculations
 ----------------------------------------------------------------
 SPIN    KPOINTS         PROCESSES   THREADS/PROC  THREADS/TOTAL 
 1       14              24          1             24            
 ----------------------------------------------------------------
 Use Systematically Improvable Atomic bases
 ----------------------------------------------------------------
 TOTAL NBASE 64
 ELEMENT ORBITALS        NBASE       NATOM       
 Ca      4s2p1d-10au     15          1           
 Mg      2s1p-9au        5           2           
 O       2s2p1d-6au      13          3           
 ----------------------------------------------------------------
 Initial plane wave basis and FFT box
 ----------------------------------------------------------------
 DONE(0.372987   SEC) : INIT PLANEWAVE
 START CHARGE         : ATOMIC
 DONE(1.00293    SEC) : CHARGE
 DONE(1.02934    SEC) : POTENTIALS

 ================================================================
 RELAX STEP: 1 (CELL_CHANGE# 1 IONS_CHANGE# 1)
 ================================================================
 DONE(1.29722    SEC) : INIT SCF
 ITER       ETOT/eV          EDIFF/eV         DRHO     TIME/s
 GE1     -2.45796507e+03   0.00000000e+00   1.7332e-01   1.98
 GE2     -2.46207112e+03  -4.10605650e+00   1.4343e-01   1.86
 GE3     -2.46498007e+03  -2.90894817e+00   2.2906e-02   1.87
 GE4     -2.46497817e+03   1.90161730e-03   1.2675e-02   1.87
 GE5     -2.46500247e+03  -2.43018960e-02   3.7008e-03   1.87
 GE6     -2.46500427e+03  -1.79617469e-03   4.6597e-04   1.86
 GE7     -2.46500429e+03  -2.58667423e-05   1.2975e-04   1.87
 GE8     -2.46500430e+03  -3.00783519e-07   3.1356e-05   1.87
 GE9     -2.46500430e+03  -1.56927136e-07   1.7606e-06   1.86
 GE10    -2.46500430e+03  -3.31012799e-10   2.5854e-07   1.87
 GE11    -2.46500430e+03  -6.57385232e-12   2.1441e-08   1.87
 ----------------------------------------------------------------
              Stress_x             Stress_y             Stress_z 
 ----------------------------------------------------------------
        442.9894411705         0.0000000000         0.0000000000 
         -0.0000000000       442.9894411705        -0.0000000000 
          0.0000000000        -0.0000000000       425.9771039282 
 ----------------------------------------------------------------
 TOTAL-PRESSURE (EXCLUDE KINETIC PART OF IONS): 437.318662 kbar
 ETOT DIFF (eV)              : 0.000000
 LARGEST GRAD (eV/Angstrom)  : 2.245268
 DONE(24.092735  SEC) : SETUP UNITCELL

 ================================================================
 RELAX STEP: 2 (CELL_CHANGE# 2 IONS_CHANGE# 1)
 ================================================================
 DONE(24.138016  SEC) : LOCAL POTENTIAL
 DONE(24.185288  SEC) : SYMMETRY
 DONE(24.185691  SEC) : INIT K-POINTS
 DONE(24.449284  SEC) : INIT SCF
 ITER       ETOT/eV          EDIFF/eV         DRHO     TIME/s
 GE1     -2.46590104e+03   0.00000000e+00   2.6551e-02   1.14
 GE2     -2.46601198e+03  -1.10938208e-01   2.0149e-02   1.05
 GE3     -2.46606849e+03  -5.65104428e-02   3.7023e-03   1.06
 GE4     -2.46607064e+03  -2.14704484e-03   2.5006e-03   1.06
 GE5     -2.46607106e+03  -4.24776225e-04   1.3546e-03   1.05
 GE6     -2.46607119e+03  -1.20306515e-04   4.7405e-04   1.05
 GE7     -2.46607120e+03  -1.12301599e-05   3.5182e-05   1.05
 GE8     -2.46607120e+03  -8.12996050e-08   2.3640e-06   1.05
 GE9     -2.46607120e+03  -1.03634848e-10   4.2665e-07   1.05
 GE10    -2.46607120e+03  -5.02706354e-12   6.0794e-08   1.07
 ----------------------------------------------------------------
              Stress_x             Stress_y             Stress_z 
 ----------------------------------------------------------------
       -133.1317683244         0.0000000000        -0.0000000000 
         -0.0000000000      -133.1317683244         0.0000000000 
         -0.0000000000         0.0000000000      -159.4722739890 
 ----------------------------------------------------------------
 TOTAL-PRESSURE (EXCLUDE KINETIC PART OF IONS): -141.911937 kbar
 ETOT DIFF (eV)              : -1.066901
 LARGEST GRAD (eV/Angstrom)  : 0.820506
 DONE(36.750834  SEC) : SETUP UNITCELL

 ================================================================
 RELAX STEP: 3 (CELL_CHANGE# 3 IONS_CHANGE# 1)
 ================================================================
 DONE(36.796138  SEC) : LOCAL POTENTIAL
 DONE(36.843791  SEC) : SYMMETRY
 DONE(36.844219  SEC) : INIT K-POINTS
 DONE(37.130647  SEC) : INIT SCF
 ITER       ETOT/eV          EDIFF/eV         DRHO     TIME/s
 GE1     -2.46615268e+03   0.00000000e+00   3.8969e-02   1.40
 GE2     -2.46651053e+03  -3.57841835e-01   2.6694e-02   1.33
 GE3     -2.46661715e+03  -1.06628922e-01   4.3048e-03   1.33
 GE4     -2.46661768e+03  -5.28019735e-04   2.3963e-03   1.33
 GE5     -2.46661840e+03  -7.17317794e-04   1.1650e-03   1.33
 GE6     -2.46661861e+03  -2.10424312e-04   2.7765e-04   1.33
 GE7     -2.46661861e+03  -3.14435013e-06   3.5238e-05   1.36
 GE8     -2.46661861e+03  -3.27211566e-08   3.4882e-06   1.33
 GE9     -2.46661861e+03  -2.58313726e-10   4.4888e-07   1.34
 GE10    -2.46661861e+03  -1.46944934e-11   1.1127e-07   1.34
 GE11    -2.46661861e+03  -8.50733829e-12   3.3719e-09   1.34
 ----------------------------------------------------------------
              Stress_x             Stress_y             Stress_z 
 ----------------------------------------------------------------
          5.8587109227         0.0000000000        -0.0000000000 
          0.0000000000         5.8587109227         0.0000000000 
          0.0000000000         0.0000000000       -26.0509530562 
 ----------------------------------------------------------------
 TOTAL-PRESSURE (EXCLUDE KINETIC PART OF IONS): -4.777844 kbar
 ETOT DIFF (eV)              : -0.547417
 LARGEST GRAD (eV/Angstrom)  : 0.598142
 DONE(53.804812  SEC) : SETUP UNITCELL

 ================================================================
 RELAX STEP: 4 (CELL_CHANGE# 4 IONS_CHANGE# 1)
 ================================================================
 DONE(53.850186  SEC) : LOCAL POTENTIAL
 DONE(53.897734  SEC) : SYMMETRY
 DONE(53.898156  SEC) : INIT K-POINTS
 DONE(54.180982  SEC) : INIT SCF
 ITER       ETOT/eV          EDIFF/eV         DRHO     TIME/s
 GE1     -2.46659153e+03   0.00000000e+00   1.0980e-02   1.40
 GE2     -2.46661165e+03  -2.01117921e-02   6.4790e-03   1.34
 GE3     -2.46661845e+03  -6.80130557e-03   1.3187e-03   1.34
 GE4     -2.46661857e+03  -1.25782955e-04   6.9367e-04   1.34
 GE5     -2.46661860e+03  -2.25794461e-05   2.9227e-04   1.34
 GE6     -2.46661861e+03  -1.66547593e-05   1.2234e-04   1.34
 GE7     -2.46661861e+03  -8.31953880e-07   8.5677e-06   1.34
 GE8     -2.46661861e+03  -3.20262617e-09   7.5708e-07   1.35
 GE9     -2.46661861e+03  -1.77880710e-11   1.0341e-07   1.34
 GE10    -2.46661861e+03  -2.32018317e-12   6.4411e-09   1.34
 ----------------------------------------------------------------
              Stress_x             Stress_y             Stress_z 
 ----------------------------------------------------------------
          5.8587221292         0.0000000000         0.0000000000 
          0.0000000000         5.8587221292         0.0000000000 
         -0.0000000000        -0.0000000000       -26.0509411857 
 ----------------------------------------------------------------
 TOTAL-PRESSURE (EXCLUDE KINETIC PART OF IONS): -4.777832 kbar
 ETOT DIFF (eV)              : -0.000000
 LARGEST GRAD (eV/Angstrom)  : 0.598142
 DONE(69.533395  SEC) : SETUP UNITCELL

 ================================================================
 RELAX STEP: 5 (CELL_CHANGE# 5 IONS_CHANGE# 1)
 ================================================================
 DONE(69.578755  SEC) : LOCAL POTENTIAL
 DONE(69.626118  SEC) : SYMMETRY
 DONE(69.626544  SEC) : INIT K-POINTS
 DONE(69.911317  SEC) : INIT SCF
 ITER       ETOT/eV          EDIFF/eV         DRHO     TIME/s
 GE1     -2.46664945e+03   0.00000000e+00   2.1443e-03   1.40
 GE2     -2.46664945e+03   7.74118868e-06   6.6170e-04   1.33
 GE3     -2.46664950e+03  -5.36457722e-05   5.4404e-04   1.33
 GE4     -2.46664953e+03  -3.27255235e-05   6.3383e-05   1.33
 GE5     -2.46664953e+03  -2.43532226e-07   4.4869e-05   1.34
 GE6     -2.46664953e+03  -3.44280767e-07   8.2739e-06   1.33
 GE7     -2.46664953e+03  -6.34299409e-09   1.1660e-06   1.34
 GE8     -2.46664953e+03  -3.55761420e-11   5.7253e-08   1.34
 ----------------------------------------------------------------
              Stress_x             Stress_y             Stress_z 
 ----------------------------------------------------------------
          0.7457446124         0.0000000000         0.0000000000 
          0.0000000000         0.7457446124         0.0000000000 
         -0.0000000000         0.0000000000        -7.9716573935 
 ----------------------------------------------------------------
 TOTAL-PRESSURE (EXCLUDE KINETIC PART OF IONS): -2.160056 kbar
 ETOT DIFF (eV)              : -0.030920
 LARGEST GRAD (eV/Angstrom)  : 0.233010
 DONE(82.556276  SEC) : SETUP UNITCELL

 ================================================================
 RELAX STEP: 6 (CELL_CHANGE# 6 IONS_CHANGE# 1)
 ================================================================
 DONE(82.601579  SEC) : LOCAL POTENTIAL
 DONE(82.649220  SEC) : SYMMETRY
 DONE(82.649624  SEC) : INIT K-POINTS
 DONE(82.934568  SEC) : INIT SCF
 ITER       ETOT/eV          EDIFF/eV         DRHO     TIME/s
 GE1     -2.46665448e+03   0.00000000e+00   8.6793e-04   1.39
 GE2     -2.46665448e+03  -1.37217102e-06   2.6158e-04   1.34
 GE3     -2.46665449e+03  -2.37986099e-06   1.5915e-04   1.34
 GE4     -2.46665449e+03  -3.39609426e-06   2.6252e-05   1.33
 GE5     -2.46665449e+03  -4.62261694e-08   6.2854e-06   1.34
 GE6     -2.46665449e+03  -1.58700529e-09   2.1482e-06   1.33
 GE7     -2.46665449e+03  -1.35692046e-09   4.7084e-07   1.33
 GE8     -2.46665449e+03  -3.48027476e-12   2.1043e-08   1.34
 ----------------------------------------------------------------
              Stress_x             Stress_y             Stress_z 
 ----------------------------------------------------------------
         -1.8931918410         0.0000000000         0.0000000000 
          0.0000000000        -1.8931918410        -0.0000000000 
         -0.0000000000         0.0000000000         5.0112833444 
 ----------------------------------------------------------------
 TOTAL-PRESSURE (EXCLUDE KINETIC PART OF IONS): 0.408300 kbar
 ETOT DIFF (eV)              : -0.004957
 LARGEST GRAD (eV/Angstrom)  : 0.156040
 DONE(95.590786  SEC) : SETUP UNITCELL

 ================================================================
 RELAX STEP: 7 (CELL_CHANGE# 7 IONS_CHANGE# 1)
 ================================================================
 DONE(95.635922  SEC) : LOCAL POTENTIAL
 DONE(95.682526  SEC) : SYMMETRY
 DONE(95.682980  SEC) : INIT K-POINTS
 DONE(95.965195  SEC) : INIT SCF
 ITER       ETOT/eV          EDIFF/eV         DRHO     TIME/s
 GE1     -2.46665580e+03   0.00000000e+00   1.5735e-03   1.40
 GE2     -2.46665605e+03  -2.50457712e-04   4.2667e-04   1.34
 GE3     -2.46665606e+03  -5.43166984e-06   2.1066e-04   1.34
 GE4     -2.46665606e+03  -8.42403212e-07   7.4409e-05   1.34
 GE5     -2.46665606e+03  -1.40137130e-06   4.3460e-05   1.34
 GE6     -2.46665606e+03  -1.16636768e-07   1.2704e-05   1.34
 GE7     -2.46665606e+03  -2.79164439e-08   1.3764e-06   1.34
 GE8     -2.46665606e+03  -6.03247624e-11   1.3228e-07   1.34
 GE9     -2.46665606e+03   2.70688037e-12   1.1097e-08   1.36
 ----------------------------------------------------------------
              Stress_x             Stress_y             Stress_z 
 ----------------------------------------------------------------
         -1.2050526366         0.0000000000        -0.0000000000 
          0.0000000000        -1.2050526366         0.0000000000 
          0.0000000000         0.0000000000         2.8907573070 
 ----------------------------------------------------------------
 TOTAL-PRESSURE (EXCLUDE KINETIC PART OF IONS): 0.160217 kbar
 ETOT DIFF (eV)              : -0.001572
 LARGEST GRAD (eV/Angstrom)  : 0.007101
 DONE(109.987333 SEC) : SETUP UNITCELL

 ================================================================
 RELAX STEP: 8 (CELL_CHANGE# 8 IONS_CHANGE# 1)
 ================================================================
 DONE(110.032441 SEC) : LOCAL POTENTIAL
 DONE(110.079996 SEC) : SYMMETRY
 DONE(110.080404 SEC) : INIT K-POINTS
 DONE(110.362259 SEC) : INIT SCF
 ITER       ETOT/eV          EDIFF/eV         DRHO     TIME/s
 GE1     -2.46665580e+03   0.00000000e+00   1.1083e-03   1.40
 GE2     -2.46665604e+03  -2.39927318e-04   3.3451e-04   1.33
 GE3     -2.46665606e+03  -1.74397543e-05   1.8026e-04   1.33
 GE4     -2.46665607e+03  -9.07114783e-06   6.0439e-05   1.34
 GE5     -2.46665607e+03  -2.42679172e-07   1.3083e-05   1.34
 GE6     -2.46665607e+03  -4.62230758e-08   1.1034e-05   1.33
 GE7     -2.46665607e+03  -1.08333219e-08   9.3271e-07   1.34
 GE8     -2.46665607e+03  -3.94431139e-11   5.9472e-08   1.36
 ----------------------------------------------------------------
              Stress_x             Stress_y             Stress_z 
 ----------------------------------------------------------------
         -1.1529643885         0.0000000000         0.0000000000 
          0.0000000000        -1.1529643885         0.0000000000 
          0.0000000000         0.0000000000         2.7526558187 
 ----------------------------------------------------------------
 TOTAL-PRESSURE (EXCLUDE KINETIC PART OF IONS): 0.148909 kbar
 ETOT DIFF (eV)              : -0.000007
 LARGEST GRAD (eV/Angstrom)  : 0.008090
 DONE(123.041743 SEC) : SETUP UNITCELL

 ================================================================
 RELAX STEP: 9 (CELL_CHANGE# 9 IONS_CHANGE# 1)
 ================================================================
 DONE(123.087253 SEC) : LOCAL POTENTIAL
 DONE(123.134971 SEC) : SYMMETRY
 DONE(123.135397 SEC) : INIT K-POINTS
 DONE(123.417867 SEC) : INIT SCF
 ITER       ETOT/eV          EDIFF/eV         DRHO     TIME/s
 GE1     -2.46665617e+03   0.00000000e+00   2.0048e-04   1.40
 GE2     -2.46665618e+03  -2.28162830e-06   9.7686e-05   1.34
 GE3     -2.46665618e+03  -2.04572058e-06   4.9687e-05   1.34
 GE4     -2.46665618e+03  -4.38346406e-07   9.4783e-06   1.34
 GE5     -2.46665618e+03  -2.07184623e-08   5.3657e-06   1.34
 GE6     -2.46665618e+03  -4.66163469e-09   1.1155e-06   1.34
 GE7     -2.46665618e+03  -4.79504522e-11   5.2306e-08   1.34
 ----------------------------------------------------------------
              Stress_x             Stress_y             Stress_z 
 ----------------------------------------------------------------
         -0.6117997337         0.0000000000        -0.0000000000 
          0.0000000000        -0.6117997337         0.0000000000 
         -0.0000000000         0.0000000000         0.5508495059 
 ----------------------------------------------------------------
 TOTAL-PRESSURE (EXCLUDE KINETIC PART OF IONS): -0.224250 kbar
 ETOT DIFF (eV)              : -0.000109
 LARGEST GRAD (eV/Angstrom)  : 0.005205
 DONE(134.750656 SEC) : SETUP UNITCELL

 ================================================================
 RELAX STEP: 10 (CELL_CHANGE# 10 IONS_CHANGE# 1)
 ================================================================
 DONE(134.795990 SEC) : LOCAL POTENTIAL
 DONE(134.842475 SEC) : SYMMETRY
 DONE(134.842878 SEC) : INIT K-POINTS
 DONE(135.126135 SEC) : INIT SCF
 ITER       ETOT/eV          EDIFF/eV         DRHO     TIME/s
 GE1     -2.46665619e+03   0.00000000e+00   1.1428e-04   1.40
 GE2     -2.46665619e+03   9.16696637e-08   5.2488e-05   1.33
 GE3     -2.46665619e+03  -6.26539170e-07   3.2919e-05   1.33
 GE4     -2.46665619e+03  -1.59346313e-07   5.1513e-06   1.34
 GE5     -2.46665619e+03  -4.34454299e-09   2.6838e-06   1.34
 GE6     -2.46665619e+03  -7.98529708e-10   1.8442e-07   1.33
 GE7     -2.46665619e+03   5.02706354e-12   2.4151e-08   1.36
 ----------------------------------------------------------------
              Stress_x             Stress_y             Stress_z 
 ----------------------------------------------------------------
         -0.4190930528         0.0000000000        -0.0000000000 
          0.0000000000        -0.4190930528        -0.0000000000 
          0.0000000000         0.0000000000        -0.2185014891 
 ----------------------------------------------------------------
 TOTAL-PRESSURE (EXCLUDE KINETIC PART OF IONS): -0.352229 kbar
 ETOT DIFF (eV)              : -0.000008
 LARGEST GRAD (eV/Angstrom)  : 0.009524

 ~~~~~~~~~~~~~~~~~~~~~~~~~~~~~~~~~~~~~~~~~~~~~~~~~~~~~~~~~~~~~~~~
 Geometry relaxation thresholds are reached within 9 steps.
 ~~~~~~~~~~~~~~~~~~~~~~~~~~~~~~~~~~~~~~~~~~~~~~~~~~~~~~~~~~~~~~~~

 TIME STATISTICS
-----------------------------------------------------------------
    CLASS_NAME          NAME       TIME/s  CALLS   AVG/s  PER/%  
-----------------------------------------------------------------
                   total           146.46 105      1.39   100.00 
 Driver            atomic_world    146.46 1        146.46 100.00 
 Relax_Driver      relax_driver    145.43 1        145.43 99.30  
 ESolver_KS        runner          127.04 10       12.70  86.74  
 ESolver_KS_LCAO   before_scf      3.63   10       0.36   2.48   
 Potential         cal_veff        2.39   99       0.02   1.63   
 PotXC             cal_veff        2.14   99       0.02   1.46   
 XC_Functional     v_xc            2.53   119      0.02   1.73   
 HSolverLCAO       solve           118.72 89       1.33   81.06  
 HamiltLCAO        updateHk        59.19  1246     0.05   40.42  
 OperatorLCAO      init            59.19  6230     0.01   40.41  
 Veff              contributeHR    58.26  89       0.65   39.78  
 Gint              cal_gint_vl     58.26  89       0.65   39.78  
 HSolverLCAO       hamiltSolvePsiK 10.13  1246     0.01   6.92   
 DiagoElpa         elpa_solve      8.15   1246     0.01   5.57   
 LCAO_domain       dm2rho          48.64  89       0.55   33.21  
 Gint              cal_gint_rho    48.03  89       0.54   32.80  
 ESolver_KS_LCAO   cal_force       18.36  10       1.84   12.54  
 Force_Stress_LCAO getForceStress  18.36  10       1.84   12.54  
 Stress            stress_loc      1.86   10       0.19   1.27   
 Stress            stress_cc       2.59   10       0.26   1.77   
 Gint              cal_gint_fvl    11.21  10       1.12   7.65   
-----------------------------------------------------------------


 START  Time  : Fri Jun 26 14:27:23 2026
 FINISH Time  : Fri Jun 26 14:29:50 2026
 TOTAL  Time  : 147
 SEE INFORMATION IN : OUT.CaOMgO/
