                                                                                     
                              ABACUS v3.11.0-beta.4

               Atomic-orbital Based Ab-initio Computation at UStc                    

                     Website: http://abacus.ustc.edu.cn/                             
               Documentation: https://abacus.deepmodeling.com/                       
                  Repository: https://github.com/abacusmodeling/abacus-develop       
                              https://github.com/deepmodeling/abacus-develop         
                      Commit: unknown

 Tue Jun 30 13:53:17 2026
 MAKE THE DIR         : OUT.CaOMgO/
 RUNNING WITH DEVICE  : CPU / Intel(R) Xeon(R) Silver 4116 CPU @ 2.10GHz (x2)
 WARNING: some of potential function is set to zero cause of less than 1e-30.
 WARNING: some of potential function is set to zero cause of less than 1e-30.
 WARNING: some of potential function is set to zero cause of less than 1e-30.

%%%%%%%%%%%%%%%%%%%%%%%%%%%%%%%%%%%%%%%%%%%%%%%%%%%%%%%%%%%%%%%%%%%%%%%%%%%%%%%%%%%%%%%%%%%%%%%%%%%%%%%%%
 Warning: the number of valence electrons in pseudopotential > 2 for Ca: [Ar] 4s2
 Pseudopotentials with additional electrons can yield (more) accurate outcomes, but may be less efficient.
 If you're confident that your chosen pseudopotential is appropriate, you can safely ignore this warning.
%%%%%%%%%%%%%%%%%%%%%%%%%%%%%%%%%%%%%%%%%%%%%%%%%%%%%%%%%%%%%%%%%%%%%%%%%%%%%%%%%%%%%%%%%%%%%%%%%%%%%%%%%

 UNIFORM GRID DIM     : 36 * 36 * 54
 UNIFORM GRID DIM(BIG): 9 * 9 * 18
 DONE(0.202904   SEC) : SYMMETRY
 DONE(0.203002   SEC) : SETUP UNITCELL
 DONE(0.341341   SEC) : INIT K-POINTS
 ----------------------------------------------------------------
 Cell relaxation calculations
 ----------------------------------------------------------------
 SPIN    KPOINTS         PROCESSES   THREADS/PROC  THREADS/TOTAL 
 1       6               24          1             24            
 ----------------------------------------------------------------
 Use Systematically Improvable Atomic bases
 ----------------------------------------------------------------
 TOTAL NBASE 46
 ELEMENT ORBITALS        NBASE       NATOM       
 Ca      4s2p1d-10au     15          1           
 Mg      2s1p-9au        5           1           
 O       2s2p1d-6au      13          2           
 ----------------------------------------------------------------
 Initial plane wave basis and FFT box
 ----------------------------------------------------------------
 DONE(0.34498    SEC) : INIT PLANEWAVE
 START CHARGE         : ATOMIC
 DONE(0.964982   SEC) : CHARGE
 DONE(0.982826   SEC) : POTENTIALS

 ================================================================
 RELAX STEP: 1 (CELL_CHANGE# 1 IONS_CHANGE# 1)
 ================================================================
 DONE(1.0954     SEC) : INIT SCF
 ITER       ETOT/eV          EDIFF/eV         DRHO     TIME/s
 GE1     -1.97975725e+03   0.00000000e+00   1.5592e-01   0.52
 GE2     -1.98253444e+03  -2.77719090e+00   1.3300e-01   0.43
 GE3     -1.98468531e+03  -2.15087001e+00   1.9592e-02   0.43
 GE4     -1.98467948e+03   5.82770462e-03   1.1076e-02   0.43
 GE5     -1.98469453e+03  -1.50528719e-02   3.2679e-03   0.44
 GE6     -1.98469560e+03  -1.07026917e-03   3.5769e-04   0.44
 GE7     -1.98469562e+03  -1.41559793e-05   8.0663e-05   0.43
 GE8     -1.98469562e+03  -6.60988863e-07   6.2005e-06   0.45
 GE9     -1.98469562e+03  -6.17091384e-09   1.2695e-06   0.43
 GE10    -1.98469562e+03  -1.79814196e-10   9.6818e-08   0.45
 ----------------------------------------------------------------
              Stress_x             Stress_y             Stress_z 
 ----------------------------------------------------------------
        628.4184816959         0.0000000000         0.0000000000 
         -0.0000000000       625.6750866478        -0.0000000000 
          0.0000000000        -0.0000000000       625.6750866478 
 ----------------------------------------------------------------
 TOTAL-PRESSURE (EXCLUDE KINETIC PART OF IONS): 626.589552 kbar
 ETOT DIFF (eV)              : 0.000000
 LARGEST GRAD (eV/Angstrom)  : 0.000000
 DONE(6.244483   SEC) : SETUP UNITCELL

 ================================================================
 RELAX STEP: 2 (CELL_CHANGE# 2 IONS_CHANGE# 1)
 ================================================================
 DONE(6.276765   SEC) : LOCAL POTENTIAL
 DONE(6.324107   SEC) : SYMMETRY
 DONE(6.324437   SEC) : INIT K-POINTS
 DONE(6.443952   SEC) : INIT SCF
 ITER       ETOT/eV          EDIFF/eV         DRHO     TIME/s
 GE1     -1.98571861e+03   0.00000000e+00   1.7708e-02   0.26
 GE2     -1.98573345e+03  -1.48420546e-02   1.3363e-02   0.20
 GE3     -1.98576288e+03  -2.94298819e-02   2.7776e-03   0.20
 GE4     -1.98576290e+03  -2.43743541e-05   1.6224e-03   0.20
 GE5     -1.98576341e+03  -5.05269024e-04   5.9361e-04   0.20
 GE6     -1.98576344e+03  -2.77436030e-05   6.1921e-05   0.20
 GE7     -1.98576344e+03  -2.82157475e-08   4.0310e-06   0.20
 GE8     -1.98576344e+03  -3.05916151e-09   8.6739e-07   0.20
 GE9     -1.98576344e+03  -6.49651288e-11   4.4930e-08   0.21
 ----------------------------------------------------------------
              Stress_x             Stress_y             Stress_z 
 ----------------------------------------------------------------
       -171.2170617414        -0.0000000000         0.0000000000 
         -0.0000000000      -169.5619686378         0.0000000000 
         -0.0000000000         0.0000000000      -169.5619686378 
 ----------------------------------------------------------------
 TOTAL-PRESSURE (EXCLUDE KINETIC PART OF IONS): -170.113666 kbar
 ETOT DIFF (eV)              : -1.067817
 LARGEST GRAD (eV/Angstrom)  : 0.000000
 DONE(8.986156   SEC) : SETUP UNITCELL

 ================================================================
 RELAX STEP: 3 (CELL_CHANGE# 3 IONS_CHANGE# 1)
 ================================================================
 DONE(9.018452   SEC) : LOCAL POTENTIAL
 DONE(9.065453   SEC) : SYMMETRY
 DONE(9.065800   SEC) : INIT K-POINTS
 DONE(9.200027   SEC) : INIT SCF
 ITER       ETOT/eV          EDIFF/eV         DRHO     TIME/s
 GE1     -1.98638854e+03   0.00000000e+00   2.7635e-02   0.36
 GE2     -1.98646212e+03  -7.35820159e-02   1.8888e-02   0.29
 GE3     -1.98651692e+03  -5.48018929e-02   4.2145e-03   0.28
 GE4     -1.98651685e+03   7.12757463e-05   1.6524e-03   0.28
 GE5     -1.98651740e+03  -5.46396413e-04   5.0674e-04   0.28
 GE6     -1.98651743e+03  -3.26307386e-05   7.3722e-05   0.28
 GE7     -1.98651743e+03  -5.96062791e-08   4.1653e-06   0.28
 GE8     -1.98651743e+03  -4.79891219e-10   6.7581e-07   0.28
 GE9     -1.98651743e+03  -8.58467773e-11   1.0493e-07   0.28
 GE10    -1.98651743e+03  -2.32018317e-12   1.0182e-08   0.29
 ----------------------------------------------------------------
              Stress_x             Stress_y             Stress_z 
 ----------------------------------------------------------------
         -2.7748112384         0.0000000000         0.0000000000 
          0.0000000000        -1.1855692917         0.0000000000 
         -0.0000000000         0.0000000000        -1.1855692917 
 ----------------------------------------------------------------
 TOTAL-PRESSURE (EXCLUDE KINETIC PART OF IONS): -1.715317 kbar
 ETOT DIFF (eV)              : -0.753996
 LARGEST GRAD (eV/Angstrom)  : 0.000000
 DONE(12.824903  SEC) : SETUP UNITCELL

 ================================================================
 RELAX STEP: 4 (CELL_CHANGE# 4 IONS_CHANGE# 1)
 ================================================================
 DONE(12.857580  SEC) : LOCAL POTENTIAL
 DONE(12.903994  SEC) : SYMMETRY
 DONE(12.904327  SEC) : INIT K-POINTS
 DONE(13.033996  SEC) : INIT SCF
 ITER       ETOT/eV          EDIFF/eV         DRHO     TIME/s
 GE1     -1.98649398e+03   0.00000000e+00   1.0724e-02   0.35
 GE2     -1.98650802e+03  -1.40427307e-02   9.2950e-03   0.29
 GE3     -1.98651727e+03  -9.24407725e-03   1.8813e-03   0.28
 GE4     -1.98651740e+03  -1.30587958e-04   4.5019e-04   0.28
 GE5     -1.98651743e+03  -3.26132425e-05   1.4295e-04   0.28
 GE6     -1.98651743e+03  -2.29787190e-06   2.3829e-05   0.28
 GE7     -1.98651743e+03  -9.30509461e-09   1.2350e-06   0.28
 GE8     -1.98651743e+03  -2.51353177e-11   1.0089e-07   0.28
 GE9     -1.98651743e+03   1.93348598e-12   1.8372e-08   0.29
 ----------------------------------------------------------------
              Stress_x             Stress_y             Stress_z 
 ----------------------------------------------------------------
         -2.7747697860         0.0000000000         0.0000000000 
         -0.0000000000        -1.1855492727         0.0000000000 
          0.0000000000         0.0000000000        -1.1855492727 
 ----------------------------------------------------------------
 TOTAL-PRESSURE (EXCLUDE KINETIC PART OF IONS): -1.715289 kbar
 ETOT DIFF (eV)              : -0.000000
 LARGEST GRAD (eV/Angstrom)  : 0.000000
 DONE(16.368887  SEC) : SETUP UNITCELL

 ================================================================
 RELAX STEP: 5 (CELL_CHANGE# 5 IONS_CHANGE# 1)
 ================================================================
 DONE(16.401195  SEC) : LOCAL POTENTIAL
 DONE(16.448263  SEC) : SYMMETRY
 DONE(16.448587  SEC) : INIT K-POINTS
 DONE(16.579714  SEC) : INIT SCF
 ITER       ETOT/eV          EDIFF/eV         DRHO     TIME/s
 GE1     -1.98651748e+03   0.00000000e+00   9.2010e-05   0.35
 GE2     -1.98651748e+03  -1.45572159e-07   4.6633e-05   0.28
 GE3     -1.98651748e+03  -3.54453996e-07   2.1698e-05   0.28
 GE4     -1.98651748e+03  -4.57690933e-08   2.5200e-06   0.28
 GE5     -1.98651748e+03  -3.20185278e-10   1.9253e-06   0.28
 GE6     -1.98651748e+03  -5.49883412e-10   2.0894e-07   0.28
 GE7     -1.98651748e+03   7.73394390e-13   2.3024e-08   0.29
 ----------------------------------------------------------------
              Stress_x             Stress_y             Stress_z 
 ----------------------------------------------------------------
          0.0415291650         0.0000000000         0.0000000000 
         -0.0000000000         0.6798370340         0.0000000000 
         -0.0000000000         0.0000000000         0.6798370340 
 ----------------------------------------------------------------
 TOTAL-PRESSURE (EXCLUDE KINETIC PART OF IONS): 0.467068 kbar
 ETOT DIFF (eV)              : -0.000049
 LARGEST GRAD (eV/Angstrom)  : 0.000000
 DONE(19.356098  SEC) : SETUP UNITCELL

 ================================================================
 RELAX STEP: 6 (CELL_CHANGE# 6 IONS_CHANGE# 1)
 ================================================================
 DONE(19.388699  SEC) : LOCAL POTENTIAL
 DONE(19.435655  SEC) : SYMMETRY
 DONE(19.435986  SEC) : INIT K-POINTS
 DONE(19.567718  SEC) : INIT SCF
 ITER       ETOT/eV          EDIFF/eV         DRHO     TIME/s
 GE1     -1.98651748e+03   0.00000000e+00   1.0500e-04   0.35
 GE2     -1.98651748e+03  -1.90153319e-07   5.3274e-05   0.28
 GE3     -1.98651748e+03  -4.62989458e-07   2.4721e-05   0.28
 GE4     -1.98651748e+03  -5.92335030e-08   2.8699e-06   0.28
 GE5     -1.98651748e+03  -4.13379302e-10   2.1892e-06   0.28
 GE6     -1.98651748e+03  -7.12296233e-10   2.3874e-07   0.28
 GE7     -1.98651748e+03  -4.25366915e-12   2.6295e-08   0.28
 ----------------------------------------------------------------
              Stress_x             Stress_y             Stress_z 
 ----------------------------------------------------------------
         -0.3573496799         0.0000000000        -0.0000000000 
         -0.0000000000         0.4162628617         0.0000000000 
          0.0000000000         0.0000000000         0.4162628617 
 ----------------------------------------------------------------
 TOTAL-PRESSURE (EXCLUDE KINETIC PART OF IONS): 0.158392 kbar
 ETOT DIFF (eV)              : -0.000001
 LARGEST GRAD (eV/Angstrom)  : 0.000000

 ~~~~~~~~~~~~~~~~~~~~~~~~~~~~~~~~~~~~~~~~~~~~~~~~~~~~~~~~~~~~~~~~
 Geometry relaxation thresholds are reached within 5 steps.
 ~~~~~~~~~~~~~~~~~~~~~~~~~~~~~~~~~~~~~~~~~~~~~~~~~~~~~~~~~~~~~~~~

 TIME STATISTICS
--------------------------------------------------------------------
    CLASS_NAME            NAME        TIME/s  CALLS   AVG/s  PER/%  
--------------------------------------------------------------------
                   total              22.34  65       0.34   100.00 
 Driver            atomic_world       22.34  1        22.34  100.00 
 ESolver_KS_LCAO   before_all_runners 0.96   1        0.96   4.28   
 Symmetry          analy_sys          0.28   6        0.05   1.26   
 Charge            atomic_rho         0.40   12       0.03   1.79   
 Relax_Driver      relax_driver       21.35  1        21.35  95.59  
 ESolver_KS        runner             17.24  6        2.87   77.17  
 ESolver_KS_LCAO   before_scf         1.15   6        0.19   5.16   
 Potential         cal_veff           0.24   58       0.00   1.07   
 XC_Functional     v_xc               0.25   70       0.00   1.13   
 Symmetry_rho      begin              0.37   58       0.01   1.66   
 Symmetry          rhog_symmetry      0.25   58       0.00   1.14   
 HSolverLCAO       solve              15.16  52       0.29   67.85  
 HamiltLCAO        updateHk           7.81   312      0.03   34.96  
 OperatorLCAO      init               7.81   1560     0.01   34.95  
 Veff              contributeHR       7.46   52       0.14   33.40  
 Gint              cal_gint_vl        7.46   52       0.14   33.39  
 Gint              hr_gint_to_hR      0.49   52       0.01   2.18   
 HSolverLCAO       hamiltSolvePsiK    1.67   312      0.01   7.49   
 DiagoElpa         elpa_solve         1.32   312      0.00   5.90   
 LCAO_domain       dm2rho             5.52   52       0.11   24.69  
 Gint              cal_gint_rho       5.48   52       0.11   24.53  
 Gint              dm_2d_to_gint      0.42   58       0.01   1.88   
 ESolver_KS_LCAO   after_scf          0.22   6        0.04   1.01   
 ESolver_KS_LCAO   cal_force          4.10   6        0.68   18.37  
 Force_Stress_LCAO getForceStress     4.10   6        0.68   18.37  
 Forces            cal_force_cc       0.26   6        0.04   1.17   
 Forces            cal_force_scc      0.26   6        0.04   1.18   
 Stress            stress_loc         0.79   6        0.13   3.53   
 Stress            stress_cc          1.02   6        0.17   4.59   
 Nonlocal          cal_force_stress   0.31   6        0.05   1.40   
 Gint              cal_gint_fvl       1.26   6        0.21   5.65   
--------------------------------------------------------------------


 START  Time  : Tue Jun 30 13:53:17 2026
 FINISH Time  : Tue Jun 30 13:53:40 2026
 TOTAL  Time  : 23
 SEE INFORMATION IN : OUT.CaOMgO/
