\BOOKMARK [1][-]{section.1}{\376\377\117\356\145\071\166\356\150\007}{}% 1
\BOOKMARK [1][-]{section.2}{\376\377\123\237\131\313\116\343\170\001\166\204\225\356\230\230}{}% 2
\BOOKMARK [2][-]{subsection.2.1}{\376\377\123\357\116\345\166\364\143\245\136\166\210\114\166\204\220\350\122\006}{section.2}% 3
\BOOKMARK [2][-]{subsection.2.2}{\376\377\122\233\213\241\173\227\116\055\166\204\145\160\143\156\172\336\116\211}{section.2}% 4
\BOOKMARK [1][-]{section.3}{\376\377\136\166\210\114\213\276\213\241\145\271\150\110}{}% 5
\BOOKMARK [2][-]{subsection.3.1}{\376\377\176\277\172\013\171\301\147\011\177\023\121\262\123\072}{section.3}% 6
\BOOKMARK [2][-]{subsection.3.2}{\376\377\176\337\116\000\137\122\176\246\217\205\122\251\121\375\145\160}{section.3}% 7
\BOOKMARK [1][-]{section.4}{\376\377\116\011\116\052\122\233\213\241\173\227\121\375\145\160\166\204\121\167\117\123\117\356\145\071}{}% 8
\BOOKMARK [2][-]{subsection.4.1}{\376\377\137\204\124\021\122\233\213\241\173\227}{section.4}% 9
\BOOKMARK [2][-]{subsection.4.2}{\376\377\211\322\124\021\122\233\213\241\173\227}{section.4}% 10
\BOOKMARK [2][-]{subsection.4.3}{\376\377\000Z\000B\000L\000\040\167\355\172\013\143\222\145\245\122\233\213\241\173\227}{section.4}% 11
\BOOKMARK [2][-]{subsection.4.4}{\376\377\137\122\176\246\217\307\172\013}{section.4}% 12
\BOOKMARK [1][-]{section.5}{\376\377\121\174\133\271\123\125\176\277\172\013\124\214\227\136\000\040\000O\000p\000e\000n\000M\000P\000\040\177\026\213\321}{}% 13
\BOOKMARK [1][-]{section.6}{\376\377\153\143\170\156\140\047\155\113\213\325\117\356\145\071}{}% 14
\BOOKMARK [2][-]{subsection.6.1}{\376\377\145\260\130\236\123\125\121\103\155\113\213\325}{section.6}% 15
\BOOKMARK [2][-]{subsection.6.2}{\376\377\000C\000M\000a\000k\000e\000\040\155\113\213\325\143\245\121\145}{section.6}% 16
\BOOKMARK [1][-]{section.7}{\376\377\140\047\200\375\155\113\213\325\201\032\147\054\117\356\145\071}{}% 17
\BOOKMARK [2][-]{subsection.7.1}{\376\377\155\113\213\325\172\013\136\217}{section.7}% 18
\BOOKMARK [2][-]{subsection.7.2}{\376\377\217\320\210\114\201\032\147\054}{section.7}% 19
\BOOKMARK [1][-]{section.8}{\376\377\117\356\145\071\176\323\147\234}{}% 20
\BOOKMARK [1][-]{section.9}{\376\377\137\000\225\000\116\016\123\357\176\347\176\355\117\030\123\026\145\271\124\021}{}% 21
\BOOKMARK [1][-]{section.10}{\376\377\140\073\176\323}{}% 22
