                                                                                     
                              ABACUS v3.7.1

               Atomic-orbital Based Ab-initio Computation at UStc                    

                     Website: http://abacus.ustc.edu.cn/                             
               Documentation: https://abacus.deepmodeling.com/                       
                  Repository: https://github.com/abacusmodeling/abacus-develop       
                              https://github.com/deepmodeling/abacus-develop         
                      Commit: c49a6776a (Thu Jul 18 09:22:09 2024 +0800)

 Thu Jul 18 14:21:29 2024
 MAKE THE DIR         : OUT.ABACUS/
                                                                                     
                              ABACUS v3.7.1

               Atomic-orbital Based Ab-initio Computation at UStc                    

                     Website: http://abacus.ustc.edu.cn/                             
               Documentation: https://abacus.deepmodeling.com/                       
                  Repository: https://github.com/abacusmodeling/abacus-develop       
                              https://github.com/deepmodeling/abacus-develop         
                      Commit: c49a6776a (Thu Jul 18 09:22:09 2024 +0800)

 Thu Jul 18 14:21:29 2024
 RUNNING WITH DEVICE  : CPU / Intel(R) Xeon(R) Gold 6132 CPU @ 2.60GHz
 MAKE THE DIR         : OUT.ABACUS/
 RUNNING WITH DEVICE  : CPU / Intel(R) Xeon(R) Gold 6132 CPU @ 2.60GHz
 UNIFORM GRID DIM        : 36 * 36 * 36
 UNIFORM GRID DIM(BIG)   : 36 * 36 * 36
 DONE(0.0528295  SEC) : SETUP UNITCELL
 UNIFORM GRID DIM        : 36 * 36 * 36
 UNIFORM GRID DIM(BIG)   : 36 * 36 * 36
 DONE(0.0502481  SEC) : SETUP UNITCELL
 DONE(0.116731   SEC) : SYMMETRY
 DONE(0.113657   SEC) : SYMMETRY
 DONE(0.304008   SEC) : INIT K-POINTS
 ---------------------------------------------------------
 Cell relaxation calculations
 ---------------------------------------------------------
 SPIN    KPOINTS         PROCESSORS  
 1       100             1           
 ---------------------------------------------------------
 Use plane wave basis
 ---------------------------------------------------------
 ELEMENT NATOM       XC          
 Al      4           
 ---------------------------------------------------------
 Initial plane wave basis and FFT box
 ---------------------------------------------------------
 DONE(0.300209   SEC) : INIT K-POINTS
 ---------------------------------------------------------
 Cell relaxation calculations
 ---------------------------------------------------------
 SPIN    KPOINTS         PROCESSORS  
 1       100             1           
 ---------------------------------------------------------
 Use plane wave basis
 ---------------------------------------------------------
 ELEMENT NATOM       XC          
 Al      4           
 ---------------------------------------------------------
 Initial plane wave basis and FFT box
 ---------------------------------------------------------
 DONE(0.333413   SEC) : INIT PLANEWAVE
 DONE(0.329611   SEC) : INIT PLANEWAVE
 DONE(0.359977   SEC) : LOCAL POTENTIAL
 DONE(0.355743   SEC) : LOCAL POTENTIAL
 DONE(0.389147   SEC) : NON-LOCAL POTENTIAL
 MEMORY FOR PSI (MB)  : 65.4541
 DONE(0.384985   SEC) : NON-LOCAL POTENTIAL
 MEMORY FOR PSI (MB)  : 65.4541
 DONE(0.43844    SEC) : INIT BASIS
 -------------------------------------------
 RELAX CELL : 1
 RELAX IONS : 1 (in total: 1)
 -------------------------------------------
 DONE(0.434444   SEC) : INIT BASIS
 -------------------------------------------
 RELAX CELL : 1
 RELAX IONS : 1 (in total: 1)
 -------------------------------------------
 START CHARGE      : atomic
 START CHARGE      : atomic
 DONE(0.53355    SEC) : INIT SCF
 * * * * * *
 << Start SCF iteration.
 DONE(0.529608   SEC) : INIT SCF
 * * * * * *
 << Start SCF iteration.
 ITER       ETOT/eV          EDIFF/eV         DRHO     TIME/s
 CG1     -2.52217720e+02   0.00000000e+00   2.4388e-02  18.46
 ITER       ETOT/eV          EDIFF/eV         DRHO     TIME/s
 CG1     -2.52217720e+02   0.00000000e+00   2.4388e-02  18.59
 CG2     -2.52215182e+02   2.53887748e-03   2.7688e-03   5.16
 CG2     -2.52215182e+02   2.53887748e-03   2.7688e-03   5.19
 CG3     -2.52217044e+02  -1.86296935e-03   9.5875e-06   6.55
 CG3     -2.52217044e+02  -1.86296935e-03   9.5875e-06   6.59
 CG4     -2.52217389e+02  -3.44640244e-04   6.6107e-07  11.35
 CG4     -2.52217389e+02  -3.44640244e-04   6.6107e-07  11.42
 CG5     -2.52217390e+02  -1.22511955e-06   4.3717e-08   6.86
 CG5     -2.52217390e+02  -1.22511955e-06   4.3717e-08   6.93
 CG6     -2.52217390e+02  -1.42262224e-07   1.4419e-09   7.51
 >> Leave SCF iteration.
 * * * * * *
 CG6     -2.52217390e+02  -1.42262224e-07   1.4419e-09   7.59
 >> Leave SCF iteration.
 * * * * * *
----------------------------------------------------------------
 TOTAL-STRESS (KBAR)                                            
----------------------------------------------------------------
         2.2942176687         0.0000000000         0.5636720928 
         0.0000000000         1.0842943178         0.0000000000 
         0.5636720928         0.0000000000         1.0017161606 
----------------------------------------------------------------
 TOTAL-PRESSURE: 1.460076 KBAR

 ETOT DIFF (eV)       : 0.000000
 LARGEST GRAD (eV/A)  : 0.520680
 BFGS TRUST (Bohr)    : 0.500000
 -------------------------------------------
 RELAX CELL : 1
 RELAX IONS : 2 (in total: 2)
 -------------------------------------------
 DONE(61.693201  SEC) : INIT SCF
 * * * * * *
 << Start SCF iteration.
----------------------------------------------------------------
 TOTAL-STRESS (KBAR)                                            
----------------------------------------------------------------
         2.2942176687         0.0000000000         0.5636720928 
         0.0000000000         1.0842943178         0.0000000000 
         0.5636720928         0.0000000000         1.0017161606 
----------------------------------------------------------------
 TOTAL-PRESSURE: 1.460076 KBAR

 ETOT DIFF (eV)       : 0.000000
 LARGEST GRAD (eV/A)  : 0.520680
 BFGS TRUST (Bohr)    : 0.500000
 -------------------------------------------
 RELAX CELL : 1
 RELAX IONS : 2 (in total: 2)
 -------------------------------------------
 DONE(62.122455  SEC) : INIT SCF
 * * * * * *
 << Start SCF iteration.
 ITER       ETOT/eV          EDIFF/eV         DRHO     TIME/s
 CG1     -2.52072228e+02   0.00000000e+00   1.5417e-02  24.34
 ITER       ETOT/eV          EDIFF/eV         DRHO     TIME/s
 CG1     -2.52072228e+02   0.00000000e+00   1.5417e-02  24.51
 CG2     -2.52124704e+02  -5.24754136e-02   5.4333e-04   5.74
 CG2     -2.52124704e+02  -5.24754136e-02   5.4333e-04   5.79
 CG3     -2.52126611e+02  -1.90722145e-03   1.4582e-05   7.26
 CG3     -2.52126611e+02  -1.90722145e-03   1.4582e-05   7.32
 CG4     -2.52126663e+02  -5.20828755e-05   3.9912e-07   8.28
 CG4     -2.52126663e+02  -5.20828755e-05   3.9912e-07   8.34
 CG5     -2.52126666e+02  -3.27791882e-06   2.0322e-08   8.92
 CG5     -2.52126666e+02  -3.27791882e-06   2.0322e-08   8.97
 CG6     -2.52126666e+02  -6.61965660e-08   4.3178e-10   7.61
 >> Leave SCF iteration.
 * * * * * *
 CG6     -2.52126666e+02  -6.61965660e-08   4.3178e-10   7.66
 >> Leave SCF iteration.
 * * * * * *
----------------------------------------------------------------
 TOTAL-STRESS (KBAR)                                            
----------------------------------------------------------------
         6.1833863537         0.0000000000        -0.0278689833 
         0.0000000000         9.3958410499         0.0000000000 
        -0.0278689833         0.0000000000         6.4059367074 
----------------------------------------------------------------
 TOTAL-PRESSURE: 7.328388 KBAR

 ETOT DIFF (eV)       : 0.090724
 LARGEST GRAD (eV/A)  : 0.722911
 BFGS TRUST (Bohr)    : 0.206568
 -------------------------------------------
 RELAX CELL : 1
 RELAX IONS : 3 (in total: 3)
 -------------------------------------------
 DONE(129.129973 SEC) : INIT SCF
 * * * * * *
 << Start SCF iteration.
----------------------------------------------------------------
 TOTAL-STRESS (KBAR)                                            
----------------------------------------------------------------
         6.1833863537         0.0000000000        -0.0278689833 
         0.0000000000         9.3958410499         0.0000000000 
        -0.0278689833         0.0000000000         6.4059367074 
----------------------------------------------------------------
 TOTAL-PRESSURE: 7.328388 KBAR

 ETOT DIFF (eV)       : 0.090724
 LARGEST GRAD (eV/A)  : 0.722911
 BFGS TRUST (Bohr)    : 0.206568
 -------------------------------------------
 RELAX CELL : 1
 RELAX IONS : 3 (in total: 3)
 -------------------------------------------
 DONE(130.013469 SEC) : INIT SCF
 * * * * * *
 << Start SCF iteration.
 ITER       ETOT/eV          EDIFF/eV         DRHO     TIME/s
 CG1     -2.52236015e+02   0.00000000e+00   5.2788e-03  15.98
 ITER       ETOT/eV          EDIFF/eV         DRHO     TIME/s
 CG1     -2.52236015e+02   0.00000000e+00   5.2788e-03  16.08
 CG2     -2.52253816e+02  -1.78011320e-02   1.5754e-04   5.93
 CG2     -2.52253816e+02  -1.78011320e-02   1.5754e-04   5.95
 CG3     -2.52254381e+02  -5.65045355e-04   4.7570e-06   7.83
 CG3     -2.52254381e+02  -5.65045355e-04   4.7570e-06   7.87
 CG4     -2.52254398e+02  -1.71334145e-05   1.5326e-07   8.46
 CG4     -2.52254398e+02  -1.71334145e-05   1.5326e-07   8.49
 CG5     -2.52254399e+02  -1.16387242e-06   8.2775e-09   8.99
 >> Leave SCF iteration.
 * * * * * *
 CG5     -2.52254399e+02  -1.16387242e-06   8.2775e-09   9.06
 >> Leave SCF iteration.
 * * * * * *
----------------------------------------------------------------
 TOTAL-STRESS (KBAR)                                            
----------------------------------------------------------------
        -1.6201507640         0.0000000000         0.1635405194 
         0.0000000000        -1.9675827473         0.0000000000 
         0.1635405194         0.0000000000        -2.1971914407 
----------------------------------------------------------------
 TOTAL-PRESSURE: -1.928308 KBAR

 ETOT DIFF (eV)       : -0.037009
 LARGEST GRAD (eV/A)  : 0.217346
 BFGS TRUST (Bohr)    : 0.030523
 -------------------------------------------
 RELAX CELL : 1
 RELAX IONS : 4 (in total: 4)
 -------------------------------------------
 DONE(181.691299 SEC) : INIT SCF
 * * * * * *
 << Start SCF iteration.
----------------------------------------------------------------
 TOTAL-STRESS (KBAR)                                            
----------------------------------------------------------------
        -1.6201507640         0.0000000000         0.1635405194 
         0.0000000000        -1.9675827473         0.0000000000 
         0.1635405194         0.0000000000        -2.1971914407 
----------------------------------------------------------------
 TOTAL-PRESSURE: -1.928308 KBAR

 ETOT DIFF (eV)       : -0.037009
 LARGEST GRAD (eV/A)  : 0.217346
 BFGS TRUST (Bohr)    : 0.030523
 -------------------------------------------
 RELAX CELL : 1
 RELAX IONS : 4 (in total: 4)
 -------------------------------------------
 DONE(182.831043 SEC) : INIT SCF
 * * * * * *
 << Start SCF iteration.
 ITER       ETOT/eV          EDIFF/eV         DRHO     TIME/s
 CG1     -2.52257332e+02   0.00000000e+00   6.7009e-05  15.90
 ITER       ETOT/eV          EDIFF/eV         DRHO     TIME/s
 CG1     -2.52257332e+02   0.00000000e+00   6.7009e-05  16.83
 CG2     -2.52257561e+02  -2.29221709e-04   1.9917e-06  12.33
 CG2     -2.52257561e+02  -2.29221709e-04   1.9917e-06  13.10
 CG3     -2.52257569e+02  -7.11978296e-06   4.9793e-08  26.60
 CG3     -2.52257569e+02  -7.11978296e-06   4.9793e-08  27.21
 CG4     -2.52257569e+02  -2.09788787e-07   2.6307e-09  43.17
 >> Leave SCF iteration.
 * * * * * *
 CG4     -2.52257569e+02  -2.09788787e-07   2.6307e-09  40.96
 >> Leave SCF iteration.
 * * * * * *
----------------------------------------------------------------
 TOTAL-STRESS (KBAR)                                            
----------------------------------------------------------------
        -1.8950486680         0.0000000000         0.1536534629 
         0.0000000000        -2.2228868565         0.0000000000 
         0.1536534629         0.0000000000        -2.4568930165 
----------------------------------------------------------------
 TOTAL-PRESSURE: -2.191610 KBAR

 ETOT DIFF (eV)       : -0.003170
 LARGEST GRAD (eV/A)  : 0.144265
 BFGS TRUST (Bohr)    : 0.035526
 -------------------------------------------
 RELAX CELL : 1
 RELAX IONS : 5 (in total: 5)
 -------------------------------------------
 DONE(293.933914 SEC) : INIT SCF
 * * * * * *
 << Start SCF iteration.
----------------------------------------------------------------
 TOTAL-STRESS (KBAR)                                            
----------------------------------------------------------------
        -1.8950486680         0.0000000000         0.1536534629 
         0.0000000000        -2.2228868565         0.0000000000 
         0.1536534629         0.0000000000        -2.4568930165 
----------------------------------------------------------------
 TOTAL-PRESSURE: -2.191610 KBAR

 ETOT DIFF (eV)       : -0.003170
 LARGEST GRAD (eV/A)  : 0.144265
 BFGS TRUST (Bohr)    : 0.035526
 -------------------------------------------
 RELAX CELL : 1
 RELAX IONS : 5 (in total: 5)
 -------------------------------------------
 DONE(294.979702 SEC) : INIT SCF
 * * * * * *
 << Start SCF iteration.
 ITER       ETOT/eV          EDIFF/eV         DRHO     TIME/s
 CG1     -2.52260172e+02   0.00000000e+00   5.0725e-05  40.29
 ITER       ETOT/eV          EDIFF/eV         DRHO     TIME/s
 CG1     -2.52260172e+02   0.00000000e+00   5.0725e-05  40.21
 CG2     -2.52260331e+02  -1.58480298e-04   1.5868e-06  18.27
 CG2     -2.52260331e+02  -1.58480298e-04   1.5868e-06  17.80
 CG3     -2.52260336e+02  -5.53354111e-06   7.7720e-08  38.50
 CG3     -2.52260336e+02  -5.53354111e-06   7.7720e-08  40.05
 CG4     -2.52260336e+02  -2.00293051e-07   2.4946e-09  23.48
 >> Leave SCF iteration.
 * * * * * *
 CG4     -2.52260336e+02  -2.00293051e-07   2.4946e-09  25.48
 >> Leave SCF iteration.
 * * * * * *
----------------------------------------------------------------
 TOTAL-STRESS (KBAR)                                            
----------------------------------------------------------------
        -2.3040949925         0.0000000000         0.0797038942 
         0.0000000000        -2.4626756236         0.0000000000 
         0.0797038942         0.0000000000        -2.7552215538 
----------------------------------------------------------------
 TOTAL-PRESSURE: -2.507331 KBAR

 ETOT DIFF (eV)       : -0.002768
 LARGEST GRAD (eV/A)  : 0.081929
 BFGS TRUST (Bohr)    : 0.047801
 -------------------------------------------
 RELAX CELL : 1
 RELAX IONS : 6 (in total: 6)
 -------------------------------------------
 DONE(424.696163 SEC) : INIT SCF
 * * * * * *
 << Start SCF iteration.
----------------------------------------------------------------
 TOTAL-STRESS (KBAR)                                            
----------------------------------------------------------------
        -2.3040949925         0.0000000000         0.0797038942 
         0.0000000000        -2.4626756236         0.0000000000 
         0.0797038942         0.0000000000        -2.7552215538 
----------------------------------------------------------------
 TOTAL-PRESSURE: -2.507331 KBAR

 ETOT DIFF (eV)       : -0.002768
 LARGEST GRAD (eV/A)  : 0.081929
 BFGS TRUST (Bohr)    : 0.047801
 -------------------------------------------
 RELAX CELL : 1
 RELAX IONS : 6 (in total: 6)
 -------------------------------------------
 DONE(425.389202 SEC) : INIT SCF
 * * * * * *
 << Start SCF iteration.
 ITER       ETOT/eV          EDIFF/eV         DRHO     TIME/s
 CG1     -2.52262043e+02   0.00000000e+00   9.5336e-05  45.53
 ITER       ETOT/eV          EDIFF/eV         DRHO     TIME/s
 CG1     -2.52262043e+02   0.00000000e+00   9.5336e-05  45.69
 CG2     -2.52262272e+02  -2.29463420e-04   3.3601e-06  25.24
 CG2     -2.52262272e+02  -2.29463420e-04   3.3601e-06  26.24
 CG3     -2.52262282e+02  -9.60339732e-06   2.5129e-07  26.42
 CG3     -2.52262282e+02  -9.60339732e-06   2.5129e-07  25.48
 CG4     -2.52262282e+02  -6.62622707e-07   1.3185e-08  27.47
 CG4     -2.52262282e+02  -6.62622707e-07   1.3185e-08  28.40
 CG5     -2.52262282e+02  -4.86103026e-08   2.4386e-10  39.21
 >> Leave SCF iteration.
 * * * * * *
 CG5     -2.52262282e+02  -4.86103026e-08   2.4386e-10  39.40
 >> Leave SCF iteration.
 * * * * * *
----------------------------------------------------------------
 TOTAL-STRESS (KBAR)                                            
----------------------------------------------------------------
        -2.6237375017         0.0000000000         0.0092263009 
         0.0000000000        -2.6380064313         0.0000000000 
         0.0092263009         0.0000000000        -2.9849215789 
----------------------------------------------------------------
 TOTAL-PRESSURE: -2.748889 KBAR

 ETOT DIFF (eV)       : -0.001946
 LARGEST GRAD (eV/A)  : 0.046364
 BFGS TRUST (Bohr)    : 0.020442
 -------------------------------------------
 RELAX CELL : 1
 RELAX IONS : 7 (in total: 7)
 -------------------------------------------
----------------------------------------------------------------
 TOTAL-STRESS (KBAR)                                            
----------------------------------------------------------------
        -2.6237375017         0.0000000000         0.0092263009 
         0.0000000000        -2.6380064313         0.0000000000 
         0.0092263009         0.0000000000        -2.9849215789 
----------------------------------------------------------------
 TOTAL-PRESSURE: -2.748889 KBAR

 ETOT DIFF (eV)       : -0.001946
 LARGEST GRAD (eV/A)  : 0.046364
 BFGS TRUST (Bohr)    : 0.020442
 -------------------------------------------
 RELAX CELL : 1
 RELAX IONS : 7 (in total: 7)
 -------------------------------------------
 DONE(601.404199 SEC) : INIT SCF
 * * * * * *
 << Start SCF iteration.
 DONE(601.419478 SEC) : INIT SCF
 * * * * * *
 << Start SCF iteration.
 ITER       ETOT/eV          EDIFF/eV         DRHO     TIME/s
 CG1     -2.52262606e+02   0.00000000e+00   1.8003e-05  18.31
 CG2     -2.52262631e+02  -2.44668771e-05   8.1250e-07   6.12
 ITER       ETOT/eV          EDIFF/eV         DRHO     TIME/s
 CG1     -2.52262606e+02   0.00000000e+00   1.8003e-05  27.30
 CG3     -2.52262632e+02  -1.36454990e-06   4.2096e-08  10.13
 CG2     -2.52262631e+02  -2.44668771e-05   8.1250e-07  12.54
 CG4     -2.52262632e+02  -2.02719721e-07   1.5699e-09  10.65
 >> Leave SCF iteration.
 * * * * * *
----------------------------------------------------------------
 TOTAL-STRESS (KBAR)                                            
----------------------------------------------------------------
        -2.6674185551         0.0000000000         0.0002015743 
         0.0000000000        -2.6674136288         0.0000000000 
         0.0002015743         0.0000000000        -3.0220343666 
----------------------------------------------------------------
 TOTAL-PRESSURE: -2.785622 KBAR

 ETOT DIFF (eV)       : -0.000350
 LARGEST GRAD (eV/A)  : 0.011449
 BFGS TRUST (Bohr)    : 0.004472
 -------------------------------------------
 RELAX CELL : 1
 RELAX IONS : 8 (in total: 8)
 -------------------------------------------
 DONE(653.111267 SEC) : INIT SCF
 * * * * * *
 << Start SCF iteration.
 CG3     -2.52262632e+02  -1.36454990e-06   4.2096e-08  18.82
 CG4     -2.52262632e+02  -2.02719721e-07   1.5699e-09  15.37
 >> Leave SCF iteration.
 * * * * * *
 ITER       ETOT/eV          EDIFF/eV         DRHO     TIME/s
 CG1     -2.52262658e+02   0.00000000e+00   3.9904e-07  26.76
----------------------------------------------------------------
 TOTAL-STRESS (KBAR)                                            
----------------------------------------------------------------
        -2.6674185551         0.0000000000         0.0002015743 
         0.0000000000        -2.6674136288         0.0000000000 
         0.0002015743         0.0000000000        -3.0220343666 
----------------------------------------------------------------
 TOTAL-PRESSURE: -2.785622 KBAR

 ETOT DIFF (eV)       : -0.000350
 LARGEST GRAD (eV/A)  : 0.011449
 BFGS TRUST (Bohr)    : 0.004472
 -------------------------------------------
 RELAX CELL : 1
 RELAX IONS : 8 (in total: 8)
 -------------------------------------------
 DONE(682.027762 SEC) : INIT SCF
 * * * * * *
 << Start SCF iteration.
 CG2     -2.52262659e+02  -7.15399478e-07   1.7556e-08   9.28
 CG3     -2.52262659e+02  -4.38418428e-08   1.2197e-09  13.64
 >> Leave SCF iteration.
 * * * * * *
 ITER       ETOT/eV          EDIFF/eV         DRHO     TIME/s
 CG1     -2.52262653e+02   0.00000000e+00   1.7905e-06  24.95
----------------------------------------------------------------
 TOTAL-STRESS (KBAR)                                            
----------------------------------------------------------------
        -2.6694649317         0.0000000000        -0.0000103082 
         0.0000000000        -2.6694123987         0.0000000000 
        -0.0000103082         0.0000000000        -3.0243837628 
----------------------------------------------------------------
 TOTAL-PRESSURE: -2.787754 KBAR

 ETOT DIFF (eV)       : -0.000027
 LARGEST GRAD (eV/A)  : 0.002199
 DONE(709.205701 SEC) : SETUP UNITCELL
 -------------------------------------------
 RELAX CELL : 2
 RELAX IONS : 1 (in total: 9)
 -------------------------------------------
 DONE(709.276658 SEC) : LOCAL POTENTIAL
 DONE(709.344743 SEC) : SYMMETRY
 DONE(709.346159 SEC) : INIT K-POINTS
 DONE(709.376982 SEC) : NON-LOCAL POTENTIAL
 DONE(709.633843 SEC) : INIT SCF
 * * * * * *
 << Start SCF iteration.
 CG2     -2.52262659e+02  -5.66657794e-06   5.4751e-08  10.32
 CG3     -2.52262659e+02  -1.95865610e-07   2.4604e-09  14.07
 >> Leave SCF iteration.
 * * * * * *
 ITER       ETOT/eV          EDIFF/eV         DRHO     TIME/s
 CG1     -2.52262841e+02   0.00000000e+00   1.7064e-06  25.42
----------------------------------------------------------------
 TOTAL-STRESS (KBAR)                                            
----------------------------------------------------------------
        -2.6693960537         0.0000000000        -0.0000318902 
         0.0000000000        -2.6693880597         0.0000000000 
        -0.0000318902         0.0000000000        -3.0243342881 
----------------------------------------------------------------
 TOTAL-PRESSURE: -2.787706 KBAR

 ETOT DIFF (eV)       : -0.000027
 LARGEST GRAD (eV/A)  : 0.002336
 DONE(738.084744 SEC) : SETUP UNITCELL
 -------------------------------------------
 RELAX CELL : 2
 RELAX IONS : 1 (in total: 9)
 -------------------------------------------
 DONE(738.156495 SEC) : LOCAL POTENTIAL
 DONE(738.222752 SEC) : SYMMETRY
 DONE(738.223838 SEC) : INIT K-POINTS
 DONE(738.254065 SEC) : NON-LOCAL POTENTIAL
 DONE(738.476823 SEC) : INIT SCF
 * * * * * *
 << Start SCF iteration.
 CG2     -2.52262840e+02   7.04379865e-07   2.0592e-07   8.71
 CG3     -2.52262840e+02  -1.29056032e-07   4.7692e-10   9.44
 >> Leave SCF iteration.
 * * * * * *
----------------------------------------------------------------
 TOTAL-STRESS (KBAR)                                            
----------------------------------------------------------------
        -0.9652567096         0.0000000000        -0.0000093565 
         0.0000000000        -0.9652155097         0.0000000000 
        -0.0000093565         0.0000000000        -1.2878726809 
----------------------------------------------------------------
 TOTAL-PRESSURE: -1.072782 KBAR

 ETOT DIFF (eV)       : 0.000000
 LARGEST GRAD (eV/A)  : 0.002280
 DONE(762.242359 SEC) : SETUP UNITCELL
 -------------------------------------------
 RELAX CELL : 3
 RELAX IONS : 1 (in total: 10)
 -------------------------------------------
 DONE(762.314361 SEC) : LOCAL POTENTIAL
 DONE(762.386627 SEC) : SYMMETRY
 DONE(762.388206 SEC) : INIT K-POINTS
 DONE(762.419027 SEC) : NON-LOCAL POTENTIAL
 DONE(762.712640 SEC) : INIT SCF
 * * * * * *
 << Start SCF iteration.
 ITER       ETOT/eV          EDIFF/eV         DRHO     TIME/s
 CG1     -2.52262841e+02   0.00000000e+00   1.7064e-06  26.43
 CG2     -2.52262840e+02   7.02931636e-07   2.0594e-07   5.31
 CG3     -2.52262840e+02  -1.28255810e-07   4.7657e-10   5.87
 >> Leave SCF iteration.
 * * * * * *
 ITER       ETOT/eV          EDIFF/eV         DRHO     TIME/s
 CG1     -2.52262841e+02   0.00000000e+00   3.1162e-10  16.72
 >> Leave SCF iteration.
 * * * * * *
----------------------------------------------------------------
 TOTAL-STRESS (KBAR)                                            
----------------------------------------------------------------
        -0.9652966985         0.0000000000         0.0000119128 
         0.0000000000        -0.9652559408         0.0000000000 
         0.0000119128         0.0000000000        -1.2879628068 
----------------------------------------------------------------
 TOTAL-PRESSURE: -1.072838 KBAR

 ETOT DIFF (eV)       : 0.000000
 LARGEST GRAD (eV/A)  : 0.002286
 DONE(782.222105 SEC) : SETUP UNITCELL
 -------------------------------------------
 RELAX CELL : 3
 RELAX IONS : 1 (in total: 10)
 -------------------------------------------
 DONE(782.292227 SEC) : LOCAL POTENTIAL
 DONE(782.356769 SEC) : SYMMETRY
 DONE(782.357731 SEC) : INIT K-POINTS
 DONE(782.388093 SEC) : NON-LOCAL POTENTIAL
 DONE(782.589618 SEC) : INIT SCF
 * * * * * *
 << Start SCF iteration.
----------------------------------------------------------------
 TOTAL-STRESS (KBAR)                                            
----------------------------------------------------------------
        -0.9431258088         0.0000000000        -0.0000097911 
         0.0000000000        -0.9431005766         0.0000000000 
        -0.0000097911         0.0000000000        -1.2656914689 
----------------------------------------------------------------
 TOTAL-PRESSURE: -1.050639 KBAR

 ETOT DIFF (eV)       : 0.000000
 LARGEST GRAD (eV/A)  : 0.002277
 DONE(785.463923 SEC) : SETUP UNITCELL
 -------------------------------------------
 RELAX CELL : 4
 RELAX IONS : 1 (in total: 11)
 -------------------------------------------
 DONE(785.535440 SEC) : LOCAL POTENTIAL
 DONE(785.599913 SEC) : SYMMETRY
 DONE(785.600937 SEC) : INIT K-POINTS
 DONE(785.631226 SEC) : NON-LOCAL POTENTIAL
 DONE(785.831578 SEC) : INIT SCF
 * * * * * *
 << Start SCF iteration.
 ITER       ETOT/eV          EDIFF/eV         DRHO     TIME/s
 CG1     -2.52262841e+02   0.00000000e+00   3.0951e-10  19.07
 >> Leave SCF iteration.
 * * * * * *
 ITER       ETOT/eV          EDIFF/eV         DRHO     TIME/s
 CG1     -2.52262872e+02   0.00000000e+00   6.4800e-07  17.32
----------------------------------------------------------------
 TOTAL-STRESS (KBAR)                                            
----------------------------------------------------------------
        -0.9431146850         0.0000000000         0.0000125984 
         0.0000000000        -0.9430944458         0.0000000000 
         0.0000125984         0.0000000000        -1.2656825815 
----------------------------------------------------------------
 TOTAL-PRESSURE: -1.050631 KBAR

 ETOT DIFF (eV)       : 0.000000
 LARGEST GRAD (eV/A)  : 0.002282
 DONE(807.766160 SEC) : SETUP UNITCELL
 -------------------------------------------
 RELAX CELL : 4
 RELAX IONS : 1 (in total: 11)
 -------------------------------------------
 DONE(807.839153 SEC) : LOCAL POTENTIAL
 DONE(807.904023 SEC) : SYMMETRY
 DONE(807.905028 SEC) : INIT K-POINTS
 DONE(807.935476 SEC) : NON-LOCAL POTENTIAL
 DONE(808.143060 SEC) : INIT SCF
 * * * * * *
 << Start SCF iteration.
 CG2     -2.52262871e+02   2.67270068e-07   7.8169e-08   6.19
 CG3     -2.52262871e+02  -4.89353216e-08   1.8250e-10   7.43
 >> Leave SCF iteration.
 * * * * * *
----------------------------------------------------------------
 TOTAL-STRESS (KBAR)                                            
----------------------------------------------------------------
         0.1196990086         0.0000000000        -0.0000020297 
         0.0000000000         0.1197293133         0.0000000000 
        -0.0000020297         0.0000000000        -0.1846564858 
----------------------------------------------------------------
 TOTAL-PRESSURE: 0.018257 KBAR

 ETOT DIFF (eV)       : 0.000000
 LARGEST GRAD (eV/A)  : 0.002294
TIME STATISTICS
-----------------------------------------------------------------------------
    CLASS_NAME                NAME             TIME/s  CALLS   AVG/s  PER/%  
-----------------------------------------------------------------------------
                   total                       823.42 67       12.29  100.00 
 Driver            reading                     0.02   1        0.02   0.00   
 Input_Conv        Convert                     0.00   1        0.00   0.00   
 Driver            driver_line                 823.41 1        823.41 100.00 
 UnitCell          check_tau                   0.00   1        0.00   0.00   
 PW_Basis_Sup      setuptransform              0.00   1        0.00   0.00   
 PW_Basis_Sup      distributeg                 0.00   1        0.00   0.00   
 mymath            heapsort                    0.01   761      0.00   0.00   
 Symmetry          analy_sys                   0.27   4        0.07   0.03   
 PW_Basis_K        setuptransform              0.01   1        0.01   0.00   
 PW_Basis_K        distributeg                 0.00   1        0.00   0.00   
 PW_Basis          setup_struc_factor          0.02   8        0.00   0.00   
 ppcell_vnl        init                        0.00   1        0.00   0.00   
 ppcell_vl         init_vloc                   0.21   4        0.05   0.03   
 ppcell_vnl        init_vnl                    0.12   4        0.03   0.01   
 WF_atomic         init_at_1                   0.21   4        0.05   0.02   
 wavefunc          wfcinit                     0.00   1        0.00   0.00   
 Ions              opt_ions                    822.96 1        822.96 99.94  
 ESolver_KS_PW     runner                      739.36 11       67.21  89.79  
 H_Ewald_pw        compute_ewald               0.01   11       0.00   0.00   
 Charge            set_rho_core                0.41   11       0.04   0.05   
 PW_Basis_Sup      recip2real                  0.61   536      0.00   0.07   
 PW_Basis_Sup      gathers_scatterp            0.13   536      0.00   0.02   
 Charge            atomic_rho                  0.64   19       0.03   0.08   
 Potential         init_pot                    0.50   11       0.05   0.06   
 Potential         update_from_charge          3.04   55       0.06   0.37   
 Potential         cal_fixed_v                 0.02   11       0.00   0.00   
 PotLocal          cal_fixed_v                 0.02   11       0.00   0.00   
 Potential         cal_v_eff                   3.01   55       0.05   0.37   
 H_Hartree_pw      v_hartree                   0.23   55       0.00   0.03   
 PW_Basis_Sup      real2recip                  0.69   704      0.00   0.08   
 PW_Basis_Sup      gatherp_scatters            0.09   704      0.00   0.01   
 PotXC             cal_v_eff                   2.76   55       0.05   0.33   
 XC_Functional     v_xc                        3.90   77       0.05   0.47   
 Potential         interpolate_vrs             0.01   55       0.00   0.00   
 Symmetry          rhog_symmetry               1.75   66       0.03   0.21   
 Symmetry          group fft grids             0.30   66       0.00   0.04   
 Charge_Mixing     init_mixing                 0.01   11       0.00   0.00   
 ESolver_KS_PW     hamilt2density              732.61 55       13.32  88.97  
 HSolverPW         solve                       730.85 55       13.29  88.76  
 Nonlocal          getvnl                      26.68  5500     0.00   3.24   
 pp_cell_vnl       getvnl                      26.64  5500     0.00   3.24   
 Structure_Factor  get_sk                      4.28   8100     0.00   0.52   
 WF_atomic         atomic_wfc                  0.19   100      0.00   0.02   
 DiagoIterAssist   diagH_subspace_init         1.28   100      0.01   0.16   
 Operator          hPsi                        570.60 310317   0.00   69.30  
 Operator          EkineticPW                  14.66  310317   0.00   1.78   
 Operator          VeffPW                      360.47 310317   0.00   43.78  
 PW_Basis_K        recip2real                  198.04 476317   0.00   24.05  
 PW_Basis_K        gathers_scatterp            61.91  476317   0.00   7.52   
 PW_Basis_K        real2recip                  110.75 388317   0.00   13.45  
 PW_Basis_K        gatherp_scatters            10.01  388317   0.00   1.22   
 Operator          NonlocalPW                  193.01 310317   0.00   23.44  
 Nonlocal          add_nonlocal_pp             101.62 310317   0.00   12.34  
 DiagoIterAssist   diagH_LAPACK                1.02   5200     0.00   0.12   
 DiagoCG           diag_once                   555.41 5500     0.10   67.45  
 DiagoCG_New       spsi_func                   7.15   610234   0.00   0.87   
 DiagoCG_New       hpsi_func                   483.34 305117   0.00   58.70  
 ElecStatePW       psiToRho                    40.50  55       0.74   4.92   
 Charge_Mixing     get_drho                    0.16   55       0.00   0.02   
 Charge_Mixing     inner_product_recip_rho     0.02   55       0.00   0.00   
 Charge            mix_rho                     0.16   33       0.00   0.02   
 Charge            Broyden_mixing              0.04   33       0.00   0.00   
 DiagoIterAssist   diagH_subspace              95.72  5100     0.02   11.62  
 Charge_Mixing     inner_product_recip_hartree 0.02   88       0.00   0.00   
 Forces            cal_force_loc               0.09   11       0.01   0.01   
 Forces            cal_force_ew                0.12   11       0.01   0.01   
 Forces            cal_force_nl                18.26  11       1.66   2.22   
 FS_Nonlocal_tools cal_becp                    10.14  2200     0.00   1.23   
 FS_Nonlocal_tools cal_dbecp_f                 12.78  3300     0.00   1.55   
 Forces            cal_force_cc                1.34   11       0.12   0.16   
 Forces            cal_force_scc               0.69   11       0.06   0.08   
 Stress_PW         cal_stress                  63.08  11       5.73   7.66   
 Stress_Func       stress_kin                  1.75   11       0.16   0.21   
 Stress_Func       stress_har                  0.05   11       0.00   0.01   
 Stress_Func       stress_ewa                  0.07   11       0.01   0.01   
 Stress_Func       stress_gga                  0.31   11       0.03   0.04   
 Stress_Func       stress_loc                  1.59   11       0.14   0.19   
 Stress_Func       stress_cc                   2.54   11       0.23   0.31   
 Stress_Func       stress_nl                   56.76  11       5.16   6.89   
 FS_Nonlocal_tools cal_dbecp_s                 51.96  6600     0.01   6.31   
 ESolver_KS_PW     init_after_vc               0.74   3        0.25   0.09   
 ModuleIO          write_istate_info           0.01   1        0.01   0.00   
-----------------------------------------------------------------------------


 START  Time  : Thu Jul 18 14:21:29 2024
 FINISH Time  : Thu Jul 18 14:35:13 2024
 TOTAL  Time  : 824
 SEE INFORMATION IN : OUT.ABACUS/
