                                                                                     
                              ABACUS v3.9.0.9

               Atomic-orbital Based Ab-initio Computation at UStc                    

                     Website: http://abacus.ustc.edu.cn/                             
               Documentation: https://abacus.deepmodeling.com/                       
                  Repository: https://github.com/abacusmodeling/abacus-develop       
                              https://github.com/deepmodeling/abacus-develop         
                      Commit: 012c2169b (Fri Jul 11 00:54:40 2025 +0800)

 Fri Jul 11 10:16:08 2025
                                                                                     
                              ABACUS v3.9.0.9

               Atomic-orbital Based Ab-initio Computation at UStc                    

                     Website: http://abacus.ustc.edu.cn/                             
               Documentation: https://abacus.deepmodeling.com/                       
                  Repository: https://github.com/abacusmodeling/abacus-develop       
                              https://github.com/deepmodeling/abacus-develop         
                      Commit: 012c2169b (Fri Jul 11 00:54:40 2025 +0800)

 Fri Jul 11 10:16:08 2025
                                                                                     
                              ABACUS v3.9.0.9

               Atomic-orbital Based Ab-initio Computation at UStc                    

                     Website: http://abacus.ustc.edu.cn/                             
               Documentation: https://abacus.deepmodeling.com/                       
                  Repository: https://github.com/abacusmodeling/abacus-develop       
                              https://github.com/deepmodeling/abacus-develop         
                      Commit: 012c2169b (Fri Jul 11 00:54:40 2025 +0800)

 Fri Jul 11 10:16:08 2025
                                                                                     
                              ABACUS v3.9.0.9

               Atomic-orbital Based Ab-initio Computation at UStc                    

                     Website: http://abacus.ustc.edu.cn/                             
               Documentation: https://abacus.deepmodeling.com/                       
                  Repository: https://github.com/abacusmodeling/abacus-develop       
                              https://github.com/deepmodeling/abacus-develop         
                      Commit: 012c2169b (Fri Jul 11 00:54:40 2025 +0800)

 Fri Jul 11 10:16:08 2025
                                                                                     
                              ABACUS v3.9.0.9

               Atomic-orbital Based Ab-initio Computation at UStc                    

                     Website: http://abacus.ustc.edu.cn/                             
               Documentation: https://abacus.deepmodeling.com/                       
                  Repository: https://github.com/abacusmodeling/abacus-develop       
                              https://github.com/deepmodeling/abacus-develop         
                      Commit: 012c2169b (Fri Jul 11 00:54:40 2025 +0800)

 Fri Jul 11 10:16:08 2025
                                                                                     
                              ABACUS v3.9.0.9

               Atomic-orbital Based Ab-initio Computation at UStc                    

                     Website: http://abacus.ustc.edu.cn/                             
               Documentation: https://abacus.deepmodeling.com/                       
                  Repository: https://github.com/abacusmodeling/abacus-develop       
                              https://github.com/deepmodeling/abacus-develop         
                      Commit: 012c2169b (Fri Jul 11 00:54:40 2025 +0800)

 Fri Jul 11 10:16:08 2025
                                                                                     
                              ABACUS v3.9.0.9

               Atomic-orbital Based Ab-initio Computation at UStc                    

                     Website: http://abacus.ustc.edu.cn/                             
               Documentation: https://abacus.deepmodeling.com/                       
                  Repository: https://github.com/abacusmodeling/abacus-develop       
                              https://github.com/deepmodeling/abacus-develop         
                      Commit: 012c2169b (Fri Jul 11 00:54:40 2025 +0800)

 Fri Jul 11 10:16:08 2025
                                                                                     
                              ABACUS v3.9.0.9

               Atomic-orbital Based Ab-initio Computation at UStc                    

                     Website: http://abacus.ustc.edu.cn/                             
               Documentation: https://abacus.deepmodeling.com/                       
                  Repository: https://github.com/abacusmodeling/abacus-develop       
                              https://github.com/deepmodeling/abacus-develop         
                      Commit: 012c2169b (Fri Jul 11 00:54:40 2025 +0800)

 Fri Jul 11 10:16:08 2025
                                                                                     
                              ABACUS v3.9.0.9

               Atomic-orbital Based Ab-initio Computation at UStc                    

                     Website: http://abacus.ustc.edu.cn/                             
               Documentation: https://abacus.deepmodeling.com/                       
                  Repository: https://github.com/abacusmodeling/abacus-develop       
                              https://github.com/deepmodeling/abacus-develop         
                      Commit: 012c2169b (Fri Jul 11 00:54:40 2025 +0800)

 Fri Jul 11 10:16:08 2025
                                                                                     
                              ABACUS v3.9.0.9

               Atomic-orbital Based Ab-initio Computation at UStc                    

                     Website: http://abacus.ustc.edu.cn/                             
               Documentation: https://abacus.deepmodeling.com/                       
                  Repository: https://github.com/abacusmodeling/abacus-develop       
                              https://github.com/deepmodeling/abacus-develop         
                      Commit: 012c2169b (Fri Jul 11 00:54:40 2025 +0800)

 Fri Jul 11 10:16:08 2025
                                                                                     
                              ABACUS v3.9.0.9

               Atomic-orbital Based Ab-initio Computation at UStc                    

                     Website: http://abacus.ustc.edu.cn/                             
               Documentation: https://abacus.deepmodeling.com/                       
                  Repository: https://github.com/abacusmodeling/abacus-develop       
                              https://github.com/deepmodeling/abacus-develop         
                      Commit: 012c2169b (Fri Jul 11 00:54:40 2025 +0800)

 Fri Jul 11 10:16:08 2025
                                                                                     
                              ABACUS v3.9.0.9

               Atomic-orbital Based Ab-initio Computation at UStc                    

                     Website: http://abacus.ustc.edu.cn/                             
               Documentation: https://abacus.deepmodeling.com/                       
                  Repository: https://github.com/abacusmodeling/abacus-develop       
                              https://github.com/deepmodeling/abacus-develop         
                      Commit: 012c2169b (Fri Jul 11 00:54:40 2025 +0800)

 Fri Jul 11 10:16:08 2025
                                                                                     
                              ABACUS v3.9.0.9

               Atomic-orbital Based Ab-initio Computation at UStc                    

                     Website: http://abacus.ustc.edu.cn/                             
               Documentation: https://abacus.deepmodeling.com/                       
                  Repository: https://github.com/abacusmodeling/abacus-develop       
                              https://github.com/deepmodeling/abacus-develop         
                      Commit: 012c2169b (Fri Jul 11 00:54:40 2025 +0800)

 Fri Jul 11 10:16:08 2025
                                                                                     
                              ABACUS v3.9.0.9

               Atomic-orbital Based Ab-initio Computation at UStc                    

                     Website: http://abacus.ustc.edu.cn/                             
               Documentation: https://abacus.deepmodeling.com/                       
                  Repository: https://github.com/abacusmodeling/abacus-develop       
                              https://github.com/deepmodeling/abacus-develop         
                      Commit: 012c2169b (Fri Jul 11 00:54:40 2025 +0800)

 Fri Jul 11 10:16:08 2025
                                                                                     
                              ABACUS v3.9.0.9

               Atomic-orbital Based Ab-initio Computation at UStc                    

                     Website: http://abacus.ustc.edu.cn/                             
               Documentation: https://abacus.deepmodeling.com/                       
                  Repository: https://github.com/abacusmodeling/abacus-develop       
                              https://github.com/deepmodeling/abacus-develop         
                      Commit: 012c2169b (Fri Jul 11 00:54:40 2025 +0800)

 Fri Jul 11 10:16:08 2025
                                                                                     
                              ABACUS v3.9.0.9

               Atomic-orbital Based Ab-initio Computation at UStc                    

                     Website: http://abacus.ustc.edu.cn/                             
               Documentation: https://abacus.deepmodeling.com/                       
                  Repository: https://github.com/abacusmodeling/abacus-develop       
                              https://github.com/deepmodeling/abacus-develop         
                      Commit: 012c2169b (Fri Jul 11 00:54:40 2025 +0800)

 Fri Jul 11 10:16:08 2025
 Can't find the INPUT file.
 
 ---------------------------------------------------------
                         !NOTICE!                         
 ---------------------------------------------------------
 
 Error during readin parameters.
 CHECK IN FILE : warning.log
 
 For detailed manual of ABACUS, please see the website
 https://abacus.deepmodeling.com
 For any questions, propose issues on the website
 https://github.com/deepmodeling/abacus-develop/issues
 --------------------------------------------------------- Can't find the INPUT file.
 
 ---------------------------------------------------------
                         !NOTICE!                         
 ---------------------------------------------------------
 
 Error during readin parameters.
 CHECK IN FILE : warning.log
 
 For detailed manual of ABACUS, please see the website
 https://abacus.deepmodeling.com
 For any questions, propose issues on the website
 https://github.com/deepmodeling/abacus-develop/issues
 ---------------------------------------------------------
                         !NOTICE!                         
 ---------------------------------------------------------

TIME STATISTICS
-----------------------------------------------------
 CLASS_NAME    NAME    TIME/s  CALLS   AVG/s  PER/%  
-----------------------------------------------------
            total      0.00   1        0.00   100.00 
-----------------------------------------------------

 Can't find the INPUT file.
 
 ---------------------------------------------------------
                         !NOTICE!                         
 ---------------------------------------------------------
 
 Error during readin parameters.
 CHECK IN FILE : warning.log
 
 For detailed manual of ABACUS, please see the website
 https://abacus.deepmodeling.com
 For any questions, propose issues on the website
 https://github.com/deepmodeling/abacus-develop/issues
 ---------------------------------------------------------
                         !NOTICE!                         
 ---------------------------------------------------------

                         !NOTICE!                         
 ---------------------------------------------------------

TIME STATISTICS
-----------------------------------------------------
 CLASS_NAME    NAME    TIME/s  CALLS   AVG/s  PER/%  
-----------------------------------------------------
            total      0.00   1        0.00   100.00 
-----------------------------------------------------

 See output information in : 

TIME STATISTICS
-----------------------------------------------------
 CLASS_NAME    NAME    TIME/s  CALLS   AVG/s  PER/%  
-----------------------------------------------------
            total      0.00   1        0.00   100.00 
-----------------------------------------------------

 Can't find the INPUT file.
 
 ---------------------------------------------------------
                         !NOTICE!                         
 ---------------------------------------------------------
  Can't find the INPUT file.
 
 ---------------------------------------------------------
                         !NOTICE!                         
 ---------------------------------------------------------
 
 Error during readin parameters.
 CHECK IN FILE : warning.log
 

 Error during readin parameters.
 CHECK IN FILE : warning.log
 
 For detailed manual of ABACUS, please see the website
 https://abacus.deepmodeling.com
 For any questions, propose issues on the website
 For detailed manual of ABACUS, please see the website
 https://abacus.deepmodeling.com
 For any questions, propose issues on the website
 https://github.com/deepmodeling/abacus-develop/issues
 ---------------------------------------------------------
                         !NOTICE!                         
 ---------------------------------------------------------
 https://github.com/deepmodeling/abacus-develop/issues
 ---------------------------------------------------------
                         !NOTICE!                         
 ---------------------------------------------------------

TIME STATISTICS
-----------------------------------------------------
 CLASS_NAME    NAME    TIME/s  CALLS   AVG/s  PER/%  
-----------------------------------------------------
            total      0.00   1        0.00   100.00 
-----------------------------------------------------


TIME STATISTICS
-----------------------------------------------------
 CLASS_NAME    NAME    TIME/s  CALLS   AVG/s  PER/%  
-----------------------------------------------------
            total      0.00   1        0.00   100.00 
-----------------------------------------------------

 Can't find the INPUT file.
 
 ---------------------------------------------------------
                         !NOTICE!                         
 ---------------------------------------------------------
 
 Error during readin parameters.
 CHECK IN FILE : warning.log
 
 For detailed manual of ABACUS, please see the website
 https://abacus.deepmodeling.com
 For any questions, propose issues on the website
 https://github.com/deepmodeling/abacus-develop/issues
 ---------------------------------------------------------
                         !NOTICE!                         
 ---------------------------------------------------------

TIME STATISTICS
-----------------------------------------------------
 CLASS_NAME    NAME    TIME/s  CALLS   AVG/s  PER/%  
-----------------------------------------------------
            total      0.00   1        0.00   100.00 
-----------------------------------------------------

 Can't find the INPUT file.
 
 ---------------------------------------------------------
                         !NOTICE!                         
 ---------------------------------------------------------
 
 Error during readin parameters.
 CHECK IN FILE : warning.log
  Can't find the INPUT file.
 
 ---------------------------------------------------------
                         !NOTICE!                         
 ---------------------------------------------------------
 
 Error during readin parameters.
 CHECK IN FILE : warning.log
 
 For detailed manual of ABACUS, please see the website
 https://abacus.deepmodeling.com
 For any questions, propose issues on the website
 https://github.com/deepmodeling/abacus-develop/issues
 ---------------------------------------------------------
                         !NOTICE!                         
 ---------------------------------------------------------
 Can't find the INPUT file.
 
 ---------------------------------------------------------
                         !NOTICE!                         
 ---------------------------------------------------------
 
 Error during readin parameters.
 CHECK IN FILE : warning.log
 
 For detailed manual of ABACUS, please see the website
 https://abacus.deepmodeling.com
 For any questions, propose issues on the website

 For detailed manual of ABACUS, please see the website
 https://abacus.deepmodeling.com
 For any questions, propose issues on the website
 https://github.com/deepmodeling/abacus-develop/issues
 ---------------------------------------------------------
                         !NOTICE!                         
 ---------------------------------------------------------

TIME STATISTICS
-----------------------------------------------------
 CLASS_NAME    NAME    TIME/s  CALLS   AVG/s  PER/%  
-----------------------------------------------------
            total      0.00   1        0.00   100.00 
-----------------------------------------------------

 https://github.com/deepmodeling/abacus-develop/issues
 ---------------------------------------------------------
                         !NOTICE!                         
 ---------------------------------------------------------

TIME STATISTICS
-----------------------------------------------------
 CLASS_NAME    NAME    TIME/s  CALLS   AVG/s  PER/%  
-----------------------------------------------------
            total      0.00   1        0.00   100.00 
-----------------------------------------------------


TIME STATISTICS
-----------------------------------------------------
 CLASS_NAME    NAME    TIME/s  CALLS   AVG/s  PER/%  
-----------------------------------------------------
            total      0.00   1        0.00   100.00 
-----------------------------------------------------

 Can't find the INPUT file.
 
 ---------------------------------------------------------
                         !NOTICE!                         
 ---------------------------------------------------------
 
 Error during readin parameters.
 CHECK IN FILE : warning.log
 
 For detailed manual of ABACUS, please see the website
 https://abacus.deepmodeling.com
 For any questions, propose issues on the website
 https://github.com/deepmodeling/abacus-develop/issues
 --------------------------------------------------------- Can't find the INPUT file.
 
 ---------------------------------------------------------
                         !NOTICE!                         
 ---------------------------------------------------------
 
 Error during readin parameters.
 CHECK IN FILE : warning.log
 
 For detailed manual of ABACUS, please see the website
                         !NOTICE!                         
 ---------------------------------------------------------

TIME STATISTICS
-----------------------------------------------------
 CLASS_NAME    NAME    TIME/s  CALLS   AVG/s  PER/%  
-----------------------------------------------------
            total      0.00   1        0.00   100.00 
-----------------------------------------------------


 https://abacus.deepmodeling.com
 For any questions, propose issues on the website
 https://github.com/deepmodeling/abacus-develop/issues
 ---------------------------------------------------------
                         !NOTICE!                         
 ---------------------------------------------------------

TIME STATISTICS
-----------------------------------------------------
 CLASS_NAME    NAME    TIME/s  CALLS   AVG/s  PER/%  
-----------------------------------------------------
            total      0.00   1        0.00   100.00 
-----------------------------------------------------

 See output information in : 
 See output information in : 
 See output information in : 
 See output information in : 
 See output information in : 
 Can't find the INPUT file.
 
 ---------------------------------------------------------
                         !NOTICE!                         
 ---------------------------------------------------------
 
 Error during readin parameters.
 CHECK IN FILE : warning.log
 
 For detailed manual of ABACUS, please see the website
 https://abacus.deepmodeling.com
 For any questions, propose issues on the website
 https://github.com/deepmodeling/abacus-develop/issues
 ---------------------------------------------------------
                         !NOTICE!                         
 ---------------------------------------------------------
 See output information in : 
 See output information in : 

TIME STATISTICS
-----------------------------------------------------
 CLASS_NAME    NAME    TIME/s  CALLS   AVG/s  PER/%  
-----------------------------------------------------
            total      0.00   1        0.00   100.00 
-----------------------------------------------------

 See output information in : 
 See output information in : 
 See output information in : 
 See output information in : 
 Can't find the INPUT file.
 
 ---------------------------------------------------------
                         !NOTICE!                         
 ---------------------------------------------------------
 
 Error during readin parameters.
 CHECK IN FILE : warning.log
 
 For detailed manual of ABACUS, please see the website
 https://abacus.deepmodeling.com
 For any questions, propose issues on the website
 https://github.com/deepmodeling/abacus-develop/issues
 ---------------------------------------------------------
                         !NOTICE!                         
 ---------------------------------------------------------

TIME STATISTICS
-----------------------------------------------------
 CLASS_NAME    NAME    TIME/s  CALLS   AVG/s  PER/%  
-----------------------------------------------------
            total      0.00   1        0.00   100.00 
-----------------------------------------------------

 See output information in : 
 Can't find the INPUT file.
 
 ---------------------------------------------------------
                         !NOTICE!                         
 ---------------------------------------------------------
 
 Error during readin parameters.
 CHECK IN FILE : warning.log
 
 For detailed manual of ABACUS, please see the website
 https://abacus.deepmodeling.com
 For any questions, propose issues on the website
 https://github.com/deepmodeling/abacus-develop/issues
 ---------------------------------------------------------
                         !NOTICE!                         
 ---------------------------------------------------------

TIME STATISTICS
-----------------------------------------------------
 CLASS_NAME    NAME    TIME/s  CALLS   AVG/s  PER/%  
-----------------------------------------------------
            total      0.00   1        0.00   100.00 
-----------------------------------------------------

 See output information in : 
 Can't find the INPUT file.
 
 ---------------------------------------------------------
                         !NOTICE!                         
 ---------------------------------------------------------
 
 Error during readin parameters.
 CHECK IN FILE : warning.log
 
 For detailed manual of ABACUS, please see the website
 https://abacus.deepmodeling.com
 For any questions, propose issues on the website
 https://github.com/deepmodeling/abacus-develop/issues
 ---------------------------------------------------------
                         !NOTICE!                         
 ---------------------------------------------------------

TIME STATISTICS
-----------------------------------------------------
 CLASS_NAME    NAME    TIME/s  CALLS   AVG/s  PER/%  
-----------------------------------------------------
            total      0.00   1        0.00   100.00 
-----------------------------------------------------

 See output information in : 
 Can't find the INPUT file.
 
 ---------------------------------------------------------
                         !NOTICE!                         
 ---------------------------------------------------------
 
 Error during readin parameters.
 CHECK IN FILE : warning.log
 
 For detailed manual of ABACUS, please see the website
 https://abacus.deepmodeling.com
 For any questions, propose issues on the website
 https://github.com/deepmodeling/abacus-develop/issues
 ---------------------------------------------------------
                         !NOTICE!                         
 ---------------------------------------------------------

TIME STATISTICS
-----------------------------------------------------
 CLASS_NAME    NAME    TIME/s  CALLS   AVG/s  PER/%  
-----------------------------------------------------
            total      0.00   1        0.00   100.00 
-----------------------------------------------------

 See output information in : 
