                                                                                     
                              ABACUS v3.10.0

               Atomic-orbital Based Ab-initio Computation at UStc                    

                     Website: http://abacus.ustc.edu.cn/                             
               Documentation: https://abacus.deepmodeling.com/                       
                  Repository: https://github.com/abacusmodeling/abacus-develop       
                              https://github.com/deepmodeling/abacus-develop         
                      Commit: e84abb490 (Sat Jun 28 13:06:46 2025 +0800)

 Wed Aug 27 23:35:53 2025
 MAKE THE DIR         : OUT.ABACUS/
 RUNNING WITH DEVICE  : CPU / Intel(R) Xeon(R) Gold 6132 CPU @ 2.60GHz
 UNIFORM GRID DIM        : 36 * 36 * 36
 UNIFORM GRID DIM(BIG)   : 36 * 36 * 36
 DONE(0.0345385  SEC) : SETUP UNITCELL
 DONE(0.0652578  SEC) : SYMMETRY
 DONE(0.148101   SEC) : INIT K-POINTS
 ---------------------------------------------------------
 Self-consistent calculations for electrons
 ---------------------------------------------------------
 SPIN    KPOINTS         PROCESSORS  THREADS     
 1       8               16          16          
 ---------------------------------------------------------
 Use plane wave basis
 ---------------------------------------------------------
 ELEMENT NATOM       XC          
 Si      2           
 ---------------------------------------------------------
 Initial plane wave basis and FFT box
 ---------------------------------------------------------
 DONE(0.149666   SEC) : INIT PLANEWAVE
 DONE(0.150991   SEC) : LOCAL POTENTIAL
 DONE(0.16281    SEC) : NON-LOCAL POTENTIAL
 MEMORY FOR PSI (MB)  : 0.242676
 DONE(0.174494   SEC) : INIT BASIS
 -------------------------------------------
 SELF-CONSISTENT : 
 -------------------------------------------
 START CHARGE      : atomic
 DONE(0.18297    SEC) : INIT SCF
 ITER       ETOT/eV          EDIFF/eV         DRHO     TIME/s
 DS1     -2.15454671e+02   0.00000000e+00   6.9970e-02   0.21
 DS2     -2.15504085e+02  -4.94141129e-02   1.7569e-03   0.06
 DS3     -2.15505652e+02  -1.56744926e-03   2.6829e-05   0.09
 DS4     -2.15505697e+02  -4.44221733e-05   3.7189e-07   0.09
 DS5     -2.15505698e+02  -1.69614061e-06   3.1193e-08   0.10
TIME STATISTICS
-----------------------------------------------------------------------------
    CLASS_NAME                NAME             TIME/s  CALLS   AVG/s  PER/%  
-----------------------------------------------------------------------------
                   total                       0.75   17       0.04   100.00 
 Driver            reading                     0.02   1        0.02   2.42   
 Input_Conv        Convert                     0.00   1        0.00   0.14   
 Driver            driver_line                 0.73   1        0.73   97.55  
 UnitCell          check_tau                   0.00   1        0.00   0.00   
 PW_Basis_Sup      setuptransform              0.01   1        0.01   1.08   
 PW_Basis_Sup      distributeg                 0.00   1        0.00   0.13   
 mymath            heapsort                    0.00   174      0.00   0.04   
 Charge_Mixing     init_mixing                 0.00   2        0.00   0.00   
 Symmetry          analy_sys                   0.03   1        0.03   4.11   
 PW_Basis_K        setuptransform              0.00   1        0.00   0.16   
 PW_Basis_K        distributeg                 0.00   1        0.00   0.04   
 PW_Basis          setup_struc_factor          0.00   1        0.00   0.02   
 ppcell_vl         init_vloc                   0.00   1        0.00   0.13   
 ppcell_vnl        init                        0.00   1        0.00   0.02   
 ppcell_vnl        init_vnl                    0.01   1        0.01   1.56   
 WF_atomic         init_at_1                   0.01   1        0.01   1.56   
 wavefunc          wfcinit                     0.00   1        0.00   0.00   
 Ions              opt_ions                    0.57   1        0.57   76.49  
 ESolver_KS_PW     runner                      0.57   1        0.57   76.49  
 ESolver_KS_PW     before_scf                  0.01   1        0.01   1.13   
 H_Ewald_pw        compute_ewald               0.00   1        0.00   0.04   
 Charge            set_rho_core                0.00   1        0.00   0.00   
 Charge            atomic_rho                  0.00   2        0.00   0.43   
 PW_Basis_Sup      recip2real                  0.00   20       0.00   0.48   
 PW_Basis_Sup      gathers_scatterp            0.00   20       0.00   0.25   
 Potential         init_pot                    0.00   1        0.00   0.11   
 Potential         update_from_charge          0.00   6        0.00   0.45   
 Potential         cal_fixed_v                 0.00   1        0.00   0.03   
 PotLocal          cal_fixed_v                 0.00   1        0.00   0.03   
 Potential         cal_v_eff                   0.00   6        0.00   0.41   
 H_Hartree_pw      v_hartree                   0.00   6        0.00   0.24   
 PW_Basis_Sup      real2recip                  0.00   26       0.00   0.43   
 PW_Basis_Sup      gatherp_scatters            0.00   26       0.00   0.15   
 PotXC             cal_v_eff                   0.00   6        0.00   0.17   
 XC_Functional     v_xc                        0.00   6        0.00   0.17   
 Potential         interpolate_vrs             0.00   6        0.00   0.00   
 Symmetry          rhog_symmetry               0.02   7        0.00   2.44   
 Symmetry          group fft grids             0.00   7        0.00   0.55   
 PSIInit           initialize_psi              0.00   1        0.00   0.18   
 Nonlocal          getvnl                      0.00   56       0.00   0.38   
 pp_cell_vnl       getvnl                      0.00   56       0.00   0.38   
 Structure_Factor  get_sk                      0.00   72       0.00   0.09   
 WF_atomic         atomic_wfc                  0.00   8        0.00   0.05   
 ESolver_KS_PW     hamilt2density_single       0.55   6        0.09   73.91  
 HSolverPW         solve                       0.53   6        0.09   71.08  
 Diago_DavSubspace diag_once                   0.47   48       0.01   63.45  
 Diago_DavSubspace first                       0.13   48       0.00   17.46  
 DavSubspace       hpsi_func                   0.34   217      0.00   45.53  
 Operator          hPsi                        0.34   217      0.00   45.51  
 Operator          EkineticPW                  0.00   217      0.00   0.08   
 Operator          VeffPW                      0.33   217      0.00   44.49  
 PW_Basis_K        recip2real                  0.22   2631     0.00   28.92  
 PW_Basis_K        gathers_scatterp            0.08   2631     0.00   11.25  
 PW_Basis_K        real2recip                  0.16   1959     0.00   21.30  
 PW_Basis_K        gatherp_scatters            0.06   1959     0.00   7.75   
 Operator          NonlocalPW                  0.01   217      0.00   0.90   
 Nonlocal          add_nonlocal_pp             0.00   217      0.00   0.28   
 Diago_DavSubspace cal_elem                    0.02   217      0.00   2.61   
 Diago_DavSubspace diag_zhegvx                 0.09   217      0.00   12.56  
 Diago_DavSubspace cal_grad                    0.24   169      0.00   31.94  
 Diago_DavSubspace check_update                0.00   169      0.00   0.01   
 Diago_DavSubspace last                        0.00   56       0.00   0.30   
 Diago_DavSubspace refresh                     0.00   8        0.00   0.08   
 ElecStatePW       psiToRho                    0.05   6        0.01   7.03   
 Charge_Mixing     get_drho                    0.00   6        0.00   0.21   
 Charge_Mixing     inner_product_recip_rho     0.00   6        0.00   0.01   
 Charge            mix_rho                     0.00   4        0.00   0.13   
 Charge            Broyden_mixing              0.00   4        0.00   0.04   
 Charge_Mixing     inner_product_recip_hartree 0.00   12       0.00   0.02   
 ModuleIO          write_rhog                  0.00   1        0.00   0.41   
 ESolver_KS_PW     after_scf                   0.00   1        0.00   0.22   
 ModuleIO          write_istate_info           0.00   1        0.00   0.06   
-----------------------------------------------------------------------------


 START  Time  : Wed Aug 27 23:35:53 2025
 FINISH Time  : Wed Aug 27 23:35:54 2025
 TOTAL  Time  : 1
 SEE INFORMATION IN : OUT.ABACUS/
