                                                                                     
                              ABACUS v3.11.0-beta.4

               Atomic-orbital Based Ab-initio Computation at UStc                    

                     Website: http://abacus.ustc.edu.cn/                             
               Documentation: https://abacus.deepmodeling.com/                       
                  Repository: https://github.com/abacusmodeling/abacus-develop       
                              https://github.com/deepmodeling/abacus-develop         
                      Commit: unknown

 Fri Jun 26 14:52:39 2026
 MAKE THE DIR         : OUT.CaOMgO/
 RUNNING WITH DEVICE  : CPU / Intel(R) Xeon(R) Silver 4116 CPU @ 2.10GHz (x2)
 WARNING: some of potential function is set to zero cause of less than 1e-30.
 WARNING: some of potential function is set to zero cause of less than 1e-30.
 WARNING: some of potential function is set to zero cause of less than 1e-30.

%%%%%%%%%%%%%%%%%%%%%%%%%%%%%%%%%%%%%%%%%%%%%%%%%%%%%%%%%%%%%%%%%%%%%%%%%%%%%%%%%%%%%%%%%%%%%%%%%%%%%%%%%
 Warning: the number of valence electrons in pseudopotential > 2 for Ca: [Ar] 4s2
 Pseudopotentials with additional electrons can yield (more) accurate outcomes, but may be less efficient.
 If you're confident that your chosen pseudopotential is appropriate, you can safely ignore this warning.
%%%%%%%%%%%%%%%%%%%%%%%%%%%%%%%%%%%%%%%%%%%%%%%%%%%%%%%%%%%%%%%%%%%%%%%%%%%%%%%%%%%%%%%%%%%%%%%%%%%%%%%%%

 UNIFORM GRID DIM     : 64 * 64 * 64
 UNIFORM GRID DIM(BIG): 16 * 16 * 16
 DONE(0.218118   SEC) : SYMMETRY
 DONE(0.218228   SEC) : SETUP UNITCELL
 DONE(0.356878   SEC) : INIT K-POINTS
 ----------------------------------------------------------------
 Cell relaxation calculations
 ----------------------------------------------------------------
 SPIN    KPOINTS         PROCESSES   THREADS/PROC  THREADS/TOTAL 
 1       6               24          1             24            
 ----------------------------------------------------------------
 Use Systematically Improvable Atomic bases
 ----------------------------------------------------------------
 TOTAL NBASE 102
 ELEMENT ORBITALS        NBASE       NATOM       
 Ca      4s2p1d-10au     15          3           
 Mg      2s1p-9au        5           1           
 O       2s2p1d-6au      13          4           
 ----------------------------------------------------------------
 Initial plane wave basis and FFT box
 ----------------------------------------------------------------
 DONE(0.364265   SEC) : INIT PLANEWAVE
 START CHARGE         : ATOMIC
 DONE(1.00187    SEC) : CHARGE
 DONE(1.03361    SEC) : POTENTIALS

 ================================================================
 RELAX STEP: 1 (CELL_CHANGE# 1 IONS_CHANGE# 1)
 ================================================================
 DONE(1.26923    SEC) : INIT SCF
 ITER       ETOT/eV          EDIFF/eV         DRHO     TIME/s
 GE1     -4.98333441e+03   0.00000000e+00   1.3415e-01   2.04
 GE2     -4.98797592e+03  -4.64151412e+00   1.3016e-01   1.82
 GE3     -4.99401561e+03  -6.03968277e+00   1.6549e-02   1.83
 GE4     -4.99400541e+03   1.01985359e-02   7.2787e-03   1.83
 GE5     -4.99402160e+03  -1.61862977e-02   3.2761e-03   1.83
 GE6     -4.99402585e+03  -4.25032993e-03   6.0824e-04   1.82
 GE7     -4.99402592e+03  -7.46413475e-05   7.7319e-05   1.84
 GE8     -4.99402592e+03  -9.94089440e-07   3.7154e-05   1.82
 GE9     -4.99402592e+03  -3.04921566e-07   2.9505e-06   1.82
 GE10    -4.99402592e+03  -2.49806388e-09   2.4546e-07   1.85
 GE11    -4.99402592e+03  -6.18715512e-12   2.6850e-08   1.84
 ----------------------------------------------------------------
              Stress_x             Stress_y             Stress_z 
 ----------------------------------------------------------------
        869.3777128998        -0.0000000000        -0.0000000000 
         -0.0000000000       880.6883154922         0.0000000000 
          0.0000000000         0.0000000000       880.6883154922 
 ----------------------------------------------------------------
 TOTAL-PRESSURE (EXCLUDE KINETIC PART OF IONS): 876.918115 kbar
 ETOT DIFF (eV)              : 0.000000
 LARGEST GRAD (eV/Angstrom)  : 2.104182
 DONE(23.926981  SEC) : SETUP UNITCELL

 ================================================================
 RELAX STEP: 2 (CELL_CHANGE# 2 IONS_CHANGE# 1)
 ================================================================
 DONE(23.988400  SEC) : LOCAL POTENTIAL
 DONE(24.035933  SEC) : SYMMETRY
 DONE(24.036268  SEC) : INIT K-POINTS
 DONE(24.336928  SEC) : INIT SCF
 ITER       ETOT/eV          EDIFF/eV         DRHO     TIME/s
 GE1     -4.99722040e+03   0.00000000e+00   4.4066e-03   1.73
 GE2     -4.99722286e+03  -2.45140871e-03   1.6328e-03   1.56
 GE3     -4.99722443e+03  -1.57499762e-03   9.3409e-04   1.57
 GE4     -4.99722481e+03  -3.84256430e-04   9.7411e-05   1.56
 GE5     -4.99722482e+03  -8.88811902e-07   5.9732e-05   1.56
 GE6     -4.99722482e+03  -2.23616238e-06   8.1666e-06   1.56
 GE7     -4.99722482e+03  -1.17153782e-08   1.1588e-06   1.57
 GE8     -4.99722482e+03  -7.42458615e-11   6.6154e-08   1.57
 ----------------------------------------------------------------
              Stress_x             Stress_y             Stress_z 
 ----------------------------------------------------------------
        509.7092498264         0.0000000000         0.0000000000 
          0.0000000000       523.5190504479        -0.0000000000 
         -0.0000000000        -0.0000000000       523.5190504479 
 ----------------------------------------------------------------
 TOTAL-PRESSURE (EXCLUDE KINETIC PART OF IONS): 518.915784 kbar
 ETOT DIFF (eV)              : -3.198896
 LARGEST GRAD (eV/Angstrom)  : 1.481406
 DONE(39.493232  SEC) : SETUP UNITCELL

 ================================================================
 RELAX STEP: 3 (CELL_CHANGE# 3 IONS_CHANGE# 1)
 ================================================================
 DONE(39.554737  SEC) : LOCAL POTENTIAL
 DONE(39.601653  SEC) : SYMMETRY
 DONE(39.601963  SEC) : INIT K-POINTS
 DONE(39.860582  SEC) : INIT SCF
 ITER       ETOT/eV          EDIFF/eV         DRHO     TIME/s
 GE1     -5.00003813e+03   0.00000000e+00   3.2201e-03   1.32
 GE2     -5.00004019e+03  -2.05402964e-03   2.0875e-03   1.19
 GE3     -5.00004188e+03  -1.69749217e-03   4.2921e-04   1.19
 GE4     -5.00004189e+03  -3.11707947e-06   1.0279e-04   1.19
 GE5     -5.00004189e+03  -1.78283339e-06   4.9312e-05   1.19
 GE6     -5.00004189e+03  -1.47514539e-06   1.1135e-05   1.20
 GE7     -5.00004189e+03  -2.13518723e-08   1.2026e-06   1.19
 GE8     -5.00004189e+03  -2.62954093e-11   1.0119e-07   1.19
 GE9     -5.00004189e+03  -3.09357756e-12   8.2188e-09   1.20
 ----------------------------------------------------------------
              Stress_x             Stress_y             Stress_z 
 ----------------------------------------------------------------
        113.0370197000         0.0000000000         0.0000000000 
          0.0000000000       126.9177501694         0.0000000000 
         -0.0000000000         0.0000000000       126.9177501694 
 ----------------------------------------------------------------
 TOTAL-PRESSURE (EXCLUDE KINETIC PART OF IONS): 122.290840 kbar
 ETOT DIFF (eV)              : -2.817072
 LARGEST GRAD (eV/Angstrom)  : 0.725710
 DONE(52.811221  SEC) : SETUP UNITCELL

 ================================================================
 RELAX STEP: 4 (CELL_CHANGE# 4 IONS_CHANGE# 1)
 ================================================================
 DONE(52.872745  SEC) : LOCAL POTENTIAL
 DONE(52.919950  SEC) : SYMMETRY
 DONE(52.920270  SEC) : INIT K-POINTS
 DONE(53.179218  SEC) : INIT SCF
 ITER       ETOT/eV          EDIFF/eV         DRHO     TIME/s
 GE1     -5.00034287e+03   0.00000000e+00   4.2909e-03   1.23
 GE2     -5.00034500e+03  -2.12565164e-03   1.4051e-03   1.08
 GE3     -5.00034619e+03  -1.18926356e-03   9.9410e-04   1.06
 GE4     -5.00034666e+03  -4.67846367e-04   1.3437e-04   1.06
 GE5     -5.00034666e+03  -4.96667690e-07   8.4601e-05   1.08
 GE6     -5.00034666e+03  -4.62857285e-06   1.4286e-05   1.08
 GE7     -5.00034666e+03  -2.63897634e-08   2.0475e-06   1.08
 GE8     -5.00034666e+03  -1.67826583e-10   1.5602e-07   1.10
 GE9     -5.00034666e+03   7.73394390e-13   1.5650e-08   1.10
 ----------------------------------------------------------------
              Stress_x             Stress_y             Stress_z 
 ----------------------------------------------------------------
         20.0705460819        -0.0000000000        -0.0000000000 
         -0.0000000000        32.8766484039         0.0000000000 
          0.0000000000         0.0000000000        32.8766484039 
 ----------------------------------------------------------------
 TOTAL-PRESSURE (EXCLUDE KINETIC PART OF IONS): 28.607948 kbar
 ETOT DIFF (eV)              : -0.304772
 LARGEST GRAD (eV/Angstrom)  : 0.534551
 DONE(65.063377  SEC) : SETUP UNITCELL

 ================================================================
 RELAX STEP: 5 (CELL_CHANGE# 5 IONS_CHANGE# 1)
 ================================================================
 DONE(65.124816  SEC) : LOCAL POTENTIAL
 DONE(65.171984  SEC) : SYMMETRY
 DONE(65.172318  SEC) : INIT K-POINTS
 DONE(65.407022  SEC) : INIT SCF
 ITER       ETOT/eV          EDIFF/eV         DRHO     TIME/s
 GE1     -5.00002046e+03   0.00000000e+00   3.5571e-03   1.01
 GE2     -5.00002394e+03  -3.48170494e-03   3.6582e-03   0.87
 GE3     -5.00002710e+03  -3.15990998e-03   6.4946e-04   0.88
 GE4     -5.00002717e+03  -6.13092517e-05   8.7290e-05   0.87
 GE5     -5.00002717e+03  -6.72750258e-07   5.2058e-05   0.87
 GE6     -5.00002717e+03  -1.52197752e-06   1.4891e-05   0.87
 GE7     -5.00002717e+03  -2.95127299e-08   1.5677e-06   0.88
 GE8     -5.00002717e+03  -7.50192559e-11   1.3987e-07   0.88
 GE9     -5.00002717e+03  -3.09357756e-12   1.1705e-08   0.89
 ----------------------------------------------------------------
              Stress_x             Stress_y             Stress_z 
 ----------------------------------------------------------------
       -100.4479323282        -0.0000000000        -0.0000000000 
          0.0000000000       -89.9205946984         0.0000000000 
         -0.0000000000         0.0000000000       -89.9205946984 
 ----------------------------------------------------------------
 TOTAL-PRESSURE (EXCLUDE KINETIC PART OF IONS): -93.429707 kbar
 ETOT DIFF (eV)              : 0.319494
 LARGEST GRAD (eV/Angstrom)  : 0.274822
 DONE(75.222521  SEC) : SETUP UNITCELL

 ================================================================
 RELAX STEP: 6 (CELL_CHANGE# 6 IONS_CHANGE# 1)
 ================================================================
 DONE(75.283757  SEC) : LOCAL POTENTIAL
 DONE(75.330317  SEC) : SYMMETRY
 DONE(75.330655  SEC) : INIT K-POINTS
 DONE(75.574124  SEC) : INIT SCF
 ITER       ETOT/eV          EDIFF/eV         DRHO     TIME/s
 GE1     -5.00018092e+03   0.00000000e+00   6.9815e-03   1.05
 GE2     -5.00019437e+03  -1.34491249e-02   6.3650e-03   0.91
 GE3     -5.00020395e+03  -9.58357122e-03   1.2931e-03   0.91
 GE4     -5.00020417e+03  -2.15110283e-04   2.0416e-04   0.91
 GE5     -5.00020417e+03  -3.93773599e-06   1.1799e-04   0.92
 GE6     -5.00020418e+03  -7.62921161e-06   2.8285e-05   0.91
 GE7     -5.00020418e+03  -1.03516519e-07   3.3330e-06   0.91
 GE8     -5.00020418e+03  -1.75560527e-10   3.1432e-07   0.91
 GE9     -5.00020418e+03  -1.23743102e-11   2.8004e-08   0.92
 ----------------------------------------------------------------
              Stress_x             Stress_y             Stress_z 
 ----------------------------------------------------------------
        -77.5827659107         0.0000000000         0.0000000000 
         -0.0000000000       -67.0712873429        -0.0000000000 
          0.0000000000        -0.0000000000       -67.0712873429 
 ----------------------------------------------------------------
 TOTAL-PRESSURE (EXCLUDE KINETIC PART OF IONS): -70.575114 kbar
 ETOT DIFF (eV)              : -0.177012
 LARGEST GRAD (eV/Angstrom)  : 0.293789
 DONE(85.772711  SEC) : SETUP UNITCELL

 ================================================================
 RELAX STEP: 7 (CELL_CHANGE# 7 IONS_CHANGE# 1)
 ================================================================
 DONE(85.834020  SEC) : LOCAL POTENTIAL
 DONE(85.880626  SEC) : SYMMETRY
 DONE(85.880903  SEC) : INIT K-POINTS
 DONE(86.136141  SEC) : INIT SCF
 ITER       ETOT/eV          EDIFF/eV         DRHO     TIME/s
 GE1     -5.00038876e+03   0.00000000e+00   1.0185e-03   1.15
 GE2     -5.00038895e+03  -1.99587433e-04   7.9773e-04   1.01
 GE3     -5.00038915e+03  -1.92646318e-04   1.5748e-04   1.01
 GE4     -5.00038915e+03  -1.07402516e-06   2.8066e-05   1.00
 GE5     -5.00038915e+03  -1.48524979e-07   2.1185e-05   1.00
 GE6     -5.00038915e+03  -2.21694275e-07   3.0432e-06   1.01
 GE7     -5.00038915e+03  -5.49110017e-10   3.5377e-07   1.01
 GE8     -5.00038915e+03  -7.73394390e-13   5.4517e-08   1.01
 ----------------------------------------------------------------
              Stress_x             Stress_y             Stress_z 
 ----------------------------------------------------------------
        -19.6602466575        -0.0000000000        -0.0000000000 
         -0.0000000000       -10.7803534340         0.0000000000 
          0.0000000000         0.0000000000       -10.7803534340 
 ----------------------------------------------------------------
 TOTAL-PRESSURE (EXCLUDE KINETIC PART OF IONS): -13.740318 kbar
 ETOT DIFF (eV)              : -0.184969
 LARGEST GRAD (eV/Angstrom)  : 0.334925
 DONE(96.260982  SEC) : SETUP UNITCELL

 ================================================================
 RELAX STEP: 8 (CELL_CHANGE# 8 IONS_CHANGE# 1)
 ================================================================
 DONE(96.322161  SEC) : LOCAL POTENTIAL
 DONE(96.369149  SEC) : SYMMETRY
 DONE(96.369439  SEC) : INIT K-POINTS
 DONE(96.626049  SEC) : INIT SCF
 ITER       ETOT/eV          EDIFF/eV         DRHO     TIME/s
 GE1     -5.00039442e+03   0.00000000e+00   1.7776e-03   1.17
 GE2     -5.00039523e+03  -8.15192986e-04   1.6331e-03   1.02
 GE3     -5.00039591e+03  -6.79404546e-04   3.0719e-04   1.03
 GE4     -5.00039593e+03  -1.38788524e-05   3.3090e-05   1.05
 GE5     -5.00039593e+03  -3.27594396e-08   2.3265e-05   1.02
 GE6     -5.00039593e+03  -2.75646268e-07   4.8094e-06   1.02
 GE7     -5.00039593e+03  -1.89945662e-09   5.0226e-07   1.03
 GE8     -5.00039593e+03  -3.86697195e-12   7.9163e-08   1.04
 ----------------------------------------------------------------
              Stress_x             Stress_y             Stress_z 
 ----------------------------------------------------------------
         -2.4544417920         0.0000000000         0.0000000000 
          0.0000000000         5.6485090374         0.0000000000 
         -0.0000000000         0.0000000000         5.6485090374 
 ----------------------------------------------------------------
 TOTAL-PRESSURE (EXCLUDE KINETIC PART OF IONS): 2.947525 kbar
 ETOT DIFF (eV)              : -0.006778
 LARGEST GRAD (eV/Angstrom)  : 0.345720
 DONE(106.961934 SEC) : SETUP UNITCELL

 ================================================================
 RELAX STEP: 9 (CELL_CHANGE# 9 IONS_CHANGE# 1)
 ================================================================
 DONE(107.023531 SEC) : LOCAL POTENTIAL
 DONE(107.070605 SEC) : SYMMETRY
 DONE(107.070937 SEC) : INIT K-POINTS
 DONE(107.329498 SEC) : INIT SCF
 ITER       ETOT/eV          EDIFF/eV         DRHO     TIME/s
 GE1     -5.00040012e+03   0.00000000e+00   7.9280e-04   1.17
 GE2     -5.00040027e+03  -1.43265835e-04   5.3176e-04   1.02
 GE3     -5.00040036e+03  -9.71788984e-05   1.0864e-04   1.02
 GE4     -5.00040036e+03   4.28460492e-08   3.4712e-05   1.03
 GE5     -5.00040037e+03  -2.06630099e-07   1.2644e-05   1.03
 GE6     -5.00040037e+03  -9.92442883e-08   3.4232e-06   1.03
 GE7     -5.00040037e+03  -2.05181532e-09   3.1971e-07   1.03
 GE8     -5.00040037e+03  -1.54678878e-12   3.6034e-08   1.03
 ----------------------------------------------------------------
              Stress_x             Stress_y             Stress_z 
 ----------------------------------------------------------------
         -1.5180029340         0.0000000000         0.0000000000 
         -0.0000000000         5.1027756929         0.0000000000 
          0.0000000000         0.0000000000         5.1027756929 
 ----------------------------------------------------------------
 TOTAL-PRESSURE (EXCLUDE KINETIC PART OF IONS): 2.895849 kbar
 ETOT DIFF (eV)              : -0.004438
 LARGEST GRAD (eV/Angstrom)  : 0.314323
 DONE(117.647025 SEC) : SETUP UNITCELL

 ================================================================
 RELAX STEP: 10 (CELL_CHANGE# 10 IONS_CHANGE# 1)
 ================================================================
 DONE(117.708573 SEC) : LOCAL POTENTIAL
 DONE(117.755629 SEC) : SYMMETRY
 DONE(117.755964 SEC) : INIT K-POINTS
 DONE(118.011801 SEC) : INIT SCF
 ITER       ETOT/eV          EDIFF/eV         DRHO     TIME/s
 GE1     -5.00041039e+03   0.00000000e+00   1.0981e-03   1.18
 GE2     -5.00041070e+03  -3.07451670e-04   3.9755e-04   1.03
 GE3     -5.00041073e+03  -3.17830988e-05   2.5677e-04   1.03
 GE4     -5.00041075e+03  -2.52114731e-05   7.6920e-05   1.03
 GE5     -5.00041076e+03  -1.52377256e-06   7.0659e-06   1.03
 GE6     -5.00041076e+03  -9.46634734e-09   6.6372e-06   1.03
 GE7     -5.00041076e+03  -1.81987434e-08   4.3976e-07   1.03
 GE8     -5.00041076e+03  -2.47486205e-11   5.1609e-08   1.04
 ----------------------------------------------------------------
              Stress_x             Stress_y             Stress_z 
 ----------------------------------------------------------------
          1.7081318264        -0.0000000000         0.0000000000 
          0.0000000000         3.4699889382         0.0000000000 
          0.0000000000         0.0000000000         3.4699889382 
 ----------------------------------------------------------------
 TOTAL-PRESSURE (EXCLUDE KINETIC PART OF IONS): 2.882703 kbar
 ETOT DIFF (eV)              : -0.010391
 LARGEST GRAD (eV/Angstrom)  : 0.216405
 DONE(128.363976 SEC) : SETUP UNITCELL

 ================================================================
 RELAX STEP: 11 (CELL_CHANGE# 11 IONS_CHANGE# 1)
 ================================================================
 DONE(128.425375 SEC) : LOCAL POTENTIAL
 DONE(128.472487 SEC) : SYMMETRY
 DONE(128.472808 SEC) : INIT K-POINTS
 DONE(128.729190 SEC) : INIT SCF
 ITER       ETOT/eV          EDIFF/eV         DRHO     TIME/s
 GE1     -5.00041205e+03   0.00000000e+00   1.3262e-03   1.17
 GE2     -5.00041247e+03  -4.22350595e-04   4.4981e-04   1.02
 GE3     -5.00041250e+03  -3.56971086e-05   3.0065e-04   1.03
 GE4     -5.00041254e+03  -3.50392879e-05   9.2182e-05   1.03
 GE5     -5.00041254e+03  -2.31745386e-06   6.6735e-06   1.03
 GE6     -5.00041254e+03  -1.04330903e-09   7.7245e-07   1.03
 GE7     -5.00041254e+03  -5.33642129e-11   1.4070e-07   1.02
 GE8     -5.00041254e+03   7.73394390e-13   9.4119e-08   1.03
 ----------------------------------------------------------------
              Stress_x             Stress_y             Stress_z 
 ----------------------------------------------------------------
         -0.8387193941        -0.0000000000         0.0000000000 
         -0.0000000000         1.1616461606        -0.0000000000 
          0.0000000000        -0.0000000000         1.1616461606 
 ----------------------------------------------------------------
 TOTAL-PRESSURE (EXCLUDE KINETIC PART OF IONS): 0.494858 kbar
 ETOT DIFF (eV)              : -0.001785
 LARGEST GRAD (eV/Angstrom)  : 0.192889
 DONE(139.060379 SEC) : SETUP UNITCELL

 ================================================================
 RELAX STEP: 12 (CELL_CHANGE# 12 IONS_CHANGE# 1)
 ================================================================
 DONE(139.121684 SEC) : LOCAL POTENTIAL
 DONE(139.168563 SEC) : SYMMETRY
 DONE(139.168845 SEC) : INIT K-POINTS
 DONE(139.428322 SEC) : INIT SCF
 ITER       ETOT/eV          EDIFF/eV         DRHO     TIME/s
 GE1     -5.00041483e+03   0.00000000e+00   7.2718e-04   1.16
 GE2     -5.00041497e+03  -1.32763862e-04   3.3966e-04   1.01
 GE3     -5.00041501e+03  -4.03153651e-05   1.7457e-04   1.01
 GE4     -5.00041502e+03  -1.00313491e-05   4.5234e-05   1.02
 GE5     -5.00041502e+03  -4.25436520e-07   3.5509e-06   1.01
 GE6     -5.00041502e+03   1.14462370e-10   1.6644e-06   1.02
 GE7     -5.00041502e+03  -1.49651815e-09   3.3307e-07   1.02
 GE8     -5.00041502e+03  -1.23743102e-11   2.8876e-08   1.03
 ----------------------------------------------------------------
              Stress_x             Stress_y             Stress_z 
 ----------------------------------------------------------------
         -8.1987172018         0.0000000000         0.0000000000 
          0.0000000000        -5.6401055174        -0.0000000000 
          0.0000000000        -0.0000000000        -5.6401055174 
 ----------------------------------------------------------------
 TOTAL-PRESSURE (EXCLUDE KINETIC PART OF IONS): -6.492976 kbar
 ETOT DIFF (eV)              : -0.002476
 LARGEST GRAD (eV/Angstrom)  : 0.123565
 DONE(149.671028 SEC) : SETUP UNITCELL

 ================================================================
 RELAX STEP: 13 (CELL_CHANGE# 13 IONS_CHANGE# 1)
 ================================================================
 DONE(149.732591 SEC) : LOCAL POTENTIAL
 DONE(149.779498 SEC) : SYMMETRY
 DONE(149.779818 SEC) : INIT K-POINTS
 DONE(150.037042 SEC) : INIT SCF
 ITER       ETOT/eV          EDIFF/eV         DRHO     TIME/s
 GE1     -5.00041645e+03   0.00000000e+00   8.2772e-04   1.17
 GE2     -5.00041661e+03  -1.53999719e-04   4.4723e-04   1.02
 GE3     -5.00041669e+03  -7.75659183e-05   1.6270e-04   1.02
 GE4     -5.00041669e+03  -7.03348215e-06   4.5021e-05   1.03
 GE5     -5.00041669e+03  -3.92701829e-07   4.7852e-06   1.02
 GE6     -5.00041669e+03  -1.09203288e-09   3.7998e-06   1.04
 GE7     -5.00041669e+03  -6.93580089e-09   3.1785e-07   1.02
 GE8     -5.00041669e+03   3.09357756e-12   3.5634e-08   1.03
 ----------------------------------------------------------------
              Stress_x             Stress_y             Stress_z 
 ----------------------------------------------------------------
         -5.6205458396         0.0000000000         0.0000000000 
          0.0000000000        -3.7036211021        -0.0000000000 
          0.0000000000        -0.0000000000        -3.7036211021 
 ----------------------------------------------------------------
 TOTAL-PRESSURE (EXCLUDE KINETIC PART OF IONS): -4.342596 kbar
 ETOT DIFF (eV)              : -0.001677
 LARGEST GRAD (eV/Angstrom)  : 0.102241
 DONE(160.324012 SEC) : SETUP UNITCELL

 ================================================================
 RELAX STEP: 14 (CELL_CHANGE# 14 IONS_CHANGE# 1)
 ================================================================
 DONE(160.385358 SEC) : LOCAL POTENTIAL
 DONE(160.431793 SEC) : SYMMETRY
 DONE(160.432118 SEC) : INIT K-POINTS
 DONE(160.688665 SEC) : INIT SCF
 ITER       ETOT/eV          EDIFF/eV         DRHO     TIME/s
 GE1     -5.00041832e+03   0.00000000e+00   1.8841e-04   1.17
 GE2     -5.00041833e+03  -1.04524314e-05   5.2864e-05   1.02
 GE3     -5.00041833e+03   7.14693756e-09   2.5947e-05   1.03
 GE4     -5.00041833e+03  -2.61408077e-07   2.0196e-05   1.38
 GE5     -5.00041833e+03  -1.40496372e-07   1.3885e-06   2.87
 GE6     -5.00041833e+03  -4.35421042e-10   1.2006e-06   1.39
 GE7     -5.00041833e+03  -6.27222851e-10   8.0220e-08   1.05
 ----------------------------------------------------------------
              Stress_x             Stress_y             Stress_z 
 ----------------------------------------------------------------
         -1.4491996180        -0.0000000000        -0.0000000000 
          0.0000000000        -0.6332668628        -0.0000000000 
         -0.0000000000        -0.0000000000        -0.6332668628 
 ----------------------------------------------------------------
 TOTAL-PRESSURE (EXCLUDE KINETIC PART OF IONS): -0.905244 kbar
 ETOT DIFF (eV)              : -0.001640
 LARGEST GRAD (eV/Angstrom)  : 0.067737
 DONE(172.549442 SEC) : SETUP UNITCELL

 ================================================================
 RELAX STEP: 15 (CELL_CHANGE# 15 IONS_CHANGE# 1)
 ================================================================
 DONE(172.610867 SEC) : LOCAL POTENTIAL
 DONE(172.657846 SEC) : SYMMETRY
 DONE(172.658174 SEC) : INIT K-POINTS
 DONE(172.915425 SEC) : INIT SCF
 ITER       ETOT/eV          EDIFF/eV         DRHO     TIME/s
 GE1     -5.00041838e+03   0.00000000e+00   4.5464e-04   1.19
 GE2     -5.00041844e+03  -5.97895704e-05   1.2598e-04   1.02
 GE3     -5.00041844e+03   8.95080264e-08   6.0085e-05   1.02
 GE4     -5.00041844e+03  -1.83426644e-06   4.3014e-05   1.02
 GE5     -5.00041845e+03  -8.54848287e-07   4.2948e-06   1.02
 GE6     -5.00041845e+03  -9.31089506e-09   2.8678e-06   1.03
 GE7     -5.00041845e+03  -3.39365458e-09   1.9257e-07   1.03
 GE8     -5.00041845e+03   7.73394390e-13   2.7618e-08   1.04
 ----------------------------------------------------------------
              Stress_x             Stress_y             Stress_z 
 ----------------------------------------------------------------
         -1.2346871649         0.0000000000         0.0000000000 
         -0.0000000000        -0.5592149967         0.0000000000 
         -0.0000000000         0.0000000000        -0.5592149967 
 ----------------------------------------------------------------
 TOTAL-PRESSURE (EXCLUDE KINETIC PART OF IONS): -0.784372 kbar
 ETOT DIFF (eV)              : -0.000112
 LARGEST GRAD (eV/Angstrom)  : 0.063341
 DONE(183.241055 SEC) : SETUP UNITCELL

 ================================================================
 RELAX STEP: 16 (CELL_CHANGE# 16 IONS_CHANGE# 1)
 ================================================================
 DONE(183.302605 SEC) : LOCAL POTENTIAL
 DONE(183.349785 SEC) : SYMMETRY
 DONE(183.350111 SEC) : INIT K-POINTS
 DONE(183.606604 SEC) : INIT SCF
 ITER       ETOT/eV          EDIFF/eV         DRHO     TIME/s
 GE1     -5.00041872e+03   0.00000000e+00   1.2790e-04   1.17
 GE2     -5.00041872e+03  -4.69254339e-06   4.4792e-05   1.02
 GE3     -5.00041872e+03  -3.14137333e-07   2.8997e-05   1.02
 GE4     -5.00041872e+03  -3.35143498e-07   1.0257e-05   1.02
 GE5     -5.00041872e+03  -2.88476108e-08   7.9400e-07   1.02
 GE6     -5.00041872e+03  -2.55220149e-11   6.8120e-07   1.02
 GE7     -5.00041872e+03  -2.14230246e-10   5.4019e-08   1.03
 ----------------------------------------------------------------
              Stress_x             Stress_y             Stress_z 
 ----------------------------------------------------------------
         -0.5841142657        -0.0000000000        -0.0000000000 
          0.0000000000        -0.3370630795         0.0000000000 
         -0.0000000000         0.0000000000        -0.3370630795 
 ----------------------------------------------------------------
 TOTAL-PRESSURE (EXCLUDE KINETIC PART OF IONS): -0.419413 kbar
 ETOT DIFF (eV)              : -0.000279
 LARGEST GRAD (eV/Angstrom)  : 0.050152
 DONE(193.164536 SEC) : SETUP UNITCELL

 ================================================================
 RELAX STEP: 17 (CELL_CHANGE# 17 IONS_CHANGE# 1)
 ================================================================
 DONE(193.226077 SEC) : LOCAL POTENTIAL
 DONE(193.273120 SEC) : SYMMETRY
 DONE(193.273444 SEC) : INIT K-POINTS
 DONE(193.529554 SEC) : INIT SCF
 ITER       ETOT/eV          EDIFF/eV         DRHO     TIME/s
 GE1     -5.00041880e+03   0.00000000e+00   1.2494e-04   1.17
 GE2     -5.00041880e+03  -4.23682075e-06   4.4690e-05   1.03
 GE3     -5.00041881e+03  -3.70936191e-07   2.9129e-05   1.03
 GE4     -5.00041881e+03  -3.28631518e-07   9.3108e-06   1.03
 GE5     -5.00041881e+03  -2.29899216e-08   6.7563e-07   1.03
 GE6     -5.00041881e+03   1.00541271e-11   4.0506e-07   1.03
 GE7     -5.00041881e+03  -8.04330166e-11   5.2498e-08   1.04
 ----------------------------------------------------------------
              Stress_x             Stress_y             Stress_z 
 ----------------------------------------------------------------
         -0.3453867206         0.0000000000        -0.0000000000 
          0.0000000000        -0.1630000549        -0.0000000000 
         -0.0000000000        -0.0000000000        -0.1630000549 
 ----------------------------------------------------------------
 TOTAL-PRESSURE (EXCLUDE KINETIC PART OF IONS): -0.223796 kbar
 ETOT DIFF (eV)              : -0.000081
 LARGEST GRAD (eV/Angstrom)  : 0.045356
 DONE(202.843344 SEC) : SETUP UNITCELL

 ================================================================
 RELAX STEP: 18 (CELL_CHANGE# 18 IONS_CHANGE# 1)
 ================================================================
 DONE(202.905030 SEC) : LOCAL POTENTIAL
 DONE(202.952015 SEC) : SYMMETRY
 DONE(202.952345 SEC) : INIT K-POINTS
 DONE(203.209148 SEC) : INIT SCF
 ITER       ETOT/eV          EDIFF/eV         DRHO     TIME/s
 GE1     -5.00041896e+03   0.00000000e+00   1.3508e-04   1.17
 GE2     -5.00041897e+03  -5.64922220e-06   4.5849e-05   1.02
 GE3     -5.00041897e+03  -2.65807145e-07   2.9065e-05   1.02
 GE4     -5.00041897e+03  -3.66868136e-07   1.1612e-05   1.02
 GE5     -5.00041897e+03  -4.10827100e-08   1.3703e-06   1.02
 GE6     -5.00041897e+03  -9.11058592e-10   9.0923e-07   1.02
 GE7     -5.00041897e+03  -3.31786193e-10   5.8073e-08   1.04
 ----------------------------------------------------------------
              Stress_x             Stress_y             Stress_z 
 ----------------------------------------------------------------
          0.3796152096         0.0000000000         0.0000000000 
         -0.0000000000         0.3593417368        -0.0000000000 
          0.0000000000        -0.0000000000         0.3593417368 
 ----------------------------------------------------------------
 TOTAL-PRESSURE (EXCLUDE KINETIC PART OF IONS): 0.366100 kbar
 ETOT DIFF (eV)              : -0.000164
 LARGEST GRAD (eV/Angstrom)  : 0.030825
 DONE(212.464663 SEC) : SETUP UNITCELL

 ================================================================
 RELAX STEP: 19 (CELL_CHANGE# 19 IONS_CHANGE# 1)
 ================================================================
 DONE(212.525878 SEC) : LOCAL POTENTIAL
 DONE(212.572705 SEC) : SYMMETRY
 DONE(212.572979 SEC) : INIT K-POINTS
 DONE(212.832683 SEC) : INIT SCF
 ITER       ETOT/eV          EDIFF/eV         DRHO     TIME/s
 GE1     -5.00041901e+03   0.00000000e+00   1.4125e-04   1.18
 GE2     -5.00041902e+03  -6.02478020e-06   4.0674e-05   1.03
 GE3     -5.00041902e+03  -2.41995105e-08   2.0946e-05   1.03
 GE4     -5.00041902e+03  -2.41050017e-07   1.2925e-05   1.03
 GE5     -5.00041902e+03  -7.72999959e-08   1.5084e-06   1.02
 GE6     -5.00041902e+03  -1.24903194e-09   8.8480e-07   1.02
 GE7     -5.00041902e+03  -3.15544911e-10   6.0131e-08   1.05
 ----------------------------------------------------------------
              Stress_x             Stress_y             Stress_z 
 ----------------------------------------------------------------
         -0.0008812679        -0.0000000000        -0.0000000000 
          0.0000000000        -0.0008134414        -0.0000000000 
         -0.0000000000        -0.0000000000        -0.0008134414 
 ----------------------------------------------------------------
 TOTAL-PRESSURE (EXCLUDE KINETIC PART OF IONS): -0.000836 kbar
 ETOT DIFF (eV)              : -0.000049
 LARGEST GRAD (eV/Angstrom)  : 0.026239
 DONE(222.150945 SEC) : SETUP UNITCELL

 ================================================================
 RELAX STEP: 20 (CELL_CHANGE# 20 IONS_CHANGE# 1)
 ================================================================
 DONE(222.212353 SEC) : LOCAL POTENTIAL
 DONE(222.259721 SEC) : SYMMETRY
 DONE(222.260048 SEC) : INIT K-POINTS
 DONE(222.520525 SEC) : INIT SCF
 ITER       ETOT/eV          EDIFF/eV         DRHO     TIME/s
 GE1     -5.00041909e+03   0.00000000e+00   1.2163e-04   1.16
 GE2     -5.00041910e+03  -3.86796808e-06   5.5162e-05   1.01
 GE3     -5.00041910e+03  -1.01769808e-06   2.9718e-05   1.01
 GE4     -5.00041910e+03  -3.02197671e-07   7.7929e-06   1.01
 GE5     -5.00041910e+03  -1.29984395e-08   7.5123e-07   1.01
 GE6     -5.00041910e+03  -3.71229307e-11   6.3374e-07   1.02
 GE7     -5.00041910e+03  -1.97215570e-10   5.0048e-08   1.03
 ----------------------------------------------------------------
              Stress_x             Stress_y             Stress_z 
 ----------------------------------------------------------------
         -1.0383811367        -0.0000000000         0.0000000000 
          0.0000000000        -0.9871651538         0.0000000000 
         -0.0000000000         0.0000000000        -0.9871651538 
 ----------------------------------------------------------------
 TOTAL-PRESSURE (EXCLUDE KINETIC PART OF IONS): -1.004237 kbar
 ETOT DIFF (eV)              : -0.000078
 LARGEST GRAD (eV/Angstrom)  : 0.013710
 DONE(231.742228 SEC) : SETUP UNITCELL

 ================================================================
 RELAX STEP: 21 (CELL_CHANGE# 21 IONS_CHANGE# 1)
 ================================================================
 DONE(231.803523 SEC) : LOCAL POTENTIAL
 DONE(231.850419 SEC) : SYMMETRY
 DONE(231.850697 SEC) : INIT K-POINTS
 DONE(232.106871 SEC) : INIT SCF
 ITER       ETOT/eV          EDIFF/eV         DRHO     TIME/s
 GE1     -5.00041912e+03   0.00000000e+00   1.4544e-04   1.17
 GE2     -5.00041913e+03  -5.01594367e-06   7.4093e-05   1.02
 GE3     -5.00041913e+03  -2.08255001e-06   3.1308e-05   1.02
 GE4     -5.00041913e+03  -2.89896060e-07   8.3835e-06   1.02
 GE5     -5.00041913e+03  -1.39705963e-08   6.7124e-07   1.02
 GE6     -5.00041913e+03  -2.70688037e-11   8.0185e-08   1.03
 ----------------------------------------------------------------
              Stress_x             Stress_y             Stress_z 
 ----------------------------------------------------------------
         -0.6598717275         0.0000000000         0.0000000000 
          0.0000000000        -0.6496233563         0.0000000000 
          0.0000000000         0.0000000000        -0.6496233563 
 ----------------------------------------------------------------
 TOTAL-PRESSURE (EXCLUDE KINETIC PART OF IONS): -0.653039 kbar
 ETOT DIFF (eV)              : -0.000035
 LARGEST GRAD (eV/Angstrom)  : 0.009934
 DONE(240.346498 SEC) : SETUP UNITCELL

 ================================================================
 RELAX STEP: 22 (CELL_CHANGE# 22 IONS_CHANGE# 1)
 ================================================================
 DONE(240.408511 SEC) : LOCAL POTENTIAL
 DONE(240.455571 SEC) : SYMMETRY
 DONE(240.455908 SEC) : INIT K-POINTS
 DONE(240.712554 SEC) : INIT SCF
 ITER       ETOT/eV          EDIFF/eV         DRHO     TIME/s
 GE1     -5.00041916e+03   0.00000000e+00   6.2293e-05   1.17
 GE2     -5.00041916e+03  -1.19301576e-06   1.7944e-05   1.02
 GE3     -5.00041916e+03  -3.63186006e-09   8.9359e-06   1.03
 GE4     -5.00041916e+03  -4.65892781e-08   5.6056e-06   1.02
 GE5     -5.00041916e+03  -1.58066345e-08   6.7735e-07   1.02
 GE6     -5.00041916e+03  -2.52899966e-10   3.8851e-07   1.02
 GE7     -5.00041916e+03  -6.41917344e-11   2.6578e-08   1.03
 ----------------------------------------------------------------
              Stress_x             Stress_y             Stress_z 
 ----------------------------------------------------------------
          0.1677713722        -0.0000000000        -0.0000000000 
         -0.0000000000         0.0854969839        -0.0000000000 
          0.0000000000        -0.0000000000         0.0854969839 
 ----------------------------------------------------------------
 TOTAL-PRESSURE (EXCLUDE KINETIC PART OF IONS): 0.112922 kbar
 ETOT DIFF (eV)              : -0.000027
 LARGEST GRAD (eV/Angstrom)  : 0.001639

 ~~~~~~~~~~~~~~~~~~~~~~~~~~~~~~~~~~~~~~~~~~~~~~~~~~~~~~~~~~~~~~~~
 Geometry relaxation thresholds are reached within 21 steps.
 ~~~~~~~~~~~~~~~~~~~~~~~~~~~~~~~~~~~~~~~~~~~~~~~~~~~~~~~~~~~~~~~~

 TIME STATISTICS
------------------------------------------------------------------
    CLASS_NAME           NAME       TIME/s  CALLS   AVG/s  PER/%  
------------------------------------------------------------------
                   total            249.99 225      1.11   100.00 
 Driver            atomic_world     249.99 1        249.99 100.00 
 Charge            atomic_rho       2.69   44       0.06   1.08   
 Relax_Driver      relax_driver     248.95 1        248.95 99.59  
 ESolver_KS        runner           206.45 22       9.38   82.58  
 ESolver_KS_LCAO   before_scf       7.91   22       0.36   3.16   
 Potential         cal_veff         2.87   196      0.01   1.15   
 PotXC             cal_veff         2.57   196      0.01   1.03   
 XC_Functional     v_xc             3.08   240      0.01   1.23   
 HSolverLCAO       solve            191.13 174      1.10   76.46  
 HamiltLCAO        updateHk         95.49  1044     0.09   38.20  
 OperatorLCAO      init             95.49  5220     0.02   38.20  
 Veff              contributeHR     92.40  174      0.53   36.96  
 Gint              cal_gint_vl      92.40  174      0.53   36.96  
 Gint              hr_gint_to_hR    7.55   174      0.04   3.02   
 HSolverLCAO       hamiltSolvePsiK  14.25  1044     0.01   5.70   
 DiagoElpa         elpa_solve       12.21  1044     0.01   4.88   
 LCAO_domain       dm2rho           80.16  174      0.46   32.07  
 Gint              cal_gint_rho     75.41  174      0.43   30.16  
 Gint              dm_2d_to_gint    4.41   196      0.02   1.76   
 ESolver_KS_LCAO   cal_force        42.45  22       1.93   16.98  
 Force_Stress_LCAO getForceStress   42.45  22       1.93   16.98  
 Stress            stress_loc       5.54   22       0.25   2.22   
 Stress            stress_cc        7.38   22       0.34   2.95   
 Nonlocal          cal_force_stress 2.99   22       0.14   1.19   
 Gint              cal_gint_fvl     20.16  22       0.92   8.06   
------------------------------------------------------------------


 START  Time  : Fri Jun 26 14:52:39 2026
 FINISH Time  : Fri Jun 26 14:56:49 2026
 TOTAL  Time  : 250
 SEE INFORMATION IN : OUT.CaOMgO/
