                                                                                     
                              ABACUS v3.11.0-beta.4

               Atomic-orbital Based Ab-initio Computation at UStc                    

                     Website: http://abacus.ustc.edu.cn/                             
               Documentation: https://abacus.deepmodeling.com/                       
                  Repository: https://github.com/abacusmodeling/abacus-develop       
                              https://github.com/deepmodeling/abacus-develop         
                      Commit: unknown

 Fri Jun 26 14:26:05 2026
 MAKE THE DIR         : OUT.CaOMgO/
 RUNNING WITH DEVICE  : CPU / Intel(R) Xeon(R) Silver 4116 CPU @ 2.10GHz (x2)
 WARNING: some of potential function is set to zero cause of less than 1e-30.
 WARNING: some of potential function is set to zero cause of less than 1e-30.
 WARNING: some of potential function is set to zero cause of less than 1e-30.

%%%%%%%%%%%%%%%%%%%%%%%%%%%%%%%%%%%%%%%%%%%%%%%%%%%%%%%%%%%%%%%%%%%%%%%%%%%%%%%%%%%%%%%%%%%%%%%%%%%%%%%%%
 Warning: the number of valence electrons in pseudopotential > 2 for Ca: [Ar] 4s2
 Pseudopotentials with additional electrons can yield (more) accurate outcomes, but may be less efficient.
 If you're confident that your chosen pseudopotential is appropriate, you can safely ignore this warning.
%%%%%%%%%%%%%%%%%%%%%%%%%%%%%%%%%%%%%%%%%%%%%%%%%%%%%%%%%%%%%%%%%%%%%%%%%%%%%%%%%%%%%%%%%%%%%%%%%%%%%%%%%

 UNIFORM GRID DIM     : 36 * 36 * 90
 UNIFORM GRID DIM(BIG): 9 * 9 * 45
 DONE(0.211973   SEC) : SYMMETRY
 DONE(0.212067   SEC) : SETUP UNITCELL
 DONE(0.350468   SEC) : INIT K-POINTS
 ----------------------------------------------------------------
 Cell relaxation calculations
 ----------------------------------------------------------------
 SPIN    KPOINTS         PROCESSES   THREADS/PROC  THREADS/TOTAL 
 1       3               24          1             24            
 ----------------------------------------------------------------
 Use Systematically Improvable Atomic bases
 ----------------------------------------------------------------
 TOTAL NBASE 74
 ELEMENT ORBITALS        NBASE       NATOM       
 Ca      4s2p1d-10au     15          2           
 Mg      2s1p-9au        5           1           
 O       2s2p1d-6au      13          3           
 ----------------------------------------------------------------
 Initial plane wave basis and FFT box
 ----------------------------------------------------------------
 DONE(0.35499    SEC) : INIT PLANEWAVE
 START CHARGE         : ATOMIC
 DONE(0.989562   SEC) : CHARGE
 DONE(1.01295    SEC) : POTENTIALS

 ================================================================
 RELAX STEP: 1 (CELL_CHANGE# 1 IONS_CHANGE# 1)
 ================================================================
 DONE(1.17659    SEC) : INIT SCF
 ITER       ETOT/eV          EDIFF/eV         DRHO     TIME/s
 GE1     -3.48153850e+03   0.00000000e+00   1.4059e-01   0.85
 GE2     -3.48533291e+03  -3.79441093e+00   1.2952e-01   0.75
 GE3     -3.48943709e+03  -4.10417996e+00   1.8387e-02   0.73
 GE4     -3.48943710e+03  -8.76362418e-06   8.6220e-03   0.73
 GE5     -3.48945418e+03  -1.70770766e-02   4.1348e-03   0.73
 GE6     -3.48945787e+03  -3.69525455e-03   6.8047e-04   0.73
 GE7     -3.48945794e+03  -7.28724275e-05   1.3421e-04   0.73
 GE8     -3.48945795e+03  -2.92439599e-06   5.7927e-05   0.73
 GE9     -3.48945795e+03  -3.64013538e-08   1.9127e-05   0.73
 GE10    -3.48945795e+03  -5.93410048e-08   1.2175e-06   0.72
 GE11    -3.48945795e+03  -1.98762358e-10   1.1243e-07   0.74
 GE12    -3.48945795e+03  -3.86697195e-12   1.0307e-08   0.74
 ----------------------------------------------------------------
              Stress_x             Stress_y             Stress_z 
 ----------------------------------------------------------------
        788.5391579232        12.2507053259        12.2507053259 
         12.2507053259       788.5391579232       -12.2507053259 
         12.2507053259       -12.2507053259       788.5391579232 
 ----------------------------------------------------------------
 TOTAL-PRESSURE (EXCLUDE KINETIC PART OF IONS): 788.539158 kbar
 ETOT DIFF (eV)              : 0.000000
 LARGEST GRAD (eV/Angstrom)  : 2.017155
 DONE(11.168851  SEC) : SETUP UNITCELL

 ================================================================
 RELAX STEP: 2 (CELL_CHANGE# 2 IONS_CHANGE# 1)
 ================================================================
 DONE(11.217061  SEC) : LOCAL POTENTIAL
 DONE(11.264248  SEC) : SYMMETRY
 DONE(11.264500  SEC) : INIT K-POINTS
 DONE(11.460591  SEC) : INIT SCF
 ITER       ETOT/eV          EDIFF/eV         DRHO     TIME/s
 GE1     -3.49328039e+03   0.00000000e+00   1.4885e-02   0.60
 GE2     -3.49335899e+03  -7.86034958e-02   1.0267e-02   0.49
 GE3     -3.49338364e+03  -2.46451877e-02   2.0691e-03   0.49
 GE4     -3.49338561e+03  -1.97540015e-03   1.1004e-03   0.50
 GE5     -3.49338569e+03  -7.89167738e-05   5.0811e-04   0.50
 GE6     -3.49338572e+03  -3.16958630e-05   1.6522e-04   0.49
 GE7     -3.49338573e+03  -2.08470082e-06   2.1375e-05   0.49
 GE8     -3.49338573e+03  -7.13549132e-08   6.7386e-06   0.50
 GE9     -3.49338573e+03  -1.63804932e-09   5.1453e-07   0.49
 GE10    -3.49338573e+03  -1.54678878e-11   6.1002e-08   0.50
 ----------------------------------------------------------------
              Stress_x             Stress_y             Stress_z 
 ----------------------------------------------------------------
        103.2099849647         0.5816052370         0.5816052370 
          0.5816052370       103.2099849647        -0.5816052370 
          0.5816052370        -0.5816052370       103.2099849647 
 ----------------------------------------------------------------
 TOTAL-PRESSURE (EXCLUDE KINETIC PART OF IONS): 103.209985 kbar
 ETOT DIFF (eV)              : -3.927779
 LARGEST GRAD (eV/Angstrom)  : 0.443065
 DONE(17.741194  SEC) : SETUP UNITCELL

 ================================================================
 RELAX STEP: 3 (CELL_CHANGE# 3 IONS_CHANGE# 1)
 ================================================================
 DONE(17.789393  SEC) : LOCAL POTENTIAL
 DONE(17.837045  SEC) : SYMMETRY
 DONE(17.837337  SEC) : INIT K-POINTS
 DONE(18.028663  SEC) : INIT SCF
 ITER       ETOT/eV          EDIFF/eV         DRHO     TIME/s
 GE1     -3.49346087e+03   0.00000000e+00   1.2818e-02   0.58
 GE2     -3.49352379e+03  -6.29200368e-02   1.0224e-02   0.46
 GE3     -3.49354910e+03  -2.53134390e-02   1.6719e-03   0.47
 GE4     -3.49355002e+03  -9.16602448e-04   8.4559e-04   0.46
 GE5     -3.49355007e+03  -5.64915801e-05   4.8466e-04   0.46
 GE6     -3.49355011e+03  -3.51983844e-05   1.2265e-04   0.46
 GE7     -3.49355011e+03  -1.29829098e-06   1.7033e-05   0.46
 GE8     -3.49355011e+03  -3.82312049e-08   5.7837e-06   0.46
 GE9     -3.49355011e+03  -1.31167689e-09   4.4588e-07   0.46
 GE10    -3.49355011e+03  -1.46944934e-11   5.3199e-08   0.47
 ----------------------------------------------------------------
              Stress_x             Stress_y             Stress_z 
 ----------------------------------------------------------------
         29.3333712954        -0.2551586954        -0.2551586954 
         -0.2551586954        29.3333712954         0.2551586954 
         -0.2551586954         0.2551586954        29.3333712954 
 ----------------------------------------------------------------
 TOTAL-PRESSURE (EXCLUDE KINETIC PART OF IONS): 29.333371 kbar
 ETOT DIFF (eV)              : -0.164384
 LARGEST GRAD (eV/Angstrom)  : 0.395532
 DONE(23.938578  SEC) : SETUP UNITCELL

 ================================================================
 RELAX STEP: 4 (CELL_CHANGE# 4 IONS_CHANGE# 1)
 ================================================================
 DONE(23.986832  SEC) : LOCAL POTENTIAL
 DONE(24.034858  SEC) : SYMMETRY
 DONE(24.035163  SEC) : INIT K-POINTS
 DONE(24.222012  SEC) : INIT SCF
 ITER       ETOT/eV          EDIFF/eV         DRHO     TIME/s
 GE1     -3.49343801e+03   0.00000000e+00   3.2677e-03   0.51
 GE2     -3.49344115e+03  -3.13338176e-03   2.6903e-03   0.39
 GE3     -3.49344262e+03  -1.47316646e-03   4.9672e-04   0.39
 GE4     -3.49344262e+03   4.08119446e-07   1.6206e-04   0.39
 GE5     -3.49344262e+03  -3.18243594e-06   7.5596e-05   0.39
 GE6     -3.49344262e+03  -7.28781135e-07   2.4583e-05   0.39
 GE7     -3.49344262e+03  -4.86132512e-08   2.7025e-06   0.40
 GE8     -3.49344262e+03  -7.37044854e-10   1.1773e-06   0.39
 GE9     -3.49344262e+03  -6.41917344e-11   1.1469e-07   0.39
 GE10    -3.49344262e+03  -1.54678878e-12   2.4229e-08   0.40
 ----------------------------------------------------------------
              Stress_x             Stress_y             Stress_z 
 ----------------------------------------------------------------
        -75.2402171929        -1.1045980559        -1.1045980559 
         -1.1045980559       -75.2402171929         1.1045980559 
         -1.1045980559         1.1045980559       -75.2402171929 
 ----------------------------------------------------------------
 TOTAL-PRESSURE (EXCLUDE KINETIC PART OF IONS): -75.240217 kbar
 ETOT DIFF (eV)              : 0.107487
 LARGEST GRAD (eV/Angstrom)  : 0.338216
 DONE(29.369953  SEC) : SETUP UNITCELL

 ================================================================
 RELAX STEP: 5 (CELL_CHANGE# 5 IONS_CHANGE# 1)
 ================================================================
 DONE(29.418274  SEC) : LOCAL POTENTIAL
 DONE(29.466230  SEC) : SYMMETRY
 DONE(29.466533  SEC) : INIT K-POINTS
 DONE(29.656219  SEC) : INIT SCF
 ITER       ETOT/eV          EDIFF/eV         DRHO     TIME/s
 GE1     -3.49351936e+03   0.00000000e+00   1.0554e-02   0.55
 GE2     -3.49355953e+03  -4.01711334e-02   7.7945e-03   0.44
 GE3     -3.49357374e+03  -1.42085107e-02   1.4769e-03   0.44
 GE4     -3.49357371e+03   3.25212063e-05   5.3895e-04   0.44
 GE5     -3.49357374e+03  -2.97688867e-05   1.1468e-04   0.44
 GE6     -3.49357374e+03  -4.43414846e-07   4.1929e-05   0.44
 GE7     -3.49357374e+03  -4.54435716e-07   1.2584e-05   0.44
 GE8     -3.49357374e+03  -6.45575499e-08   3.9534e-06   0.44
 GE9     -3.49357374e+03  -5.59937539e-10   3.5994e-07   0.44
 GE10    -3.49357374e+03  -1.16009159e-11   6.2691e-08   0.45
 ----------------------------------------------------------------
              Stress_x             Stress_y             Stress_z 
 ----------------------------------------------------------------
         -8.5233191984        -0.6216494991        -0.6216494991 
         -0.6216494991        -8.5233191984         0.6216494991 
         -0.6216494991         0.6216494991        -8.5233191984 
 ----------------------------------------------------------------
 TOTAL-PRESSURE (EXCLUDE KINETIC PART OF IONS): -8.523319 kbar
 ETOT DIFF (eV)              : -0.131117
 LARGEST GRAD (eV/Angstrom)  : 0.376977
 DONE(35.335633  SEC) : SETUP UNITCELL

 ================================================================
 RELAX STEP: 6 (CELL_CHANGE# 6 IONS_CHANGE# 1)
 ================================================================
 DONE(35.383834  SEC) : LOCAL POTENTIAL
 DONE(35.431925  SEC) : SYMMETRY
 DONE(35.432219  SEC) : INIT K-POINTS
 DONE(35.622100  SEC) : INIT SCF
 ITER       ETOT/eV          EDIFF/eV         DRHO     TIME/s
 GE1     -3.49358293e+03   0.00000000e+00   4.9085e-03   0.55
 GE2     -3.49358911e+03  -6.17842520e-03   3.0945e-03   0.44
 GE3     -3.49359199e+03  -2.87428939e-03   5.3022e-04   0.44
 GE4     -3.49359200e+03  -1.33977036e-05   2.0885e-04   0.44
 GE5     -3.49359200e+03  -3.12964326e-06   6.4650e-05   0.44
 GE6     -3.49359200e+03  -1.19015575e-06   3.7295e-05   0.44
 GE7     -3.49359200e+03  -1.67427511e-07   4.1332e-06   0.44
 GE8     -3.49359200e+03  -2.91105649e-09   1.4989e-06   0.44
 GE9     -3.49359200e+03  -7.34724671e-11   1.3845e-07   0.44
 GE10    -3.49359200e+03  -3.86697195e-12   2.5324e-08   0.45
 ----------------------------------------------------------------
              Stress_x             Stress_y             Stress_z 
 ----------------------------------------------------------------
         -7.6572175624        -0.5705603167        -0.5705603167 
         -0.5705603167        -7.6572175624         0.5705603167 
         -0.5705603167         0.5705603167        -7.6572175624 
 ----------------------------------------------------------------
 TOTAL-PRESSURE (EXCLUDE KINETIC PART OF IONS): -7.657218 kbar
 ETOT DIFF (eV)              : -0.018262
 LARGEST GRAD (eV/Angstrom)  : 0.245704
 DONE(41.302020  SEC) : SETUP UNITCELL

 ================================================================
 RELAX STEP: 7 (CELL_CHANGE# 7 IONS_CHANGE# 1)
 ================================================================
 DONE(41.349932  SEC) : LOCAL POTENTIAL
 DONE(41.398031  SEC) : SYMMETRY
 DONE(41.398288  SEC) : INIT K-POINTS
 DONE(41.591450  SEC) : INIT SCF
 ITER       ETOT/eV          EDIFF/eV         DRHO     TIME/s
 GE1     -3.49361146e+03   0.00000000e+00   1.6489e-03   0.56
 GE2     -3.49361143e+03   2.93154115e-05   5.2582e-04   0.44
 GE3     -3.49361158e+03  -1.52449577e-04   4.7654e-04   0.44
 GE4     -3.49361162e+03  -3.76457368e-05   6.1787e-05   0.44
 GE5     -3.49361162e+03  -6.18641266e-07   3.0896e-05   0.44
 GE6     -3.49361162e+03  -1.88283638e-07   9.7634e-06   0.44
 GE7     -3.49361162e+03  -9.52435192e-09   1.4015e-06   0.45
 GE8     -3.49361162e+03  -1.21422919e-10   2.2532e-07   0.44
 GE9     -3.49361162e+03   7.73394390e-13   3.9848e-08   0.46
 ----------------------------------------------------------------
              Stress_x             Stress_y             Stress_z 
 ----------------------------------------------------------------
         -4.9894218644        -0.0885779932        -0.0885779932 
         -0.0885779932        -4.9894218644         0.0885779932 
         -0.0885779932         0.0885779932        -4.9894218644 
 ----------------------------------------------------------------
 TOTAL-PRESSURE (EXCLUDE KINETIC PART OF IONS): -4.989422 kbar
 ETOT DIFF (eV)              : -0.019617
 LARGEST GRAD (eV/Angstrom)  : 0.188156
 DONE(46.880163  SEC) : SETUP UNITCELL

 ================================================================
 RELAX STEP: 8 (CELL_CHANGE# 8 IONS_CHANGE# 1)
 ================================================================
 DONE(46.928625  SEC) : LOCAL POTENTIAL
 DONE(46.976029  SEC) : SYMMETRY
 DONE(46.976311  SEC) : INIT K-POINTS
 DONE(47.165631  SEC) : INIT SCF
 ITER       ETOT/eV          EDIFF/eV         DRHO     TIME/s
 GE1     -3.49361742e+03   0.00000000e+00   2.3765e-03   0.56
 GE2     -3.49361728e+03   1.40810776e-04   7.7857e-04   0.45
 GE3     -3.49361768e+03  -4.02919918e-04   7.7868e-04   0.45
 GE4     -3.49361777e+03  -9.09439622e-05   1.2842e-04   0.45
 GE5     -3.49361777e+03  -2.78720511e-07   3.4898e-05   0.45
 GE6     -3.49361777e+03  -2.72376357e-07   2.2620e-05   0.45
 GE7     -3.49361777e+03  -9.94329966e-08   2.4074e-06   0.45
 GE8     -3.49361777e+03  -3.35653165e-10   5.4009e-07   0.45
 GE9     -3.49361777e+03  -2.62954093e-11   4.7649e-08   0.46
 ----------------------------------------------------------------
              Stress_x             Stress_y             Stress_z 
 ----------------------------------------------------------------
         -1.4749465584        -0.1823219182        -0.1823219182 
         -0.1823219182        -1.4749465584         0.1823219182 
         -0.1823219182         0.1823219182        -1.4749465584 
 ----------------------------------------------------------------
 TOTAL-PRESSURE (EXCLUDE KINETIC PART OF IONS): -1.474947 kbar
 ETOT DIFF (eV)              : -0.006152
 LARGEST GRAD (eV/Angstrom)  : 0.109536
 DONE(52.492516  SEC) : SETUP UNITCELL

 ================================================================
 RELAX STEP: 9 (CELL_CHANGE# 9 IONS_CHANGE# 1)
 ================================================================
 DONE(52.540684  SEC) : LOCAL POTENTIAL
 DONE(52.588249  SEC) : SYMMETRY
 DONE(52.588542  SEC) : INIT K-POINTS
 DONE(52.780856  SEC) : INIT SCF
 ITER       ETOT/eV          EDIFF/eV         DRHO     TIME/s
 GE1     -3.49362035e+03   0.00000000e+00   2.4512e-04   0.56
 GE2     -3.49362037e+03  -2.48329313e-05   7.2925e-05   0.46
 GE3     -3.49362037e+03  -6.55724754e-07   3.8037e-05   0.45
 GE4     -3.49362037e+03  -5.80929009e-07   1.6711e-05   0.45
 GE5     -3.49362037e+03  -2.57153635e-08   3.6612e-06   0.45
 GE6     -3.49362037e+03  -1.05026958e-09   6.0954e-07   0.45
 GE7     -3.49362037e+03  -1.85614654e-11   2.0738e-07   0.45
 GE8     -3.49362037e+03  -1.70146766e-11   2.8883e-08   0.46
 ----------------------------------------------------------------
              Stress_x             Stress_y             Stress_z 
 ----------------------------------------------------------------
          3.0383309864        -0.2396629360        -0.2396629360 
         -0.2396629360         3.0383309864         0.2396629360 
         -0.2396629360         0.2396629360         3.0383309864 
 ----------------------------------------------------------------
 TOTAL-PRESSURE (EXCLUDE KINETIC PART OF IONS): 3.038331 kbar
 ETOT DIFF (eV)              : -0.002600
 LARGEST GRAD (eV/Angstrom)  : 0.042246
 DONE(57.676677  SEC) : SETUP UNITCELL

 ================================================================
 RELAX STEP: 10 (CELL_CHANGE# 10 IONS_CHANGE# 1)
 ================================================================
 DONE(57.725190  SEC) : LOCAL POTENTIAL
 DONE(57.772814  SEC) : SYMMETRY
 DONE(57.773112  SEC) : INIT K-POINTS
 DONE(57.962933  SEC) : INIT SCF
 ITER       ETOT/eV          EDIFF/eV         DRHO     TIME/s
 GE1     -3.49362036e+03   0.00000000e+00   1.1599e-03   0.57
 GE2     -3.49362086e+03  -4.98276549e-04   4.3942e-04   0.45
 GE3     -3.49362090e+03  -3.76626340e-05   2.0554e-04   0.45
 GE4     -3.49362091e+03  -1.25609558e-05   7.0598e-05   0.45
 GE5     -3.49362091e+03  -2.81095605e-07   2.3484e-05   0.45
 GE6     -3.49362091e+03  -3.30316744e-09   8.6682e-06   0.45
 GE7     -3.49362091e+03  -4.13704127e-08   1.6223e-06   0.45
 GE8     -3.49362091e+03  -1.33797230e-10   3.9939e-07   0.45
 GE9     -3.49362091e+03  -1.16009159e-11   4.8321e-08   0.46
 ----------------------------------------------------------------
              Stress_x             Stress_y             Stress_z 
 ----------------------------------------------------------------
          0.5283584356        -0.0627219667        -0.0627219667 
         -0.0627219667         0.5283584356         0.0627219667 
         -0.0627219667         0.0627219667         0.5283584356 
 ----------------------------------------------------------------
 TOTAL-PRESSURE (EXCLUDE KINETIC PART OF IONS): 0.528358 kbar
 ETOT DIFF (eV)              : -0.000536
 LARGEST GRAD (eV/Angstrom)  : 0.021633
 DONE(63.305228  SEC) : SETUP UNITCELL

 ================================================================
 RELAX STEP: 11 (CELL_CHANGE# 11 IONS_CHANGE# 1)
 ================================================================
 DONE(63.353653  SEC) : LOCAL POTENTIAL
 DONE(63.401617  SEC) : SYMMETRY
 DONE(63.401921  SEC) : INIT K-POINTS
 DONE(63.591245  SEC) : INIT SCF
 ITER       ETOT/eV          EDIFF/eV         DRHO     TIME/s
 GE1     -3.49362094e+03   0.00000000e+00   2.8839e-04   0.56
 GE2     -3.49362096e+03  -1.42951682e-05   1.3369e-04   0.45
 GE3     -3.49362096e+03  -6.78541513e-06   4.6857e-05   0.45
 GE4     -3.49362097e+03  -4.75053637e-07   7.7109e-06   0.45
 GE5     -3.49362097e+03  -1.39033110e-08   6.3933e-06   0.45
 GE6     -3.49362097e+03  -1.42660329e-08   9.6883e-07   0.45
 GE7     -3.49362097e+03  -1.38437596e-10   1.4800e-07   0.45
 GE8     -3.49362097e+03  -2.32018317e-12   2.8530e-08   0.46
 ----------------------------------------------------------------
              Stress_x             Stress_y             Stress_z 
 ----------------------------------------------------------------
         -0.2558443455        -0.0059145397        -0.0059145397 
         -0.0059145397        -0.2558443455         0.0059145397 
         -0.0059145397         0.0059145397        -0.2558443455 
 ----------------------------------------------------------------
 TOTAL-PRESSURE (EXCLUDE KINETIC PART OF IONS): -0.255844 kbar
 ETOT DIFF (eV)              : -0.000057
 LARGEST GRAD (eV/Angstrom)  : 0.015191

 ~~~~~~~~~~~~~~~~~~~~~~~~~~~~~~~~~~~~~~~~~~~~~~~~~~~~~~~~~~~~~~~~
 Geometry relaxation thresholds are reached within 10 steps.
 ~~~~~~~~~~~~~~~~~~~~~~~~~~~~~~~~~~~~~~~~~~~~~~~~~~~~~~~~~~~~~~~~

 TIME STATISTICS
--------------------------------------------------------------------
    CLASS_NAME            NAME        TIME/s  CALLS   AVG/s  PER/%  
--------------------------------------------------------------------
                   total              68.49  115      0.60   100.00 
 Driver            atomic_world       68.49  1        68.49  100.00 
 ESolver_KS_LCAO   before_all_runners 0.98   1        0.98   1.43   
 Charge            atomic_rho         1.12   22       0.05   1.63   
 Relax_Driver      relax_driver       67.47  1        67.47  98.52  
 ESolver_KS        runner             55.38  11       5.03   80.86  
 ESolver_KS_LCAO   before_scf         3.03   11       0.28   4.42   
 Symmetry_rho      begin              1.01   116      0.01   1.48   
 Symmetry          rhog_symmetry      0.72   116      0.01   1.05   
 HSolverLCAO       solve              49.96  105      0.48   72.95  
 HamiltLCAO        updateHk           27.17  315      0.09   39.67  
 OperatorLCAO      init               27.17  1575     0.02   39.66  
 Veff              contributeHR       26.18  105      0.25   38.23  
 Gint              cal_gint_vl        26.18  105      0.25   38.23  
 Gint              hr_gint_to_hR      4.70   105      0.04   6.86   
 HSolverLCAO       hamiltSolvePsiK    3.12   315      0.01   4.55   
 DiagoElpa         elpa_solve         2.47   315      0.01   3.61   
 LCAO_domain       dm2rho             19.38  105      0.18   28.30  
 Gint              cal_gint_rho       17.17  105      0.16   25.07  
 Gint              dm_2d_to_gint      1.65   116      0.01   2.41   
 ESolver_KS_LCAO   cal_force          12.07  11       1.10   17.62  
 Force_Stress_LCAO getForceStress     12.06  11       1.10   17.62  
 Forces            cal_force_cc       0.71   11       0.06   1.04   
 Forces            cal_force_scc      0.74   11       0.07   1.08   
 Stress            stress_loc         2.22   11       0.20   3.24   
 Stress            stress_cc          2.87   11       0.26   4.19   
 Nonlocal          cal_force_stress   1.02   11       0.09   1.49   
 Gint              cal_gint_fvl       3.50   11       0.32   5.12   
--------------------------------------------------------------------


 START  Time  : Fri Jun 26 14:26:05 2026
 FINISH Time  : Fri Jun 26 14:27:13 2026
 TOTAL  Time  : 68
 SEE INFORMATION IN : OUT.CaOMgO/
