0.250000 0.000000 0.074576 ? u
0.750000 0.000000 0.081738 ? u
0.250000 0.000000 0.079721 ? u
0.750000 0.000000 0.086883 ? u
0.250000 0.000000 0.101573 ? u
0.750000 0.000000 0.108735 ? u
0.250000 0.000000 0.107286 ? u
0.750000 0.000000 0.114448 ? u
0.250000 0.000000 0.116683 ? u
0.750000 0.000000 0.123845 ? u
0.250000 0.000000 0.168805 ? u
0.750000 0.000000 0.175967 ? u
0.200000 0.000000 0.057593 ? u
0.400000 0.000000 0.095274 ? u
0.400000 0.000000 0.090708 ? u
0.600000 0.000000 0.098138 ? u
0.600000 0.000000 0.093573 ? u
0.800000 0.000000 0.066187 ? u
0.200000 0.000000 0.065452 ? u
0.400000 0.000000 0.109732 ? u
0.400000 0.000000 0.099826 ? u
0.600000 0.000000 0.112597 ? u
0.600000 0.000000 0.102690 ? u
0.800000 0.000000 0.074046 ? u
0.200000 0.000000 0.065796 ? u
0.400000 0.000000 0.105296 ? u
0.600000 0.000000 0.108161 ? u
0.800000 0.000000 0.074391 ? u
0.200000 0.000000 0.082567 ? u
0.400000 0.000000 0.146835 ? u
0.400000 0.000000 0.114069 ? u
0.600000 0.000000 0.149700 ? u
0.600000 0.000000 0.116934 ? u
0.800000 0.000000 0.091162 ? u
0.200000 0.000000 0.091279 ? u
0.400000 0.000000 0.171878 ? u
0.600000 0.000000 0.174743 ? u
0.600000 0.000000 0.118026 ? u
0.800000 0.000000 0.099873 ? u
0.166667 0.000000 0.063964 ? u
0.333333 0.000000 0.126947 ? u
0.333333 0.000000 0.099558 ? u
0.500000 0.000000 0.151221 ? u
0.500000 0.000000 0.118768 ? u
0.666667 0.000000 0.131721 ? u
0.666667 0.000000 0.104333 ? u
0.833333 0.000000 0.073514 ? u
0.166667 0.000000 0.066829 ? u
0.333333 0.000000 0.147244 ? u
0.333333 0.000000 0.090719 ? u
0.500000 0.000000 0.117857 ? u
0.500000 0.000000 0.121632 ? u
0.666667 0.000000 0.095493 ? u
0.666667 0.000000 0.152018 ? u
0.833333 0.000000 0.076378 ? u
0.166667 0.000000 0.083532 ? u
0.333333 0.000000 0.163947 ? u
0.333333 0.000000 0.121812 ? u
0.500000 0.000000 0.146637 ? u
0.500000 0.000000 0.157351 ? u
0.666667 0.000000 0.168721 ? u
0.666667 0.000000 0.126587 ? u
0.833333 0.000000 0.093081 ? u
0.166667 0.000000 0.070563 ? u
0.333333 0.000000 0.099250 ? u
0.333333 0.000000 0.150977 ? u
0.500000 0.000000 0.127451 ? u
0.500000 0.000000 0.128036 ? u
0.666667 0.000000 0.104024 ? u
0.666667 0.000000 0.155752 ? u
0.833333 0.000000 0.080112 ? u
0.166667 0.000000 0.061682 ? u
0.333333 0.000000 0.101084 ? u
0.333333 0.000000 0.097276 ? u
0.500000 0.000000 0.135501 ? u
0.500000 0.000000 0.104060 ? u
0.666667 0.000000 0.105859 ? u
0.666667 0.000000 0.102050 ? u
0.833333 0.000000 0.071231 ? u
0.166667 0.000000 0.053320 ? u
0.333333 0.000000 0.088913 ? u
0.333333 0.000000 0.092342 ? u
0.500000 0.000000 0.103301 ? u
0.500000 0.000000 0.110794 ? u
0.666667 0.000000 0.093688 ? u
0.666667 0.000000 0.097117 ? u
0.833333 0.000000 0.062869 ? u
0.166667 0.000000 0.046271 ? u
0.333333 0.000000 0.073867 ? u
0.333333 0.000000 0.081865 ? u
0.500000 0.000000 0.101075 ? u
0.500000 0.000000 0.080447 ? u
0.666667 0.000000 0.078642 ? u
0.666667 0.000000 0.086639 ? u
0.833333 0.000000 0.055820 ? u
0.166667 0.000000 0.056580 ? u
0.333333 0.000000 0.102124 ? u
0.333333 0.000000 0.092174 ? u
0.500000 0.000000 0.116343 ? u
0.500000 0.000000 0.114054 ? u
0.666667 0.000000 0.106898 ? u
0.666667 0.000000 0.096948 ? u
0.833333 0.000000 0.066129 ? u
0.166667 0.000000 0.070612 ? u
0.333333 0.000000 0.099397 ? u
0.333333 0.000000 0.151027 ? u
0.500000 0.000000 0.128086 ? u
0.500000 0.000000 0.127648 ? u
0.666667 0.000000 0.104172 ? u
0.666667 0.000000 0.155801 ? u
0.833333 0.000000 0.080161 ? u
0.166667 0.000000 0.074343 ? u
0.333333 0.000000 0.154758 ? u
0.333333 0.000000 0.094245 ? u
0.500000 0.000000 0.109881 ? u
0.500000 0.000000 0.148162 ? u
0.666667 0.000000 0.159532 ? u
0.666667 0.000000 0.099020 ? u
0.833333 0.000000 0.083892 ? u
0.142857 0.000000 0.044924 ? u
0.285714 0.000000 0.082448 ? u
0.428571 0.000000 0.102233 ? u
0.428571 0.000000 0.102233 ? u
0.571429 0.000000 0.104279 ? u
0.571429 0.000000 0.104279 ? u
0.714286 0.000000 0.088587 ? u
0.857143 0.000000 0.055155 ? u
0.142857 0.000000 0.038184 ? u
0.285714 0.000000 0.083112 ? u
0.285714 0.000000 0.061838 ? u
0.428571 0.000000 0.103172 ? u
0.285714 0.000000 0.068693 ? u
0.428571 0.000000 0.088753 ? u
0.571429 0.000000 0.105218 ? u
0.428571 0.000000 0.095608 ? u
0.428571 0.000000 0.067478 ? u
0.571429 0.000000 0.090799 ? u
0.571429 0.000000 0.097654 ? u
0.714286 0.000000 0.089251 ? u
0.571429 0.000000 0.069524 ? u
0.714286 0.000000 0.067976 ? u
0.714286 0.000000 0.074832 ? u
0.857143 0.000000 0.048415 ? u
0.142857 0.000000 0.048533 ? u
0.285714 0.000000 0.092305 ? u
0.285714 0.000000 0.083227 ? u
0.428571 0.000000 0.111901 ? u
0.285714 0.000000 0.089854 ? u
0.428571 0.000000 0.109450 ? u
0.571429 0.000000 0.113948 ? u
0.428571 0.000000 0.116076 ? u
0.428571 0.000000 0.100371 ? u
0.571429 0.000000 0.111496 ? u
0.571429 0.000000 0.118123 ? u
0.714286 0.000000 0.098444 ? u
0.571429 0.000000 0.102418 ? u
0.714286 0.000000 0.089366 ? u
0.714286 0.000000 0.095992 ? u
0.857143 0.000000 0.058764 ? u
0.142857 0.000000 0.053801 ? u
0.285714 0.000000 0.095088 ? u
0.285714 0.000000 0.090987 ? u
0.428571 0.000000 0.109421 ? u
0.285714 0.000000 0.105654 ? u
0.428571 0.000000 0.119987 ? u
0.571429 0.000000 0.111467 ? u
0.428571 0.000000 0.134654 ? u
0.428571 0.000000 0.115885 ? u
0.571429 0.000000 0.122033 ? u
0.571429 0.000000 0.136700 ? u
0.714286 0.000000 0.101227 ? u
0.571429 0.000000 0.117932 ? u
0.714286 0.000000 0.097125 ? u
0.714286 0.000000 0.111792 ? u
0.857143 0.000000 0.064032 ? u
0.142857 0.000000 0.059048 ? u
0.285714 0.000000 0.127122 ? u
0.285714 0.000000 0.104093 ? u
0.428571 0.000000 0.170856 ? u
0.285714 0.000000 0.086745 ? u
0.428571 0.000000 0.130479 ? u
0.571429 0.000000 0.172902 ? u
0.428571 0.000000 0.113132 ? u
0.428571 0.000000 0.107450 ? u
0.571429 0.000000 0.132526 ? u
0.571429 0.000000 0.115178 ? u
0.714286 0.000000 0.133261 ? u
0.571429 0.000000 0.109497 ? u
0.714286 0.000000 0.110232 ? u
0.714286 0.000000 0.092884 ? u
0.857143 0.000000 0.069279 ? u
0.142857 0.000000 0.062245 ? u
0.285714 0.000000 0.131173 ? u
0.285714 0.000000 0.123473 ? u
0.428571 0.000000 0.188743 ? u
0.285714 0.000000 0.079305 ? u
0.428571 0.000000 0.136875 ? u
0.571429 0.000000 0.190789 ? u
0.428571 0.000000 0.092707 ? u
0.428571 0.000000 0.129176 ? u
0.571429 0.000000 0.138922 ? u
0.571429 0.000000 0.094753 ? u
0.714286 0.000000 0.137311 ? u
0.571429 0.000000 0.131222 ? u
0.714286 0.000000 0.129611 ? u
0.714286 0.000000 0.085443 ? u
0.857143 0.000000 0.072477 ? u
0.142857 0.000000 0.051857 ? u
0.285714 0.000000 0.102246 ? u
0.285714 0.000000 0.094260 ? u
0.428571 0.000000 0.132841 ? u
0.285714 0.000000 0.085503 ? u
0.428571 0.000000 0.116098 ? u
0.571429 0.000000 0.134888 ? u
0.428571 0.000000 0.107341 ? u
0.428571 0.000000 0.108112 ? u
0.571429 0.000000 0.118145 ? u
0.571429 0.000000 0.109388 ? u
0.714286 0.000000 0.108384 ? u
0.571429 0.000000 0.110159 ? u
0.714286 0.000000 0.100398 ? u
0.714286 0.000000 0.091641 ? u
0.857143 0.000000 0.062088 ? u
0.125000 0.000000 0.032119 ? u
