                                                                                     
                              ABACUS v3.11.0-beta.4

               Atomic-orbital Based Ab-initio Computation at UStc                    

                     Website: http://abacus.ustc.edu.cn/                             
               Documentation: https://abacus.deepmodeling.com/                       
                  Repository: https://github.com/abacusmodeling/abacus-develop       
                              https://github.com/deepmodeling/abacus-develop         
                      Commit: unknown

 Fri Jun 26 15:00:12 2026
 MAKE THE DIR         : OUT.CaOMgO/
 RUNNING WITH DEVICE  : CPU / Intel(R) Xeon(R) Silver 4116 CPU @ 2.10GHz (x2)
 WARNING: some of potential function is set to zero cause of less than 1e-30.
 WARNING: some of potential function is set to zero cause of less than 1e-30.
 WARNING: some of potential function is set to zero cause of less than 1e-30.

%%%%%%%%%%%%%%%%%%%%%%%%%%%%%%%%%%%%%%%%%%%%%%%%%%%%%%%%%%%%%%%%%%%%%%%%%%%%%%%%%%%%%%%%%%%%%%%%%%%%%%%%%
 Warning: the number of valence electrons in pseudopotential > 2 for Ca: [Ar] 4s2
 Pseudopotentials with additional electrons can yield (more) accurate outcomes, but may be less efficient.
 If you're confident that your chosen pseudopotential is appropriate, you can safely ignore this warning.
%%%%%%%%%%%%%%%%%%%%%%%%%%%%%%%%%%%%%%%%%%%%%%%%%%%%%%%%%%%%%%%%%%%%%%%%%%%%%%%%%%%%%%%%%%%%%%%%%%%%%%%%%

 UNIFORM GRID DIM     : 64 * 64 * 64
 UNIFORM GRID DIM(BIG): 16 * 16 * 16
 DONE(0.213579   SEC) : SYMMETRY
 DONE(0.213673   SEC) : SETUP UNITCELL
 DONE(0.351563   SEC) : INIT K-POINTS
 ----------------------------------------------------------------
 Cell relaxation calculations
 ----------------------------------------------------------------
 SPIN    KPOINTS         PROCESSES   THREADS/PROC  THREADS/TOTAL 
 1       8               24          1             24            
 ----------------------------------------------------------------
 Use Systematically Improvable Atomic bases
 ----------------------------------------------------------------
 TOTAL NBASE 92
 ELEMENT ORBITALS        NBASE       NATOM       
 Ca      4s2p1d-10au     15          2           
 Mg      2s1p-9au        5           2           
 O       2s2p1d-6au      13          4           
 ----------------------------------------------------------------
 Initial plane wave basis and FFT box
 ----------------------------------------------------------------
 DONE(0.358671   SEC) : INIT PLANEWAVE
 START CHARGE         : ATOMIC
 DONE(1.02956    SEC) : CHARGE
 DONE(1.08803    SEC) : POTENTIALS

 ================================================================
 RELAX STEP: 1 (CELL_CHANGE# 1 IONS_CHANGE# 1)
 ================================================================
 DONE(1.36325    SEC) : INIT SCF
 ITER       ETOT/eV          EDIFF/eV         DRHO     TIME/s
 GE1     -3.95984346e+03   0.00000000e+00   1.5532e-01   1.56
 GE2     -3.96529361e+03  -5.45014768e+00   1.3390e-01   1.46
 GE3     -3.96970676e+03  -4.41315491e+00   1.9467e-02   1.46
 GE4     -3.96968742e+03   1.93490794e-02   8.8772e-03   1.46
 GE5     -3.96970642e+03  -1.90027899e-02   3.1525e-03   1.46
 GE6     -3.96970951e+03  -3.08941699e-03   5.2666e-04   1.47
 GE7     -3.96970955e+03  -3.81046992e-05   1.5337e-04   1.46
 GE8     -3.96970955e+03  -4.64893710e-06   6.2656e-05   1.46
 GE9     -3.96970955e+03  -4.91248516e-07   3.2025e-05   1.47
 GE10    -3.96970955e+03  -1.70698196e-07   4.2682e-06   1.46
 GE11    -3.96970955e+03  -4.38514619e-09   3.8118e-07   1.46
 GE12    -3.96970955e+03  -1.00541271e-11   6.1030e-08   1.47
 ----------------------------------------------------------------
              Stress_x             Stress_y             Stress_z 
 ----------------------------------------------------------------
        612.8548280734         4.4605443903        -8.8323099447 
          4.4605443903       606.6548319071         4.4605443903 
         -8.8323099447         4.4605443903       612.8548280734 
 ----------------------------------------------------------------
 TOTAL-PRESSURE (EXCLUDE KINETIC PART OF IONS): 610.788163 kbar
 ETOT DIFF (eV)              : 0.000000
 LARGEST GRAD (eV/Angstrom)  : 2.169398
 DONE(21.338353  SEC) : SETUP UNITCELL

 ================================================================
 RELAX STEP: 2 (CELL_CHANGE# 2 IONS_CHANGE# 1)
 ================================================================
 DONE(21.469247  SEC) : LOCAL POTENTIAL
 DONE(21.516474  SEC) : SYMMETRY
 DONE(21.516802  SEC) : INIT K-POINTS
 DONE(21.981001  SEC) : INIT SCF
 ITER       ETOT/eV          EDIFF/eV         DRHO     TIME/s
 GE1     -3.97258576e+03   0.00000000e+00   8.6675e-03   1.30
 GE2     -3.97261297e+03  -2.72154389e-02   3.3256e-03   1.19
 GE3     -3.97261659e+03  -3.61938427e-03   1.5953e-03   1.19
 GE4     -3.97261789e+03  -1.29527847e-03   4.6304e-04   1.19
 GE5     -3.97261793e+03  -3.89271400e-05   1.3210e-04   1.21
 GE6     -3.97261793e+03  -4.76330975e-06   4.9365e-05   1.19
 GE7     -3.97261793e+03  -6.38519822e-07   8.4608e-06   1.19
 GE8     -3.97261793e+03  -5.14229930e-09   1.4267e-06   1.19
 GE9     -3.97261793e+03  -5.71538454e-10   8.7852e-07   1.19
 GE10    -3.97261793e+03  -2.45166022e-10   8.3892e-08   1.20
 ----------------------------------------------------------------
              Stress_x             Stress_y             Stress_z 
 ----------------------------------------------------------------
        221.2531168920        -1.4572507647        -1.2629056487 
         -1.4572507647       219.6149109595        -1.4572507647 
         -1.2629056487        -1.4572507647       221.2531168920 
 ----------------------------------------------------------------
 TOTAL-PRESSURE (EXCLUDE KINETIC PART OF IONS): 220.707048 kbar
 ETOT DIFF (eV)              : -2.908381
 LARGEST GRAD (eV/Angstrom)  : 1.033478
 DONE(37.048458  SEC) : SETUP UNITCELL

 ================================================================
 RELAX STEP: 3 (CELL_CHANGE# 3 IONS_CHANGE# 1)
 ================================================================
 DONE(37.179556  SEC) : LOCAL POTENTIAL
 DONE(37.226752  SEC) : SYMMETRY
 DONE(37.227086  SEC) : INIT K-POINTS
 DONE(37.671910  SEC) : INIT SCF
 ITER       ETOT/eV          EDIFF/eV         DRHO     TIME/s
 GE1     -3.97336816e+03   0.00000000e+00   3.7838e-03   1.14
 GE2     -3.97337103e+03  -2.87064820e-03   1.8565e-03   1.01
 GE3     -3.97337294e+03  -1.90703465e-03   7.1502e-04   1.01
 GE4     -3.97337320e+03  -2.59382801e-04   1.5206e-04   1.01
 GE5     -3.97337320e+03  -2.23874629e-06   7.9003e-05   1.01
 GE6     -3.97337320e+03  -2.22561792e-06   1.8009e-05   1.01
 GE7     -3.97337320e+03  -4.85962365e-08   4.3867e-06   1.01
 GE8     -3.97337320e+03  -3.30548762e-09   2.0779e-06   1.01
 GE9     -3.97337320e+03  -1.24129800e-09   4.7319e-07   1.02
 GE10    -3.97337320e+03  -2.16550429e-11   4.9039e-08   1.03
 ----------------------------------------------------------------
              Stress_x             Stress_y             Stress_z 
 ----------------------------------------------------------------
         49.9284903173        -2.8295308530         0.8108634248 
         -2.8295308530        49.5393679099        -2.8295308530 
          0.8108634248        -2.8295308530        49.9284903173 
 ----------------------------------------------------------------
 TOTAL-PRESSURE (EXCLUDE KINETIC PART OF IONS): 49.798783 kbar
 ETOT DIFF (eV)              : -0.755271
 LARGEST GRAD (eV/Angstrom)  : 0.504075
 DONE(50.815760  SEC) : SETUP UNITCELL

 ================================================================
 RELAX STEP: 4 (CELL_CHANGE# 4 IONS_CHANGE# 1)
 ================================================================
 DONE(50.946569  SEC) : LOCAL POTENTIAL
 DONE(50.993732  SEC) : SYMMETRY
 DONE(50.994067  SEC) : INIT K-POINTS
 DONE(51.426061  SEC) : INIT SCF
 ITER       ETOT/eV          EDIFF/eV         DRHO     TIME/s
 GE1     -3.97343529e+03   0.00000000e+00   3.7713e-03   1.09
 GE2     -3.97344023e+03  -4.94164119e-03   2.0362e-03   0.97
 GE3     -3.97344163e+03  -1.40201948e-03   6.6948e-04   0.97
 GE4     -3.97344179e+03  -1.54758350e-04   2.3858e-04   0.97
 GE5     -3.97344180e+03  -1.01975067e-05   1.1662e-04   0.97
 GE6     -3.97344180e+03  -4.33623828e-06   2.0916e-05   0.97
 GE7     -3.97344180e+03  -6.17137788e-08   4.5358e-06   0.98
 GE8     -3.97344180e+03  -1.87857497e-09   2.2446e-06   0.97
 GE9     -3.97344180e+03  -1.79195480e-09   4.3209e-07   0.97
 GE10    -3.97344180e+03  -2.55220149e-11   5.0113e-08   0.98
 ----------------------------------------------------------------
              Stress_x             Stress_y             Stress_z 
 ----------------------------------------------------------------
          3.0228132326        -3.1321363497         1.2012065071 
         -3.1321363497         2.8583317076        -3.1321363497 
          1.2012065071        -3.1321363497         3.0228132326 
 ----------------------------------------------------------------
 TOTAL-PRESSURE (EXCLUDE KINETIC PART OF IONS): 2.967986 kbar
 ETOT DIFF (eV)              : -0.068602
 LARGEST GRAD (eV/Angstrom)  : 0.355134
 DONE(64.085155  SEC) : SETUP UNITCELL

 ================================================================
 RELAX STEP: 5 (CELL_CHANGE# 5 IONS_CHANGE# 1)
 ================================================================
 DONE(64.216001  SEC) : LOCAL POTENTIAL
 DONE(64.263150  SEC) : SYMMETRY
 DONE(64.263481  SEC) : INIT K-POINTS
 DONE(64.693102  SEC) : INIT SCF
 ITER       ETOT/eV          EDIFF/eV         DRHO     TIME/s
 GE1     -3.97330763e+03   0.00000000e+00   2.4476e-03   1.00
 GE2     -3.97330943e+03  -1.80024443e-03   1.7486e-03   0.90
 GE3     -3.97331015e+03  -7.21989908e-04   3.3094e-04   0.89
 GE4     -3.97331015e+03  -1.86158350e-07   1.1136e-04   0.88
 GE5     -3.97331016e+03  -1.59117543e-06   4.2575e-05   0.88
 GE6     -3.97331016e+03  -1.24518585e-06   1.4464e-05   0.88
 GE7     -3.97331016e+03  -3.16751406e-08   2.4687e-06   0.89
 GE8     -3.97331016e+03  -2.88476108e-10   8.7201e-07   0.89
 GE9     -3.97331016e+03  -2.16550429e-10   2.9853e-07   0.88
 GE10    -3.97331016e+03  -2.24284373e-11   3.6287e-08   0.89
 ----------------------------------------------------------------
              Stress_x             Stress_y             Stress_z 
 ----------------------------------------------------------------
        -71.2017297916        -3.5419364235         1.6494034746 
         -3.5419364235       -70.8422711700        -3.5419364235 
          1.6494034746        -3.5419364235       -71.2017297916 
 ----------------------------------------------------------------
 TOTAL-PRESSURE (EXCLUDE KINETIC PART OF IONS): -71.081910 kbar
 ETOT DIFF (eV)              : 0.131647
 LARGEST GRAD (eV/Angstrom)  : 0.401872
 DONE(76.412162  SEC) : SETUP UNITCELL

 ================================================================
 RELAX STEP: 6 (CELL_CHANGE# 6 IONS_CHANGE# 1)
 ================================================================
 DONE(76.543398  SEC) : LOCAL POTENTIAL
 DONE(76.590605  SEC) : SYMMETRY
 DONE(76.590932  SEC) : INIT K-POINTS
 DONE(77.022392  SEC) : INIT SCF
 ITER       ETOT/eV          EDIFF/eV         DRHO     TIME/s
 GE1     -3.97341029e+03   0.00000000e+00   5.7818e-03   1.05
 GE2     -3.97342058e+03  -1.02931316e-02   4.0270e-03   0.93
 GE3     -3.97342445e+03  -3.86875872e-03   8.0199e-04   0.92
 GE4     -3.97342445e+03  -2.39733854e-06   2.9549e-04   0.92
 GE5     -3.97342446e+03  -1.13283686e-05   1.0145e-04   0.92
 GE6     -3.97342447e+03  -7.98647109e-06   3.3051e-05   0.93
 GE7     -3.97342447e+03  -1.66501758e-07   6.5690e-06   0.92
 GE8     -3.97342447e+03  -1.50193191e-09   1.9373e-06   0.92
 GE9     -3.97342447e+03  -1.48414384e-09   7.9060e-07   0.93
 GE10    -3.97342447e+03  -1.34570624e-10   8.9520e-08   0.94
 ----------------------------------------------------------------
              Stress_x             Stress_y             Stress_z 
 ----------------------------------------------------------------
        -42.2886701629        -3.2114568117         1.4621130755 
         -3.2114568117       -40.3358125088        -3.2114568117 
          1.4621130755        -3.2114568117       -42.2886701629 
 ----------------------------------------------------------------
 TOTAL-PRESSURE (EXCLUDE KINETIC PART OF IONS): -41.637718 kbar
 ETOT DIFF (eV)              : -0.114316
 LARGEST GRAD (eV/Angstrom)  : 0.313150
 DONE(89.176245  SEC) : SETUP UNITCELL

 ================================================================
 RELAX STEP: 7 (CELL_CHANGE# 7 IONS_CHANGE# 1)
 ================================================================
 DONE(89.307273  SEC) : LOCAL POTENTIAL
 DONE(89.354462  SEC) : SYMMETRY
 DONE(89.354797  SEC) : INIT K-POINTS
 DONE(89.786635  SEC) : INIT SCF
 ITER       ETOT/eV          EDIFF/eV         DRHO     TIME/s
 GE1     -3.97347992e+03   0.00000000e+00   2.4598e-04   1.09
 GE2     -3.97347992e+03  -1.66667265e-06   1.0845e-04   0.97
 GE3     -3.97347993e+03  -4.31620582e-06   6.6424e-05   0.97
 GE4     -3.97347993e+03  -1.44768525e-06   8.4755e-06   0.97
 GE5     -3.97347993e+03  -9.70919318e-09   3.8901e-06   0.97
 GE6     -3.97347993e+03  -4.97988648e-09   1.4400e-06   0.97
 GE7     -3.97347993e+03  -3.61175180e-10   2.6610e-07   0.97
 GE8     -3.97347993e+03   3.09357756e-12   2.7771e-08   0.99
 ----------------------------------------------------------------
              Stress_x             Stress_y             Stress_z 
 ----------------------------------------------------------------
         -1.9095130072        -2.8401978110         1.2522569284 
         -2.8401978110         2.4306578612        -2.8401978110 
          1.2522569284        -2.8401978110        -1.9095130072 
 ----------------------------------------------------------------
 TOTAL-PRESSURE (EXCLUDE KINETIC PART OF IONS): -0.462789 kbar
 ETOT DIFF (eV)              : -0.055456
 LARGEST GRAD (eV/Angstrom)  : 0.190595
 DONE(100.466270 SEC) : SETUP UNITCELL

 ================================================================
 RELAX STEP: 8 (CELL_CHANGE# 8 IONS_CHANGE# 1)
 ================================================================
 DONE(100.597289 SEC) : LOCAL POTENTIAL
 DONE(100.644494 SEC) : SYMMETRY
 DONE(100.644828 SEC) : INIT K-POINTS
 DONE(101.076171 SEC) : INIT SCF
 ITER       ETOT/eV          EDIFF/eV         DRHO     TIME/s
 GE1     -3.97347978e+03   0.00000000e+00   1.4317e-03   1.10
 GE2     -3.97348001e+03  -2.34423513e-04   8.4115e-04   0.97
 GE3     -3.97348021e+03  -2.02036103e-04   2.1343e-04   0.97
 GE4     -3.97348022e+03  -1.26901568e-06   4.5885e-05   0.98
 GE5     -3.97348022e+03  -3.96684037e-07   2.8278e-05   0.98
 GE6     -3.97348022e+03  -2.48592932e-07   7.4710e-06   0.98
 GE7     -3.97348022e+03  -8.31166951e-09   1.5675e-06   0.98
 GE8     -3.97348022e+03  -1.31477046e-10   5.4077e-07   0.98
 GE9     -3.97348022e+03  -1.02861454e-10   1.4925e-07   0.98
 GE10    -3.97348022e+03  -4.64036634e-12   2.8928e-08   0.99
 ----------------------------------------------------------------
              Stress_x             Stress_y             Stress_z 
 ----------------------------------------------------------------
          1.7261094229        -2.8127158947         1.2357006805 
         -2.8127158947         6.2901787065        -2.8127158947 
          1.2357006805        -2.8127158947         1.7261094229 
 ----------------------------------------------------------------
 TOTAL-PRESSURE (EXCLUDE KINETIC PART OF IONS): 3.247466 kbar
 ETOT DIFF (eV)              : -0.000287
 LARGEST GRAD (eV/Angstrom)  : 0.179577
 DONE(113.792166 SEC) : SETUP UNITCELL

 ================================================================
 RELAX STEP: 9 (CELL_CHANGE# 9 IONS_CHANGE# 1)
 ================================================================
 DONE(113.923044 SEC) : LOCAL POTENTIAL
 DONE(113.970336 SEC) : SYMMETRY
 DONE(113.970679 SEC) : INIT K-POINTS
 DONE(114.400887 SEC) : INIT SCF
 ITER       ETOT/eV          EDIFF/eV         DRHO     TIME/s
 GE1     -3.97348491e+03   0.00000000e+00   6.6950e-04   1.12
 GE2     -3.97348501e+03  -1.00851598e-04   2.9629e-04   0.97
 GE3     -3.97348504e+03  -3.63664103e-05   1.2649e-04   0.97
 GE4     -3.97348505e+03  -3.03124197e-06   2.4848e-05   0.98
 GE5     -3.97348505e+03  -1.82760055e-07   2.0927e-05   0.97
 GE6     -3.97348505e+03  -1.18852156e-07   3.7972e-06   0.97
 GE7     -3.97348505e+03  -8.55374196e-10   1.0454e-06   0.97
 GE8     -3.97348505e+03  -1.36117413e-10   5.8045e-07   0.97
 GE9     -3.97348505e+03  -9.04871437e-11   1.2806e-07   0.97
 GE10    -3.97348505e+03   3.86697195e-12   1.5805e-08   0.98
 ----------------------------------------------------------------
              Stress_x             Stress_y             Stress_z 
 ----------------------------------------------------------------
          1.0341982645        -2.1522500742         0.8820610428 
         -2.1522500742         5.5343632610        -2.1522500742 
          0.8820610428        -2.1522500742         1.0341982645 
 ----------------------------------------------------------------
 TOTAL-PRESSURE (EXCLUDE KINETIC PART OF IONS): 2.534253 kbar
 ETOT DIFF (eV)              : -0.004832
 LARGEST GRAD (eV/Angstrom)  : 0.141205
 DONE(127.106044 SEC) : SETUP UNITCELL

 ================================================================
 RELAX STEP: 10 (CELL_CHANGE# 10 IONS_CHANGE# 1)
 ================================================================
 DONE(127.237263 SEC) : LOCAL POTENTIAL
 DONE(127.284453 SEC) : SYMMETRY
 DONE(127.284779 SEC) : INIT K-POINTS
 DONE(127.718046 SEC) : INIT SCF
 ITER       ETOT/eV          EDIFF/eV         DRHO     TIME/s
 GE1     -3.97349125e+03   0.00000000e+00   1.3530e-03   1.10
 GE2     -3.97349159e+03  -3.36096113e-04   5.1408e-04   0.98
 GE3     -3.97349171e+03  -1.20370334e-04   2.8051e-04   0.98
 GE4     -3.97349173e+03  -1.77016565e-05   4.8900e-05   0.98
 GE5     -3.97349173e+03  -7.34083527e-07   4.2040e-05   0.98
 GE6     -3.97349173e+03  -4.60356050e-07   8.1810e-06   0.98
 GE7     -3.97349173e+03  -3.38824082e-09   2.2604e-06   0.98
 GE8     -3.97349173e+03  -8.37586125e-10   1.2330e-06   0.98
 GE9     -3.97349173e+03  -4.98065987e-10   2.5938e-07   0.98
 GE10    -3.97349173e+03  -7.73394390e-13   3.0770e-08   0.99
 ----------------------------------------------------------------
              Stress_x             Stress_y             Stress_z 
 ----------------------------------------------------------------
         -0.8256217129        -0.2096553229        -0.3206264897 
         -0.2096553229         3.5320288577        -0.2096553229 
         -0.3206264897        -0.2096553229        -0.8256217129 
 ----------------------------------------------------------------
 TOTAL-PRESSURE (EXCLUDE KINETIC PART OF IONS): 0.626928 kbar
 ETOT DIFF (eV)              : -0.006681
 LARGEST GRAD (eV/Angstrom)  : 0.076915
 DONE(140.450995 SEC) : SETUP UNITCELL

 ================================================================
 RELAX STEP: 11 (CELL_CHANGE# 11 IONS_CHANGE# 1)
 ================================================================
 DONE(140.581593 SEC) : LOCAL POTENTIAL
 DONE(140.628706 SEC) : SYMMETRY
 DONE(140.629008 SEC) : INIT K-POINTS
 DONE(141.060163 SEC) : INIT SCF
 ITER       ETOT/eV          EDIFF/eV         DRHO     TIME/s
 GE1     -3.97349221e+03   0.00000000e+00   1.9113e-03   1.09
 GE2     -3.97349261e+03  -4.03267015e-04   7.4090e-04   0.97
 GE3     -3.97349289e+03  -2.79082321e-04   4.4232e-04   0.97
 GE4     -3.97349292e+03  -3.17160393e-05   7.0814e-05   0.97
 GE5     -3.97349292e+03  -1.94666307e-06   6.1686e-05   0.97
 GE6     -3.97349292e+03  -1.12052628e-06   1.2776e-05   0.97
 GE7     -3.97349292e+03  -3.62412611e-09   3.3019e-06   0.98
 GE8     -3.97349292e+03  -4.35962418e-09   1.7646e-06   0.97
 GE9     -3.97349292e+03  -9.34260423e-10   3.1549e-07   0.97
 GE10    -3.97349292e+03  -2.32018317e-12   3.6930e-08   0.98
 ----------------------------------------------------------------
              Stress_x             Stress_y             Stress_z 
 ----------------------------------------------------------------
         -0.8574467991        -0.0062501721        -0.1009096222 
         -0.0062501721         1.9326643704        -0.0062501721 
         -0.1009096222        -0.0062501721        -0.8574467991 
 ----------------------------------------------------------------
 TOTAL-PRESSURE (EXCLUDE KINETIC PART OF IONS): 0.072590 kbar
 ETOT DIFF (eV)              : -0.001194
 LARGEST GRAD (eV/Angstrom)  : 0.031172
 DONE(153.734185 SEC) : SETUP UNITCELL

 ================================================================
 RELAX STEP: 12 (CELL_CHANGE# 12 IONS_CHANGE# 1)
 ================================================================
 DONE(153.865010 SEC) : LOCAL POTENTIAL
 DONE(153.912190 SEC) : SYMMETRY
 DONE(153.912533 SEC) : INIT K-POINTS
 DONE(154.346162 SEC) : INIT SCF
 ITER       ETOT/eV          EDIFF/eV         DRHO     TIME/s
 GE1     -3.97349319e+03   0.00000000e+00   1.3195e-04   1.10
 GE2     -3.97349320e+03  -2.66421916e-06   5.1028e-05   0.97
 GE3     -3.97349320e+03  -1.22430420e-06   2.6369e-05   0.98
 GE4     -3.97349320e+03  -2.19319955e-07   7.0463e-06   0.98
 GE5     -3.97349320e+03  -8.75791808e-09   4.0342e-06   0.97
 GE6     -3.97349320e+03  -4.71925257e-09   9.0737e-07   0.98
 GE7     -3.97349320e+03  -1.23743102e-10   2.5635e-07   0.98
 GE8     -3.97349320e+03   2.32018317e-12   4.0685e-08   0.99
 ----------------------------------------------------------------
              Stress_x             Stress_y             Stress_z 
 ----------------------------------------------------------------
         -0.8541266366         0.1391007668         0.0586317893 
          0.1391007668         0.7585061531         0.1391007668 
          0.0586317893         0.1391007668        -0.8541266366 
 ----------------------------------------------------------------
 TOTAL-PRESSURE (EXCLUDE KINETIC PART OF IONS): -0.316582 kbar
 ETOT DIFF (eV)              : -0.000275
 LARGEST GRAD (eV/Angstrom)  : 0.028344
 DONE(165.101390 SEC) : SETUP UNITCELL

 ================================================================
 RELAX STEP: 13 (CELL_CHANGE# 13 IONS_CHANGE# 1)
 ================================================================
 DONE(165.232408 SEC) : LOCAL POTENTIAL
 DONE(165.279624 SEC) : SYMMETRY
 DONE(165.280018 SEC) : INIT K-POINTS
 DONE(165.712185 SEC) : INIT SCF
 ITER       ETOT/eV          EDIFF/eV         DRHO     TIME/s
 GE1     -3.97349329e+03   0.00000000e+00   3.8118e-04   1.09
 GE2     -3.97349332e+03  -2.61459709e-05   1.3147e-04   0.97
 GE3     -3.97349332e+03  -6.45346420e-06   8.0446e-05   0.97
 GE4     -3.97349333e+03  -1.60900759e-06   1.9027e-05   0.97
 GE5     -3.97349333e+03  -5.59759658e-08   1.1858e-05   0.97
 GE6     -3.97349333e+03  -3.27068488e-08   3.3438e-06   0.97
 GE7     -3.97349333e+03  -1.92575203e-09   8.5571e-07   0.97
 GE8     -3.97349333e+03  -3.48027476e-11   1.7550e-07   0.97
 GE9     -3.97349333e+03   4.64036634e-12   9.4817e-08   0.98
 ----------------------------------------------------------------
              Stress_x             Stress_y             Stress_z 
 ----------------------------------------------------------------
         -0.2398806169         0.0676275678         0.0923239630 
          0.0676275678         0.4866569715         0.0676275678 
          0.0923239630         0.0676275678        -0.2398806169 
 ----------------------------------------------------------------
 TOTAL-PRESSURE (EXCLUDE KINETIC PART OF IONS): 0.002299 kbar
 ETOT DIFF (eV)              : -0.000129
 LARGEST GRAD (eV/Angstrom)  : 0.018130

 ~~~~~~~~~~~~~~~~~~~~~~~~~~~~~~~~~~~~~~~~~~~~~~~~~~~~~~~~~~~~~~~~
 Geometry relaxation thresholds are reached within 12 steps.
 ~~~~~~~~~~~~~~~~~~~~~~~~~~~~~~~~~~~~~~~~~~~~~~~~~~~~~~~~~~~~~~~~

 TIME STATISTICS
--------------------------------------------------------------------
    CLASS_NAME            NAME        TIME/s  CALLS   AVG/s  PER/%  
--------------------------------------------------------------------
                   total              177.40 135      1.31   100.00 
 Driver            atomic_world       177.40 1        177.40 100.00 
 Charge            atomic_rho         3.60   26       0.14   2.03   
 Relax_Driver      relax_driver       176.31 1        176.31 99.39  
 ESolver_KS        runner             142.03 13       10.93  80.06  
 ESolver_KS_LCAO   before_scf         7.63   13       0.59   4.30   
 Charge            set_rho_core       1.86   13       0.14   1.05   
 Potential         cal_veff           1.88   140      0.01   1.06   
 XC_Functional     v_xc               1.96   166      0.01   1.11   
 Symmetry_rho      begin              2.31   140      0.02   1.30   
 Symmetry          rhog_symmetry      1.85   140      0.01   1.04   
 HSolverLCAO       solve              127.91 127      1.01   72.10  
 HamiltLCAO        updateHk           62.72  1016     0.06   35.36  
 OperatorLCAO      init               62.72  5080     0.01   35.35  
 Veff              contributeHR       61.13  127      0.48   34.46  
 Gint              cal_gint_vl        61.13  127      0.48   34.46  
 Gint              hr_gint_to_hR      3.18   127      0.03   1.79   
 HSolverLCAO       hamiltSolvePsiK    11.61  1016     0.01   6.55   
 DiagoElpa         elpa_solve         10.12  1016     0.01   5.71   
 LCAO_domain       dm2rho             52.57  127      0.41   29.64  
 Gint              cal_gint_rho       51.89  127      0.41   29.25  
 Gint              dm_2d_to_gint      2.37   140      0.02   1.33   
 ESolver_KS_LCAO   after_scf          1.86   13       0.14   1.05   
 ESolver_KS_LCAO   cal_force          34.25  13       2.63   19.31  
 Force_Stress_LCAO getForceStress     34.25  13       2.63   19.31  
 Forces            cal_force_cc       2.27   13       0.17   1.28   
 Forces            cal_force_scc      2.34   13       0.18   1.32   
 Stress            stress_loc         7.03   13       0.54   3.96   
 Stress            stress_cc          9.11   13       0.70   5.14   
 Gint              cal_gint_fvl       11.21  13       0.86   6.32   
 Charge_Extra      extrapolate_charge 1.81   12       0.15   1.02   
--------------------------------------------------------------------


 START  Time  : Fri Jun 26 15:00:12 2026
 FINISH Time  : Fri Jun 26 15:03:10 2026
 TOTAL  Time  : 178
 SEE INFORMATION IN : OUT.CaOMgO/
