1
0.000000
0

1
0.000000
1
1.000000 1.000000 1.000000

6
2.965606
2
1.000000 1.000000 1.000000
0.500000 1.000000 1.500000

3
4.194000
2
1.000000 1.000000 1.000000
0.000000 1.000000 1.000000

12
5.136580
2
1.000000 1.000000 1.000000
0.500000 2.000000 0.500000

6
5.931212
2
1.000000 1.000000 1.000000
0.000000 -0.000000 1.000000

12
6.631296
2
1.000000 1.000000 1.000000
2.500000 1.000000 0.500000

4
7.264221
2
1.000000 1.000000 1.000000
-0.000000 2.000000 -0.000000

24
7.846256
2
1.000000 1.000000 1.000000
2.500000 -0.000000 1.500000

