0.666667 0.000000 0.098819 ? u
0.333333 0.000000 0.188263 ? u
0.666667 0.000000 0.189137 ? u
0.250000 0.000000 0.072727 ? u
0.500000 0.000000 0.103004 ? u
0.750000 0.000000 0.074038 ? u
0.250000 0.000000 0.091977 ? u
0.500000 0.000000 0.141502 ? u
0.750000 0.000000 0.093287 ? u
0.250000 0.000000 0.101850 ? u
0.750000 0.000000 0.103161 ? u
0.250000 0.000000 0.120221 ? u
0.500000 0.000000 0.125879 ? u
0.750000 0.000000 0.121532 ? u
0.250000 0.000000 0.116097 ? u
0.500000 0.000000 0.117631 ? u
0.750000 0.000000 0.117408 ? u
0.250000 0.000000 0.140466 ? u
0.500000 0.000000 0.166369 ? u
0.750000 0.000000 0.141777 ? u
0.250000 0.000000 0.173962 ? u
0.750000 0.000000 0.175273 ? u
0.200000 0.000000 0.057597 ? u
