                                                                                     
                              ABACUS v3.11.0-beta.4

               Atomic-orbital Based Ab-initio Computation at UStc                    

                     Website: http://abacus.ustc.edu.cn/                             
               Documentation: https://abacus.deepmodeling.com/                       
                  Repository: https://github.com/abacusmodeling/abacus-develop       
                              https://github.com/deepmodeling/abacus-develop         
                      Commit: unknown

 Fri Jun 26 14:24:23 2026
 MAKE THE DIR         : OUT.CaOMgO/
 RUNNING WITH DEVICE  : CPU / Intel(R) Xeon(R) Silver 4116 CPU @ 2.10GHz (x2)
 WARNING: some of potential function is set to zero cause of less than 1e-30.
 WARNING: some of potential function is set to zero cause of less than 1e-30.
 WARNING: some of potential function is set to zero cause of less than 1e-30.

%%%%%%%%%%%%%%%%%%%%%%%%%%%%%%%%%%%%%%%%%%%%%%%%%%%%%%%%%%%%%%%%%%%%%%%%%%%%%%%%%%%%%%%%%%%%%%%%%%%%%%%%%
 Warning: the number of valence electrons in pseudopotential > 2 for Ca: [Ar] 4s2
 Pseudopotentials with additional electrons can yield (more) accurate outcomes, but may be less efficient.
 If you're confident that your chosen pseudopotential is appropriate, you can safely ignore this warning.
%%%%%%%%%%%%%%%%%%%%%%%%%%%%%%%%%%%%%%%%%%%%%%%%%%%%%%%%%%%%%%%%%%%%%%%%%%%%%%%%%%%%%%%%%%%%%%%%%%%%%%%%%

 UNIFORM GRID DIM     : 64 * 64 * 64
 UNIFORM GRID DIM(BIG): 16 * 16 * 16
 DONE(0.21587    SEC) : SYMMETRY
 DONE(0.215917   SEC) : SETUP UNITCELL
 DONE(0.353809   SEC) : INIT K-POINTS
 ----------------------------------------------------------------
 Cell relaxation calculations
 ----------------------------------------------------------------
 SPIN    KPOINTS         PROCESSES   THREADS/PROC  THREADS/TOTAL 
 1       10              24          1             24            
 ----------------------------------------------------------------
 Use Systematically Improvable Atomic bases
 ----------------------------------------------------------------
 TOTAL NBASE 64
 ELEMENT ORBITALS        NBASE       NATOM       
 Ca      4s2p1d-10au     15          1           
 Mg      2s1p-9au        5           2           
 O       2s2p1d-6au      13          3           
 ----------------------------------------------------------------
 Initial plane wave basis and FFT box
 ----------------------------------------------------------------
 DONE(0.359813   SEC) : INIT PLANEWAVE
 START CHARGE         : ATOMIC
 DONE(0.992391   SEC) : CHARGE
 DONE(1.02588    SEC) : POTENTIALS

 ================================================================
 RELAX STEP: 1 (CELL_CHANGE# 1 IONS_CHANGE# 1)
 ================================================================
 DONE(1.23592    SEC) : INIT SCF
 ITER       ETOT/eV          EDIFF/eV         DRHO     TIME/s
 GE1     -2.45799168e+03   0.00000000e+00   1.7461e-01   1.32
 GE2     -2.46235655e+03  -4.36486213e+00   1.4108e-01   1.23
 GE3     -2.46506121e+03  -2.70466674e+00   2.2039e-02   1.23
 GE4     -2.46504949e+03   1.17210233e-02   6.1052e-03   1.26
 GE5     -2.46505485e+03  -5.35600375e-03   1.2029e-03   1.23
 GE6     -2.46505512e+03  -2.73779870e-04   3.9680e-04   1.23
 GE7     -2.46505514e+03  -1.83860557e-05   5.6192e-05   1.24
 GE8     -2.46505514e+03   1.52579112e-07   2.2124e-05   1.24
 GE9     -2.46505514e+03  -6.22497411e-08   8.1300e-07   1.24
 GE10    -2.46505514e+03  -2.70688037e-11   1.3372e-07   1.24
 GE11    -2.46505514e+03   3.86697195e-13   7.4603e-09   1.24
 ----------------------------------------------------------------
              Stress_x             Stress_y             Stress_z 
 ----------------------------------------------------------------
        431.6240685765        -0.0000000000        -9.6362837236 
         -0.0000000000       442.0219078998         0.0000000000 
         -9.6362837236        -0.0000000000       431.6240685765 
 ----------------------------------------------------------------
 TOTAL-PRESSURE (EXCLUDE KINETIC PART OF IONS): 435.090015 kbar
 ETOT DIFF (eV)              : 0.000000
 LARGEST GRAD (eV/Angstrom)  : 2.211694
 DONE(16.591922  SEC) : SETUP UNITCELL

 ================================================================
 RELAX STEP: 2 (CELL_CHANGE# 2 IONS_CHANGE# 1)
 ================================================================
 DONE(16.684605  SEC) : LOCAL POTENTIAL
 DONE(16.731855  SEC) : SYMMETRY
 DONE(16.732203  SEC) : INIT K-POINTS
 DONE(17.040533  SEC) : INIT SCF
 ITER       ETOT/eV          EDIFF/eV         DRHO     TIME/s
 GE1     -2.46595220e+03   0.00000000e+00   3.1797e-02   0.78
 GE2     -2.46608993e+03  -1.37732787e-01   1.7107e-02   0.71
 GE3     -2.46615177e+03  -6.18392539e-02   4.7182e-03   0.70
 GE4     -2.46615405e+03  -2.27572859e-03   2.0723e-03   0.71
 GE5     -2.46615460e+03  -5.47522326e-04   1.0282e-03   0.70
 GE6     -2.46615489e+03  -2.94789373e-04   1.6369e-04   0.70
 GE7     -2.46615489e+03  -1.29405045e-06   1.8314e-05   0.71
 GE8     -2.46615489e+03  -8.86619329e-09   2.6682e-06   0.70
 GE9     -2.46615489e+03  -1.75947224e-10   1.7861e-07   0.71
 GE10    -2.46615489e+03  -3.86697195e-13   3.1390e-08   0.71
 ----------------------------------------------------------------
              Stress_x             Stress_y             Stress_z 
 ----------------------------------------------------------------
       -156.8924067659         0.0000000000         6.1143538608 
          0.0000000000      -132.1664519155        -0.0000000000 
          6.1143538608        -0.0000000000      -156.8924067659 
 ----------------------------------------------------------------
 TOTAL-PRESSURE (EXCLUDE KINETIC PART OF IONS): -148.650422 kbar
 ETOT DIFF (eV)              : -1.099753
 LARGEST GRAD (eV/Angstrom)  : 0.340792
 DONE(26.091982  SEC) : SETUP UNITCELL

 ================================================================
 RELAX STEP: 3 (CELL_CHANGE# 3 IONS_CHANGE# 1)
 ================================================================
 DONE(26.184047  SEC) : LOCAL POTENTIAL
 DONE(26.231223  SEC) : SYMMETRY
 DONE(26.231582  SEC) : INIT K-POINTS
 DONE(26.554868  SEC) : INIT SCF
 ITER       ETOT/eV          EDIFF/eV         DRHO     TIME/s
 GE1     -2.46623292e+03   0.00000000e+00   4.6322e-02   0.96
 GE2     -2.46663904e+03  -4.06120134e-01   2.3484e-02   0.87
 GE3     -2.46674998e+03  -1.10934512e-01   5.8736e-03   0.87
 GE4     -2.46675270e+03  -2.72573653e-03   1.7118e-03   0.87
 GE5     -2.46675304e+03  -3.31878658e-04   9.3427e-04   0.88
 GE6     -2.46675327e+03  -2.37179571e-04   1.2875e-04   0.87
 GE7     -2.46675327e+03  -9.40196612e-07   2.1283e-05   0.87
 GE8     -2.46675327e+03  -2.11144402e-08   4.1416e-06   0.87
 GE9     -2.46675327e+03  -7.50965953e-10   4.2499e-07   0.87
 GE10    -2.46675327e+03  -3.82830223e-11   6.9056e-08   0.88
 ----------------------------------------------------------------
              Stress_x             Stress_y             Stress_z 
 ----------------------------------------------------------------
        -21.0828716796        -0.0000000000         4.7608316732 
          0.0000000000         8.7540726671         0.0000000000 
          4.7608316732         0.0000000000       -21.0828716796 
 ----------------------------------------------------------------
 TOTAL-PRESSURE (EXCLUDE KINETIC PART OF IONS): -11.137224 kbar
 ETOT DIFF (eV)              : -0.598382
 LARGEST GRAD (eV/Angstrom)  : 0.249776
 DONE(37.503115  SEC) : SETUP UNITCELL

 ================================================================
 RELAX STEP: 4 (CELL_CHANGE# 4 IONS_CHANGE# 1)
 ================================================================
 DONE(37.595794  SEC) : LOCAL POTENTIAL
 DONE(37.643025  SEC) : SYMMETRY
 DONE(37.643384  SEC) : INIT K-POINTS
 DONE(37.965752  SEC) : INIT SCF
 ITER       ETOT/eV          EDIFF/eV         DRHO     TIME/s
 GE1     -2.46672038e+03   0.00000000e+00   1.3265e-02   0.97
 GE2     -2.46674497e+03  -2.45838434e-02   6.6633e-03   0.88
 GE3     -2.46675305e+03  -8.07777940e-03   1.7950e-03   0.88
 GE4     -2.46675326e+03  -2.10786445e-04   3.9764e-04   0.87
 GE5     -2.46675327e+03  -1.41374321e-05   9.7038e-05   0.87
 GE6     -2.46675327e+03  -2.71683627e-06   5.3055e-05   0.87
 GE7     -2.46675327e+03  -3.58773017e-07   4.0161e-06   0.88
 GE8     -2.46675327e+03  -1.29543560e-10   7.7250e-07   0.88
 GE9     -2.46675327e+03  -2.20417401e-11   4.6542e-08   0.88
 ----------------------------------------------------------------
              Stress_x             Stress_y             Stress_z 
 ----------------------------------------------------------------
        -21.0828230856        -0.0000000000         4.7608336727 
          0.0000000000         8.7540986931        -0.0000000000 
          4.7608336727         0.0000000000       -21.0828230856 
 ----------------------------------------------------------------
 TOTAL-PRESSURE (EXCLUDE KINETIC PART OF IONS): -11.137182 kbar
 ETOT DIFF (eV)              : -0.000000
 LARGEST GRAD (eV/Angstrom)  : 0.249784
 DONE(48.057697  SEC) : SETUP UNITCELL

 ================================================================
 RELAX STEP: 5 (CELL_CHANGE# 5 IONS_CHANGE# 1)
 ================================================================
 DONE(48.150684  SEC) : LOCAL POTENTIAL
 DONE(48.197877  SEC) : SYMMETRY
 DONE(48.198233  SEC) : INIT K-POINTS
 DONE(48.519332  SEC) : INIT SCF
 ITER       ETOT/eV          EDIFF/eV         DRHO     TIME/s
 GE1     -2.46677544e+03   0.00000000e+00   3.1800e-03   0.98
 GE2     -2.46677647e+03  -1.03253362e-03   1.1411e-03   0.92
 GE3     -2.46677684e+03  -3.70392479e-04   6.5654e-04   0.89
 GE4     -2.46677691e+03  -6.13381295e-05   9.9143e-05   0.89
 GE5     -2.46677691e+03  -2.21888204e-06   7.2047e-05   0.89
 GE6     -2.46677691e+03  -1.38041425e-06   1.1007e-05   0.89
 GE7     -2.46677691e+03  -3.57772245e-09   1.0337e-06   0.89
 GE8     -2.46677691e+03  -4.75637550e-11   1.5748e-07   0.89
 GE9     -2.46677691e+03   7.73394390e-13   1.6198e-08   0.89
 ----------------------------------------------------------------
              Stress_x             Stress_y             Stress_z 
 ----------------------------------------------------------------
         -8.4265419993        -0.0000000000         3.1278230030 
         -0.0000000000         4.7381680844         0.0000000000 
          3.1278230030        -0.0000000000        -8.4265419993 
 ----------------------------------------------------------------
 TOTAL-PRESSURE (EXCLUDE KINETIC PART OF IONS): -4.038305 kbar
 ETOT DIFF (eV)              : -0.023635
 LARGEST GRAD (eV/Angstrom)  : 0.113505
 DONE(58.765339  SEC) : SETUP UNITCELL

 ================================================================
 RELAX STEP: 6 (CELL_CHANGE# 6 IONS_CHANGE# 1)
 ================================================================
 DONE(58.857524  SEC) : LOCAL POTENTIAL
 DONE(58.905168  SEC) : SYMMETRY
 DONE(58.905548  SEC) : INIT K-POINTS
 DONE(59.232180  SEC) : INIT SCF
 ITER       ETOT/eV          EDIFF/eV         DRHO     TIME/s
 GE1     -2.46678151e+03   0.00000000e+00   1.0196e-03   0.97
 GE2     -2.46678161e+03  -1.05267470e-04   3.6131e-04   0.89
 GE3     -2.46678165e+03  -3.74248859e-05   2.1146e-04   0.89
 GE4     -2.46678166e+03  -6.30360744e-06   2.9845e-05   0.89
 GE5     -2.46678166e+03  -2.27065499e-07   2.2386e-05   0.89
 GE6     -2.46678166e+03  -1.37939530e-07   3.5391e-06   0.89
 GE7     -2.46678166e+03  -3.61175180e-10   3.2682e-07   0.89
 GE8     -2.46678166e+03  -1.54678878e-12   5.1158e-08   0.91
 ----------------------------------------------------------------
              Stress_x             Stress_y             Stress_z 
 ----------------------------------------------------------------
          1.4429091971         0.0000000000         1.8346724602 
          0.0000000000         2.2001796777         0.0000000000 
          1.8346724602         0.0000000000         1.4429091971 
 ----------------------------------------------------------------
 TOTAL-PRESSURE (EXCLUDE KINETIC PART OF IONS): 1.695333 kbar
 ETOT DIFF (eV)              : -0.004749
 LARGEST GRAD (eV/Angstrom)  : 0.018844
 DONE(68.572528  SEC) : SETUP UNITCELL

 ================================================================
 RELAX STEP: 7 (CELL_CHANGE# 7 IONS_CHANGE# 1)
 ================================================================
 DONE(68.664863  SEC) : LOCAL POTENTIAL
 DONE(68.712046  SEC) : SYMMETRY
 DONE(68.712396  SEC) : INIT K-POINTS
 DONE(69.039444  SEC) : INIT SCF
 ITER       ETOT/eV          EDIFF/eV         DRHO     TIME/s
 GE1     -2.46678125e+03   0.00000000e+00   2.0123e-03   0.97
 GE2     -2.46678162e+03  -3.68389666e-04   7.4334e-04   0.89
 GE3     -2.46678179e+03  -1.66566707e-04   4.2275e-04   0.89
 GE4     -2.46678181e+03  -2.19629297e-05   6.3603e-05   0.89
 GE5     -2.46678181e+03  -9.15251936e-07   4.8367e-05   0.88
 GE6     -2.46678181e+03  -5.84832331e-07   7.6822e-06   0.89
 GE7     -2.46678181e+03  -1.60479336e-09   7.3852e-07   0.90
 GE8     -2.46678181e+03  -2.70688037e-11   1.0639e-07   0.90
 GE9     -2.46678181e+03   1.54678878e-12   1.0427e-08   0.91
 ----------------------------------------------------------------
              Stress_x             Stress_y             Stress_z 
 ----------------------------------------------------------------
         -0.7904605601        -0.0000000000         0.0783398823 
         -0.0000000000        -0.4025721807         0.0000000000 
          0.0783398823         0.0000000000        -0.7904605601 
 ----------------------------------------------------------------
 TOTAL-PRESSURE (EXCLUDE KINETIC PART OF IONS): -0.661164 kbar
 ETOT DIFF (eV)              : -0.000155
 LARGEST GRAD (eV/Angstrom)  : 0.007100
 DONE(79.273472  SEC) : SETUP UNITCELL

 ================================================================
 RELAX STEP: 8 (CELL_CHANGE# 8 IONS_CHANGE# 1)
 ================================================================
 DONE(79.365876  SEC) : LOCAL POTENTIAL
 DONE(79.413294  SEC) : SYMMETRY
 DONE(79.413672  SEC) : INIT K-POINTS
 DONE(79.736809  SEC) : INIT SCF
 ITER       ETOT/eV          EDIFF/eV         DRHO     TIME/s
 GE1     -2.46678180e+03   0.00000000e+00   3.2666e-04   0.97
 GE2     -2.46678181e+03  -1.15408092e-05   1.3247e-04   0.90
 GE3     -2.46678181e+03  -3.24432334e-06   5.2931e-05   0.90
 GE4     -2.46678181e+03  -4.07585804e-07   1.6999e-05   0.90
 GE5     -2.46678181e+03  -2.21283603e-08   6.3369e-06   0.90
 GE6     -2.46678181e+03  -1.50494814e-08   1.9925e-06   0.89
 GE7     -2.46678181e+03  -1.71693555e-10   1.4331e-07   0.90
 GE8     -2.46678181e+03   1.16009159e-12   2.4403e-08   0.91
 ----------------------------------------------------------------
              Stress_x             Stress_y             Stress_z 
 ----------------------------------------------------------------
         -0.6381135491        -0.0000000000         0.1986272130 
         -0.0000000000        -0.2252741335        -0.0000000000 
          0.1986272130        -0.0000000000        -0.6381135491 
 ----------------------------------------------------------------
 TOTAL-PRESSURE (EXCLUDE KINETIC PART OF IONS): -0.500500 kbar
 ETOT DIFF (eV)              : -0.000001
 LARGEST GRAD (eV/Angstrom)  : 0.007902
 DONE(89.430995  SEC) : SETUP UNITCELL

 ================================================================
 RELAX STEP: 9 (CELL_CHANGE# 9 IONS_CHANGE# 1)
 ================================================================
 DONE(89.523439  SEC) : LOCAL POTENTIAL
 DONE(89.570670  SEC) : SYMMETRY
 DONE(89.571018  SEC) : INIT K-POINTS
 DONE(89.895860  SEC) : INIT SCF
 ITER       ETOT/eV          EDIFF/eV         DRHO     TIME/s
 GE1     -2.46678183e+03   0.00000000e+00   6.3559e-05   0.97
 GE2     -2.46678183e+03  -5.94914300e-08   2.8465e-05   0.89
 GE3     -2.46678183e+03  -6.14430907e-08   1.1596e-05   0.89
 GE4     -2.46678183e+03  -4.60204465e-08   3.1655e-06   0.89
 GE5     -2.46678183e+03  -3.16705003e-10   1.2679e-06   0.89
 GE6     -2.46678183e+03  -2.55220149e-10   1.9145e-07   0.89
 GE7     -2.46678183e+03  -3.86697195e-12   2.9007e-08   0.92
 ----------------------------------------------------------------
              Stress_x             Stress_y             Stress_z 
 ----------------------------------------------------------------
         -0.0715359695         0.0000000000        -0.1332858581 
          0.0000000000         0.1618216641         0.0000000000 
         -0.1332858581         0.0000000000        -0.0715359695 
 ----------------------------------------------------------------
 TOTAL-PRESSURE (EXCLUDE KINETIC PART OF IONS): 0.006250 kbar
 ETOT DIFF (eV)              : -0.000015
 LARGEST GRAD (eV/Angstrom)  : 0.002811

 ~~~~~~~~~~~~~~~~~~~~~~~~~~~~~~~~~~~~~~~~~~~~~~~~~~~~~~~~~~~~~~~~
 Geometry relaxation thresholds are reached within 8 steps.
 ~~~~~~~~~~~~~~~~~~~~~~~~~~~~~~~~~~~~~~~~~~~~~~~~~~~~~~~~~~~~~~~~

 TIME STATISTICS
--------------------------------------------------------------------
    CLASS_NAME            NAME        TIME/s  CALLS   AVG/s  PER/%  
--------------------------------------------------------------------
                   total              98.36  95       1.04   100.00 
 Driver            atomic_world       98.36  1        98.36  100.00 
 ESolver_KS_LCAO   before_all_runners 0.99   1        0.99   1.00   
 Charge            atomic_rho         1.60   18       0.09   1.63   
 Relax_Driver      relax_driver       97.33  1        97.33  98.95  
 ESolver_KS        runner             79.55  9        8.84   80.88  
 ESolver_KS_LCAO   before_scf         3.90   9        0.43   3.96   
 Potential         cal_veff           1.24   90       0.01   1.26   
 PotXC             cal_veff           1.11   90       0.01   1.13   
 XC_Functional     v_xc               1.31   108      0.01   1.33   
 Symmetry_rho      begin              1.04   90       0.01   1.06   
 HSolverLCAO       solve              72.21  81       0.89   73.41  
 HamiltLCAO        updateHk           36.13  810      0.04   36.73  
 OperatorLCAO      init               36.13  4050     0.01   36.73  
 Veff              contributeHR       35.37  81       0.44   35.96  
 Gint              cal_gint_vl        35.37  81       0.44   35.96  
 Gint              hr_gint_to_hR      4.58   81       0.06   4.66   
 HSolverLCAO       hamiltSolvePsiK    5.94   810      0.01   6.04   
 DiagoElpa         elpa_solve         5.03   810      0.01   5.11   
 LCAO_domain       dm2rho             29.63  81       0.37   30.12  
 Gint              cal_gint_rho       26.94  81       0.33   27.39  
 ESolver_KS_LCAO   cal_force          17.76  9        1.97   18.06  
 Force_Stress_LCAO getForceStress     17.76  9        1.97   18.05  
 Forces            cal_force_cc       1.08   9        0.12   1.10   
 Forces            cal_force_scc      1.07   9        0.12   1.09   
 Stress            stress_loc         3.53   9        0.39   3.59   
 Stress            stress_cc          4.22   9        0.47   4.29   
 Gint              cal_gint_fvl       6.30   9        0.70   6.40   
--------------------------------------------------------------------


 START  Time  : Fri Jun 26 14:24:23 2026
 FINISH Time  : Fri Jun 26 14:26:01 2026
 TOTAL  Time  : 98
 SEE INFORMATION IN : OUT.CaOMgO/
