                                                                                     
                              ABACUS v3.11.0-beta.4

               Atomic-orbital Based Ab-initio Computation at UStc                    

                     Website: http://abacus.ustc.edu.cn/                             
               Documentation: https://abacus.deepmodeling.com/                       
                  Repository: https://github.com/abacusmodeling/abacus-develop       
                              https://github.com/deepmodeling/abacus-develop         
                      Commit: unknown

 Fri Jun 26 14:36:35 2026
 MAKE THE DIR         : OUT.CaOMgO/
 RUNNING WITH DEVICE  : CPU / Intel(R) Xeon(R) Silver 4116 CPU @ 2.10GHz (x2)
 WARNING: some of potential function is set to zero cause of less than 1e-30.
 WARNING: some of potential function is set to zero cause of less than 1e-30.
 WARNING: some of potential function is set to zero cause of less than 1e-30.

%%%%%%%%%%%%%%%%%%%%%%%%%%%%%%%%%%%%%%%%%%%%%%%%%%%%%%%%%%%%%%%%%%%%%%%%%%%%%%%%%%%%%%%%%%%%%%%%%%%%%%%%%
 Warning: the number of valence electrons in pseudopotential > 2 for Ca: [Ar] 4s2
 Pseudopotentials with additional electrons can yield (more) accurate outcomes, but may be less efficient.
 If you're confident that your chosen pseudopotential is appropriate, you can safely ignore this warning.
%%%%%%%%%%%%%%%%%%%%%%%%%%%%%%%%%%%%%%%%%%%%%%%%%%%%%%%%%%%%%%%%%%%%%%%%%%%%%%%%%%%%%%%%%%%%%%%%%%%%%%%%%

 UNIFORM GRID DIM     : 36 * 36 * 90
 UNIFORM GRID DIM(BIG): 9 * 9 * 45
 DONE(0.209756   SEC) : SYMMETRY
 DONE(0.209858   SEC) : SETUP UNITCELL
 DONE(0.349107   SEC) : INIT K-POINTS
 ----------------------------------------------------------------
 Cell relaxation calculations
 ----------------------------------------------------------------
 SPIN    KPOINTS         PROCESSES   THREADS/PROC  THREADS/TOTAL 
 1       3               24          1             24            
 ----------------------------------------------------------------
 Use Systematically Improvable Atomic bases
 ----------------------------------------------------------------
 TOTAL NBASE 64
 ELEMENT ORBITALS        NBASE       NATOM       
 Ca      4s2p1d-10au     15          1           
 Mg      2s1p-9au        5           2           
 O       2s2p1d-6au      13          3           
 ----------------------------------------------------------------
 Initial plane wave basis and FFT box
 ----------------------------------------------------------------
 DONE(0.353507   SEC) : INIT PLANEWAVE
 START CHARGE         : ATOMIC
 DONE(0.979469   SEC) : CHARGE
 DONE(1.00317    SEC) : POTENTIALS

 ================================================================
 RELAX STEP: 1 (CELL_CHANGE# 1 IONS_CHANGE# 1)
 ================================================================
 DONE(1.16601    SEC) : INIT SCF
 ITER       ETOT/eV          EDIFF/eV         DRHO     TIME/s
 GE1     -2.45793894e+03   0.00000000e+00   1.7332e-01   0.64
 GE2     -2.46219883e+03  -4.25988861e+00   1.4168e-01   0.55
 GE3     -2.46500077e+03  -2.80193641e+00   2.2492e-02   0.55
 GE4     -2.46499379e+03   6.98190303e-03   1.3428e-02   0.55
 GE5     -2.46501010e+03  -1.63121636e-02   3.3742e-03   0.55
 GE6     -2.46501183e+03  -1.73605673e-03   7.6847e-04   0.61
 GE7     -2.46501188e+03  -4.14306497e-05   2.1532e-04   0.55
 GE8     -2.46501188e+03  -1.35047654e-06   5.4046e-05   0.58
 GE9     -2.46501188e+03  -3.46080069e-07   6.8958e-06   0.55
 GE10    -2.46501188e+03  -2.40100288e-09   6.9917e-07   0.55
 GE11    -2.46501188e+03  -6.72853120e-11   5.6648e-08   0.56
 ----------------------------------------------------------------
              Stress_x             Stress_y             Stress_z 
 ----------------------------------------------------------------
        434.2558745463        12.2008568075        12.2008568075 
         12.2008568075       434.2558745463       -12.2008568075 
         12.2008568075       -12.2008568075       434.2558745463 
 ----------------------------------------------------------------
 TOTAL-PRESSURE (EXCLUDE KINETIC PART OF IONS): 434.255875 kbar
 ETOT DIFF (eV)              : 0.000000
 LARGEST GRAD (eV/Angstrom)  : 2.061133
 DONE(8.247224   SEC) : SETUP UNITCELL

 ================================================================
 RELAX STEP: 2 (CELL_CHANGE# 2 IONS_CHANGE# 1)
 ================================================================
 DONE(8.295259   SEC) : LOCAL POTENTIAL
 DONE(8.342828   SEC) : SYMMETRY
 DONE(8.343120   SEC) : INIT K-POINTS
 DONE(8.535268   SEC) : INIT SCF
 ITER       ETOT/eV          EDIFF/eV         DRHO     TIME/s
 GE1     -2.46561624e+03   0.00000000e+00   3.8883e-02   0.39
 GE2     -2.46593181e+03  -3.15571191e-01   2.3724e-02   0.32
 GE3     -2.46601616e+03  -8.43526329e-02   6.2121e-03   0.31
 GE4     -2.46601727e+03  -1.10633693e-03   2.4731e-03   0.31
 GE5     -2.46601803e+03  -7.64722715e-04   1.8639e-03   0.39
 GE6     -2.46601802e+03   1.89811061e-05   7.6144e-04   0.31
 GE7     -2.46601805e+03  -3.12912242e-05   1.1759e-04   0.31
 GE8     -2.46601805e+03  -1.29441047e-06   9.1585e-06   0.31
 GE9     -2.46601805e+03  -7.65196410e-09   1.0173e-06   0.31
 GE10    -2.46601805e+03  -7.34724671e-11   2.0907e-07   0.31
 GE11    -2.46601805e+03  -5.41376073e-12   2.4805e-08   0.33
 ----------------------------------------------------------------
              Stress_x             Stress_y             Stress_z 
 ----------------------------------------------------------------
       -156.6421768830        -2.9352143407        -2.9352143407 
         -2.9352143407      -156.6421768830         2.9352143407 
         -2.9352143407         2.9352143407      -156.6421768830 
 ----------------------------------------------------------------
 TOTAL-PRESSURE (EXCLUDE KINETIC PART OF IONS): -156.642177 kbar
 ETOT DIFF (eV)              : -1.006170
 LARGEST GRAD (eV/Angstrom)  : 0.549483
 DONE(13.151187  SEC) : SETUP UNITCELL

 ================================================================
 RELAX STEP: 3 (CELL_CHANGE# 3 IONS_CHANGE# 1)
 ================================================================
 DONE(13.199504  SEC) : LOCAL POTENTIAL
 DONE(13.247143  SEC) : SYMMETRY
 DONE(13.247469  SEC) : INIT K-POINTS
 DONE(13.452292  SEC) : INIT SCF
 ITER       ETOT/eV          EDIFF/eV         DRHO     TIME/s
 GE1     -2.46540852e+03   0.00000000e+00   5.9326e-02   0.49
 GE2     -2.46650965e+03  -1.10112840e+00   4.0629e-02   0.40
 GE3     -2.46672773e+03  -2.18083642e-01   9.1219e-03   0.40
 GE4     -2.46672592e+03   1.80905760e-03   3.1357e-03   0.40
 GE5     -2.46672709e+03  -1.16398784e-03   2.2070e-03   0.40
 GE6     -2.46672723e+03  -1.47438274e-04   6.7645e-04   0.40
 GE7     -2.46672726e+03  -2.51641850e-05   1.4280e-04   0.40
 GE8     -2.46672726e+03  -1.57970831e-06   1.1512e-05   0.40
 GE9     -2.46672726e+03  -6.31205832e-09   2.2388e-06   0.40
 GE10    -2.46672726e+03  -4.94199015e-10   1.9950e-07   0.40
 GE11    -2.46672726e+03   3.09357756e-12   4.2290e-08   0.41
 ----------------------------------------------------------------
              Stress_x             Stress_y             Stress_z 
 ----------------------------------------------------------------
        -12.6576545660        -2.0111496141        -2.0111496141 
         -2.0111496141       -12.6576545660         2.0111496141 
         -2.0111496141         2.0111496141       -12.6576545660 
 ----------------------------------------------------------------
 TOTAL-PRESSURE (EXCLUDE KINETIC PART OF IONS): -12.657655 kbar
 ETOT DIFF (eV)              : -0.709211
 LARGEST GRAD (eV/Angstrom)  : 0.484248
 DONE(19.043672  SEC) : SETUP UNITCELL

 ================================================================
 RELAX STEP: 4 (CELL_CHANGE# 4 IONS_CHANGE# 1)
 ================================================================
 DONE(19.092210  SEC) : LOCAL POTENTIAL
 DONE(19.139851  SEC) : SYMMETRY
 DONE(19.140189  SEC) : INIT K-POINTS
 DONE(19.345899  SEC) : INIT SCF
 ITER       ETOT/eV          EDIFF/eV         DRHO     TIME/s
 GE1     -2.46666050e+03   0.00000000e+00   1.6082e-02   0.48
 GE2     -2.46671662e+03  -5.61185387e-02   7.9217e-03   0.40
 GE3     -2.46672697e+03  -1.03539626e-02   2.2440e-03   0.40
 GE4     -2.46672720e+03  -2.28453895e-04   8.5536e-04   0.40
 GE5     -2.46672726e+03  -5.73299597e-05   4.8440e-04   0.40
 GE6     -2.46672726e+03   2.10277969e-06   1.9231e-04   0.40
 GE7     -2.46672726e+03  -2.43924801e-06   2.7789e-05   0.40
 GE8     -2.46672726e+03  -6.97303983e-08   1.9909e-06   0.40
 GE9     -2.46672726e+03  -2.81515558e-10   3.0777e-07   0.40
 GE10    -2.46672726e+03  -3.09357756e-12   2.2995e-08   0.41
 ----------------------------------------------------------------
              Stress_x             Stress_y             Stress_z 
 ----------------------------------------------------------------
        -12.6576779190        -2.0111548412        -2.0111548412 
         -2.0111548412       -12.6576779190         2.0111548412 
         -2.0111548412         2.0111548412       -12.6576779190 
 ----------------------------------------------------------------
 TOTAL-PRESSURE (EXCLUDE KINETIC PART OF IONS): -12.657678 kbar
 ETOT DIFF (eV)              : -0.000000
 LARGEST GRAD (eV/Angstrom)  : 0.484249
 DONE(24.508343  SEC) : SETUP UNITCELL

 ================================================================
 RELAX STEP: 5 (CELL_CHANGE# 5 IONS_CHANGE# 1)
 ================================================================
 DONE(24.556645  SEC) : LOCAL POTENTIAL
 DONE(24.604713  SEC) : SYMMETRY
 DONE(24.605074  SEC) : INIT K-POINTS
 DONE(24.809012  SEC) : INIT SCF
 ITER       ETOT/eV          EDIFF/eV         DRHO     TIME/s
 GE1     -2.46677291e+03   0.00000000e+00   3.4060e-03   0.49
 GE2     -2.46677299e+03  -7.97721882e-05   1.9988e-03   0.40
 GE3     -2.46677293e+03   5.90475902e-05   7.9729e-04   0.41
 GE4     -2.46677301e+03  -8.75361367e-05   1.6734e-04   0.40
 GE5     -2.46677302e+03  -8.04470150e-07   6.4921e-05   0.40
 GE6     -2.46677302e+03  -3.85736253e-07   2.3340e-05   0.40
 GE7     -2.46677302e+03  -7.47060311e-08   1.7958e-06   0.40
 GE8     -2.46677302e+03  -1.82134379e-10   9.3753e-08   0.42
 ----------------------------------------------------------------
              Stress_x             Stress_y             Stress_z 
 ----------------------------------------------------------------
        -11.2951613641        -0.9012412598        -0.9012412598 
         -0.9012412598       -11.2951613641         0.9012412598 
         -0.9012412598         0.9012412598       -11.2951613641 
 ----------------------------------------------------------------
 TOTAL-PRESSURE (EXCLUDE KINETIC PART OF IONS): -11.295161 kbar
 ETOT DIFF (eV)              : -0.045757
 LARGEST GRAD (eV/Angstrom)  : 0.156550
 DONE(29.227094  SEC) : SETUP UNITCELL

 ================================================================
 RELAX STEP: 6 (CELL_CHANGE# 6 IONS_CHANGE# 1)
 ================================================================
 DONE(29.275496  SEC) : LOCAL POTENTIAL
 DONE(29.323390  SEC) : SYMMETRY
 DONE(29.323722  SEC) : INIT K-POINTS
 DONE(29.529944  SEC) : INIT SCF
 ITER       ETOT/eV          EDIFF/eV         DRHO     TIME/s
 GE1     -2.46677674e+03   0.00000000e+00   2.1285e-03   0.48
 GE2     -2.46677678e+03  -4.48979987e-05   1.2788e-03   0.41
 GE3     -2.46677675e+03   2.58767183e-05   5.0844e-04   0.40
 GE4     -2.46677679e+03  -3.30173995e-05   1.0424e-04   0.40
 GE5     -2.46677679e+03  -3.58242469e-07   4.3148e-05   0.40
 GE6     -2.46677679e+03  -1.81291766e-07   1.3988e-05   0.41
 GE7     -2.46677679e+03  -2.62215501e-08   1.1049e-06   0.41
 GE8     -2.46677679e+03  -7.15389811e-11   6.6497e-08   0.42
 ----------------------------------------------------------------
              Stress_x             Stress_y             Stress_z 
 ----------------------------------------------------------------
        -10.4068688951        -0.2671334555        -0.2671334555 
         -0.2671334555       -10.4068688951         0.2671334555 
         -0.2671334555         0.2671334555       -10.4068688951 
 ----------------------------------------------------------------
 TOTAL-PRESSURE (EXCLUDE KINETIC PART OF IONS): -10.406869 kbar
 ETOT DIFF (eV)              : -0.003772
 LARGEST GRAD (eV/Angstrom)  : 0.178288
 DONE(33.958396  SEC) : SETUP UNITCELL

 ================================================================
 RELAX STEP: 7 (CELL_CHANGE# 7 IONS_CHANGE# 1)
 ================================================================
 DONE(34.007440  SEC) : LOCAL POTENTIAL
 DONE(34.055077  SEC) : SYMMETRY
 DONE(34.055398  SEC) : INIT K-POINTS
 DONE(34.261004  SEC) : INIT SCF
 ITER       ETOT/eV          EDIFF/eV         DRHO     TIME/s
 GE1     -2.46678257e+03   0.00000000e+00   1.4692e-03   0.50
 GE2     -2.46678298e+03  -4.06963716e-04   7.2056e-04   0.41
 GE3     -2.46678294e+03   3.47583841e-05   3.8558e-04   0.41
 GE4     -2.46678294e+03   1.93877522e-06   1.7769e-04   0.41
 GE5     -2.46678294e+03  -3.22804223e-06   2.9677e-05   0.41
 GE6     -2.46678294e+03  -4.01496097e-08   2.7921e-05   0.41
 GE7     -2.46678294e+03  -7.37230469e-08   1.8116e-06   0.41
 GE8     -2.46678294e+03  -2.13456852e-10   2.0937e-07   0.41
 GE9     -2.46678294e+03  -1.93348598e-12   1.5546e-08   0.42
 ----------------------------------------------------------------
              Stress_x             Stress_y             Stress_z 
 ----------------------------------------------------------------
         -3.7238463993        -0.1780986576        -0.1780986576 
         -0.1780986576        -3.7238463993         0.1780986576 
         -0.1780986576         0.1780986576        -3.7238463993 
 ----------------------------------------------------------------
 TOTAL-PRESSURE (EXCLUDE KINETIC PART OF IONS): -3.723846 kbar
 ETOT DIFF (eV)              : -0.006155
 LARGEST GRAD (eV/Angstrom)  : 0.108406
 DONE(39.142865  SEC) : SETUP UNITCELL

 ================================================================
 RELAX STEP: 8 (CELL_CHANGE# 8 IONS_CHANGE# 1)
 ================================================================
 DONE(39.191154  SEC) : LOCAL POTENTIAL
 DONE(39.239157  SEC) : SYMMETRY
 DONE(39.239487  SEC) : INIT K-POINTS
 DONE(39.446540  SEC) : INIT SCF
 ITER       ETOT/eV          EDIFF/eV         DRHO     TIME/s
 GE1     -2.46678522e+03   0.00000000e+00   5.9688e-05   0.50
 GE2     -2.46678522e+03  -8.71502562e-07   2.5015e-05   0.41
 GE3     -2.46678522e+03  -4.54373071e-08   8.8548e-06   0.42
 GE4     -2.46678522e+03  -2.81886787e-08   5.5044e-06   0.41
 GE5     -2.46678522e+03  -1.25831267e-09   1.5784e-06   0.41
 GE6     -2.46678522e+03   1.29156863e-10   9.8176e-07   0.42
 GE7     -2.46678522e+03  -7.57926503e-11   1.0512e-07   0.42
 GE8     -2.46678522e+03  -1.93348598e-12   7.5154e-09   0.43
 ----------------------------------------------------------------
              Stress_x             Stress_y             Stress_z 
 ----------------------------------------------------------------
          3.5101952762        -0.0513505148        -0.0513505148 
         -0.0513505148         3.5101952762         0.0513505148 
         -0.0513505148         0.0513505148         3.5101952762 
 ----------------------------------------------------------------
 TOTAL-PRESSURE (EXCLUDE KINETIC PART OF IONS): 3.510195 kbar
 ETOT DIFF (eV)              : -0.002278
 LARGEST GRAD (eV/Angstrom)  : 0.033842
 DONE(43.956011  SEC) : SETUP UNITCELL

 ================================================================
 RELAX STEP: 9 (CELL_CHANGE# 9 IONS_CHANGE# 1)
 ================================================================
 DONE(44.004745  SEC) : LOCAL POTENTIAL
 DONE(44.052665  SEC) : SYMMETRY
 DONE(44.053002  SEC) : INIT K-POINTS
 DONE(44.259309  SEC) : INIT SCF
 ITER       ETOT/eV          EDIFF/eV         DRHO     TIME/s
 GE1     -2.46678530e+03   0.00000000e+00   1.0468e-03   0.50
 GE2     -2.46678552e+03  -2.20959870e-04   3.1932e-04   0.42
 GE3     -2.46678556e+03  -3.32177307e-05   2.4063e-04   0.42
 GE4     -2.46678556e+03  -6.78096579e-06   3.7449e-05   0.42
 GE5     -2.46678556e+03  -7.45231234e-08   2.3299e-05   0.41
 GE6     -2.46678556e+03   6.71731698e-09   1.0910e-05   0.41
 GE7     -2.46678556e+03  -8.84801852e-09   1.5335e-06   0.42
 GE8     -2.46678556e+03  -2.00309147e-10   8.9370e-08   0.42
 ----------------------------------------------------------------
              Stress_x             Stress_y             Stress_z 
 ----------------------------------------------------------------
          0.5342151084        -0.0100102169        -0.0100102169 
         -0.0100102169         0.5342151084         0.0100102169 
         -0.0100102169         0.0100102169         0.5342151084 
 ----------------------------------------------------------------
 TOTAL-PRESSURE (EXCLUDE KINETIC PART OF IONS): 0.534215 kbar
 ETOT DIFF (eV)              : -0.000341
 LARGEST GRAD (eV/Angstrom)  : 0.009039
 DONE(48.772745  SEC) : SETUP UNITCELL

 ================================================================
 RELAX STEP: 10 (CELL_CHANGE# 10 IONS_CHANGE# 1)
 ================================================================
 DONE(48.821056  SEC) : LOCAL POTENTIAL
 DONE(48.868923  SEC) : SYMMETRY
 DONE(48.869258  SEC) : INIT K-POINTS
 DONE(49.076483  SEC) : INIT SCF
 ITER       ETOT/eV          EDIFF/eV         DRHO     TIME/s
 GE1     -2.46678554e+03   0.00000000e+00   3.0672e-04   0.50
 GE2     -2.46678557e+03  -2.94620308e-05   1.4937e-04   0.41
 GE3     -2.46678557e+03  -3.67109087e-06   6.3231e-05   0.42
 GE4     -2.46678557e+03  -4.29094676e-08   2.1801e-05   0.41
 GE5     -2.46678557e+03  -2.17760792e-08   1.5539e-05   0.41
 GE6     -2.46678557e+03   6.87238255e-09   6.2340e-06   0.41
 GE7     -2.46678557e+03  -2.87393355e-09   4.5906e-07   0.41
 GE8     -2.46678557e+03  -2.04949513e-11   4.6284e-08   0.42
 ----------------------------------------------------------------
              Stress_x             Stress_y             Stress_z 
 ----------------------------------------------------------------
         -0.0814902112        -0.0009529547        -0.0009529547 
         -0.0009529547        -0.0814902112         0.0009529547 
         -0.0009529547         0.0009529547        -0.0814902112 
 ----------------------------------------------------------------
 TOTAL-PRESSURE (EXCLUDE KINETIC PART OF IONS): -0.081490 kbar
 ETOT DIFF (eV)              : -0.000010
 LARGEST GRAD (eV/Angstrom)  : 0.008435

 ~~~~~~~~~~~~~~~~~~~~~~~~~~~~~~~~~~~~~~~~~~~~~~~~~~~~~~~~~~~~~~~~
 Geometry relaxation thresholds are reached within 9 steps.
 ~~~~~~~~~~~~~~~~~~~~~~~~~~~~~~~~~~~~~~~~~~~~~~~~~~~~~~~~~~~~~~~~

 TIME STATISTICS
--------------------------------------------------------------------
    CLASS_NAME            NAME        TIME/s  CALLS   AVG/s  PER/%  
--------------------------------------------------------------------
                   total              53.57  105      0.51   100.00 
 Driver            atomic_world       53.57  1        53.57  100.00 
 ESolver_KS_LCAO   before_all_runners 0.98   1        0.98   1.82   
 Charge            atomic_rho         1.01   20       0.05   1.88   
 Relax_Driver      relax_driver       52.56  1        52.56  98.12  
 ESolver_KS        runner             42.54  10       4.25   79.41  
 ESolver_KS_LCAO   before_scf         2.86   10       0.29   5.34   
 Record_adj        for_2d             0.59   10       0.06   1.11   
 Symmetry_rho      begin              0.95   102      0.01   1.77   
 Symmetry          rhog_symmetry      0.70   102      0.01   1.30   
 HSolverLCAO       solve              37.51  92       0.41   70.03  
 HamiltLCAO        updateHk           20.12  276      0.07   37.56  
 OperatorLCAO      init               20.12  1380     0.01   37.56  
 Veff              contributeHR       19.44  92       0.21   36.30  
 Gint              cal_gint_vl        19.44  92       0.21   36.30  
 Gint              hr_gint_to_hR      4.06   92       0.04   7.57   
 HSolverLCAO       hamiltSolvePsiK    2.30   276      0.01   4.30   
 DiagoElpa         elpa_solve         1.82   276      0.01   3.40   
 LCAO_domain       dm2rho             14.87  92       0.16   27.75  
 Gint              cal_gint_rho       12.65  92       0.14   23.62  
 Gint              dm_2d_to_gint      1.02   102      0.01   1.91   
 ESolver_KS_LCAO   cal_force          10.00  10       1.00   18.67  
 Force_Stress_LCAO getForceStress     10.00  10       1.00   18.67  
 Forces            cal_force_cc       0.64   10       0.06   1.20   
 Forces            cal_force_scc      0.67   10       0.07   1.25   
 Stress            stress_loc         2.00   10       0.20   3.73   
 Stress            stress_cc          2.59   10       0.26   4.84   
 Nonlocal          cal_force_stress   0.63   10       0.06   1.17   
 Gint              cal_gint_fvl       2.66   10       0.27   4.97   
--------------------------------------------------------------------


 START  Time  : Fri Jun 26 14:36:35 2026
 FINISH Time  : Fri Jun 26 14:37:28 2026
 TOTAL  Time  : 53
 SEE INFORMATION IN : OUT.CaOMgO/
