                                                                                     
                              ABACUS v3.11.0-beta.4

               Atomic-orbital Based Ab-initio Computation at UStc                    

                     Website: http://abacus.ustc.edu.cn/                             
               Documentation: https://abacus.deepmodeling.com/                       
                  Repository: https://github.com/abacusmodeling/abacus-develop       
                              https://github.com/deepmodeling/abacus-develop         
                      Commit: unknown

 Fri Jun 26 13:39:11 2026
 MAKE THE DIR         : OUT.CaOMgO/
 RUNNING WITH DEVICE  : CPU / Intel(R) Xeon(R) Silver 4116 CPU @ 2.10GHz (x2)
 WARNING: some of potential function is set to zero cause of less than 1e-30.
 WARNING: some of potential function is set to zero cause of less than 1e-30.
 WARNING: some of potential function is set to zero cause of less than 1e-30.

%%%%%%%%%%%%%%%%%%%%%%%%%%%%%%%%%%%%%%%%%%%%%%%%%%%%%%%%%%%%%%%%%%%%%%%%%%%%%%%%%%%%%%%%%%%%%%%%%%%%%%%%%
 Warning: the number of valence electrons in pseudopotential > 2 for Ca: [Ar] 4s2
 Pseudopotentials with additional electrons can yield (more) accurate outcomes, but may be less efficient.
 If you're confident that your chosen pseudopotential is appropriate, you can safely ignore this warning.
%%%%%%%%%%%%%%%%%%%%%%%%%%%%%%%%%%%%%%%%%%%%%%%%%%%%%%%%%%%%%%%%%%%%%%%%%%%%%%%%%%%%%%%%%%%%%%%%%%%%%%%%%

 UNIFORM GRID DIM     : 64 * 64 * 64
 UNIFORM GRID DIM(BIG): 16 * 16 * 16
 DONE(0.213805   SEC) : SYMMETRY
 DONE(0.213901   SEC) : SETUP UNITCELL
 DONE(0.352419   SEC) : INIT K-POINTS
 ----------------------------------------------------------------
 Cell relaxation calculations
 ----------------------------------------------------------------
 SPIN    KPOINTS         PROCESSES   THREADS/PROC  THREADS/TOTAL 
 1       6               24          1             24            
 ----------------------------------------------------------------
 Use Systematically Improvable Atomic bases
 ----------------------------------------------------------------
 TOTAL NBASE 102
 ELEMENT ORBITALS        NBASE       NATOM       
 Ca      4s2p1d-10au     15          3           
 Mg      2s1p-9au        5           1           
 O       2s2p1d-6au      13          4           
 ----------------------------------------------------------------
 Initial plane wave basis and FFT box
 ----------------------------------------------------------------
 DONE(0.367136   SEC) : INIT PLANEWAVE
 START CHARGE         : ATOMIC
 DONE(1.03867    SEC) : CHARGE
 DONE(1.07011    SEC) : POTENTIALS

 ================================================================
 RELAX STEP: 1 (CELL_CHANGE# 1 IONS_CHANGE# 1)
 ================================================================
 DONE(1.30759    SEC) : INIT SCF
 ITER       ETOT/eV          EDIFF/eV         DRHO     TIME/s
 GE1     -4.98333441e+03   0.00000000e+00   1.3415e-01   2.02
 GE2     -4.98797592e+03  -4.64151412e+00   1.3016e-01   1.80
 GE3     -4.99401561e+03  -6.03968277e+00   1.6549e-02   1.82
 GE4     -4.99400541e+03   1.01985359e-02   7.2787e-03   1.81
 GE5     -4.99402160e+03  -1.61862977e-02   3.2761e-03   1.81
 GE6     -4.99402585e+03  -4.25032993e-03   6.0824e-04   1.80
 GE7     -4.99402592e+03  -7.46413475e-05   7.7319e-05   1.81
 GE8     -4.99402592e+03  -9.94089440e-07   3.7154e-05   1.81
 GE9     -4.99402592e+03  -3.04921566e-07   2.9505e-06   1.80
 GE10    -4.99402592e+03  -2.49806388e-09   2.4546e-07   1.81
 GE11    -4.99402592e+03  -6.18715512e-12   2.6850e-08   1.82
 ----------------------------------------------------------------
              Stress_x             Stress_y             Stress_z 
 ----------------------------------------------------------------
        869.3777128998        -0.0000000000        -0.0000000000 
         -0.0000000000       880.6883154922         0.0000000000 
          0.0000000000         0.0000000000       880.6883154922 
 ----------------------------------------------------------------
 TOTAL-PRESSURE (EXCLUDE KINETIC PART OF IONS): 876.918115 kbar
 ETOT DIFF (eV)              : 0.000000
 LARGEST GRAD (eV/Angstrom)  : 2.104182
 DONE(23.737711  SEC) : SETUP UNITCELL

 ================================================================
 RELAX STEP: 2 (CELL_CHANGE# 2 IONS_CHANGE# 1)
 ================================================================
 DONE(23.799385  SEC) : LOCAL POTENTIAL
 DONE(23.846215  SEC) : SYMMETRY
 DONE(23.846511  SEC) : INIT K-POINTS
 DONE(24.145034  SEC) : INIT SCF
 ITER       ETOT/eV          EDIFF/eV         DRHO     TIME/s
 GE1     -4.99722040e+03   0.00000000e+00   4.4066e-03   1.71
 GE2     -4.99722286e+03  -2.45140871e-03   1.6328e-03   1.57
 GE3     -4.99722443e+03  -1.57499762e-03   9.3409e-04   1.55
 GE4     -4.99722481e+03  -3.84256430e-04   9.7411e-05   1.56
 GE5     -4.99722482e+03  -8.88811902e-07   5.9732e-05   1.56
 GE6     -4.99722482e+03  -2.23616238e-06   8.1666e-06   1.55
 GE7     -4.99722482e+03  -1.17153782e-08   1.1588e-06   1.56
 GE8     -4.99722482e+03  -7.42458615e-11   6.6154e-08   1.58
 ----------------------------------------------------------------
              Stress_x             Stress_y             Stress_z 
 ----------------------------------------------------------------
        509.7092498264         0.0000000000         0.0000000000 
          0.0000000000       523.5190504479        -0.0000000000 
         -0.0000000000        -0.0000000000       523.5190504479 
 ----------------------------------------------------------------
 TOTAL-PRESSURE (EXCLUDE KINETIC PART OF IONS): 518.915784 kbar
 ETOT DIFF (eV)              : -3.198896
 LARGEST GRAD (eV/Angstrom)  : 1.481406
 DONE(39.247579  SEC) : SETUP UNITCELL

 ================================================================
 RELAX STEP: 3 (CELL_CHANGE# 3 IONS_CHANGE# 1)
 ================================================================
 DONE(39.309051  SEC) : LOCAL POTENTIAL
 DONE(39.356078  SEC) : SYMMETRY
 DONE(39.356396  SEC) : INIT K-POINTS
 DONE(39.617039  SEC) : INIT SCF
 ITER       ETOT/eV          EDIFF/eV         DRHO     TIME/s
 GE1     -5.00003813e+03   0.00000000e+00   3.2201e-03   1.33
 GE2     -5.00004019e+03  -2.05402964e-03   2.0875e-03   1.19
 GE3     -5.00004188e+03  -1.69749217e-03   4.2921e-04   1.18
 GE4     -5.00004189e+03  -3.11707947e-06   1.0279e-04   1.19
 GE5     -5.00004189e+03  -1.78283339e-06   4.9312e-05   1.18
 GE6     -5.00004189e+03  -1.47514539e-06   1.1135e-05   1.20
 GE7     -5.00004189e+03  -2.13518723e-08   1.2026e-06   1.20
 GE8     -5.00004189e+03  -2.62954093e-11   1.0119e-07   1.19
 GE9     -5.00004189e+03  -3.09357756e-12   8.2188e-09   1.20
 ----------------------------------------------------------------
              Stress_x             Stress_y             Stress_z 
 ----------------------------------------------------------------
        113.0370197000         0.0000000000         0.0000000000 
          0.0000000000       126.9177501694         0.0000000000 
         -0.0000000000         0.0000000000       126.9177501694 
 ----------------------------------------------------------------
 TOTAL-PRESSURE (EXCLUDE KINETIC PART OF IONS): 122.290840 kbar
 ETOT DIFF (eV)              : -2.817072
 LARGEST GRAD (eV/Angstrom)  : 0.725710
 DONE(52.582690  SEC) : SETUP UNITCELL

 ================================================================
 RELAX STEP: 4 (CELL_CHANGE# 4 IONS_CHANGE# 1)
 ================================================================
 DONE(52.644122  SEC) : LOCAL POTENTIAL
 DONE(52.691151  SEC) : SYMMETRY
 DONE(52.691470  SEC) : INIT K-POINTS
 DONE(52.951147  SEC) : INIT SCF
 ITER       ETOT/eV          EDIFF/eV         DRHO     TIME/s
 GE1     -5.00034287e+03   0.00000000e+00   4.2909e-03   1.21
 GE2     -5.00034500e+03  -2.12565164e-03   1.4051e-03   1.06
 GE3     -5.00034619e+03  -1.18926356e-03   9.9410e-04   1.06
 GE4     -5.00034666e+03  -4.67846367e-04   1.3437e-04   1.06
 GE5     -5.00034666e+03  -4.96667690e-07   8.4601e-05   1.09
 GE6     -5.00034666e+03  -4.62857285e-06   1.4286e-05   1.16
 GE7     -5.00034666e+03  -2.63897634e-08   2.0475e-06   1.08
 GE8     -5.00034666e+03  -1.67826583e-10   1.5602e-07   1.10
 GE9     -5.00034666e+03   7.73394390e-13   1.5650e-08   1.09
 ----------------------------------------------------------------
              Stress_x             Stress_y             Stress_z 
 ----------------------------------------------------------------
         20.0705460819        -0.0000000000        -0.0000000000 
         -0.0000000000        32.8766484039         0.0000000000 
          0.0000000000         0.0000000000        32.8766484039 
 ----------------------------------------------------------------
 TOTAL-PRESSURE (EXCLUDE KINETIC PART OF IONS): 28.607948 kbar
 ETOT DIFF (eV)              : -0.304772
 LARGEST GRAD (eV/Angstrom)  : 0.534551
 DONE(64.868703  SEC) : SETUP UNITCELL

 ================================================================
 RELAX STEP: 5 (CELL_CHANGE# 5 IONS_CHANGE# 1)
 ================================================================
 DONE(64.930068  SEC) : LOCAL POTENTIAL
 DONE(64.977100  SEC) : SYMMETRY
 DONE(64.977426  SEC) : INIT K-POINTS
 DONE(65.212127  SEC) : INIT SCF
 ITER       ETOT/eV          EDIFF/eV         DRHO     TIME/s
 GE1     -5.00002046e+03   0.00000000e+00   3.5571e-03   1.01
 GE2     -5.00002394e+03  -3.48170494e-03   3.6582e-03   0.87
 GE3     -5.00002710e+03  -3.15990998e-03   6.4946e-04   0.87
 GE4     -5.00002717e+03  -6.13092517e-05   8.7290e-05   0.88
 GE5     -5.00002717e+03  -6.72750258e-07   5.2058e-05   0.87
 GE6     -5.00002717e+03  -1.52197752e-06   1.4891e-05   0.88
 GE7     -5.00002717e+03  -2.95127299e-08   1.5677e-06   0.88
 GE8     -5.00002717e+03  -7.50192559e-11   1.3987e-07   0.88
 GE9     -5.00002717e+03  -3.09357756e-12   1.1705e-08   0.89
 ----------------------------------------------------------------
              Stress_x             Stress_y             Stress_z 
 ----------------------------------------------------------------
       -100.4479323282        -0.0000000000        -0.0000000000 
          0.0000000000       -89.9205946984         0.0000000000 
         -0.0000000000         0.0000000000       -89.9205946984 
 ----------------------------------------------------------------
 TOTAL-PRESSURE (EXCLUDE KINETIC PART OF IONS): -93.429707 kbar
 ETOT DIFF (eV)              : 0.319494
 LARGEST GRAD (eV/Angstrom)  : 0.274822
 DONE(75.033105  SEC) : SETUP UNITCELL

 ================================================================
 RELAX STEP: 6 (CELL_CHANGE# 6 IONS_CHANGE# 1)
 ================================================================
 DONE(75.094572  SEC) : LOCAL POTENTIAL
 DONE(75.141638  SEC) : SYMMETRY
 DONE(75.141967  SEC) : INIT K-POINTS
 DONE(75.385729  SEC) : INIT SCF
 ITER       ETOT/eV          EDIFF/eV         DRHO     TIME/s
 GE1     -5.00018092e+03   0.00000000e+00   6.9815e-03   1.05
 GE2     -5.00019437e+03  -1.34491249e-02   6.3650e-03   0.91
 GE3     -5.00020395e+03  -9.58357122e-03   1.2931e-03   0.91
 GE4     -5.00020417e+03  -2.15110283e-04   2.0416e-04   0.91
 GE5     -5.00020417e+03  -3.93773599e-06   1.1799e-04   0.92
 GE6     -5.00020418e+03  -7.62921161e-06   2.8285e-05   0.91
 GE7     -5.00020418e+03  -1.03516519e-07   3.3330e-06   0.92
 GE8     -5.00020418e+03  -1.75560527e-10   3.1432e-07   0.91
 GE9     -5.00020418e+03  -1.23743102e-11   2.8004e-08   0.93
 ----------------------------------------------------------------
              Stress_x             Stress_y             Stress_z 
 ----------------------------------------------------------------
        -77.5827659107         0.0000000000         0.0000000000 
         -0.0000000000       -67.0712873429        -0.0000000000 
          0.0000000000        -0.0000000000       -67.0712873429 
 ----------------------------------------------------------------
 TOTAL-PRESSURE (EXCLUDE KINETIC PART OF IONS): -70.575114 kbar
 ETOT DIFF (eV)              : -0.177012
 LARGEST GRAD (eV/Angstrom)  : 0.293789
 DONE(85.597439  SEC) : SETUP UNITCELL

 ================================================================
 RELAX STEP: 7 (CELL_CHANGE# 7 IONS_CHANGE# 1)
 ================================================================
 DONE(85.658955  SEC) : LOCAL POTENTIAL
 DONE(85.705984  SEC) : SYMMETRY
 DONE(85.706304  SEC) : INIT K-POINTS
 DONE(85.963137  SEC) : INIT SCF
 ITER       ETOT/eV          EDIFF/eV         DRHO     TIME/s
 GE1     -5.00038876e+03   0.00000000e+00   1.0185e-03   1.15
 GE2     -5.00038895e+03  -1.99587433e-04   7.9773e-04   1.00
 GE3     -5.00038915e+03  -1.92646318e-04   1.5748e-04   1.00
 GE4     -5.00038915e+03  -1.07402516e-06   2.8066e-05   1.00
 GE5     -5.00038915e+03  -1.48524979e-07   2.1185e-05   1.00
 GE6     -5.00038915e+03  -2.21694275e-07   3.0432e-06   1.00
 GE7     -5.00038915e+03  -5.49110017e-10   3.5377e-07   1.00
 GE8     -5.00038915e+03  -7.73394390e-13   5.4517e-08   1.02
 ----------------------------------------------------------------
              Stress_x             Stress_y             Stress_z 
 ----------------------------------------------------------------
        -19.6602466575        -0.0000000000        -0.0000000000 
         -0.0000000000       -10.7803534340         0.0000000000 
          0.0000000000         0.0000000000       -10.7803534340 
 ----------------------------------------------------------------
 TOTAL-PRESSURE (EXCLUDE KINETIC PART OF IONS): -13.740318 kbar
 ETOT DIFF (eV)              : -0.184969
 LARGEST GRAD (eV/Angstrom)  : 0.334925
 DONE(96.058749  SEC) : SETUP UNITCELL

 ================================================================
 RELAX STEP: 8 (CELL_CHANGE# 8 IONS_CHANGE# 1)
 ================================================================
 DONE(96.120287  SEC) : LOCAL POTENTIAL
 DONE(96.167830  SEC) : SYMMETRY
 DONE(96.168149  SEC) : INIT K-POINTS
 DONE(96.429603  SEC) : INIT SCF
 ITER       ETOT/eV          EDIFF/eV         DRHO     TIME/s
 GE1     -5.00039442e+03   0.00000000e+00   1.7776e-03   1.17
 GE2     -5.00039523e+03  -8.15192986e-04   1.6331e-03   1.03
 GE3     -5.00039591e+03  -6.79404546e-04   3.0719e-04   1.03
 GE4     -5.00039593e+03  -1.38788524e-05   3.3090e-05   1.05
 GE5     -5.00039593e+03  -3.27594396e-08   2.3265e-05   1.04
 GE6     -5.00039593e+03  -2.75646268e-07   4.8094e-06   1.02
 GE7     -5.00039593e+03  -1.89945662e-09   5.0226e-07   1.04
 GE8     -5.00039593e+03  -3.86697195e-12   7.9163e-08   1.04
 ----------------------------------------------------------------
              Stress_x             Stress_y             Stress_z 
 ----------------------------------------------------------------
         -2.4544417920         0.0000000000         0.0000000000 
          0.0000000000         5.6485090374         0.0000000000 
         -0.0000000000         0.0000000000         5.6485090374 
 ----------------------------------------------------------------
 TOTAL-PRESSURE (EXCLUDE KINETIC PART OF IONS): 2.947525 kbar
 ETOT DIFF (eV)              : -0.006778
 LARGEST GRAD (eV/Angstrom)  : 0.345720
 DONE(106.802003 SEC) : SETUP UNITCELL

 ================================================================
 RELAX STEP: 9 (CELL_CHANGE# 9 IONS_CHANGE# 1)
 ================================================================
 DONE(106.863475 SEC) : LOCAL POTENTIAL
 DONE(106.910573 SEC) : SYMMETRY
 DONE(106.910904 SEC) : INIT K-POINTS
 DONE(107.169701 SEC) : INIT SCF
 ITER       ETOT/eV          EDIFF/eV         DRHO     TIME/s
 GE1     -5.00040012e+03   0.00000000e+00   7.9280e-04   1.18
 GE2     -5.00040027e+03  -1.43265835e-04   5.3176e-04   1.03
 GE3     -5.00040036e+03  -9.71788984e-05   1.0864e-04   1.03
 GE4     -5.00040036e+03   4.28460492e-08   3.4712e-05   1.03
 GE5     -5.00040037e+03  -2.06630099e-07   1.2644e-05   1.03
 GE6     -5.00040037e+03  -9.92442883e-08   3.4232e-06   1.03
 GE7     -5.00040037e+03  -2.05181532e-09   3.1971e-07   1.03
 GE8     -5.00040037e+03  -1.54678878e-12   3.6034e-08   1.04
 ----------------------------------------------------------------
              Stress_x             Stress_y             Stress_z 
 ----------------------------------------------------------------
         -1.5180029340         0.0000000000         0.0000000000 
         -0.0000000000         5.1027756929         0.0000000000 
          0.0000000000         0.0000000000         5.1027756929 
 ----------------------------------------------------------------
 TOTAL-PRESSURE (EXCLUDE KINETIC PART OF IONS): 2.895849 kbar
 ETOT DIFF (eV)              : -0.004438
 LARGEST GRAD (eV/Angstrom)  : 0.314323
 DONE(117.511669 SEC) : SETUP UNITCELL

 ================================================================
 RELAX STEP: 10 (CELL_CHANGE# 10 IONS_CHANGE# 1)
 ================================================================
 DONE(117.573285 SEC) : LOCAL POTENTIAL
 DONE(117.620332 SEC) : SYMMETRY
 DONE(117.620660 SEC) : INIT K-POINTS
 DONE(117.879868 SEC) : INIT SCF
 ITER       ETOT/eV          EDIFF/eV         DRHO     TIME/s
 GE1     -5.00041039e+03   0.00000000e+00   1.0981e-03   1.18
 GE2     -5.00041070e+03  -3.07451670e-04   3.9755e-04   1.03
 GE3     -5.00041073e+03  -3.17830988e-05   2.5677e-04   1.03
 GE4     -5.00041075e+03  -2.52114731e-05   7.6920e-05   1.03
 GE5     -5.00041076e+03  -1.52377256e-06   7.0659e-06   1.03
 GE6     -5.00041076e+03  -9.46634734e-09   6.6372e-06   1.03
 GE7     -5.00041076e+03  -1.81987434e-08   4.3976e-07   1.04
 GE8     -5.00041076e+03  -2.47486205e-11   5.1609e-08   1.05
 ----------------------------------------------------------------
              Stress_x             Stress_y             Stress_z 
 ----------------------------------------------------------------
          1.7081318264        -0.0000000000         0.0000000000 
          0.0000000000         3.4699889382         0.0000000000 
          0.0000000000         0.0000000000         3.4699889382 
 ----------------------------------------------------------------
 TOTAL-PRESSURE (EXCLUDE KINETIC PART OF IONS): 2.882703 kbar
 ETOT DIFF (eV)              : -0.010391
 LARGEST GRAD (eV/Angstrom)  : 0.216405
 DONE(128.281838 SEC) : SETUP UNITCELL

 ================================================================
 RELAX STEP: 11 (CELL_CHANGE# 11 IONS_CHANGE# 1)
 ================================================================
 DONE(128.343374 SEC) : LOCAL POTENTIAL
 DONE(128.391469 SEC) : SYMMETRY
 DONE(128.391806 SEC) : INIT K-POINTS
 DONE(128.651421 SEC) : INIT SCF
 ITER       ETOT/eV          EDIFF/eV         DRHO     TIME/s
 GE1     -5.00041205e+03   0.00000000e+00   1.3262e-03   1.18
 GE2     -5.00041247e+03  -4.22350595e-04   4.4981e-04   1.02
 GE3     -5.00041250e+03  -3.56971086e-05   3.0065e-04   1.02
 GE4     -5.00041254e+03  -3.50392879e-05   9.2182e-05   1.03
 GE5     -5.00041254e+03  -2.31745386e-06   6.6735e-06   1.03
 GE6     -5.00041254e+03  -1.04330903e-09   7.7245e-07   1.04
 GE7     -5.00041254e+03  -5.33642129e-11   1.4070e-07   1.04
 GE8     -5.00041254e+03   7.73394390e-13   9.4119e-08   1.05
 ----------------------------------------------------------------
              Stress_x             Stress_y             Stress_z 
 ----------------------------------------------------------------
         -0.8387193941        -0.0000000000         0.0000000000 
         -0.0000000000         1.1616461606        -0.0000000000 
          0.0000000000        -0.0000000000         1.1616461606 
 ----------------------------------------------------------------
 TOTAL-PRESSURE (EXCLUDE KINETIC PART OF IONS): 0.494858 kbar
 ETOT DIFF (eV)              : -0.001785
 LARGEST GRAD (eV/Angstrom)  : 0.192889
 DONE(139.023710 SEC) : SETUP UNITCELL

 ================================================================
 RELAX STEP: 12 (CELL_CHANGE# 12 IONS_CHANGE# 1)
 ================================================================
 DONE(139.085100 SEC) : LOCAL POTENTIAL
 DONE(139.133098 SEC) : SYMMETRY
 DONE(139.133430 SEC) : INIT K-POINTS
 DONE(139.392886 SEC) : INIT SCF
 ITER       ETOT/eV          EDIFF/eV         DRHO     TIME/s
 GE1     -5.00041483e+03   0.00000000e+00   7.2718e-04   1.17
 GE2     -5.00041497e+03  -1.32763862e-04   3.3966e-04   1.02
 GE3     -5.00041501e+03  -4.03153651e-05   1.7457e-04   1.02
 GE4     -5.00041502e+03  -1.00313491e-05   4.5234e-05   1.02
 GE5     -5.00041502e+03  -4.25436520e-07   3.5509e-06   1.02
 GE6     -5.00041502e+03   1.14462370e-10   1.6644e-06   1.02
 GE7     -5.00041502e+03  -1.49651815e-09   3.3307e-07   1.02
 GE8     -5.00041502e+03  -1.23743102e-11   2.8876e-08   1.03
 ----------------------------------------------------------------
              Stress_x             Stress_y             Stress_z 
 ----------------------------------------------------------------
         -8.1987172018         0.0000000000         0.0000000000 
          0.0000000000        -5.6401055174        -0.0000000000 
          0.0000000000        -0.0000000000        -5.6401055174 
 ----------------------------------------------------------------
 TOTAL-PRESSURE (EXCLUDE KINETIC PART OF IONS): -6.492976 kbar
 ETOT DIFF (eV)              : -0.002476
 LARGEST GRAD (eV/Angstrom)  : 0.123565
 DONE(149.633848 SEC) : SETUP UNITCELL

 ================================================================
 RELAX STEP: 13 (CELL_CHANGE# 13 IONS_CHANGE# 1)
 ================================================================
 DONE(149.695285 SEC) : LOCAL POTENTIAL
 DONE(149.743365 SEC) : SYMMETRY
 DONE(149.743701 SEC) : INIT K-POINTS
 DONE(150.001057 SEC) : INIT SCF
 ITER       ETOT/eV          EDIFF/eV         DRHO     TIME/s
 GE1     -5.00041645e+03   0.00000000e+00   8.2772e-04   1.17
 GE2     -5.00041661e+03  -1.53999719e-04   4.4723e-04   1.02
 GE3     -5.00041669e+03  -7.75659183e-05   1.6270e-04   1.02
 GE4     -5.00041669e+03  -7.03348215e-06   4.5021e-05   1.02
 GE5     -5.00041669e+03  -3.92701829e-07   4.7852e-06   1.02
 GE6     -5.00041669e+03  -1.09203288e-09   3.7998e-06   1.02
 GE7     -5.00041669e+03  -6.93580089e-09   3.1785e-07   1.02
 GE8     -5.00041669e+03   3.09357756e-12   3.5634e-08   1.03
 ----------------------------------------------------------------
              Stress_x             Stress_y             Stress_z 
 ----------------------------------------------------------------
         -5.6205458396         0.0000000000         0.0000000000 
          0.0000000000        -3.7036211021        -0.0000000000 
          0.0000000000        -0.0000000000        -3.7036211021 
 ----------------------------------------------------------------
 TOTAL-PRESSURE (EXCLUDE KINETIC PART OF IONS): -4.342596 kbar
 ETOT DIFF (eV)              : -0.001677
 LARGEST GRAD (eV/Angstrom)  : 0.102241
 DONE(160.272689 SEC) : SETUP UNITCELL

 ================================================================
 RELAX STEP: 14 (CELL_CHANGE# 14 IONS_CHANGE# 1)
 ================================================================
 DONE(160.334140 SEC) : LOCAL POTENTIAL
 DONE(160.381282 SEC) : SYMMETRY
 DONE(160.381607 SEC) : INIT K-POINTS
 DONE(160.638008 SEC) : INIT SCF
 ITER       ETOT/eV          EDIFF/eV         DRHO     TIME/s
 GE1     -5.00041832e+03   0.00000000e+00   1.8841e-04   1.18
 GE2     -5.00041833e+03  -1.04524314e-05   5.2864e-05   1.02
 GE3     -5.00041833e+03   7.14693756e-09   2.5947e-05   1.02
 GE4     -5.00041833e+03  -2.61408077e-07   2.0196e-05   1.02
 GE5     -5.00041833e+03  -1.40496372e-07   1.3885e-06   1.03
 GE6     -5.00041833e+03  -4.35421042e-10   1.2006e-06   1.05
 GE7     -5.00041833e+03  -6.27222851e-10   8.0220e-08   1.06
 ----------------------------------------------------------------
              Stress_x             Stress_y             Stress_z 
 ----------------------------------------------------------------
         -1.4491996180        -0.0000000000        -0.0000000000 
          0.0000000000        -0.6332668628        -0.0000000000 
         -0.0000000000        -0.0000000000        -0.6332668628 
 ----------------------------------------------------------------
 TOTAL-PRESSURE (EXCLUDE KINETIC PART OF IONS): -0.905244 kbar
 ETOT DIFF (eV)              : -0.001640
 LARGEST GRAD (eV/Angstrom)  : 0.067737
 DONE(169.976175 SEC) : SETUP UNITCELL

 ================================================================
 RELAX STEP: 15 (CELL_CHANGE# 15 IONS_CHANGE# 1)
 ================================================================
 DONE(170.038077 SEC) : LOCAL POTENTIAL
 DONE(170.085450 SEC) : SYMMETRY
 DONE(170.085774 SEC) : INIT K-POINTS
 DONE(170.343868 SEC) : INIT SCF
 ITER       ETOT/eV          EDIFF/eV         DRHO     TIME/s
 GE1     -5.00041838e+03   0.00000000e+00   4.5464e-04   1.17
 GE2     -5.00041844e+03  -5.97895704e-05   1.2598e-04   1.03
 GE3     -5.00041844e+03   8.95080264e-08   6.0085e-05   1.04
 GE4     -5.00041844e+03  -1.83426644e-06   4.3014e-05   1.03
 GE5     -5.00041845e+03  -8.54848287e-07   4.2948e-06   1.03
 GE6     -5.00041845e+03  -9.31089506e-09   2.8678e-06   1.03
 GE7     -5.00041845e+03  -3.39365458e-09   1.9257e-07   1.03
 GE8     -5.00041845e+03   7.73394390e-13   2.7618e-08   1.04
 ----------------------------------------------------------------
              Stress_x             Stress_y             Stress_z 
 ----------------------------------------------------------------
         -1.2346871649         0.0000000000         0.0000000000 
         -0.0000000000        -0.5592149967         0.0000000000 
         -0.0000000000         0.0000000000        -0.5592149967 
 ----------------------------------------------------------------
 TOTAL-PRESSURE (EXCLUDE KINETIC PART OF IONS): -0.784372 kbar
 ETOT DIFF (eV)              : -0.000112
 LARGEST GRAD (eV/Angstrom)  : 0.063341
 DONE(180.711778 SEC) : SETUP UNITCELL

 ================================================================
 RELAX STEP: 16 (CELL_CHANGE# 16 IONS_CHANGE# 1)
 ================================================================
 DONE(180.773297 SEC) : LOCAL POTENTIAL
 DONE(180.820391 SEC) : SYMMETRY
 DONE(180.820726 SEC) : INIT K-POINTS
 DONE(181.082956 SEC) : INIT SCF
 ITER       ETOT/eV          EDIFF/eV         DRHO     TIME/s
 GE1     -5.00041872e+03   0.00000000e+00   1.2790e-04   1.18
 GE2     -5.00041872e+03  -4.69254339e-06   4.4792e-05   1.02
 GE3     -5.00041872e+03  -3.14137333e-07   2.8997e-05   1.02
 GE4     -5.00041872e+03  -3.35143498e-07   1.0257e-05   1.02
 GE5     -5.00041872e+03  -2.88476108e-08   7.9400e-07   1.03
 GE6     -5.00041872e+03  -2.55220149e-11   6.8120e-07   1.03
 GE7     -5.00041872e+03  -2.14230246e-10   5.4019e-08   1.04
 ----------------------------------------------------------------
              Stress_x             Stress_y             Stress_z 
 ----------------------------------------------------------------
         -0.5841142657        -0.0000000000        -0.0000000000 
          0.0000000000        -0.3370630795         0.0000000000 
         -0.0000000000         0.0000000000        -0.3370630795 
 ----------------------------------------------------------------
 TOTAL-PRESSURE (EXCLUDE KINETIC PART OF IONS): -0.419413 kbar
 ETOT DIFF (eV)              : -0.000279
 LARGEST GRAD (eV/Angstrom)  : 0.050152
 DONE(190.365850 SEC) : SETUP UNITCELL

 ================================================================
 RELAX STEP: 17 (CELL_CHANGE# 17 IONS_CHANGE# 1)
 ================================================================
 DONE(190.427291 SEC) : LOCAL POTENTIAL
 DONE(190.474462 SEC) : SYMMETRY
 DONE(190.474785 SEC) : INIT K-POINTS
 DONE(190.732752 SEC) : INIT SCF
 ITER       ETOT/eV          EDIFF/eV         DRHO     TIME/s
 GE1     -5.00041880e+03   0.00000000e+00   1.2494e-04   1.18
 GE2     -5.00041880e+03  -4.23682075e-06   4.4690e-05   1.02
 GE3     -5.00041881e+03  -3.70936191e-07   2.9129e-05   1.02
 GE4     -5.00041881e+03  -3.28631518e-07   9.3108e-06   1.02
 GE5     -5.00041881e+03  -2.29899216e-08   6.7563e-07   1.03
 GE6     -5.00041881e+03   1.00541271e-11   4.0506e-07   1.04
 GE7     -5.00041881e+03  -8.04330166e-11   5.2498e-08   1.05
 ----------------------------------------------------------------
              Stress_x             Stress_y             Stress_z 
 ----------------------------------------------------------------
         -0.3453867206         0.0000000000        -0.0000000000 
          0.0000000000        -0.1630000549        -0.0000000000 
         -0.0000000000        -0.0000000000        -0.1630000549 
 ----------------------------------------------------------------
 TOTAL-PRESSURE (EXCLUDE KINETIC PART OF IONS): -0.223796 kbar
 ETOT DIFF (eV)              : -0.000081
 LARGEST GRAD (eV/Angstrom)  : 0.045356
 DONE(200.047221 SEC) : SETUP UNITCELL

 ================================================================
 RELAX STEP: 18 (CELL_CHANGE# 18 IONS_CHANGE# 1)
 ================================================================
 DONE(200.108396 SEC) : LOCAL POTENTIAL
 DONE(200.155741 SEC) : SYMMETRY
 DONE(200.156022 SEC) : INIT K-POINTS
 DONE(200.414947 SEC) : INIT SCF
 ITER       ETOT/eV          EDIFF/eV         DRHO     TIME/s
 GE1     -5.00041896e+03   0.00000000e+00   1.3508e-04   1.18
 GE2     -5.00041897e+03  -5.64922220e-06   4.5849e-05   1.03
 GE3     -5.00041897e+03  -2.65807145e-07   2.9065e-05   1.03
 GE4     -5.00041897e+03  -3.66868136e-07   1.1612e-05   1.03
 GE5     -5.00041897e+03  -4.10827100e-08   1.3703e-06   1.03
 GE6     -5.00041897e+03  -9.11058592e-10   9.0923e-07   1.03
 GE7     -5.00041897e+03  -3.31786193e-10   5.8073e-08   1.04
 ----------------------------------------------------------------
              Stress_x             Stress_y             Stress_z 
 ----------------------------------------------------------------
          0.3796152096         0.0000000000         0.0000000000 
         -0.0000000000         0.3593417368        -0.0000000000 
          0.0000000000        -0.0000000000         0.3593417368 
 ----------------------------------------------------------------
 TOTAL-PRESSURE (EXCLUDE KINETIC PART OF IONS): 0.366100 kbar
 ETOT DIFF (eV)              : -0.000164
 LARGEST GRAD (eV/Angstrom)  : 0.030825
 DONE(209.725316 SEC) : SETUP UNITCELL

 ================================================================
 RELAX STEP: 19 (CELL_CHANGE# 19 IONS_CHANGE# 1)
 ================================================================
 DONE(209.786623 SEC) : LOCAL POTENTIAL
 DONE(209.834160 SEC) : SYMMETRY
 DONE(209.834442 SEC) : INIT K-POINTS
 DONE(210.099006 SEC) : INIT SCF
 ITER       ETOT/eV          EDIFF/eV         DRHO     TIME/s
 GE1     -5.00041901e+03   0.00000000e+00   1.4125e-04   1.18
 GE2     -5.00041902e+03  -6.02478020e-06   4.0674e-05   1.03
 GE3     -5.00041902e+03  -2.41995105e-08   2.0946e-05   1.03
 GE4     -5.00041902e+03  -2.41050017e-07   1.2925e-05   1.03
 GE5     -5.00041902e+03  -7.72999959e-08   1.5084e-06   1.03
 GE6     -5.00041902e+03  -1.24903194e-09   8.8480e-07   1.03
 GE7     -5.00041902e+03  -3.15544911e-10   6.0131e-08   1.05
 ----------------------------------------------------------------
              Stress_x             Stress_y             Stress_z 
 ----------------------------------------------------------------
         -0.0008812679        -0.0000000000        -0.0000000000 
          0.0000000000        -0.0008134414        -0.0000000000 
         -0.0000000000        -0.0000000000        -0.0008134414 
 ----------------------------------------------------------------
 TOTAL-PRESSURE (EXCLUDE KINETIC PART OF IONS): -0.000836 kbar
 ETOT DIFF (eV)              : -0.000049
 LARGEST GRAD (eV/Angstrom)  : 0.026239
 DONE(219.419981 SEC) : SETUP UNITCELL

 ================================================================
 RELAX STEP: 20 (CELL_CHANGE# 20 IONS_CHANGE# 1)
 ================================================================
 DONE(219.481461 SEC) : LOCAL POTENTIAL
 DONE(219.528623 SEC) : SYMMETRY
 DONE(219.528949 SEC) : INIT K-POINTS
 DONE(219.787268 SEC) : INIT SCF
 ITER       ETOT/eV          EDIFF/eV         DRHO     TIME/s
 GE1     -5.00041909e+03   0.00000000e+00   1.2163e-04   1.17
 GE2     -5.00041910e+03  -3.86796808e-06   5.5162e-05   1.02
 GE3     -5.00041910e+03  -1.01769808e-06   2.9718e-05   1.02
 GE4     -5.00041910e+03  -3.02197671e-07   7.7929e-06   1.02
 GE5     -5.00041910e+03  -1.29984395e-08   7.5123e-07   1.02
 GE6     -5.00041910e+03  -3.71229307e-11   6.3374e-07   1.02
 GE7     -5.00041910e+03  -1.97215570e-10   5.0048e-08   1.03
 ----------------------------------------------------------------
              Stress_x             Stress_y             Stress_z 
 ----------------------------------------------------------------
         -1.0383811367        -0.0000000000         0.0000000000 
          0.0000000000        -0.9871651538         0.0000000000 
         -0.0000000000         0.0000000000        -0.9871651538 
 ----------------------------------------------------------------
 TOTAL-PRESSURE (EXCLUDE KINETIC PART OF IONS): -1.004237 kbar
 ETOT DIFF (eV)              : -0.000078
 LARGEST GRAD (eV/Angstrom)  : 0.013710
 DONE(229.054228 SEC) : SETUP UNITCELL

 ================================================================
 RELAX STEP: 21 (CELL_CHANGE# 21 IONS_CHANGE# 1)
 ================================================================
 DONE(229.115758 SEC) : LOCAL POTENTIAL
 DONE(229.162927 SEC) : SYMMETRY
 DONE(229.163246 SEC) : INIT K-POINTS
 DONE(229.421292 SEC) : INIT SCF
 ITER       ETOT/eV          EDIFF/eV         DRHO     TIME/s
 GE1     -5.00041912e+03   0.00000000e+00   1.4544e-04   1.18
 GE2     -5.00041913e+03  -5.01594367e-06   7.4093e-05   1.02
 GE3     -5.00041913e+03  -2.08255001e-06   3.1308e-05   1.02
 GE4     -5.00041913e+03  -2.89896060e-07   8.3835e-06   1.02
 GE5     -5.00041913e+03  -1.39705963e-08   6.7124e-07   1.02
 GE6     -5.00041913e+03  -2.70688037e-11   8.0185e-08   1.04
 ----------------------------------------------------------------
              Stress_x             Stress_y             Stress_z 
 ----------------------------------------------------------------
         -0.6598717275         0.0000000000         0.0000000000 
          0.0000000000        -0.6496233563         0.0000000000 
          0.0000000000         0.0000000000        -0.6496233563 
 ----------------------------------------------------------------
 TOTAL-PRESSURE (EXCLUDE KINETIC PART OF IONS): -0.653039 kbar
 ETOT DIFF (eV)              : -0.000035
 LARGEST GRAD (eV/Angstrom)  : 0.009934
 DONE(237.668579 SEC) : SETUP UNITCELL

 ================================================================
 RELAX STEP: 22 (CELL_CHANGE# 22 IONS_CHANGE# 1)
 ================================================================
 DONE(237.729797 SEC) : LOCAL POTENTIAL
 DONE(237.777776 SEC) : SYMMETRY
 DONE(237.778070 SEC) : INIT K-POINTS
 DONE(238.034454 SEC) : INIT SCF
 ITER       ETOT/eV          EDIFF/eV         DRHO     TIME/s
 GE1     -5.00041916e+03   0.00000000e+00   6.2293e-05   1.17
 GE2     -5.00041916e+03  -1.19301576e-06   1.7944e-05   1.02
 GE3     -5.00041916e+03  -3.63186006e-09   8.9359e-06   1.02
 GE4     -5.00041916e+03  -4.65892781e-08   5.6056e-06   1.02
 GE5     -5.00041916e+03  -1.58066345e-08   6.7735e-07   1.02
 GE6     -5.00041916e+03  -2.52899966e-10   3.8851e-07   1.02
 GE7     -5.00041916e+03  -6.41917344e-11   2.6578e-08   1.04
 ----------------------------------------------------------------
              Stress_x             Stress_y             Stress_z 
 ----------------------------------------------------------------
          0.1677713722        -0.0000000000        -0.0000000000 
         -0.0000000000         0.0854969839        -0.0000000000 
          0.0000000000        -0.0000000000         0.0854969839 
 ----------------------------------------------------------------
 TOTAL-PRESSURE (EXCLUDE KINETIC PART OF IONS): 0.112922 kbar
 ETOT DIFF (eV)              : -0.000027
 LARGEST GRAD (eV/Angstrom)  : 0.001639

 ~~~~~~~~~~~~~~~~~~~~~~~~~~~~~~~~~~~~~~~~~~~~~~~~~~~~~~~~~~~~~~~~
 Geometry relaxation thresholds are reached within 21 steps.
 ~~~~~~~~~~~~~~~~~~~~~~~~~~~~~~~~~~~~~~~~~~~~~~~~~~~~~~~~~~~~~~~~

 TIME STATISTICS
------------------------------------------------------------------
    CLASS_NAME           NAME       TIME/s  CALLS   AVG/s  PER/%  
------------------------------------------------------------------
                   total            247.31 225      1.10   100.00 
 Driver            atomic_world     247.31 1        247.31 100.00 
 Charge            atomic_rho       2.74   44       0.06   1.11   
 Relax_Driver      relax_driver     246.24 1        246.24 99.57  
 ESolver_KS        runner           204.08 22       9.28   82.52  
 ESolver_KS_LCAO   before_scf       7.95   22       0.36   3.21   
 Potential         cal_veff         2.77   196      0.01   1.12   
 XC_Functional     v_xc             2.97   240      0.01   1.20   
 HSolverLCAO       solve            188.83 174      1.09   76.35  
 HamiltLCAO        updateHk         94.42  1044     0.09   38.18  
 OperatorLCAO      init             94.41  5220     0.02   38.18  
 Veff              contributeHR     91.34  174      0.52   36.93  
 Gint              cal_gint_vl      91.33  174      0.52   36.93  
 Gint              hr_gint_to_hR    8.11   174      0.05   3.28   
 HSolverLCAO       hamiltSolvePsiK  14.26  1044     0.01   5.77   
 DiagoElpa         elpa_solve       12.22  1044     0.01   4.94   
 LCAO_domain       dm2rho           78.92  174      0.45   31.91  
 Gint              cal_gint_rho     75.28  174      0.43   30.44  
 Gint              dm_2d_to_gint    4.38   196      0.02   1.77   
 ESolver_KS_LCAO   cal_force        42.10  22       1.91   17.02  
 Force_Stress_LCAO getForceStress   42.10  22       1.91   17.02  
 Stress            stress_loc       5.42   22       0.25   2.19   
 Stress            stress_cc        7.18   22       0.33   2.90   
 Nonlocal          cal_force_stress 2.98   22       0.14   1.21   
 Gint              cal_gint_fvl     20.06  22       0.91   8.11   
------------------------------------------------------------------


 START  Time  : Fri Jun 26 13:39:11 2026
 FINISH Time  : Fri Jun 26 13:43:19 2026
 TOTAL  Time  : 248
 SEE INFORMATION IN : OUT.CaOMgO/
