                                                                                     
                              ABACUS v3.11.0-beta.4

               Atomic-orbital Based Ab-initio Computation at UStc                    

                     Website: http://abacus.ustc.edu.cn/                             
               Documentation: https://abacus.deepmodeling.com/                       
                  Repository: https://github.com/abacusmodeling/abacus-develop       
                              https://github.com/deepmodeling/abacus-develop         
                      Commit: unknown

 Fri Jun 26 14:39:38 2026
 MAKE THE DIR         : OUT.CaOMgO/
 RUNNING WITH DEVICE  : CPU / Intel(R) Xeon(R) Silver 4116 CPU @ 2.10GHz (x2)
 WARNING: some of potential function is set to zero cause of less than 1e-30.
 WARNING: some of potential function is set to zero cause of less than 1e-30.
 WARNING: some of potential function is set to zero cause of less than 1e-30.

%%%%%%%%%%%%%%%%%%%%%%%%%%%%%%%%%%%%%%%%%%%%%%%%%%%%%%%%%%%%%%%%%%%%%%%%%%%%%%%%%%%%%%%%%%%%%%%%%%%%%%%%%
 Warning: the number of valence electrons in pseudopotential > 2 for Ca: [Ar] 4s2
 Pseudopotentials with additional electrons can yield (more) accurate outcomes, but may be less efficient.
 If you're confident that your chosen pseudopotential is appropriate, you can safely ignore this warning.
%%%%%%%%%%%%%%%%%%%%%%%%%%%%%%%%%%%%%%%%%%%%%%%%%%%%%%%%%%%%%%%%%%%%%%%%%%%%%%%%%%%%%%%%%%%%%%%%%%%%%%%%%

 UNIFORM GRID DIM     : 120 * 120 * 120
 UNIFORM GRID DIM(BIG): 24 * 24 * 24
 DONE(0.22937    SEC) : SYMMETRY
 DONE(0.22947    SEC) : SETUP UNITCELL
 DONE(0.368814   SEC) : INIT K-POINTS
 ----------------------------------------------------------------
 Cell relaxation calculations
 ----------------------------------------------------------------
 SPIN    KPOINTS         PROCESSES   THREADS/PROC  THREADS/TOTAL 
 1       6               24          1             24            
 ----------------------------------------------------------------
 Use Systematically Improvable Atomic bases
 ----------------------------------------------------------------
 TOTAL NBASE 92
 ELEMENT ORBITALS        NBASE       NATOM       
 Ca      4s2p1d-10au     15          2           
 Mg      2s1p-9au        5           2           
 O       2s2p1d-6au      13          4           
 ----------------------------------------------------------------
 Initial plane wave basis and FFT box
 ----------------------------------------------------------------
 DONE(0.392693   SEC) : INIT PLANEWAVE
 START CHARGE         : ATOMIC
 DONE(1.0622     SEC) : CHARGE
 DONE(1.12187    SEC) : POTENTIALS

 ================================================================
 RELAX STEP: 1 (CELL_CHANGE# 1 IONS_CHANGE# 1)
 ================================================================
 DONE(1.73689    SEC) : INIT SCF
 ITER       ETOT/eV          EDIFF/eV         DRHO     TIME/s
 GE1     -3.95973809e+03   0.00000000e+00   1.5521e-01   5.10
 GE2     -3.96467885e+03  -4.94076452e+00   1.3716e-01   4.94
 GE3     -3.96951686e+03  -4.83800856e+00   2.0898e-02   4.93
 GE4     -3.96953930e+03  -2.24376739e-02   1.4691e-02   4.93
 GE5     -3.96955860e+03  -1.93011206e-02   4.7315e-03   4.95
 GE6     -3.96956298e+03  -4.38055218e-03   1.1516e-03   4.93
 GE7     -3.96956298e+03   1.34682843e-06   6.3616e-04   5.02
 GE8     -3.96956303e+03  -5.61014745e-05   2.4856e-04   4.95
 GE9     -3.96956304e+03  -8.15796434e-06   7.5233e-05   4.94
 GE10    -3.96956304e+03  -5.04771317e-07   1.5733e-05   4.94
 GE11    -3.96956304e+03  -6.73448633e-08   2.6386e-06   4.93
 GE12    -3.96956304e+03  -6.27996245e-10   2.2414e-07   4.96
 GE13    -3.96956304e+03   3.86697195e-12   5.8035e-08   4.93
 ----------------------------------------------------------------
              Stress_x             Stress_y             Stress_z 
 ----------------------------------------------------------------
        614.3921615653         9.5978220702         9.5978220702 
          9.5978220702       614.3921615653        -9.5978220702 
          9.5978220702        -9.5978220702       614.3921615653 
 ----------------------------------------------------------------
 TOTAL-PRESSURE (EXCLUDE KINETIC PART OF IONS): 614.392162 kbar
 ETOT DIFF (eV)              : 0.000000
 LARGEST GRAD (eV/Angstrom)  : 2.037342
 DONE(72.569003  SEC) : SETUP UNITCELL

 ================================================================
 RELAX STEP: 2 (CELL_CHANGE# 2 IONS_CHANGE# 1)
 ================================================================
 DONE(72.678410  SEC) : LOCAL POTENTIAL
 DONE(72.725678  SEC) : SYMMETRY
 DONE(72.725985  SEC) : INIT K-POINTS
 DONE(73.441745  SEC) : INIT SCF
 ITER       ETOT/eV          EDIFF/eV         DRHO     TIME/s
 GE1     -3.97244133e+03   0.00000000e+00   9.4495e-03   4.16
 GE2     -3.97247102e+03  -2.96861140e-02   5.3551e-03   4.03
 GE3     -3.97247737e+03  -6.34682344e-03   1.5448e-03   4.02
 GE4     -3.97247834e+03  -9.77243278e-04   9.1304e-04   4.02
 GE5     -3.97247834e+03   5.18246477e-06   5.3820e-04   4.07
 GE6     -3.97247827e+03   6.40753749e-05   2.8895e-04   4.03
 GE7     -3.97247830e+03  -2.43038468e-05   3.1621e-05   4.04
 GE8     -3.97247830e+03  -3.83766030e-08   1.2782e-05   4.03
 GE9     -3.97247830e+03  -4.57385442e-09   8.2642e-06   4.04
 GE10    -3.97247830e+03  -1.70958830e-08   7.0709e-07   4.03
 GE11    -3.97247830e+03  -1.39210990e-11   9.9421e-08   4.04
 ----------------------------------------------------------------
              Stress_x             Stress_y             Stress_z 
 ----------------------------------------------------------------
        223.2018614653         1.9589347505         1.9589347505 
          1.9589347505       223.2018614653        -1.9589347505 
          1.9589347505        -1.9589347505       223.2018614653 
 ----------------------------------------------------------------
 TOTAL-PRESSURE (EXCLUDE KINETIC PART OF IONS): 223.201861 kbar
 ETOT DIFF (eV)              : -2.915255
 LARGEST GRAD (eV/Angstrom)  : 0.964229
 DONE(124.034629 SEC) : SETUP UNITCELL

 ================================================================
 RELAX STEP: 3 (CELL_CHANGE# 3 IONS_CHANGE# 1)
 ================================================================
 DONE(124.144196 SEC) : LOCAL POTENTIAL
 DONE(124.191527 SEC) : SYMMETRY
 DONE(124.191859 SEC) : INIT K-POINTS
 DONE(124.866097 SEC) : INIT SCF
 ITER       ETOT/eV          EDIFF/eV         DRHO     TIME/s
 GE1     -3.97325193e+03   0.00000000e+00   3.9199e-03   3.60
 GE2     -3.97325545e+03  -3.52465425e-03   2.2903e-03   3.49
 GE3     -3.97325823e+03  -2.77147408e-03   7.0398e-04   3.49
 GE4     -3.97325839e+03  -1.63423359e-04   3.0584e-04   3.49
 GE5     -3.97325839e+03   1.68580333e-06   1.5442e-04   3.51
 GE6     -3.97325839e+03   8.66499474e-07   7.0742e-05   3.50
 GE7     -3.97325839e+03  -1.68638337e-06   1.4865e-05   3.50
 GE8     -3.97325839e+03  -2.51616131e-08   3.9352e-06   3.51
 GE9     -3.97325839e+03   2.15390338e-09   3.1528e-06   3.51
 GE10    -3.97325839e+03  -2.94663263e-09   3.4909e-07   3.50
 GE11    -3.97325839e+03   5.41376073e-12   3.4038e-08   3.51
 ----------------------------------------------------------------
              Stress_x             Stress_y             Stress_z 
 ----------------------------------------------------------------
         46.0683616092        -0.3333758816        -0.3333758816 
         -0.3333758816        46.0683616092         0.3333758816 
         -0.3333758816         0.3333758816        46.0683616092 
 ----------------------------------------------------------------
 TOTAL-PRESSURE (EXCLUDE KINETIC PART OF IONS): 46.068362 kbar
 ETOT DIFF (eV)              : -0.780091
 LARGEST GRAD (eV/Angstrom)  : 0.469840
 DONE(168.900363 SEC) : SETUP UNITCELL

 ================================================================
 RELAX STEP: 4 (CELL_CHANGE# 4 IONS_CHANGE# 1)
 ================================================================
 DONE(169.010001 SEC) : LOCAL POTENTIAL
 DONE(169.057261 SEC) : SYMMETRY
 DONE(169.057592 SEC) : INIT K-POINTS
 DONE(169.711376 SEC) : INIT SCF
 ITER       ETOT/eV          EDIFF/eV         DRHO     TIME/s
 GE1     -3.97331672e+03   0.00000000e+00   4.3148e-03   3.44
 GE2     -3.97332268e+03  -5.96332432e-03   3.0759e-03   3.33
 GE3     -3.97332444e+03  -1.75520089e-03   7.8383e-04   3.34
 GE4     -3.97332453e+03  -9.37232493e-05   4.8160e-04   3.33
 GE5     -3.97332453e+03   8.63272563e-06   2.9557e-04   3.34
 GE6     -3.97332451e+03   1.98097804e-05   1.6507e-04   3.36
 GE7     -3.97332451e+03  -7.98667836e-06   1.3938e-05   3.34
 GE8     -3.97332451e+03   1.15243498e-08   5.8219e-06   3.40
 GE9     -3.97332451e+03   5.37509101e-10   4.0916e-06   3.37
 GE10    -3.97332451e+03  -3.97292698e-09   4.7853e-07   3.41
 GE11    -3.97332451e+03  -1.46944934e-11   5.6875e-08   3.35
 ----------------------------------------------------------------
              Stress_x             Stress_y             Stress_z 
 ----------------------------------------------------------------
          0.0294572841        -0.7791515737        -0.7791515737 
         -0.7791515737         0.0294572841         0.7791515737 
         -0.7791515737         0.7791515737         0.0294572841 
 ----------------------------------------------------------------
 TOTAL-PRESSURE (EXCLUDE KINETIC PART OF IONS): 0.029457 kbar
 ETOT DIFF (eV)              : -0.066125
 LARGEST GRAD (eV/Angstrom)  : 0.449603
 DONE(211.994137 SEC) : SETUP UNITCELL

 ================================================================
 RELAX STEP: 5 (CELL_CHANGE# 5 IONS_CHANGE# 1)
 ================================================================
 DONE(212.103611 SEC) : LOCAL POTENTIAL
 DONE(212.150910 SEC) : SYMMETRY
 DONE(212.151231 SEC) : INIT K-POINTS
 DONE(212.800094 SEC) : INIT SCF
 ITER       ETOT/eV          EDIFF/eV         DRHO     TIME/s
 GE1     -3.97319833e+03   0.00000000e+00   2.4262e-03   3.13
 GE2     -3.97319993e+03  -1.59590703e-03   1.7136e-03   3.02
 GE3     -3.97320052e+03  -5.92415531e-04   4.0146e-04   3.02
 GE4     -3.97320051e+03   7.02871572e-06   2.0533e-04   3.02
 GE5     -3.97320052e+03  -1.69390773e-06   1.3453e-04   3.02
 GE6     -3.97320051e+03   4.03466783e-06   7.2960e-05   3.04
 GE7     -3.97320051e+03  -1.50782208e-06   7.3859e-06   3.02
 GE8     -3.97320051e+03   1.18329342e-09   5.3276e-06   3.05
 GE9     -3.97320051e+03  -4.92497548e-09   1.1593e-06   3.04
 GE10    -3.97320051e+03  -5.48336623e-10   2.5267e-07   3.04
 GE11    -3.97320051e+03   2.32018317e-12   3.3039e-08   3.04
 ----------------------------------------------------------------
              Stress_x             Stress_y             Stress_z 
 ----------------------------------------------------------------
        -72.5440755120        -1.2411403424        -1.2411403424 
         -1.2411403424       -72.5440755120         1.2411403424 
         -1.2411403424         1.2411403424       -72.5440755120 
 ----------------------------------------------------------------
 TOTAL-PRESSURE (EXCLUDE KINETIC PART OF IONS): -72.544076 kbar
 ETOT DIFF (eV)              : 0.124000
 LARGEST GRAD (eV/Angstrom)  : 0.436522
 DONE(251.172537 SEC) : SETUP UNITCELL

 ================================================================
 RELAX STEP: 6 (CELL_CHANGE# 6 IONS_CHANGE# 1)
 ================================================================
 DONE(251.282229 SEC) : LOCAL POTENTIAL
 DONE(251.329544 SEC) : SYMMETRY
 DONE(251.329878 SEC) : INIT K-POINTS
 DONE(251.972836 SEC) : INIT SCF
 ITER       ETOT/eV          EDIFF/eV         DRHO     TIME/s
 GE1     -3.97332630e+03   0.00000000e+00   6.0655e-03   3.27
 GE2     -3.97333972e+03  -1.34217713e-02   4.6905e-03   3.16
 GE3     -3.97334289e+03  -3.17334775e-03   1.3238e-03   3.17
 GE4     -3.97334271e+03   1.81326998e-04   7.2829e-04   3.19
 GE5     -3.97334271e+03   2.74689502e-06   4.0802e-04   3.18
 GE6     -3.97334270e+03   1.45988794e-05   1.7134e-04   3.17
 GE7     -3.97334271e+03  -9.62571067e-06   1.5590e-05   3.19
 GE8     -3.97334271e+03  -7.90409067e-09   9.3761e-06   3.24
 GE9     -3.97334271e+03  -1.39009908e-08   2.7367e-06   3.20
 GE10    -3.97334271e+03  -2.96519409e-09   6.0010e-07   3.20
 GE11    -3.97334271e+03  -4.94972410e-11   6.3023e-08   3.19
 ----------------------------------------------------------------
              Stress_x             Stress_y             Stress_z 
 ----------------------------------------------------------------
        -43.8598906271        -1.2522308322        -1.2522308322 
         -1.2522308322       -43.8598906271         1.2522308322 
         -1.2522308322         1.2522308322       -43.8598906271 
 ----------------------------------------------------------------
 TOTAL-PRESSURE (EXCLUDE KINETIC PART OF IONS): -43.859891 kbar
 ETOT DIFF (eV)              : -0.142192
 LARGEST GRAD (eV/Angstrom)  : 0.355257
 DONE(292.239096 SEC) : SETUP UNITCELL

 ================================================================
 RELAX STEP: 7 (CELL_CHANGE# 7 IONS_CHANGE# 1)
 ================================================================
 DONE(292.348527 SEC) : LOCAL POTENTIAL
 DONE(292.395800 SEC) : SYMMETRY
 DONE(292.396126 SEC) : INIT K-POINTS
 DONE(293.052079 SEC) : INIT SCF
 ITER       ETOT/eV          EDIFF/eV         DRHO     TIME/s
 GE1     -3.97342949e+03   0.00000000e+00   7.9832e-04   3.46
 GE2     -3.97342962e+03  -1.38263764e-04   5.1019e-04   3.40
 GE3     -3.97342963e+03  -4.90442252e-06   2.4206e-04   3.37
 GE4     -3.97342963e+03  -1.41892194e-06   1.2176e-04   3.37
 GE5     -3.97342963e+03   1.10323704e-06   7.7178e-05   3.37
 GE6     -3.97342963e+03  -1.32692358e-06   9.3968e-06   3.36
 GE7     -3.97342963e+03  -1.47478576e-08   3.9867e-06   3.37
 GE8     -3.97342963e+03  -1.86388048e-09   1.0242e-06   3.37
 GE9     -3.97342963e+03  -4.65583423e-10   1.5234e-07   3.38
 GE10    -3.97342963e+03   6.96054951e-12   3.5944e-08   3.37
 ----------------------------------------------------------------
              Stress_x             Stress_y             Stress_z 
 ----------------------------------------------------------------
          6.5009830082        -1.1672199324        -1.1672199324 
         -1.1672199324         6.5009830082         1.1672199324 
         -1.1672199324         1.1672199324         6.5009830082 
 ----------------------------------------------------------------
 TOTAL-PRESSURE (EXCLUDE KINETIC PART OF IONS): 6.500983 kbar
 ETOT DIFF (eV)              : -0.086924
 LARGEST GRAD (eV/Angstrom)  : 0.370775
 DONE(332.280104 SEC) : SETUP UNITCELL

 ================================================================
 RELAX STEP: 8 (CELL_CHANGE# 8 IONS_CHANGE# 1)
 ================================================================
 DONE(332.390494 SEC) : LOCAL POTENTIAL
 DONE(332.437802 SEC) : SYMMETRY
 DONE(332.438127 SEC) : INIT K-POINTS
 DONE(333.103969 SEC) : INIT SCF
 ITER       ETOT/eV          EDIFF/eV         DRHO     TIME/s
 GE1     -3.97342807e+03   0.00000000e+00   2.4395e-03   3.52
 GE2     -3.97342974e+03  -1.67938908e-03   1.7353e-03   3.40
 GE3     -3.97342985e+03  -1.05672425e-04   7.8269e-04   3.38
 GE4     -3.97342985e+03   1.77029976e-06   3.4719e-04   3.40
 GE5     -3.97342984e+03   5.62566770e-06   2.3156e-04   3.39
 GE6     -3.97342985e+03  -1.12888899e-05   2.5997e-05   3.38
 GE7     -3.97342985e+03  -1.07429121e-07   8.0605e-06   3.39
 GE8     -3.97342985e+03  -1.03139876e-08   2.7443e-06   3.39
 GE9     -3.97342985e+03  -2.83139686e-09   3.1440e-07   3.40
 GE10    -3.97342985e+03  -2.32018317e-12   5.7087e-08   3.41
 ----------------------------------------------------------------
              Stress_x             Stress_y             Stress_z 
 ----------------------------------------------------------------
          9.9826734468        -1.1550917174        -1.1550917174 
         -1.1550917174         9.9826734468         1.1550917174 
         -1.1550917174         1.1550917174         9.9826734468 
 ----------------------------------------------------------------
 TOTAL-PRESSURE (EXCLUDE KINETIC PART OF IONS): 9.982673 kbar
 ETOT DIFF (eV)              : -0.000225
 LARGEST GRAD (eV/Angstrom)  : 0.384220
 DONE(372.553662 SEC) : SETUP UNITCELL

 ================================================================
 RELAX STEP: 9 (CELL_CHANGE# 9 IONS_CHANGE# 1)
 ================================================================
 DONE(372.663258 SEC) : LOCAL POTENTIAL
 DONE(372.710576 SEC) : SYMMETRY
 DONE(372.710901 SEC) : INIT K-POINTS
 DONE(373.631755 SEC) : INIT SCF
 ITER       ETOT/eV          EDIFF/eV         DRHO     TIME/s
 GE1     -3.97345732e+03   0.00000000e+00   1.6837e-03   3.47
 GE2     -3.97345786e+03  -5.36515235e-04   6.9317e-04   3.38
 GE3     -3.97345803e+03  -1.73770195e-04   2.7793e-04   3.37
 GE4     -3.97345807e+03  -3.76519054e-05   9.6474e-05   3.38
 GE5     -3.97345807e+03  -1.63331073e-06   4.7041e-05   3.38
 GE6     -3.97345807e+03  -1.91616968e-07   1.8369e-05   3.41
 GE7     -3.97345807e+03  -6.60308663e-08   3.8136e-06   3.43
 GE8     -3.97345807e+03  -3.60401786e-10   3.0811e-06   3.45
 GE9     -3.97345807e+03  -1.24903194e-09   6.3958e-07   3.46
 GE10    -3.97345807e+03  -1.80200893e-10   1.2026e-07   3.45
 GE11    -3.97345807e+03  -1.23743102e-11   3.4827e-08   3.39
 ----------------------------------------------------------------
              Stress_x             Stress_y             Stress_z 
 ----------------------------------------------------------------
          8.6546734261        -0.8983098379        -0.8983098379 
         -0.8983098379         8.6546734261         0.8983098379 
         -0.8983098379         0.8983098379         8.6546734261 
 ----------------------------------------------------------------
 TOTAL-PRESSURE (EXCLUDE KINETIC PART OF IONS): 8.654673 kbar
 ETOT DIFF (eV)              : -0.028218
 LARGEST GRAD (eV/Angstrom)  : 0.329812
 DONE(416.591550 SEC) : SETUP UNITCELL

 ================================================================
 RELAX STEP: 10 (CELL_CHANGE# 10 IONS_CHANGE# 1)
 ================================================================
 DONE(416.701148 SEC) : LOCAL POTENTIAL
 DONE(416.748461 SEC) : SYMMETRY
 DONE(416.748792 SEC) : INIT K-POINTS
 DONE(417.406600 SEC) : INIT SCF
 ITER       ETOT/eV          EDIFF/eV         DRHO     TIME/s
 GE1     -3.97351133e+03   0.00000000e+00   3.4051e-03   3.50
 GE2     -3.97351309e+03  -1.76055763e-03   1.3560e-03   3.38
 GE3     -3.97351375e+03  -6.57773467e-04   5.7922e-04   3.38
 GE4     -3.97351392e+03  -1.71492979e-04   1.7489e-04   3.38
 GE5     -3.97351392e+03  -4.88045890e-06   7.3299e-05   3.39
 GE6     -3.97351392e+03  -1.22290513e-06   2.6044e-05   3.41
 GE7     -3.97351392e+03  -6.91383649e-08   6.4083e-06   3.39
 GE8     -3.97351392e+03  -1.68607711e-08   3.6289e-06   3.39
 GE9     -3.97351392e+03  -1.78422086e-09   6.1414e-07   3.38
 GE10    -3.97351392e+03  -9.28073268e-11   9.9607e-08   3.40
 ----------------------------------------------------------------
              Stress_x             Stress_y             Stress_z 
 ----------------------------------------------------------------
          5.3591123139         0.2465926797         0.2465926797 
          0.2465926797         5.3591123139        -0.2465926797 
          0.2465926797        -0.2465926797         5.3591123139 
 ----------------------------------------------------------------
 TOTAL-PRESSURE (EXCLUDE KINETIC PART OF IONS): 5.359112 kbar
 ETOT DIFF (eV)              : -0.055851
 LARGEST GRAD (eV/Angstrom)  : 0.163427
 DONE(456.750649 SEC) : SETUP UNITCELL

 ================================================================
 RELAX STEP: 11 (CELL_CHANGE# 11 IONS_CHANGE# 1)
 ================================================================
 DONE(456.861032 SEC) : LOCAL POTENTIAL
 DONE(456.908248 SEC) : SYMMETRY
 DONE(456.908588 SEC) : INIT K-POINTS
 DONE(457.570522 SEC) : INIT SCF
 ITER       ETOT/eV          EDIFF/eV         DRHO     TIME/s
 GE1     -3.97348767e+03   0.00000000e+00   5.0432e-03   3.49
 GE2     -3.97349159e+03  -3.91887275e-03   1.5717e-03   3.39
 GE3     -3.97349231e+03  -7.28477343e-04   9.0460e-04   3.40
 GE4     -3.97349277e+03  -4.57691226e-04   2.5437e-04   3.42
 GE5     -3.97349278e+03  -1.21069695e-05   9.0821e-05   3.39
 GE6     -3.97349279e+03  -1.87911403e-06   3.5704e-05   3.40
 GE7     -3.97349279e+03  -2.01664134e-07   9.7701e-06   3.40
 GE8     -3.97349279e+03  -9.65196199e-09   6.6545e-06   3.41
 GE9     -3.97349279e+03  -7.64964391e-09   9.9759e-07   3.41
 GE10    -3.97349279e+03  -6.18715512e-12   4.2167e-07   3.41
 GE11    -3.97349279e+03  -4.17632971e-11   5.9923e-08   3.39
 ----------------------------------------------------------------
              Stress_x             Stress_y             Stress_z 
 ----------------------------------------------------------------
          1.9525869723         4.2956506101         4.2956506101 
          4.2956506101         1.9525869723        -4.2956506101 
          4.2956506101        -4.2956506101         1.9525869723 
 ----------------------------------------------------------------
 TOTAL-PRESSURE (EXCLUDE KINETIC PART OF IONS): 1.952587 kbar
 ETOT DIFF (eV)              : 0.021139
 LARGEST GRAD (eV/Angstrom)  : 0.275003
 DONE(500.431999 SEC) : SETUP UNITCELL

 ================================================================
 RELAX STEP: 12 (CELL_CHANGE# 12 IONS_CHANGE# 1)
 ================================================================
 DONE(500.541467 SEC) : LOCAL POTENTIAL
 DONE(500.588941 SEC) : SYMMETRY
 DONE(500.589252 SEC) : INIT K-POINTS
 DONE(501.250894 SEC) : INIT SCF
 ITER       ETOT/eV          EDIFF/eV         DRHO     TIME/s
 GE1     -3.97347669e+03   0.00000000e+00   1.1343e-02   3.50
 GE2     -3.97349754e+03  -2.08536639e-02   4.8763e-03   3.38
 GE3     -3.97350717e+03  -9.62516196e-03   1.7499e-03   3.39
 GE4     -3.97350859e+03  -1.42566100e-03   5.6239e-04   3.38
 GE5     -3.97350865e+03  -5.17054908e-05   2.2876e-04   3.39
 GE6     -3.97350866e+03  -1.86260322e-05   7.8438e-05   3.38
 GE7     -3.97350866e+03  -3.12276547e-07   2.6126e-05   3.38
 GE8     -3.97350866e+03  -3.03015149e-07   9.4800e-06   3.39
 GE9     -3.97350866e+03  -8.68057864e-09   1.2050e-06   3.44
 GE10    -3.97350866e+03  -1.44624751e-10   4.0213e-07   3.39
 GE11    -3.97350866e+03  -4.40834802e-11   9.2758e-08   3.45
 ----------------------------------------------------------------
              Stress_x             Stress_y             Stress_z 
 ----------------------------------------------------------------
          0.7375329478         1.9834857047         1.9834857047 
          1.9834857047         0.7375329478        -1.9834857047 
          1.9834857047        -1.9834857047         0.7375329478 
 ----------------------------------------------------------------
 TOTAL-PRESSURE (EXCLUDE KINETIC PART OF IONS): 0.737533 kbar
 ETOT DIFF (eV)              : -0.015879
 LARGEST GRAD (eV/Angstrom)  : 0.147932
 DONE(544.092086 SEC) : SETUP UNITCELL

 ================================================================
 RELAX STEP: 13 (CELL_CHANGE# 13 IONS_CHANGE# 1)
 ================================================================
 DONE(544.202433 SEC) : LOCAL POTENTIAL
 DONE(544.249710 SEC) : SYMMETRY
 DONE(544.250031 SEC) : INIT K-POINTS
 DONE(544.913825 SEC) : INIT SCF
 ITER       ETOT/eV          EDIFF/eV         DRHO     TIME/s
 GE1     -3.97351764e+03   0.00000000e+00   5.8879e-04   3.49
 GE2     -3.97351767e+03  -2.49301996e-05   2.5809e-04   3.38
 GE3     -3.97351768e+03  -1.09237611e-05   1.2213e-04   3.37
 GE4     -3.97351769e+03  -6.13849160e-06   3.3070e-05   3.39
 GE5     -3.97351769e+03  -5.81631251e-08   7.7314e-06   3.37
 GE6     -3.97351769e+03  -1.15398177e-08   5.2985e-06   3.38
 GE7     -3.97351769e+03  -2.63804827e-09   1.0222e-06   3.38
 GE8     -3.97351769e+03  -1.94121992e-10   5.4165e-07   3.41
 GE9     -3.97351769e+03  -4.64036634e-12   1.9868e-07   3.40
 GE10    -3.97351769e+03  -1.23743102e-11   2.2489e-08   3.39
 ----------------------------------------------------------------
              Stress_x             Stress_y             Stress_z 
 ----------------------------------------------------------------
         -0.7924260865        -1.2433737835        -1.2433737835 
         -1.2433737835        -0.7924260865         1.2433737835 
         -1.2433737835         1.2433737835        -0.7924260865 
 ----------------------------------------------------------------
 TOTAL-PRESSURE (EXCLUDE KINETIC PART OF IONS): -0.792426 kbar
 ETOT DIFF (eV)              : -0.009021
 LARGEST GRAD (eV/Angstrom)  : 0.138795
 DONE(584.228539 SEC) : SETUP UNITCELL

 ================================================================
 RELAX STEP: 14 (CELL_CHANGE# 14 IONS_CHANGE# 1)
 ================================================================
 DONE(584.338045 SEC) : LOCAL POTENTIAL
 DONE(584.385302 SEC) : SYMMETRY
 DONE(584.385638 SEC) : INIT K-POINTS
 DONE(585.045253 SEC) : INIT SCF
 ITER       ETOT/eV          EDIFF/eV         DRHO     TIME/s
 GE1     -3.97352476e+03   0.00000000e+00   1.4438e-03   3.48
 GE2     -3.97352472e+03   4.71291050e-05   5.2769e-04   3.37
 GE3     -3.97352472e+03  -5.64555322e-06   3.6022e-04   3.37
 GE4     -3.97352476e+03  -3.58640187e-05   7.5840e-05   3.39
 GE5     -3.97352476e+03  -1.93324622e-07   4.4493e-05   3.39
 GE6     -3.97352476e+03  -2.88645481e-07   1.1376e-05   3.41
 GE7     -3.97352476e+03  -1.82157581e-08   2.9978e-06   3.41
 GE8     -3.97352476e+03  -1.33951908e-09   1.7119e-06   3.40
 GE9     -3.97352476e+03  -7.42458615e-10   2.6281e-07   3.39
 GE10    -3.97352476e+03  -4.64036634e-12   1.1433e-08   3.38
 ----------------------------------------------------------------
              Stress_x             Stress_y             Stress_z 
 ----------------------------------------------------------------
          0.0799647385        -1.5183865753        -1.5183865753 
         -1.5183865753         0.0799647385         1.5183865753 
         -1.5183865753         1.5183865753         0.0799647385 
 ----------------------------------------------------------------
 TOTAL-PRESSURE (EXCLUDE KINETIC PART OF IONS): 0.079965 kbar
 ETOT DIFF (eV)              : -0.007071
 LARGEST GRAD (eV/Angstrom)  : 0.080303
 DONE(624.379865 SEC) : SETUP UNITCELL

 ================================================================
 RELAX STEP: 15 (CELL_CHANGE# 15 IONS_CHANGE# 1)
 ================================================================
 DONE(624.489300 SEC) : LOCAL POTENTIAL
 DONE(624.536662 SEC) : SYMMETRY
 DONE(624.537003 SEC) : INIT K-POINTS
 DONE(625.197129 SEC) : INIT SCF
 ITER       ETOT/eV          EDIFF/eV         DRHO     TIME/s
 GE1     -3.97352841e+03   0.00000000e+00   4.5933e-04   3.48
 GE2     -3.97352844e+03  -3.26086401e-05   1.9476e-04   3.38
 GE3     -3.97352846e+03  -1.75861532e-05   9.4358e-05   3.38
 GE4     -3.97352846e+03  -2.51351166e-06   1.7987e-05   3.42
 GE5     -3.97352846e+03  -9.75142051e-08   1.3352e-05   3.43
 GE6     -3.97352846e+03   9.28382626e-09   6.1045e-06   3.42
 GE7     -3.97352846e+03  -8.27067961e-09   1.7149e-06   3.38
 GE8     -3.97352846e+03  -7.63340263e-10   9.3797e-07   3.40
 GE9     -3.97352846e+03  -2.37432078e-10   7.9051e-08   3.42
 ----------------------------------------------------------------
              Stress_x             Stress_y             Stress_z 
 ----------------------------------------------------------------
          1.3860097301        -1.8206642967        -1.8206642967 
         -1.8206642967         1.3860097301         1.8206642967 
         -1.8206642967         1.8206642967         1.3860097301 
 ----------------------------------------------------------------
 TOTAL-PRESSURE (EXCLUDE KINETIC PART OF IONS): 1.386010 kbar
 ETOT DIFF (eV)              : -0.003704
 LARGEST GRAD (eV/Angstrom)  : 0.017848
 DONE(661.278538 SEC) : SETUP UNITCELL

 ================================================================
 RELAX STEP: 16 (CELL_CHANGE# 16 IONS_CHANGE# 1)
 ================================================================
 DONE(661.388409 SEC) : LOCAL POTENTIAL
 DONE(661.435715 SEC) : SYMMETRY
 DONE(661.436039 SEC) : INIT K-POINTS
 DONE(662.104075 SEC) : INIT SCF
 ITER       ETOT/eV          EDIFF/eV         DRHO     TIME/s
 GE1     -3.97352799e+03   0.00000000e+00   1.7532e-03   3.47
 GE2     -3.97352849e+03  -4.98659011e-04   6.6721e-04   3.37
 GE3     -3.97352865e+03  -1.67452271e-04   3.7132e-04   3.38
 GE4     -3.97352870e+03  -4.32809583e-05   7.9014e-05   3.43
 GE5     -3.97352870e+03  -1.35717490e-06   5.3576e-05   3.38
 GE6     -3.97352870e+03   4.69313504e-07   2.6376e-05   3.38
 GE7     -3.97352870e+03  -2.13343163e-07   6.2378e-06   3.38
 GE8     -3.97352870e+03  -2.24671070e-09   4.0290e-06   3.39
 GE9     -3.97352870e+03  -5.42458825e-09   2.2746e-07   3.39
 GE10    -3.97352870e+03  -1.23743102e-11   4.0390e-08   3.38
 ----------------------------------------------------------------
              Stress_x             Stress_y             Stress_z 
 ----------------------------------------------------------------
          0.5690789438        -1.2358508343        -1.2358508343 
         -1.2358508343         0.5690789438         1.2358508343 
         -1.2358508343         1.2358508343         0.5690789438 
 ----------------------------------------------------------------
 TOTAL-PRESSURE (EXCLUDE KINETIC PART OF IONS): 0.569079 kbar
 ETOT DIFF (eV)              : -0.000237
 LARGEST GRAD (eV/Angstrom)  : 0.012393
 DONE(701.405053 SEC) : SETUP UNITCELL

 ================================================================
 RELAX STEP: 17 (CELL_CHANGE# 17 IONS_CHANGE# 1)
 ================================================================
 DONE(701.515234 SEC) : LOCAL POTENTIAL
 DONE(701.562571 SEC) : SYMMETRY
 DONE(701.562869 SEC) : INIT K-POINTS
 DONE(702.223196 SEC) : INIT SCF
 ITER       ETOT/eV          EDIFF/eV         DRHO     TIME/s
 GE1     -3.97352887e+03   0.00000000e+00   8.9866e-05   3.47
 GE2     -3.97352887e+03  -2.30030694e-07   3.9849e-05   3.40
 GE3     -3.97352887e+03  -1.31019197e-07   1.6933e-05   3.37
 GE4     -3.97352887e+03  -6.67037194e-08   7.0716e-06   3.38
 GE5     -3.97352887e+03  -2.33255748e-09   3.2649e-06   3.40
 GE6     -3.97352887e+03  -1.77184655e-09   1.3570e-06   3.41
 GE7     -3.97352887e+03  -1.69373371e-10   3.2376e-07   3.38
 GE8     -3.97352887e+03  -2.70688037e-11   1.0889e-07   3.39
 GE9     -3.97352887e+03   1.62412822e-11   3.6186e-08   3.38
 ----------------------------------------------------------------
              Stress_x             Stress_y             Stress_z 
 ----------------------------------------------------------------
         -0.9217268639        -0.1603722912        -0.1603722912 
         -0.1603722912        -0.9217268639         0.1603722912 
         -0.1603722912         0.1603722912        -0.9217268639 
 ----------------------------------------------------------------
 TOTAL-PRESSURE (EXCLUDE KINETIC PART OF IONS): -0.921727 kbar
 ETOT DIFF (eV)              : -0.000172
 LARGEST GRAD (eV/Angstrom)  : 0.007094
 DONE(738.136165 SEC) : SETUP UNITCELL

 ================================================================
 RELAX STEP: 18 (CELL_CHANGE# 18 IONS_CHANGE# 1)
 ================================================================
 DONE(738.245762 SEC) : LOCAL POTENTIAL
 DONE(738.293007 SEC) : SYMMETRY
 DONE(738.293343 SEC) : INIT K-POINTS
 DONE(738.956161 SEC) : INIT SCF
 ITER       ETOT/eV          EDIFF/eV         DRHO     TIME/s
 GE1     -3.97352890e+03   0.00000000e+00   1.7062e-04   3.48
 GE2     -3.97352890e+03  -2.64864145e-06   8.9056e-05   3.38
 GE3     -3.97352890e+03  -5.12585694e-07   3.6225e-05   3.37
 GE4     -3.97352890e+03  -8.86155292e-08   1.4484e-05   3.37
 GE5     -3.97352890e+03  -3.08924655e-08   3.3887e-06   3.40
 GE6     -3.97352890e+03  -6.16395329e-10   1.5642e-06   3.36
 GE7     -3.97352890e+03  -3.64268758e-10   5.0565e-07   3.39
 GE8     -3.97352890e+03  -8.89403549e-11   8.7798e-08   3.37
 ----------------------------------------------------------------
              Stress_x             Stress_y             Stress_z 
 ----------------------------------------------------------------
         -0.3155848691         0.0182097058         0.0182097058 
          0.0182097058        -0.3155848691        -0.0182097058 
          0.0182097058        -0.0182097058        -0.3155848691 
 ----------------------------------------------------------------
 TOTAL-PRESSURE (EXCLUDE KINETIC PART OF IONS): -0.315585 kbar
 ETOT DIFF (eV)              : -0.000032
 LARGEST GRAD (eV/Angstrom)  : 0.004374

 ~~~~~~~~~~~~~~~~~~~~~~~~~~~~~~~~~~~~~~~~~~~~~~~~~~~~~~~~~~~~~~~~
 Geometry relaxation thresholds are reached within 17 steps.
 ~~~~~~~~~~~~~~~~~~~~~~~~~~~~~~~~~~~~~~~~~~~~~~~~~~~~~~~~~~~~~~~~

 TIME STATISTICS
-----------------------------------------------------------------
    CLASS_NAME          NAME       TIME/s  CALLS   AVG/s  PER/%  
-----------------------------------------------------------------
                   total           771.41 185      4.17   100.00 
 Driver            atomic_world    771.41 1        771.41 100.00 
 Relax_Driver      relax_driver    770.29 1        770.29 99.85  
 ESolver_KS        runner          675.11 18       37.51  87.52  
 ESolver_KS_LCAO   before_scf      14.79  18       0.82   1.92   
 Potential         cal_veff        19.94  205      0.10   2.58   
 PotXC             cal_veff        17.59  205      0.09   2.28   
 XC_Functional     v_xc            20.38  241      0.08   2.64   
 HSolverLCAO       solve           629.40 187      3.37   81.59  
 HamiltLCAO        updateHk        318.05 1122     0.28   41.23  
 OperatorLCAO      init            318.05 5610     0.06   41.23  
 Veff              contributeHR    315.92 187      1.69   40.95  
 Gint              cal_gint_vl     315.92 187      1.69   40.95  
 Gint              hr_gint_to_hR   19.57  187      0.10   2.54   
 HSolverLCAO       hamiltSolvePsiK 16.07  1122     0.01   2.08   
 DiagoElpa         elpa_solve      12.38  1122     0.01   1.60   
 LCAO_domain       dm2rho          294.14 187      1.57   38.13  
 Gint              cal_gint_rho    281.34 187      1.50   36.47  
 ESolver_KS_LCAO   cal_force       95.12  18       5.28   12.33  
 Force_Stress_LCAO getForceStress  95.12  18       5.28   12.33  
 Stress            stress_loc      7.95   18       0.44   1.03   
 Stress            stress_cc       11.61  18       0.64   1.50   
 Gint              cal_gint_fvl    62.24  18       3.46   8.07   
-----------------------------------------------------------------


 START  Time  : Fri Jun 26 14:39:38 2026
 FINISH Time  : Fri Jun 26 14:52:29 2026
 TOTAL  Time  : 771
 SEE INFORMATION IN : OUT.CaOMgO/
