                                                                                     
                              ABACUS v3.11.0-beta.4

               Atomic-orbital Based Ab-initio Computation at UStc                    

                     Website: http://abacus.ustc.edu.cn/                             
               Documentation: https://abacus.deepmodeling.com/                       
                  Repository: https://github.com/abacusmodeling/abacus-develop       
                              https://github.com/deepmodeling/abacus-develop         
                      Commit: unknown

 Fri Jun 26 14:37:35 2026
 MAKE THE DIR         : OUT.CaOMgO/
 RUNNING WITH DEVICE  : CPU / Intel(R) Xeon(R) Silver 4116 CPU @ 2.10GHz (x2)
 WARNING: some of potential function is set to zero cause of less than 1e-30.
 WARNING: some of potential function is set to zero cause of less than 1e-30.
 WARNING: some of potential function is set to zero cause of less than 1e-30.

%%%%%%%%%%%%%%%%%%%%%%%%%%%%%%%%%%%%%%%%%%%%%%%%%%%%%%%%%%%%%%%%%%%%%%%%%%%%%%%%%%%%%%%%%%%%%%%%%%%%%%%%%
 Warning: the number of valence electrons in pseudopotential > 2 for Ca: [Ar] 4s2
 Pseudopotentials with additional electrons can yield (more) accurate outcomes, but may be less efficient.
 If you're confident that your chosen pseudopotential is appropriate, you can safely ignore this warning.
%%%%%%%%%%%%%%%%%%%%%%%%%%%%%%%%%%%%%%%%%%%%%%%%%%%%%%%%%%%%%%%%%%%%%%%%%%%%%%%%%%%%%%%%%%%%%%%%%%%%%%%%%

 UNIFORM GRID DIM     : 36 * 36 * 108
 UNIFORM GRID DIM(BIG): 9 * 9 * 36
 DONE(0.216947   SEC) : SYMMETRY
 DONE(0.217045   SEC) : SETUP UNITCELL
 DONE(0.376477   SEC) : INIT K-POINTS
 ----------------------------------------------------------------
 Cell relaxation calculations
 ----------------------------------------------------------------
 SPIN    KPOINTS         PROCESSES   THREADS/PROC  THREADS/TOTAL 
 1       3               24          1             24            
 ----------------------------------------------------------------
 Use Systematically Improvable Atomic bases
 ----------------------------------------------------------------
 TOTAL NBASE 92
 ELEMENT ORBITALS        NBASE       NATOM       
 Ca      4s2p1d-10au     15          2           
 Mg      2s1p-9au        5           2           
 O       2s2p1d-6au      13          4           
 ----------------------------------------------------------------
 Initial plane wave basis and FFT box
 ----------------------------------------------------------------
 DONE(0.382137   SEC) : INIT PLANEWAVE
 START CHARGE         : ATOMIC
 DONE(1.02985    SEC) : CHARGE
 DONE(1.06145    SEC) : POTENTIALS

 ================================================================
 RELAX STEP: 1 (CELL_CHANGE# 1 IONS_CHANGE# 1)
 ================================================================
 DONE(1.27186    SEC) : INIT SCF
 ITER       ETOT/eV          EDIFF/eV         DRHO     TIME/s
 GE1     -3.95962808e+03   0.00000000e+00   1.5542e-01   0.88
 GE2     -3.96458455e+03  -4.95647774e+00   1.3716e-01   0.75
 GE3     -3.96946074e+03  -4.87618157e+00   2.1132e-02   0.76
 GE4     -3.96948036e+03  -1.96249365e-02   1.4353e-02   0.75
 GE5     -3.96950327e+03  -2.29085896e-02   4.4508e-03   0.75
 GE6     -3.96950767e+03  -4.39707326e-03   8.8644e-04   0.76
 GE7     -3.96950773e+03  -5.92787442e-05   2.9904e-04   0.75
 GE8     -3.96950774e+03  -1.14492006e-05   1.1369e-04   0.75
 GE9     -3.96950774e+03  -1.18569635e-06   2.1914e-05   0.75
 GE10    -3.96950774e+03  -1.10610866e-07   2.0240e-06   0.75
 GE11    -3.96950774e+03  -4.34647647e-10   2.3666e-07   0.76
 GE12    -3.96950774e+03  -6.96054951e-12   2.2543e-08   0.77
 ----------------------------------------------------------------
              Stress_x             Stress_y             Stress_z 
 ----------------------------------------------------------------
        625.0700906417         0.0000000000         0.0000000000 
          0.0000000000       625.0700906417         0.0000000000 
          0.0000000000         0.0000000000       600.1291002320 
 ----------------------------------------------------------------
 TOTAL-PRESSURE (EXCLUDE KINETIC PART OF IONS): 616.756427 kbar
 ETOT DIFF (eV)              : 0.000000
 LARGEST GRAD (eV/Angstrom)  : 2.218511
 DONE(11.730371  SEC) : SETUP UNITCELL

 ================================================================
 RELAX STEP: 2 (CELL_CHANGE# 2 IONS_CHANGE# 1)
 ================================================================
 DONE(11.795866  SEC) : LOCAL POTENTIAL
 DONE(11.843127  SEC) : SYMMETRY
 DONE(11.843422  SEC) : INIT K-POINTS
 DONE(12.124606  SEC) : INIT SCF
 ITER       ETOT/eV          EDIFF/eV         DRHO     TIME/s
 GE1     -3.97233598e+03   0.00000000e+00   9.4708e-03   0.74
 GE2     -3.97236269e+03  -2.67054093e-02   5.4125e-03   0.62
 GE3     -3.97236791e+03  -5.22288250e-03   1.3107e-03   0.61
 GE4     -3.97236890e+03  -9.92560713e-04   8.5013e-04   0.61
 GE5     -3.97236894e+03  -3.71461372e-05   3.9240e-04   0.61
 GE6     -3.97236894e+03  -1.27597700e-06   1.5919e-04   0.62
 GE7     -3.97236894e+03  -3.47272565e-06   3.1054e-05   0.61
 GE8     -3.97236894e+03  -1.22230343e-07   5.5355e-06   0.61
 GE9     -3.97236894e+03  -4.31012694e-09   3.6466e-07   0.61
 GE10    -3.97236894e+03  -2.01082541e-11   5.5637e-08   0.63
 ----------------------------------------------------------------
              Stress_x             Stress_y             Stress_z 
 ----------------------------------------------------------------
        242.5845918653         0.0000000000         0.0000000000 
          0.0000000000       242.5845918653        -0.0000000000 
          0.0000000000        -0.0000000000       209.2677509485 
 ----------------------------------------------------------------
 TOTAL-PRESSURE (EXCLUDE KINETIC PART OF IONS): 231.478978 kbar
 ETOT DIFF (eV)              : -2.861204
 LARGEST GRAD (eV/Angstrom)  : 1.059146
 DONE(20.002506  SEC) : SETUP UNITCELL

 ================================================================
 RELAX STEP: 3 (CELL_CHANGE# 3 IONS_CHANGE# 1)
 ================================================================
 DONE(20.068097  SEC) : LOCAL POTENTIAL
 DONE(20.115123  SEC) : SYMMETRY
 DONE(20.115378  SEC) : INIT K-POINTS
 DONE(20.376481  SEC) : INIT SCF
 ITER       ETOT/eV          EDIFF/eV         DRHO     TIME/s
 GE1     -3.97317969e+03   0.00000000e+00   3.4980e-03   0.65
 GE2     -3.97318191e+03  -2.21910632e-03   2.0891e-03   0.53
 GE3     -3.97318384e+03  -1.92443346e-03   6.3299e-04   0.53
 GE4     -3.97318401e+03  -1.72894836e-04   2.3670e-04   0.53
 GE5     -3.97318401e+03  -6.29139322e-07   9.8344e-05   0.53
 GE6     -3.97318401e+03  -1.62305011e-06   6.3993e-05   0.53
 GE7     -3.97318401e+03  -4.44171999e-07   6.7507e-06   0.53
 GE8     -3.97318401e+03  -5.49651393e-09   2.2281e-06   0.53
 GE9     -3.97318401e+03  -6.46557710e-10   1.4605e-07   0.54
 GE10    -3.97318401e+03   6.96054951e-12   1.5595e-08   0.55
 ----------------------------------------------------------------
              Stress_x             Stress_y             Stress_z 
 ----------------------------------------------------------------
         61.1103142303         0.0000000000         0.0000000000 
          0.0000000000        61.1103142303         0.0000000000 
          0.0000000000         0.0000000000        26.3799663097 
 ----------------------------------------------------------------
 TOTAL-PRESSURE (EXCLUDE KINETIC PART OF IONS): 49.533532 kbar
 ETOT DIFF (eV)              : -0.815071
 LARGEST GRAD (eV/Angstrom)  : 0.587188
 DONE(27.352692  SEC) : SETUP UNITCELL

 ================================================================
 RELAX STEP: 4 (CELL_CHANGE# 4 IONS_CHANGE# 1)
 ================================================================
 DONE(27.418263  SEC) : LOCAL POTENTIAL
 DONE(27.465534  SEC) : SYMMETRY
 DONE(27.465828  SEC) : INIT K-POINTS
 DONE(27.719412  SEC) : INIT SCF
 ITER       ETOT/eV          EDIFF/eV         DRHO     TIME/s
 GE1     -3.97324617e+03   0.00000000e+00   4.5672e-03   0.63
 GE2     -3.97325186e+03  -5.69385027e-03   2.8331e-03   0.50
 GE3     -3.97325325e+03  -1.38711388e-03   6.6579e-04   0.51
 GE4     -3.97325340e+03  -1.49758679e-04   5.0573e-04   0.51
 GE5     -3.97325341e+03  -4.93837531e-06   2.4453e-04   0.50
 GE6     -3.97325341e+03   4.40133334e-07   1.2974e-04   0.50
 GE7     -3.97325341e+03  -2.05542784e-06   1.1138e-05   0.50
 GE8     -3.97325341e+03  -1.38615477e-08   3.4347e-06   0.50
 GE9     -3.97325341e+03  -1.98375661e-09   2.5957e-07   0.51
 GE10    -3.97325341e+03   1.54678878e-12   4.0346e-08   0.52
 ----------------------------------------------------------------
              Stress_x             Stress_y             Stress_z 
 ----------------------------------------------------------------
         12.8221559519         0.0000000000         0.0000000000 
          0.0000000000        12.8221559519         0.0000000000 
         -0.0000000000         0.0000000000       -21.5378389672 
 ----------------------------------------------------------------
 TOTAL-PRESSURE (EXCLUDE KINETIC PART OF IONS): 1.368824 kbar
 ETOT DIFF (eV)              : -0.069393
 LARGEST GRAD (eV/Angstrom)  : 0.616836
 DONE(34.398353  SEC) : SETUP UNITCELL

 ================================================================
 RELAX STEP: 5 (CELL_CHANGE# 5 IONS_CHANGE# 1)
 ================================================================
 DONE(34.463650  SEC) : LOCAL POTENTIAL
 DONE(34.511023  SEC) : SYMMETRY
 DONE(34.511270  SEC) : INIT K-POINTS
 DONE(34.762435  SEC) : INIT SCF
 ITER       ETOT/eV          EDIFF/eV         DRHO     TIME/s
 GE1     -3.97311492e+03   0.00000000e+00   2.5460e-03   0.58
 GE2     -3.97311671e+03  -1.79942103e-03   1.7646e-03   0.46
 GE3     -3.97311738e+03  -6.68941504e-04   4.3213e-04   0.46
 GE4     -3.97311738e+03  -1.12965852e-06   1.9909e-04   0.47
 GE5     -3.97311739e+03  -8.70641774e-07   8.3259e-05   0.47
 GE6     -3.97311739e+03  -5.36652180e-07   2.8647e-05   0.47
 GE7     -3.97311739e+03  -1.21277521e-07   8.2654e-06   0.47
 GE8     -3.97311739e+03  -2.53039177e-08   1.8276e-06   0.46
 GE9     -3.97311739e+03  -6.07887991e-10   1.9626e-07   0.46
 GE10    -3.97311739e+03  -1.00541271e-11   2.4070e-08   0.49
 ----------------------------------------------------------------
              Stress_x             Stress_y             Stress_z 
 ----------------------------------------------------------------
        -63.1397066541         0.0000000000         0.0000000000 
          0.0000000000       -63.1397066541        -0.0000000000 
          0.0000000000        -0.0000000000       -95.6191684519 
 ----------------------------------------------------------------
 TOTAL-PRESSURE (EXCLUDE KINETIC PART OF IONS): -73.966194 kbar
 ETOT DIFF (eV)              : 0.136021
 LARGEST GRAD (eV/Angstrom)  : 0.677987
 DONE(40.998543  SEC) : SETUP UNITCELL

 ================================================================
 RELAX STEP: 6 (CELL_CHANGE# 6 IONS_CHANGE# 1)
 ================================================================
 DONE(41.063977  SEC) : LOCAL POTENTIAL
 DONE(41.111308  SEC) : SYMMETRY
 DONE(41.111560  SEC) : INIT K-POINTS
 DONE(41.360681  SEC) : INIT SCF
 ITER       ETOT/eV          EDIFF/eV         DRHO     TIME/s
 GE1     -3.97324930e+03   0.00000000e+00   6.0231e-03   0.62
 GE2     -3.97326211e+03  -1.28117683e-02   4.5030e-03   0.48
 GE3     -3.97326578e+03  -3.66227331e-03   1.3353e-03   0.48
 GE4     -3.97326577e+03   7.87939851e-06   6.1785e-04   0.48
 GE5     -3.97326577e+03  -6.09003303e-06   2.4063e-04   0.48
 GE6     -3.97326578e+03  -6.16685043e-06   1.4418e-04   0.49
 GE7     -3.97326578e+03  -2.84318726e-06   1.4130e-05   0.49
 GE8     -3.97326578e+03  -3.42528642e-08   3.7981e-06   0.48
 GE9     -3.97326578e+03  -2.39597582e-09   4.7770e-07   0.48
 GE10    -3.97326578e+03  -9.28073268e-12   5.7711e-08   0.50
 ----------------------------------------------------------------
              Stress_x             Stress_y             Stress_z 
 ----------------------------------------------------------------
        -33.9775538250         0.0000000000        -0.0000000000 
          0.0000000000       -33.9775538250         0.0000000000 
         -0.0000000000         0.0000000000       -61.9525834160 
 ----------------------------------------------------------------
 TOTAL-PRESSURE (EXCLUDE KINETIC PART OF IONS): -43.302564 kbar
 ETOT DIFF (eV)              : -0.148398
 LARGEST GRAD (eV/Angstrom)  : 0.564923
 DONE(47.816287  SEC) : SETUP UNITCELL

 ================================================================
 RELAX STEP: 7 (CELL_CHANGE# 7 IONS_CHANGE# 1)
 ================================================================
 DONE(47.882023  SEC) : LOCAL POTENTIAL
 DONE(47.929372  SEC) : SYMMETRY
 DONE(47.929667  SEC) : INIT K-POINTS
 DONE(48.181890  SEC) : INIT SCF
 ITER       ETOT/eV          EDIFF/eV         DRHO     TIME/s
 GE1     -3.97334968e+03   0.00000000e+00   6.0893e-04   0.62
 GE2     -3.97334972e+03  -4.43578667e-05   3.1765e-04   0.51
 GE3     -3.97334973e+03  -1.69020858e-06   1.2540e-04   0.50
 GE4     -3.97334973e+03  -7.93977895e-06   8.4254e-05   0.50
 GE5     -3.97334973e+03  -3.96442738e-07   2.6184e-05   0.51
 GE6     -3.97334973e+03  -1.64654892e-07   6.8801e-06   0.51
 GE7     -3.97334973e+03  -7.78653472e-09   1.0786e-06   0.51
 GE8     -3.97334973e+03  -1.34570624e-10   2.3021e-07   0.51
 GE9     -3.97334973e+03  -4.64036634e-12   3.2270e-08   0.52
 ----------------------------------------------------------------
              Stress_x             Stress_y             Stress_z 
 ----------------------------------------------------------------
         12.3120244481         0.0000000000        -0.0000000000 
          0.0000000000        12.3120244481         0.0000000000 
          0.0000000000         0.0000000000        -3.9809646456 
 ----------------------------------------------------------------
 TOTAL-PRESSURE (EXCLUDE KINETIC PART OF IONS): 6.881028 kbar
 ETOT DIFF (eV)              : -0.083950
 LARGEST GRAD (eV/Angstrom)  : 0.387059
 DONE(54.366100  SEC) : SETUP UNITCELL

 ================================================================
 RELAX STEP: 8 (CELL_CHANGE# 8 IONS_CHANGE# 1)
 ================================================================
 DONE(54.431720  SEC) : LOCAL POTENTIAL
 DONE(54.479040  SEC) : SYMMETRY
 DONE(54.479327  SEC) : INIT K-POINTS
 DONE(54.730418  SEC) : INIT SCF
 ITER       ETOT/eV          EDIFF/eV         DRHO     TIME/s
 GE1     -3.97334880e+03   0.00000000e+00   2.1798e-03   0.63
 GE2     -3.97334973e+03  -9.34312945e-04   1.4483e-03   0.51
 GE3     -3.97335001e+03  -2.79546369e-04   4.9493e-04   0.51
 GE4     -3.97335003e+03  -1.93510817e-05   2.2370e-04   0.51
 GE5     -3.97335003e+03  -2.14389565e-06   5.9206e-05   0.51
 GE6     -3.97335003e+03  -1.88472114e-06   2.7474e-05   0.51
 GE7     -3.97335003e+03  -1.16897789e-07   3.1110e-06   0.51
 GE8     -3.97335003e+03  -1.23820442e-09   6.3254e-07   0.51
 GE9     -3.97335003e+03  -4.40834802e-11   1.1022e-07   0.51
 GE10    -3.97335003e+03   0.00000000e+00   1.9241e-08   0.53
 ----------------------------------------------------------------
              Stress_x             Stress_y             Stress_z 
 ----------------------------------------------------------------
         15.9530410940         0.0000000000         0.0000000000 
          0.0000000000        15.9530410940         0.0000000000 
          0.0000000000         0.0000000000         0.7871777423 
 ----------------------------------------------------------------
 TOTAL-PRESSURE (EXCLUDE KINETIC PART OF IONS): 10.897753 kbar
 ETOT DIFF (eV)              : -0.000299
 LARGEST GRAD (eV/Angstrom)  : 0.394294
 DONE(61.472294  SEC) : SETUP UNITCELL

 ================================================================
 RELAX STEP: 9 (CELL_CHANGE# 9 IONS_CHANGE# 1)
 ================================================================
 DONE(61.538071  SEC) : LOCAL POTENTIAL
 DONE(61.585327  SEC) : SYMMETRY
 DONE(61.585622  SEC) : INIT K-POINTS
 DONE(61.838458  SEC) : INIT SCF
 ITER       ETOT/eV          EDIFF/eV         DRHO     TIME/s
 GE1     -3.97337264e+03   0.00000000e+00   1.7142e-03   0.63
 GE2     -3.97337314e+03  -4.97270038e-04   6.0460e-04   0.51
 GE3     -3.97337323e+03  -9.04770393e-05   2.7685e-04   0.51
 GE4     -3.97337326e+03  -2.55245238e-05   7.6760e-05   0.51
 GE5     -3.97337326e+03  -9.79789378e-07   2.3306e-05   0.51
 GE6     -3.97337326e+03   2.78197696e-08   9.6122e-06   0.51
 GE7     -3.97337326e+03  -7.24670544e-09   7.1598e-06   0.51
 GE8     -3.97337326e+03  -6.17091384e-09   1.0197e-06   0.51
 GE9     -3.97337326e+03  -1.91028414e-10   7.4435e-08   0.53
 ----------------------------------------------------------------
              Stress_x             Stress_y             Stress_z 
 ----------------------------------------------------------------
         13.2419596172         0.0000000000         0.0000000000 
          0.0000000000        13.2419596172        -0.0000000000 
          0.0000000000        -0.0000000000         3.2665340757 
 ----------------------------------------------------------------
 TOTAL-PRESSURE (EXCLUDE KINETIC PART OF IONS): 9.916818 kbar
 ETOT DIFF (eV)              : -0.023226
 LARGEST GRAD (eV/Angstrom)  : 0.348170
 DONE(68.032774  SEC) : SETUP UNITCELL

 ================================================================
 RELAX STEP: 10 (CELL_CHANGE# 10 IONS_CHANGE# 1)
 ================================================================
 DONE(68.098523  SEC) : LOCAL POTENTIAL
 DONE(68.145826  SEC) : SYMMETRY
 DONE(68.146113  SEC) : INIT K-POINTS
 DONE(68.398599  SEC) : INIT SCF
 ITER       ETOT/eV          EDIFF/eV         DRHO     TIME/s
 GE1     -3.97340975e+03   0.00000000e+00   3.5484e-03   0.63
 GE2     -3.97341162e+03  -1.86262220e-03   1.2320e-03   0.51
 GE3     -3.97341205e+03  -4.34384710e-04   5.9827e-04   0.51
 GE4     -3.97341216e+03  -1.12643816e-04   1.3450e-04   0.50
 GE5     -3.97341217e+03  -3.57757086e-06   3.4591e-05   0.51
 GE6     -3.97341217e+03   3.16233232e-08   1.3451e-05   0.50
 GE7     -3.97341217e+03  -2.47664086e-08   1.1664e-05   0.51
 GE8     -3.97341217e+03  -1.67679638e-08   1.7552e-06   0.51
 GE9     -3.97341217e+03  -4.60943057e-10   9.7289e-08   0.53
 ----------------------------------------------------------------
              Stress_x             Stress_y             Stress_z 
 ----------------------------------------------------------------
          5.7281583386         0.0000000000         0.0000000000 
          0.0000000000         5.7281583386         0.0000000000 
          0.0000000000         0.0000000000        15.7741506248 
 ----------------------------------------------------------------
 TOTAL-PRESSURE (EXCLUDE KINETIC PART OF IONS): 9.076822 kbar
 ETOT DIFF (eV)              : -0.038909
 LARGEST GRAD (eV/Angstrom)  : 0.219283
 DONE(74.594872  SEC) : SETUP UNITCELL

 ================================================================
 RELAX STEP: 11 (CELL_CHANGE# 11 IONS_CHANGE# 1)
 ================================================================
 DONE(74.659982  SEC) : LOCAL POTENTIAL
 DONE(74.707328  SEC) : SYMMETRY
 DONE(74.707600  SEC) : INIT K-POINTS
 DONE(74.959010  SEC) : INIT SCF
 ITER       ETOT/eV          EDIFF/eV         DRHO     TIME/s
 GE1     -3.97341077e+03   0.00000000e+00   3.8714e-03   0.62
 GE2     -3.97341298e+03  -2.20646858e-03   1.3450e-03   0.50
 GE3     -3.97341350e+03  -5.21195111e-04   6.9413e-04   0.50
 GE4     -3.97341363e+03  -1.35195617e-04   1.4337e-04   0.51
 GE5     -3.97341364e+03  -5.40921549e-06   6.7496e-05   0.51
 GE6     -3.97341364e+03  -5.41574062e-07   1.9239e-05   0.51
 GE7     -3.97341364e+03   1.34183927e-09   1.1576e-05   0.51
 GE8     -3.97341364e+03  -1.33835899e-08   1.8814e-06   0.52
 GE9     -3.97341364e+03  -5.00386171e-10   1.0062e-07   0.55
 GE10    -3.97341364e+03  -3.86697195e-12   1.3979e-08   0.52
 ----------------------------------------------------------------
              Stress_x             Stress_y             Stress_z 
 ----------------------------------------------------------------
          3.8710580883         0.0000000000        -0.0000000000 
          0.0000000000         3.8710580883         0.0000000000 
          0.0000000000         0.0000000000        20.5899647554 
 ----------------------------------------------------------------
 TOTAL-PRESSURE (EXCLUDE KINETIC PART OF IONS): 9.444027 kbar
 ETOT DIFF (eV)              : -0.001473
 LARGEST GRAD (eV/Angstrom)  : 0.186861
 DONE(81.713454  SEC) : SETUP UNITCELL

 ================================================================
 RELAX STEP: 12 (CELL_CHANGE# 12 IONS_CHANGE# 1)
 ================================================================
 DONE(81.779032  SEC) : LOCAL POTENTIAL
 DONE(81.826295  SEC) : SYMMETRY
 DONE(81.826598  SEC) : INIT K-POINTS
 DONE(82.076902  SEC) : INIT SCF
 ITER       ETOT/eV          EDIFF/eV         DRHO     TIME/s
 GE1     -3.97342047e+03   0.00000000e+00   1.0227e-03   0.62
 GE2     -3.97342056e+03  -9.38505384e-05   3.6502e-04   0.50
 GE3     -3.97342061e+03  -5.11003700e-05   2.8690e-04   0.50
 GE4     -3.97342063e+03  -1.73844504e-05   4.8151e-05   0.51
 GE5     -3.97342063e+03  -7.24737829e-07   3.0858e-05   0.50
 GE6     -3.97342063e+03  -2.37073223e-07   1.0315e-05   0.50
 GE7     -3.97342063e+03  -9.74476932e-09   2.5379e-06   0.50
 GE8     -3.97342063e+03  -5.92420103e-10   5.3796e-07   0.50
 GE9     -3.97342063e+03  -3.86697195e-11   3.4706e-08   0.52
 ----------------------------------------------------------------
              Stress_x             Stress_y             Stress_z 
 ----------------------------------------------------------------
         -2.0760311166         0.0000000000        -0.0000000000 
          0.0000000000        -2.0760311166         0.0000000000 
          0.0000000000         0.0000000000         8.0612181181 
 ----------------------------------------------------------------
 TOTAL-PRESSURE (EXCLUDE KINETIC PART OF IONS): 1.303052 kbar
 ETOT DIFF (eV)              : -0.006988
 LARGEST GRAD (eV/Angstrom)  : 0.128577
 DONE(88.231741  SEC) : SETUP UNITCELL

 ================================================================
 RELAX STEP: 13 (CELL_CHANGE# 13 IONS_CHANGE# 1)
 ================================================================
 DONE(88.297245  SEC) : LOCAL POTENTIAL
 DONE(88.344507  SEC) : SYMMETRY
 DONE(88.344809  SEC) : INIT K-POINTS
 DONE(88.597096  SEC) : INIT SCF
 ITER       ETOT/eV          EDIFF/eV         DRHO     TIME/s
 GE1     -3.97342290e+03   0.00000000e+00   7.2574e-05   0.62
 GE2     -3.97342290e+03  -1.55804167e-06   2.8994e-05   0.50
 GE3     -3.97342290e+03  -1.06712185e-07   1.1062e-05   0.50
 GE4     -3.97342290e+03  -4.90656869e-08   5.8596e-06   0.50
 GE5     -3.97342290e+03  -6.51816792e-09   1.6371e-06   0.50
 GE6     -3.97342290e+03   2.70688037e-11   5.3320e-07   0.50
 GE7     -3.97342290e+03  -6.88321007e-11   4.7930e-07   0.50
 GE8     -3.97342290e+03  -2.78421981e-11   4.3024e-08   0.51
 ----------------------------------------------------------------
              Stress_x             Stress_y             Stress_z 
 ----------------------------------------------------------------
         -8.2294345644         0.0000000000         0.0000000000 
          0.0000000000        -8.2294345644         0.0000000000 
          0.0000000000         0.0000000000        -4.4139239249 
 ----------------------------------------------------------------
 TOTAL-PRESSURE (EXCLUDE KINETIC PART OF IONS): -6.957598 kbar
 ETOT DIFF (eV)              : -0.002273
 LARGEST GRAD (eV/Angstrom)  : 0.088546
 DONE(94.201636  SEC) : SETUP UNITCELL

 ================================================================
 RELAX STEP: 14 (CELL_CHANGE# 14 IONS_CHANGE# 1)
 ================================================================
 DONE(94.267125  SEC) : LOCAL POTENTIAL
 DONE(94.314690  SEC) : SYMMETRY
 DONE(94.314980  SEC) : INIT K-POINTS
 DONE(94.568218  SEC) : INIT SCF
 ITER       ETOT/eV          EDIFF/eV         DRHO     TIME/s
 GE1     -3.97342511e+03   0.00000000e+00   7.0438e-04   0.63
 GE2     -3.97342526e+03  -1.51715398e-04   4.0423e-04   0.50
 GE3     -3.97342529e+03  -2.53980026e-05   1.2599e-04   0.50
 GE4     -3.97342529e+03  -3.92165867e-07   6.9709e-05   0.50
 GE5     -3.97342529e+03  -3.55880522e-07   3.6946e-05   0.50
 GE6     -3.97342529e+03   1.32335514e-08   1.3813e-05   0.50
 GE7     -3.97342529e+03  -4.71909789e-08   1.5792e-06   0.50
 GE8     -3.97342529e+03  -2.55993543e-10   4.7657e-07   0.50
 GE9     -3.97342529e+03  -3.55761420e-11   5.1932e-08   0.52
 ----------------------------------------------------------------
              Stress_x             Stress_y             Stress_z 
 ----------------------------------------------------------------
         -3.6943412986         0.0000000000         0.0000000000 
          0.0000000000        -3.6943412986         0.0000000000 
          0.0000000000         0.0000000000        -2.7540189464 
 ----------------------------------------------------------------
 TOTAL-PRESSURE (EXCLUDE KINETIC PART OF IONS): -3.380901 kbar
 ETOT DIFF (eV)              : -0.002385
 LARGEST GRAD (eV/Angstrom)  : 0.045630
 DONE(100.694354 SEC) : SETUP UNITCELL

 ================================================================
 RELAX STEP: 15 (CELL_CHANGE# 15 IONS_CHANGE# 1)
 ================================================================
 DONE(100.759897 SEC) : LOCAL POTENTIAL
 DONE(100.807492 SEC) : SYMMETRY
 DONE(100.807787 SEC) : INIT K-POINTS
 DONE(101.056903 SEC) : INIT SCF
 ITER       ETOT/eV          EDIFF/eV         DRHO     TIME/s
 GE1     -3.97342586e+03   0.00000000e+00   4.5874e-05   0.62
 GE2     -3.97342586e+03  -5.61683090e-07   1.3484e-05   0.50
 GE3     -3.97342586e+03  -2.90927768e-08   6.3468e-06   0.50
 GE4     -3.97342586e+03  -1.65630143e-08   3.8191e-06   0.50
 GE5     -3.97342586e+03  -4.29465905e-09   5.3603e-07   0.50
 GE6     -3.97342586e+03  -8.89403549e-11   2.7559e-07   0.50
 GE7     -3.97342586e+03  -1.23743102e-11   4.7211e-08   0.51
 ----------------------------------------------------------------
              Stress_x             Stress_y             Stress_z 
 ----------------------------------------------------------------
          1.1721400080         0.0000000000         0.0000000000 
          0.0000000000         1.1721400080         0.0000000000 
         -0.0000000000         0.0000000000        -0.8147347903 
 ----------------------------------------------------------------
 TOTAL-PRESSURE (EXCLUDE KINETIC PART OF IONS): 0.509848 kbar
 ETOT DIFF (eV)              : -0.000577
 LARGEST GRAD (eV/Angstrom)  : 0.042787
 DONE(106.179677 SEC) : SETUP UNITCELL

 ================================================================
 RELAX STEP: 16 (CELL_CHANGE# 16 IONS_CHANGE# 1)
 ================================================================
 DONE(106.244932 SEC) : LOCAL POTENTIAL
 DONE(106.291988 SEC) : SYMMETRY
 DONE(106.292230 SEC) : INIT K-POINTS
 DONE(106.542583 SEC) : INIT SCF
 ITER       ETOT/eV          EDIFF/eV         DRHO     TIME/s
 GE1     -3.97342581e+03   0.00000000e+00   1.0871e-03   0.62
 GE2     -3.97342608e+03  -2.69260898e-04   4.5741e-04   0.50
 GE3     -3.97342612e+03  -4.87975534e-05   1.7142e-04   0.50
 GE4     -3.97342614e+03  -1.24175909e-05   7.8141e-05   0.50
 GE5     -3.97342614e+03  -1.14726793e-06   2.3682e-05   0.50
 GE6     -3.97342614e+03  -1.43056307e-07   7.7389e-06   0.50
 GE7     -3.97342614e+03  -9.74554271e-09   2.1123e-06   0.50
 GE8     -3.97342614e+03  -2.01855936e-10   3.3267e-07   0.50
 GE9     -3.97342614e+03  -1.39210990e-11   3.4813e-08   0.52
 ----------------------------------------------------------------
              Stress_x             Stress_y             Stress_z 
 ----------------------------------------------------------------
          0.2950130908        -0.0000000000         0.0000000000 
         -0.0000000000         0.2950130908         0.0000000000 
          0.0000000000         0.0000000000        -0.5163068491 
 ----------------------------------------------------------------
 TOTAL-PRESSURE (EXCLUDE KINETIC PART OF IONS): 0.024573 kbar
 ETOT DIFF (eV)              : -0.000273
 LARGEST GRAD (eV/Angstrom)  : 0.019012
 DONE(112.672434 SEC) : SETUP UNITCELL

 ================================================================
 RELAX STEP: 17 (CELL_CHANGE# 17 IONS_CHANGE# 1)
 ================================================================
 DONE(112.738055 SEC) : LOCAL POTENTIAL
 DONE(112.785323 SEC) : SYMMETRY
 DONE(112.785628 SEC) : INIT K-POINTS
 DONE(113.035875 SEC) : INIT SCF
 ITER       ETOT/eV          EDIFF/eV         DRHO     TIME/s
 GE1     -3.97342616e+03   0.00000000e+00   1.5452e-04   0.62
 GE2     -3.97342617e+03  -5.45303525e-06   7.0353e-05   0.50
 GE3     -3.97342617e+03  -1.54664106e-06   2.4958e-05   0.50
 GE4     -3.97342617e+03  -2.95252589e-07   1.1290e-05   0.50
 GE5     -3.97342617e+03  -2.73704275e-09   4.2700e-06   0.50
 GE6     -3.97342617e+03  -1.94354010e-09   3.1784e-06   0.50
 GE7     -3.97342617e+03  -1.11832829e-09   5.6166e-07   0.50
 GE8     -3.97342617e+03  -3.24825644e-11   6.7335e-08   0.51
 ----------------------------------------------------------------
              Stress_x             Stress_y             Stress_z 
 ----------------------------------------------------------------
         -0.0291389095        -0.0000000000         0.0000000000 
         -0.0000000000        -0.0291389095         0.0000000000 
         -0.0000000000         0.0000000000        -0.3966759796 
 ----------------------------------------------------------------
 TOTAL-PRESSURE (EXCLUDE KINETIC PART OF IONS): -0.151651 kbar
 ETOT DIFF (eV)              : -0.000031
 LARGEST GRAD (eV/Angstrom)  : 0.014299

 ~~~~~~~~~~~~~~~~~~~~~~~~~~~~~~~~~~~~~~~~~~~~~~~~~~~~~~~~~~~~~~~~
 Geometry relaxation thresholds are reached within 16 steps.
 ~~~~~~~~~~~~~~~~~~~~~~~~~~~~~~~~~~~~~~~~~~~~~~~~~~~~~~~~~~~~~~~~

 TIME STATISTICS
------------------------------------------------------------------
    CLASS_NAME           NAME       TIME/s  CALLS   AVG/s  PER/%  
------------------------------------------------------------------
                   total            118.67 175      0.68   100.00 
 Driver            atomic_world     118.67 1        118.67 100.00 
 Charge            atomic_rho       2.35   34       0.07   1.98   
 Relax_Driver      relax_driver     117.61 1        117.61 99.10  
 ESolver_KS        runner           93.69  17       5.51   78.95  
 ESolver_KS_LCAO   before_scf       6.07   17       0.36   5.11   
 Charge            set_rho_core     1.21   17       0.07   1.02   
 Potential         cal_veff         1.32   176      0.01   1.11   
 XC_Functional     v_xc             1.38   210      0.01   1.16   
 Symmetry_rho      begin            2.13   176      0.01   1.79   
 Symmetry          rhog_symmetry    1.58   176      0.01   1.33   
 HSolverLCAO       solve            82.56  159      0.52   69.57  
 HamiltLCAO        updateHk         42.74  477      0.09   36.02  
 OperatorLCAO      init             42.74  2385     0.02   36.02  
 Veff              contributeHR     41.04  159      0.26   34.58  
 Gint              cal_gint_vl      41.04  159      0.26   34.58  
 Gint              hr_gint_to_hR    4.33   159      0.03   3.65   
 HSolverLCAO       hamiltSolvePsiK  5.83   477      0.01   4.91   
 DiagoElpa         elpa_solve       4.83   477      0.01   4.07   
 LCAO_domain       dm2rho           33.44  159      0.21   28.18  
 Gint              cal_gint_rho     33.07  159      0.21   27.87  
 Gint              dm_2d_to_gint    2.76   176      0.02   2.32   
 ESolver_KS_LCAO   after_scf        1.22   17       0.07   1.03   
 ESolver_KS_LCAO   cal_force        23.88  17       1.40   20.12  
 Force_Stress_LCAO getForceStress   23.87  17       1.40   20.12  
 Forces            cal_force_cc     1.51   17       0.09   1.28   
 Forces            cal_force_scc    1.56   17       0.09   1.31   
 Stress            stress_loc       4.69   17       0.28   3.95   
 Stress            stress_cc        6.08   17       0.36   5.12   
 Nonlocal          cal_force_stress 1.77   17       0.10   1.49   
 Gint              cal_gint_fvl     7.14   17       0.42   6.01   
------------------------------------------------------------------


 START  Time  : Fri Jun 26 14:37:35 2026
 FINISH Time  : Fri Jun 26 14:39:34 2026
 TOTAL  Time  : 119
 SEE INFORMATION IN : OUT.CaOMgO/
