STEP: 0
CALCULATE THE MULLIkEN ANALYSIS FOR EACH ATOM
 Total charge:	32
Decomposed Mulliken populations
0                 Zeta of Fe                        Spin 1                        Spin 2                        Spin 3                        Spin 4
s                        0                           1.678                             0                             0                       0.03851
  sum over m                                         1.678                             0                             0                       0.03851
s                        1                            1.76                             0                             0                       -0.0372
  sum over m                                          1.76                             0                             0                       -0.0372
s                        2                         -0.3621                             0                             0                      -0.07004
  sum over m                                       -0.3621                             0                             0                      -0.07004
s                        3                        -0.07668                             0                             0                       0.06873
  sum over m                                      -0.07668                             0                             0                       0.06873
  sum over m+zeta                                        3                             0                             0                             0
pz                        0                           1.997                             0                             0                     -0.002229
px                        0                           1.997                             0                             0                      -0.00223
py                        0                           1.997                             0                             0                      -0.00223
  sum over m                                          5.99                             0                             0                     -0.006689
pz                        1                        0.002109                             0                             0                      0.002347
px                        1                        0.002105                             0                             0                      0.002346
py                        1                        0.002105                             0                             0                      0.002346
  sum over m                                       0.00632                             0                             0                      0.007039
  sum over m+zeta                                    5.996                             0                             0                     0.0003497
dz^2                        0                           1.495                             0                             0                        0.4616
dxz                        0                           1.309                             0                             0                         0.357
dyz                        0                           1.309                             0                             0                         0.357
dx^2-y^2                        0                           1.495                             0                             0                        0.4617
dxy                        0                           1.309                             0                             0                         0.357
  sum over m                                         6.917                             0                             0                         1.994
dz^2                        1                         0.04323                             0                             0                      -0.01765
dxz                        1                       -0.001163                             0                             0                       0.01868
dyz                        1                       -0.001163                             0                             0                       0.01868
dx^2-y^2                        1                         0.04323                             0                             0                      -0.01764
dxy                        1                       -0.001168                             0                             0                       0.01866
  sum over m                                       0.08297                             0                             0                       0.02073
  sum over m+zeta                                        7                             0                             0                         2.015
fz^3                        0                        0.001303                             0                             0                    -0.0001147
fxz^2                        0                         0.00049                             0                             0                    -4.286e-05
fyz^2                        0                         0.00049                             0                             0                    -4.286e-05
fzx^2-zy^2                        0                               0                             0                             0                             0
fxyz                        0                               0                             0                             0                             0
fx^3-3*xy^2                        0                       0.0008151                             0                             0                    -7.181e-05
f3yx^2-y^3                        0                       0.0008151                             0                             0                    -7.181e-05
  sum over m                                      0.003914                             0                             0                    -0.0003441
  sum over m+zeta                                 0.003914                             0                             0                    -0.0003441
Total Charge on atom:  Fe                  16
Total Magnetism on atom:  Fe                   (0, 0, 2.015)


1                 Zeta of Fe                        Spin 1                        Spin 2                        Spin 3                        Spin 4
s                        0                           1.678                             0                             0                       0.03851
  sum over m                                         1.678                             0                             0                       0.03851
s                        1                            1.76                             0                             0                       -0.0372
  sum over m                                          1.76                             0                             0                       -0.0372
s                        2                         -0.3621                             0                             0                      -0.07004
  sum over m                                       -0.3621                             0                             0                      -0.07004
s                        3                        -0.07668                             0                             0                       0.06873
  sum over m                                      -0.07668                             0                             0                       0.06873
  sum over m+zeta                                        3                             0                             0                             0
pz                        0                           1.997                             0                             0                     -0.002229
px                        0                           1.997                             0                             0                      -0.00223
py                        0                           1.997                             0                             0                      -0.00223
  sum over m                                          5.99                             0                             0                     -0.006689
pz                        1                        0.002109                             0                             0                      0.002347
px                        1                        0.002105                             0                             0                      0.002346
py                        1                        0.002105                             0                             0                      0.002346
  sum over m                                       0.00632                             0                             0                      0.007039
  sum over m+zeta                                    5.996                             0                             0                     0.0003497
dz^2                        0                           1.495                             0                             0                        0.4616
dxz                        0                           1.309                             0                             0                         0.357
dyz                        0                           1.309                             0                             0                         0.357
dx^2-y^2                        0                           1.495                             0                             0                        0.4617
dxy                        0                           1.309                             0                             0                         0.357
  sum over m                                         6.917                             0                             0                         1.994
dz^2                        1                         0.04323                             0                             0                      -0.01765
dxz                        1                       -0.001163                             0                             0                       0.01868
dyz                        1                       -0.001163                             0                             0                       0.01868
dx^2-y^2                        1                         0.04323                             0                             0                      -0.01764
dxy                        1                       -0.001168                             0                             0                       0.01866
  sum over m                                       0.08297                             0                             0                       0.02073
  sum over m+zeta                                        7                             0                             0                         2.015
fz^3                        0                        0.001303                             0                             0                    -0.0001147
fxz^2                        0                         0.00049                             0                             0                    -4.286e-05
fyz^2                        0                         0.00049                             0                             0                    -4.286e-05
fzx^2-zy^2                        0                               0                             0                             0                             0
fxyz                        0                               0                             0                             0                             0
fx^3-3*xy^2                        0                       0.0008151                             0                             0                    -7.181e-05
f3yx^2-y^3                        0                       0.0008151                             0                             0                    -7.181e-05
  sum over m                                      0.003914                             0                             0                    -0.0003441
  sum over m+zeta                                 0.003914                             0                             0                    -0.0003441
Total Charge on atom:  Fe                  16
Total Magnetism on atom:  Fe                   (0, 0, 2.015)


