                                                                                     
                              ABACUS v3.8.0

               Atomic-orbital Based Ab-initio Computation at UStc                    

                     Website: http://abacus.ustc.edu.cn/                             
               Documentation: https://abacus.deepmodeling.com/                       
                  Repository: https://github.com/abacusmodeling/abacus-develop       
                              https://github.com/deepmodeling/abacus-develop         
                      Commit: 0f0c838b6 (Mon Oct 14 22:26:30 2024 +0800)

 Tue Oct 15 21:47:47 2024
 MAKE THE DIR         : OUT.ABACUS/
 RUNNING WITH DEVICE  : CPU / Intel(R) Xeon(R) Gold 6132 CPU @ 2.60GHz
 UNIFORM GRID DIM        : 36 * 36 * 36
 UNIFORM GRID DIM(BIG)   : 12 * 12 * 12
 DONE(0.0496363  SEC) : SETUP UNITCELL
 DONE(0.0880177  SEC) : SYMMETRY
 DONE(0.186183   SEC) : INIT K-POINTS
 ---------------------------------------------------------
 Self-consistent calculations for electrons
 ---------------------------------------------------------
 SPIN    KPOINTS         PROCESSORS  NBASE       
 1       8               2           26          
 ---------------------------------------------------------
 Use Systematically Improvable Atomic bases
 ---------------------------------------------------------
 ELEMENT ORBITALS        NBASE       NATOM       XC          
 Si      2s2p1d-8au      13          2           
 ---------------------------------------------------------
 Initial plane wave basis and FFT box
 ---------------------------------------------------------
 DONE(0.187437   SEC) : INIT PLANEWAVE
 -------------------------------------------
 SELF-CONSISTENT : 
 -------------------------------------------
 START CHARGE      : atomic
 DONE(0.26954    SEC) : INIT SCF
 * * * * * *
 << Start SCF iteration.
 ITER       ETOT/eV          EDIFF/eV         DRHO     TIME/s
 GE1     -2.13624914e+02   0.00000000e+00   1.7044e-01   0.35
 GE2     -2.13662196e+02  -3.72813049e-02   3.4611e-02   0.30
 GE3     -2.13664572e+02  -2.37640191e-03   2.9635e-03   0.31
 GE4     -2.13664573e+02  -9.68025904e-07   1.3697e-04   0.31
 GE5     -2.13664573e+02  -5.32827407e-08   1.9619e-05   0.30
 GE6     -2.13664573e+02  -5.15370687e-10   1.5538e-06   0.28
 GE7     -2.13664573e+02  -9.43903685e-10   5.0181e-08   0.28
 >> Leave SCF iteration.
 * * * * * *
TIME STATISTICS
--------------------------------------------------------------------------
   CLASS_NAME               NAME            TIME/s  CALLS   AVG/s  PER/%  
--------------------------------------------------------------------------
                 total                      2.41   11       0.22   100.00 
 Driver          reading                    0.02   1        0.02   0.86   
 Input_Conv      Convert                    0.00   1        0.00   0.03   
 Driver          driver_line                2.39   1        2.39   99.13  
 UnitCell        check_tau                  0.00   1        0.00   0.00   
 ESolver_KS_LCAO before_all_runners         0.21   1        0.21   8.54   
 PW_Basis_Sup    setuptransform             0.01   1        0.01   0.28   
 PW_Basis_Sup    distributeg                0.00   1        0.00   0.05   
 mymath          heapsort                   0.00   174      0.00   0.06   
 Symmetry        analy_sys                  0.04   1        0.04   1.59   
 PW_Basis_K      setuptransform             0.00   1        0.00   0.03   
 PW_Basis_K      distributeg                0.00   1        0.00   0.01   
 PW_Basis        setup_struc_factor         0.00   1        0.00   0.01   
 NOrbital_Lm     extra_uniform              0.00   5        0.00   0.12   
 Mathzone_Add1   SplineD2                   0.00   5        0.00   0.00   
 Mathzone_Add1   Cubic_Spline_Interpolation 0.00   5        0.00   0.05   
 ppcell_vl       init_vloc                  0.00   1        0.00   0.03   
 Ions            opt_ions                   2.17   1        2.17   90.13  
 ESolver_KS_LCAO runner                     2.17   1        2.17   90.12  
 ESolver_KS_LCAO before_scf                 0.03   1        0.03   1.36   
 ESolver_KS_LCAO beforesolver               0.03   1        0.03   1.07   
 ESolver_KS_LCAO set_matrix_grid            0.02   1        0.02   0.97   
 atom_arrange    search                     0.00   1        0.00   0.03   
 Grid_Technique  init                       0.02   1        0.02   0.63   
 Grid_BigCell    grid_expansion_index       0.00   2        0.00   0.12   
 Record_adj      for_2d                     0.01   1        0.01   0.23   
 Grid_Driver     Find_atom                  0.00   34       0.00   0.02   
 LCAO_domain     grid_prepare               0.00   1        0.00   0.00   
 Veff            initialize_HR              0.00   1        0.00   0.00   
 OverlapNew      initialize_SR              0.00   1        0.00   0.00   
 EkineticNew     initialize_HR              0.00   1        0.00   0.01   
 NonlocalNew     initialize_HR              0.00   1        0.00   0.07   
 Charge          set_rho_core               0.00   1        0.00   0.00   
 Charge          atomic_rho                 0.00   2        0.00   0.13   
 PW_Basis_Sup    recip2real                 0.01   25       0.00   0.26   
 PW_Basis_Sup    gathers_scatterp           0.00   25       0.00   0.10   
 Potential       init_pot                   0.00   1        0.00   0.09   
 Potential       update_from_charge         0.01   8        0.00   0.59   
 Potential       cal_fixed_v                0.00   1        0.00   0.01   
 PotLocal        cal_fixed_v                0.00   1        0.00   0.01   
 Potential       cal_v_eff                  0.01   8        0.00   0.57   
 H_Hartree_pw    v_hartree                  0.00   8        0.00   0.20   
 PW_Basis_Sup    real2recip                 0.01   23       0.00   0.22   
 PW_Basis_Sup    gatherp_scatters           0.00   23       0.00   0.09   
 PotXC           cal_v_eff                  0.01   8        0.00   0.35   
 XC_Functional   v_xc                       0.01   8        0.00   0.35   
 Potential       interpolate_vrs            0.00   8        0.00   0.01   
 Symmetry        rhog_symmetry              0.01   8        0.00   0.44   
 Symmetry        group fft grids            0.00   8        0.00   0.13   
 H_Ewald_pw      compute_ewald              0.00   1        0.00   0.01   
 Charge_Mixing   init_mixing                0.00   1        0.00   0.00   
 HSolverLCAO     solve                      2.10   7        0.30   87.07  
 HamiltLCAO      updateHk                   1.20   56       0.02   49.86  
 OperatorLCAO    init                       1.17   168      0.01   48.76  
 Veff            contributeHR               1.10   7        0.16   45.56  
 Gint_interface  cal_gint                   1.88   14       0.13   78.21  
 Gint_interface  cal_gint_vlocal            1.09   7        0.16   45.39  
 Gint_Tools      cal_psir_ylm               0.29   12096    0.00   12.09  
 Gint_k          transfer_pvpR              0.00   7        0.00   0.16   
 OverlapNew      calculate_SR               0.02   1        0.02   0.82   
 OverlapNew      contributeHk               0.01   56       0.00   0.28   
 EkineticNew     contributeHR               0.02   7        0.00   0.87   
 EkineticNew     calculate_HR               0.02   1        0.02   0.86   
 NonlocalNew     contributeHR               0.02   7        0.00   1.01   
 NonlocalNew     calculate_HR               0.02   1        0.02   0.95   
 OperatorLCAO    contributeHk               0.03   56       0.00   1.30   
 HSolverLCAO     hamiltSolvePsiK            0.07   56       0.00   2.93   
 DiagoElpa       elpa_solve                 0.06   56       0.00   2.41   
 ElecStateLCAO   psiToRho                   0.82   7        0.12   34.27  
 elecstate       cal_dm                     0.00   7        0.00   0.17   
 psiMulPsiMpi    pdgemm                     0.00   56       0.00   0.16   
 DensityMatrix   cal_DMR                    0.03   7        0.00   1.10   
 Gint            transfer_DMR               0.00   7        0.00   0.12   
 Gint_interface  cal_gint_rho               0.79   7        0.11   32.82  
 Charge_Mixing   get_drho                   0.00   7        0.00   0.01   
 Charge          mix_rho                    0.01   6        0.00   0.28   
 Charge          Broyden_mixing             0.00   6        0.00   0.08   
 ESolver_KS_LCAO after_scf                  0.00   1        0.00   0.14   
 ModuleIO        write_rhog                 0.00   1        0.00   0.06   
 ESolver_KS_LCAO after_all_runners          0.00   1        0.00   0.02   
 ModuleIO        write_istate_info          0.00   1        0.00   0.02   
--------------------------------------------------------------------------


 START  Time  : Tue Oct 15 21:47:47 2024
 FINISH Time  : Tue Oct 15 21:47:50 2024
 TOTAL  Time  : 3
 SEE INFORMATION IN : OUT.ABACUS/
