                                                                                     
                              ABACUS v3.11.0-beta.4

               Atomic-orbital Based Ab-initio Computation at UStc                    

                     Website: http://abacus.ustc.edu.cn/                             
               Documentation: https://abacus.deepmodeling.com/                       
                  Repository: https://github.com/abacusmodeling/abacus-develop       
                              https://github.com/deepmodeling/abacus-develop         
                      Commit: unknown

 Fri Jun 26 13:10:36 2026
 MAKE THE DIR         : OUT.CaOMgO/
 RUNNING WITH DEVICE  : CPU / Intel(R) Xeon(R) Silver 4116 CPU @ 2.10GHz (x2)
 WARNING: some of potential function is set to zero cause of less than 1e-30.
 WARNING: some of potential function is set to zero cause of less than 1e-30.
 WARNING: some of potential function is set to zero cause of less than 1e-30.

%%%%%%%%%%%%%%%%%%%%%%%%%%%%%%%%%%%%%%%%%%%%%%%%%%%%%%%%%%%%%%%%%%%%%%%%%%%%%%%%%%%%%%%%%%%%%%%%%%%%%%%%%
 Warning: the number of valence electrons in pseudopotential > 2 for Ca: [Ar] 4s2
 Pseudopotentials with additional electrons can yield (more) accurate outcomes, but may be less efficient.
 If you're confident that your chosen pseudopotential is appropriate, you can safely ignore this warning.
%%%%%%%%%%%%%%%%%%%%%%%%%%%%%%%%%%%%%%%%%%%%%%%%%%%%%%%%%%%%%%%%%%%%%%%%%%%%%%%%%%%%%%%%%%%%%%%%%%%%%%%%%

 UNIFORM GRID DIM     : 64 * 64 * 64
 UNIFORM GRID DIM(BIG): 16 * 16 * 16
 DONE(0.206257   SEC) : SYMMETRY
 DONE(0.206319   SEC) : SETUP UNITCELL
 DONE(0.355421   SEC) : INIT K-POINTS
 ----------------------------------------------------------------
 Cell relaxation calculations
 ----------------------------------------------------------------
 SPIN    KPOINTS         PROCESSES   THREADS/PROC  THREADS/TOTAL 
 1       6               24          1             24            
 ----------------------------------------------------------------
 Use Systematically Improvable Atomic bases
 ----------------------------------------------------------------
 TOTAL NBASE 92
 ELEMENT ORBITALS        NBASE       NATOM       
 Ca      4s2p1d-10au     15          2           
 Mg      2s1p-9au        5           2           
 O       2s2p1d-6au      13          4           
 ----------------------------------------------------------------
 Initial plane wave basis and FFT box
 ----------------------------------------------------------------
 DONE(0.363826   SEC) : INIT PLANEWAVE
 START CHARGE         : ATOMIC
 DONE(1.0235     SEC) : CHARGE
 DONE(1.05498    SEC) : POTENTIALS

 ================================================================
 RELAX STEP: 1 (CELL_CHANGE# 1 IONS_CHANGE# 1)
 ================================================================
 DONE(1.29033    SEC) : INIT SCF
 ITER       ETOT/eV          EDIFF/eV         DRHO     TIME/s
 GE1     -3.95994392e+03   0.00000000e+00   1.5538e-01   1.53
 GE2     -3.96530623e+03  -5.36230666e+00   1.3434e-01   1.46
 GE3     -3.96972029e+03  -4.41406140e+00   1.9132e-02   1.44
 GE4     -3.96969990e+03   2.03887936e-02   6.6776e-03   1.45
 GE5     -3.96970921e+03  -9.30675015e-03   8.3524e-04   1.42
 GE6     -3.96970933e+03  -1.21821664e-04   9.0026e-05   1.45
 GE7     -3.96970933e+03  -3.85721171e-07   4.0483e-05   1.42
 GE8     -3.96970933e+03  -3.14661695e-07   2.0440e-06   1.44
 GE9     -3.96970933e+03  -8.63108140e-10   2.7285e-07   1.45
 GE10    -3.96970933e+03  -1.16009159e-11   1.3928e-08   1.44
 ----------------------------------------------------------------
              Stress_x             Stress_y             Stress_z 
 ----------------------------------------------------------------
        597.6408674902         0.0000000000         0.0000000000 
          0.0000000000       619.1628797529        -0.0000000000 
         -0.0000000000        -0.0000000000       619.1628797529 
 ----------------------------------------------------------------
 TOTAL-PRESSURE (EXCLUDE KINETIC PART OF IONS): 611.988876 kbar
 ETOT DIFF (eV)              : 0.000000
 LARGEST GRAD (eV/Angstrom)  : 2.222861
 DONE(17.667143  SEC) : SETUP UNITCELL

 ================================================================
 RELAX STEP: 2 (CELL_CHANGE# 2 IONS_CHANGE# 1)
 ================================================================
 DONE(17.728412  SEC) : LOCAL POTENTIAL
 DONE(17.775621  SEC) : SYMMETRY
 DONE(17.775930  SEC) : INIT K-POINTS
 DONE(18.070381  SEC) : INIT SCF
 ITER       ETOT/eV          EDIFF/eV         DRHO     TIME/s
 GE1     -3.97255581e+03   0.00000000e+00   8.3976e-03   1.27
 GE2     -3.97256749e+03  -1.16849729e-02   1.5964e-03   1.15
 GE3     -3.97256757e+03  -7.19838058e-05   3.8886e-04   1.15
 GE4     -3.97256757e+03  -4.70277927e-08   1.1486e-04   1.14
 GE5     -3.97256757e+03  -4.46067589e-06   3.4352e-05   1.15
 GE6     -3.97256757e+03  -1.92084871e-07   3.6988e-06   1.14
 GE7     -3.97256757e+03  -2.08043091e-10   3.2490e-07   1.16
 GE8     -3.97256757e+03  -8.50733829e-12   1.6514e-08   1.15
 ----------------------------------------------------------------
              Stress_x             Stress_y             Stress_z 
 ----------------------------------------------------------------
        201.9792786686         0.0000000000         0.0000000000 
          0.0000000000       236.9163455828        -0.0000000000 
         -0.0000000000        -0.0000000000       236.9163455828 
 ----------------------------------------------------------------
 TOTAL-PRESSURE (EXCLUDE KINETIC PART OF IONS): 225.270657 kbar
 ETOT DIFF (eV)              : -2.858239
 LARGEST GRAD (eV/Angstrom)  : 1.191070
 DONE(29.378149  SEC) : SETUP UNITCELL

 ================================================================
 RELAX STEP: 3 (CELL_CHANGE# 3 IONS_CHANGE# 1)
 ================================================================
 DONE(29.439688  SEC) : LOCAL POTENTIAL
 DONE(29.486933  SEC) : SYMMETRY
 DONE(29.487242  SEC) : INIT K-POINTS
 DONE(29.756391  SEC) : INIT SCF
 ITER       ETOT/eV          EDIFF/eV         DRHO     TIME/s
 GE1     -3.97335011e+03   0.00000000e+00   3.3524e-03   1.08
 GE2     -3.97335131e+03  -1.20227583e-03   1.7647e-03   0.96
 GE3     -3.97335244e+03  -1.12709683e-03   7.4240e-04   0.95
 GE4     -3.97335258e+03  -1.38354396e-04   7.3412e-05   0.96
 GE5     -3.97335258e+03  -1.08985964e-07   7.7346e-06   0.97
 GE6     -3.97335258e+03  -2.71074734e-09   1.3374e-06   0.97
 GE7     -3.97335258e+03  -6.96054951e-11   1.1184e-07   0.96
 GE8     -3.97335258e+03   7.73394390e-12   6.7185e-09   0.97
 ----------------------------------------------------------------
              Stress_x             Stress_y             Stress_z 
 ----------------------------------------------------------------
         24.5027967499         0.0000000000         0.0000000000 
          0.0000000000        60.0683473573         0.0000000000 
         -0.0000000000         0.0000000000        60.0683473573 
 ----------------------------------------------------------------
 TOTAL-PRESSURE (EXCLUDE KINETIC PART OF IONS): 48.213164 kbar
 ETOT DIFF (eV)              : -0.785006
 LARGEST GRAD (eV/Angstrom)  : 0.704384
 DONE(39.429837  SEC) : SETUP UNITCELL

 ================================================================
 RELAX STEP: 4 (CELL_CHANGE# 4 IONS_CHANGE# 1)
 ================================================================
 DONE(39.491271  SEC) : LOCAL POTENTIAL
 DONE(39.538382  SEC) : SYMMETRY
 DONE(39.538694  SEC) : INIT K-POINTS
 DONE(39.799610  SEC) : INIT SCF
 ITER       ETOT/eV          EDIFF/eV         DRHO     TIME/s
 GE1     -3.97341954e+03   0.00000000e+00   3.8572e-03   1.04
 GE2     -3.97342163e+03  -2.09662233e-03   1.0866e-03   0.92
 GE3     -3.97342186e+03  -2.25389697e-04   8.0172e-04   0.91
 GE4     -3.97342205e+03  -1.96050599e-04   2.1109e-04   0.91
 GE5     -3.97342206e+03  -9.17397564e-06   1.4063e-05   0.92
 GE6     -3.97342206e+03  -3.49728943e-09   2.1595e-06   0.94
 GE7     -3.97342206e+03  -4.02165083e-11   2.1597e-07   0.92
 GE8     -3.97342206e+03  -5.41376073e-12   1.0614e-08   0.92
 ----------------------------------------------------------------
              Stress_x             Stress_y             Stress_z 
 ----------------------------------------------------------------
        -21.8805420091        -0.0000000000         0.0000000000 
         -0.0000000000        12.6532380238         0.0000000000 
          0.0000000000         0.0000000000        12.6532380238 
 ----------------------------------------------------------------
 TOTAL-PRESSURE (EXCLUDE KINETIC PART OF IONS): 1.141978 kbar
 ETOT DIFF (eV)              : -0.069487
 LARGEST GRAD (eV/Angstrom)  : 0.573699
 DONE(49.084862  SEC) : SETUP UNITCELL

 ================================================================
 RELAX STEP: 5 (CELL_CHANGE# 5 IONS_CHANGE# 1)
 ================================================================
 DONE(49.146376  SEC) : LOCAL POTENTIAL
 DONE(49.194077  SEC) : SYMMETRY
 DONE(49.194404  SEC) : INIT K-POINTS
 DONE(49.454133  SEC) : INIT SCF
 ITER       ETOT/eV          EDIFF/eV         DRHO     TIME/s
 GE1     -3.97328963e+03   0.00000000e+00   2.4456e-03   0.95
 GE2     -3.97329060e+03  -9.69742811e-04   1.6501e-03   0.83
 GE3     -3.97329121e+03  -6.13221228e-04   3.4585e-04   0.83
 GE4     -3.97329121e+03  -6.72791248e-08   7.0052e-05   0.83
 GE5     -3.97329122e+03  -5.93320334e-07   9.2216e-06   0.83
 GE6     -3.97329122e+03  -1.13998333e-09   1.3003e-06   0.83
 GE7     -3.97329122e+03  -1.00541271e-11   1.6090e-07   0.83
 GE8     -3.97329122e+03  -6.18715512e-12   8.0215e-09   0.85
 ----------------------------------------------------------------
              Stress_x             Stress_y             Stress_z 
 ----------------------------------------------------------------
        -94.3201090017        -0.0000000000        -0.0000000000 
          0.0000000000       -62.6445313192        -0.0000000000 
         -0.0000000000        -0.0000000000       -62.6445313192 
 ----------------------------------------------------------------
 TOTAL-PRESSURE (EXCLUDE KINETIC PART OF IONS): -73.203057 kbar
 ETOT DIFF (eV)              : 0.130848
 LARGEST GRAD (eV/Angstrom)  : 0.366425
 DONE(57.963391  SEC) : SETUP UNITCELL

 ================================================================
 RELAX STEP: 6 (CELL_CHANGE# 6 IONS_CHANGE# 1)
 ================================================================
 DONE(58.024866  SEC) : LOCAL POTENTIAL
 DONE(58.072150  SEC) : SYMMETRY
 DONE(58.072460  SEC) : INIT K-POINTS
 DONE(58.329596  SEC) : INIT SCF
 ITER       ETOT/eV          EDIFF/eV         DRHO     TIME/s
 GE1     -3.97341282e+03   0.00000000e+00   5.0466e-03   1.00
 GE2     -3.97341720e+03  -4.38516782e-03   3.5803e-03   0.87
 GE3     -3.97342003e+03  -2.82300988e-03   7.1862e-04   0.87
 GE4     -3.97342003e+03  -3.72747171e-06   1.4085e-04   0.87
 GE5     -3.97342003e+03  -2.17094203e-06   2.0300e-05   0.87
 GE6     -3.97342003e+03  -9.46325376e-09   3.2780e-06   0.87
 GE7     -3.97342003e+03  -7.65660446e-11   3.6668e-07   0.87
 GE8     -3.97342003e+03  -8.50733829e-12   2.1235e-08   0.88
 ----------------------------------------------------------------
              Stress_x             Stress_y             Stress_z 
 ----------------------------------------------------------------
        -63.3660416263         0.0000000000         0.0000000000 
          0.0000000000       -33.5635112235         0.0000000000 
         -0.0000000000         0.0000000000       -33.5635112235 
 ----------------------------------------------------------------
 TOTAL-PRESSURE (EXCLUDE KINETIC PART OF IONS): -43.497688 kbar
 ETOT DIFF (eV)              : -0.128816
 LARGEST GRAD (eV/Angstrom)  : 0.369271
 DONE(67.177695  SEC) : SETUP UNITCELL

 ================================================================
 RELAX STEP: 7 (CELL_CHANGE# 7 IONS_CHANGE# 1)
 ================================================================
 DONE(67.239174  SEC) : LOCAL POTENTIAL
 DONE(67.286447  SEC) : SYMMETRY
 DONE(67.286764  SEC) : INIT K-POINTS
 DONE(67.546762  SEC) : INIT SCF
 ITER       ETOT/eV          EDIFF/eV         DRHO     TIME/s
 GE1     -3.97349138e+03   0.00000000e+00   4.6888e-04   1.04
 GE2     -3.97349139e+03  -8.99722331e-06   1.1149e-04   0.93
 GE3     -3.97349139e+03  -4.58182039e-08   5.8686e-05   0.92
 GE4     -3.97349139e+03  -1.14653708e-06   2.2185e-05   0.92
 GE5     -3.97349139e+03  -1.23053235e-07   2.4842e-06   0.93
 GE6     -3.97349139e+03  -1.37664201e-10   1.8735e-07   0.92
 GE7     -3.97349139e+03   0.00000000e+00   4.6235e-08   0.94
 ----------------------------------------------------------------
              Stress_x             Stress_y             Stress_z 
 ----------------------------------------------------------------
        -13.2412056441        -0.0000000000        -0.0000000000 
          0.0000000000        10.3830504334         0.0000000000 
          0.0000000000         0.0000000000        10.3830504334 
 ----------------------------------------------------------------
 TOTAL-PRESSURE (EXCLUDE KINETIC PART OF IONS): 2.508298 kbar
 ETOT DIFF (eV)              : -0.071357
 LARGEST GRAD (eV/Angstrom)  : 0.364982
 DONE(75.952789  SEC) : SETUP UNITCELL

 ================================================================
 RELAX STEP: 8 (CELL_CHANGE# 8 IONS_CHANGE# 1)
 ================================================================
 DONE(76.014159  SEC) : LOCAL POTENTIAL
 DONE(76.061412  SEC) : SYMMETRY
 DONE(76.061743  SEC) : INIT K-POINTS
 DONE(76.322595  SEC) : INIT SCF
 ITER       ETOT/eV          EDIFF/eV         DRHO     TIME/s
 GE1     -3.97349159e+03   0.00000000e+00   1.7532e-03   1.07
 GE2     -3.97349170e+03  -1.04983493e-04   7.8414e-04   0.93
 GE3     -3.97349188e+03  -1.82500314e-04   3.9842e-04   0.93
 GE4     -3.97349191e+03  -3.47817383e-05   3.8778e-05   0.93
 GE5     -3.97349191e+03  -1.80835850e-07   8.6622e-06   0.93
 GE6     -3.97349191e+03  -8.33719153e-10   7.5303e-07   0.93
 GE7     -3.97349191e+03  -3.86697195e-12   1.4619e-07   0.93
 GE8     -3.97349191e+03   7.73394390e-13   9.0516e-09   0.94
 ----------------------------------------------------------------
              Stress_x             Stress_y             Stress_z 
 ----------------------------------------------------------------
         -7.5931926550         0.0000000000         0.0000000000 
         -0.0000000000        15.1372650570         0.0000000000 
         -0.0000000000         0.0000000000        15.1372650570 
 ----------------------------------------------------------------
 TOTAL-PRESSURE (EXCLUDE KINETIC PART OF IONS): 7.560446 kbar
 ETOT DIFF (eV)              : -0.000527
 LARGEST GRAD (eV/Angstrom)  : 0.363885
 DONE(85.718723  SEC) : SETUP UNITCELL

 ================================================================
 RELAX STEP: 9 (CELL_CHANGE# 9 IONS_CHANGE# 1)
 ================================================================
 DONE(85.780185  SEC) : LOCAL POTENTIAL
 DONE(85.827471  SEC) : SYMMETRY
 DONE(85.827792  SEC) : INIT K-POINTS
 DONE(86.089913  SEC) : INIT SCF
 ITER       ETOT/eV          EDIFF/eV         DRHO     TIME/s
 GE1     -3.97350650e+03   0.00000000e+00   1.4599e-03   1.05
 GE2     -3.97350679e+03  -2.86525780e-04   5.1385e-04   0.93
 GE3     -3.97350687e+03  -8.27154952e-05   2.9318e-04   0.93
 GE4     -3.97350689e+03  -2.04728624e-05   5.2674e-05   0.92
 GE5     -3.97350689e+03  -5.08442620e-07   6.0012e-06   0.92
 GE6     -3.97350689e+03  -7.10749445e-10   6.7871e-07   0.92
 GE7     -3.97350689e+03  -3.71229307e-11   5.3301e-08   0.95
 ----------------------------------------------------------------
              Stress_x             Stress_y             Stress_z 
 ----------------------------------------------------------------
         -4.5146601142        -0.0000000000        -0.0000000000 
         -0.0000000000        12.2730707914         0.0000000000 
         -0.0000000000         0.0000000000        12.2730707914 
 ----------------------------------------------------------------
 TOTAL-PRESSURE (EXCLUDE KINETIC PART OF IONS): 6.677160 kbar
 ETOT DIFF (eV)              : -0.014980
 LARGEST GRAD (eV/Angstrom)  : 0.294783
 DONE(94.517237  SEC) : SETUP UNITCELL

 ================================================================
 RELAX STEP: 10 (CELL_CHANGE# 10 IONS_CHANGE# 1)
 ================================================================
 DONE(94.578775  SEC) : LOCAL POTENTIAL
 DONE(94.626410  SEC) : SYMMETRY
 DONE(94.626738  SEC) : INIT K-POINTS
 DONE(94.886440  SEC) : INIT SCF
 ITER       ETOT/eV          EDIFF/eV         DRHO     TIME/s
 GE1     -3.97352813e+03   0.00000000e+00   3.1154e-03   1.06
 GE2     -3.97352941e+03  -1.28729682e-03   1.0792e-03   0.92
 GE3     -3.97352977e+03  -3.55015120e-04   6.5708e-04   0.93
 GE4     -3.97352988e+03  -1.05328705e-04   1.1044e-04   0.93
 GE5     -3.97352988e+03  -2.27708113e-06   1.3534e-05   0.93
 GE6     -3.97352988e+03  -3.90486828e-09   1.4653e-06   0.93
 GE7     -3.97352988e+03  -1.94895386e-10   1.4455e-07   0.93
 GE8     -3.97352988e+03   7.73394390e-13   1.1319e-08   0.93
 ----------------------------------------------------------------
              Stress_x             Stress_y             Stress_z 
 ----------------------------------------------------------------
          7.8710572045         0.0000000000         0.0000000000 
          0.0000000000         4.1954757297         0.0000000000 
          0.0000000000         0.0000000000         4.1954757297 
 ----------------------------------------------------------------
 TOTAL-PRESSURE (EXCLUDE KINETIC PART OF IONS): 5.420670 kbar
 ETOT DIFF (eV)              : -0.022983
 LARGEST GRAD (eV/Angstrom)  : 0.062427
 DONE(104.259815 SEC) : SETUP UNITCELL

 ================================================================
 RELAX STEP: 11 (CELL_CHANGE# 11 IONS_CHANGE# 1)
 ================================================================
 DONE(104.321253 SEC) : LOCAL POTENTIAL
 DONE(104.368868 SEC) : SYMMETRY
 DONE(104.369193 SEC) : INIT K-POINTS
 DONE(104.629761 SEC) : INIT SCF
 ITER       ETOT/eV          EDIFF/eV         DRHO     TIME/s
 GE1     -3.97352732e+03   0.00000000e+00   4.4976e-03   1.04
 GE2     -3.97352991e+03  -2.58808694e-03   1.5670e-03   0.92
 GE3     -3.97353066e+03  -7.52767276e-04   9.7608e-04   0.92
 GE4     -3.97353089e+03  -2.29442188e-04   1.5221e-04   0.92
 GE5     -3.97353089e+03  -4.15325239e-06   2.0674e-05   0.92
 GE6     -3.97353089e+03  -1.05405921e-08   2.2302e-06   0.93
 GE7     -3.97353089e+03  -4.79504522e-10   2.3347e-07   0.92
 GE8     -3.97353089e+03   1.54678878e-12   1.7112e-08   0.94
 ----------------------------------------------------------------
              Stress_x             Stress_y             Stress_z 
 ----------------------------------------------------------------
          0.0762050887         0.0000000000         0.0000000000 
          0.0000000000        -0.1860345650         0.0000000000 
         -0.0000000000         0.0000000000        -0.1860345650 
 ----------------------------------------------------------------
 TOTAL-PRESSURE (EXCLUDE KINETIC PART OF IONS): -0.098621 kbar
 ETOT DIFF (eV)              : -0.001016
 LARGEST GRAD (eV/Angstrom)  : 0.051014
 DONE(113.959493 SEC) : SETUP UNITCELL

 ================================================================
 RELAX STEP: 12 (CELL_CHANGE# 12 IONS_CHANGE# 1)
 ================================================================
 DONE(114.021144 SEC) : LOCAL POTENTIAL
 DONE(114.068731 SEC) : SYMMETRY
 DONE(114.069044 SEC) : INIT K-POINTS
 DONE(114.328367 SEC) : INIT SCF
 ITER       ETOT/eV          EDIFF/eV         DRHO     TIME/s
 GE1     -3.97353089e+03   0.00000000e+00   2.9936e-04   1.04
 GE2     -3.97353089e+03  -6.47439844e-06   1.1520e-04   0.92
 GE3     -3.97353090e+03  -3.70503941e-06   7.0269e-05   0.92
 GE4     -3.97353090e+03  -1.26393138e-06   1.1512e-05   0.92
 GE5     -3.97353090e+03  -1.23070249e-08   1.8798e-06   0.92
 GE6     -3.97353090e+03  -2.86155924e-11   1.1747e-07   0.92
 GE7     -3.97353090e+03   7.73394390e-13   2.6497e-08   0.93
 ----------------------------------------------------------------
              Stress_x             Stress_y             Stress_z 
 ----------------------------------------------------------------
         -0.9936877148         0.0000000000         0.0000000000 
          0.0000000000        -0.7927044686         0.0000000000 
          0.0000000000         0.0000000000        -0.7927044686 
 ----------------------------------------------------------------
 TOTAL-PRESSURE (EXCLUDE KINETIC PART OF IONS): -0.859699 kbar
 ETOT DIFF (eV)              : -0.000006
 LARGEST GRAD (eV/Angstrom)  : 0.049462
 DONE(122.692114 SEC) : SETUP UNITCELL

 ================================================================
 RELAX STEP: 13 (CELL_CHANGE# 13 IONS_CHANGE# 1)
 ================================================================
 DONE(122.753559 SEC) : LOCAL POTENTIAL
 DONE(122.800872 SEC) : SYMMETRY
 DONE(122.801182 SEC) : INIT K-POINTS
 DONE(123.060820 SEC) : INIT SCF
 ITER       ETOT/eV          EDIFF/eV         DRHO     TIME/s
 GE1     -3.97353115e+03   0.00000000e+00   2.9302e-04   1.04
 GE2     -3.97353116e+03  -1.19938373e-05   8.6670e-05   0.92
 GE3     -3.97353116e+03  -1.07548533e-06   5.2855e-05   0.93
 GE4     -3.97353116e+03  -8.45741569e-07   1.5152e-05   0.92
 GE5     -3.97353116e+03  -5.10270151e-08   1.2135e-06   0.92
 GE6     -3.97353116e+03  -4.79504522e-11   1.4078e-07   0.92
 GE7     -3.97353116e+03  -2.32018317e-12   1.5850e-08   0.93
 ----------------------------------------------------------------
              Stress_x             Stress_y             Stress_z 
 ----------------------------------------------------------------
         -0.6497506908         0.0000000000         0.0000000000 
         -0.0000000000        -0.3821226375        -0.0000000000 
          0.0000000000        -0.0000000000        -0.3821226375 
 ----------------------------------------------------------------
 TOTAL-PRESSURE (EXCLUDE KINETIC PART OF IONS): -0.471332 kbar
 ETOT DIFF (eV)              : -0.000263
 LARGEST GRAD (eV/Angstrom)  : 0.031554
 DONE(131.461585 SEC) : SETUP UNITCELL

 ================================================================
 RELAX STEP: 14 (CELL_CHANGE# 14 IONS_CHANGE# 1)
 ================================================================
 DONE(131.523029 SEC) : LOCAL POTENTIAL
 DONE(131.570311 SEC) : SYMMETRY
 DONE(131.570652 SEC) : INIT K-POINTS
 DONE(131.830577 SEC) : INIT SCF
 ITER       ETOT/eV          EDIFF/eV         DRHO     TIME/s
 GE1     -3.97353141e+03   0.00000000e+00   2.3599e-04   1.05
 GE2     -3.97353142e+03  -7.85525700e-06   7.3096e-05   0.92
 GE3     -3.97353142e+03  -9.79019850e-07   4.3453e-05   0.93
 GE4     -3.97353142e+03  -5.60816115e-07   1.1792e-05   0.93
 GE5     -3.97353142e+03  -2.74013632e-08   9.6573e-07   0.92
 GE6     -3.97353142e+03  -2.39752261e-11   1.0874e-07   0.93
 GE7     -3.97353142e+03  -7.73394390e-13   1.1071e-08   0.93
 ----------------------------------------------------------------
              Stress_x             Stress_y             Stress_z 
 ----------------------------------------------------------------
         -0.0134213151         0.0000000000        -0.0000000000 
          0.0000000000         0.3261524971        -0.0000000000 
          0.0000000000        -0.0000000000         0.3261524971 
 ----------------------------------------------------------------
 TOTAL-PRESSURE (EXCLUDE KINETIC PART OF IONS): 0.212961 kbar
 ETOT DIFF (eV)              : -0.000258
 LARGEST GRAD (eV/Angstrom)  : 0.000625

 ~~~~~~~~~~~~~~~~~~~~~~~~~~~~~~~~~~~~~~~~~~~~~~~~~~~~~~~~~~~~~~~~
 Geometry relaxation thresholds are reached within 13 steps.
 ~~~~~~~~~~~~~~~~~~~~~~~~~~~~~~~~~~~~~~~~~~~~~~~~~~~~~~~~~~~~~~~~

 TIME STATISTICS
------------------------------------------------------------------
    CLASS_NAME           NAME       TIME/s  CALLS   AVG/s  PER/%  
------------------------------------------------------------------
                   total            140.24 145      0.97   100.00 
 Driver            atomic_world     140.24 1        140.24 100.00 
 Charge            atomic_rho       1.71   28       0.06   1.22   
 Relax_Driver      relax_driver     139.19 1        139.19 99.25  
 ESolver_KS        runner           114.70 14       8.19   81.78  
 ESolver_KS_LCAO   before_scf       5.06   14       0.36   3.61   
 Potential         cal_veff         1.71   123      0.01   1.22   
 PotXC             cal_veff         1.52   123      0.01   1.08   
 XC_Functional     v_xc             1.84   151      0.01   1.31   
 Symmetry_rho      begin            1.61   123      0.01   1.15   
 HSolverLCAO       solve            105.01 109      0.96   74.88  
 HamiltLCAO        updateHk         52.42  654      0.08   37.38  
 OperatorLCAO      init             52.42  3270     0.02   37.38  
 Veff              contributeHR     50.87  109      0.47   36.28  
 Gint              cal_gint_vl      50.87  109      0.47   36.27  
 Gint              hr_gint_to_hR    3.58   109      0.03   2.55   
 HSolverLCAO       hamiltSolvePsiK  7.85   654      0.01   5.60   
 DiagoElpa         elpa_solve       6.64   654      0.01   4.73   
 LCAO_domain       dm2rho           44.07  109      0.40   31.42  
 Gint              cal_gint_rho     42.92  109      0.39   30.60  
 Gint              dm_2d_to_gint    2.09   123      0.02   1.49   
 ESolver_KS_LCAO   cal_force        24.45  14       1.75   17.44  
 Force_Stress_LCAO getForceStress   24.45  14       1.75   17.43  
 Stress            stress_loc       3.40   14       0.24   2.43   
 Stress            stress_cc        4.52   14       0.32   3.22   
 Nonlocal          cal_force_stress 1.48   14       0.11   1.05   
 Gint              cal_gint_fvl     11.46  14       0.82   8.17   
------------------------------------------------------------------


 START  Time  : Fri Jun 26 13:10:36 2026
 FINISH Time  : Fri Jun 26 13:12:57 2026
 TOTAL  Time  : 141
 SEE INFORMATION IN : OUT.CaOMgO/
