#------------------------------------------------------------------------
# ionic step 0
# filename OUT.autotest/vxck2_nao.txt
# gamma only 0
# rows 2
# columns 2
#------------------------------------------------------------------------
Row 1
 (-8.99903891e-01,-1.51315148e-21) (6.66744437e-13,-3.73365300e-14)
Row 2
 (-8.99903891e-01,7.47015297e-20)
