                                                                                     
                              ABACUS v3.11.0-beta.4

               Atomic-orbital Based Ab-initio Computation at UStc                    

                     Website: http://abacus.ustc.edu.cn/                             
               Documentation: https://abacus.deepmodeling.com/                       
                  Repository: https://github.com/abacusmodeling/abacus-develop       
                              https://github.com/deepmodeling/abacus-develop         
                      Commit: unknown

 Tue Jun 30 13:53:50 2026
 MAKE THE DIR         : OUT.CaOMgO/
 RUNNING WITH DEVICE  : CPU / Intel(R) Xeon(R) Silver 4116 CPU @ 2.10GHz (x2)
 WARNING: some of potential function is set to zero cause of less than 1e-30.
 WARNING: some of potential function is set to zero cause of less than 1e-30.
 WARNING: some of potential function is set to zero cause of less than 1e-30.

%%%%%%%%%%%%%%%%%%%%%%%%%%%%%%%%%%%%%%%%%%%%%%%%%%%%%%%%%%%%%%%%%%%%%%%%%%%%%%%%%%%%%%%%%%%%%%%%%%%%%%%%%
 Warning: the number of valence electrons in pseudopotential > 2 for Ca: [Ar] 4s2
 Pseudopotentials with additional electrons can yield (more) accurate outcomes, but may be less efficient.
 If you're confident that your chosen pseudopotential is appropriate, you can safely ignore this warning.
%%%%%%%%%%%%%%%%%%%%%%%%%%%%%%%%%%%%%%%%%%%%%%%%%%%%%%%%%%%%%%%%%%%%%%%%%%%%%%%%%%%%%%%%%%%%%%%%%%%%%%%%%

 UNIFORM GRID DIM     : 64 * 64 * 64
 UNIFORM GRID DIM(BIG): 16 * 16 * 16
 DONE(0.223795   SEC) : SYMMETRY
 DONE(0.223893   SEC) : SETUP UNITCELL
 DONE(0.362275   SEC) : INIT K-POINTS
 ----------------------------------------------------------------
 Cell relaxation calculations
 ----------------------------------------------------------------
 SPIN    KPOINTS         PROCESSES   THREADS/PROC  THREADS/TOTAL 
 1       10              24          1             24            
 ----------------------------------------------------------------
 Use Systematically Improvable Atomic bases
 ----------------------------------------------------------------
 TOTAL NBASE 74
 ELEMENT ORBITALS        NBASE       NATOM       
 Ca      4s2p1d-10au     15          2           
 Mg      2s1p-9au        5           1           
 O       2s2p1d-6au      13          3           
 ----------------------------------------------------------------
 Initial plane wave basis and FFT box
 ----------------------------------------------------------------
 DONE(0.369444   SEC) : INIT PLANEWAVE
 START CHARGE         : ATOMIC
 DONE(1.01615    SEC) : CHARGE
 DONE(1.04975    SEC) : POTENTIALS

 ================================================================
 RELAX STEP: 1 (CELL_CHANGE# 1 IONS_CHANGE# 1)
 ================================================================
 DONE(1.26261    SEC) : INIT SCF
 ITER       ETOT/eV          EDIFF/eV         DRHO     TIME/s
 GE1     -3.48168771e+03   0.00000000e+00   1.4037e-01   1.83
 GE2     -3.48546869e+03  -3.78098169e+00   1.3001e-01   1.77
 GE3     -3.48947909e+03  -4.01040363e+00   1.7161e-02   1.72
 GE4     -3.48946675e+03   1.23430550e-02   7.2078e-03   1.74
 GE5     -3.48947601e+03  -9.25679322e-03   1.3024e-03   1.74
 GE6     -3.48947629e+03  -2.77172332e-04   5.2983e-04   1.73
 GE7     -3.48947632e+03  -3.71033979e-05   1.5410e-04   1.79
 GE8     -3.48947633e+03  -5.24572997e-06   3.6575e-05   1.71
 GE9     -3.48947633e+03  -5.18878030e-08   1.0649e-05   1.71
 GE10    -3.48947633e+03  -1.79520306e-08   7.7966e-07   1.83
 GE11    -3.48947633e+03  -7.96596222e-11   5.4946e-08   1.71
 ----------------------------------------------------------------
              Stress_x             Stress_y             Stress_z 
 ----------------------------------------------------------------
        783.5865363173        -0.0000000000        -9.6979856947 
         -0.0000000000       793.9807920361         0.0000000000 
         -9.6979856947        -0.0000000000       783.5865363173 
 ----------------------------------------------------------------
 TOTAL-PRESSURE (EXCLUDE KINETIC PART OF IONS): 787.051288 kbar
 ETOT DIFF (eV)              : 0.000000
 LARGEST GRAD (eV/Angstrom)  : 2.114580
 DONE(22.697296  SEC) : SETUP UNITCELL

 ================================================================
 RELAX STEP: 2 (CELL_CHANGE# 2 IONS_CHANGE# 1)
 ================================================================
 DONE(22.789499  SEC) : LOCAL POTENTIAL
 DONE(22.836711  SEC) : SYMMETRY
 DONE(22.837073  SEC) : INIT K-POINTS
 DONE(23.159376  SEC) : INIT SCF
 ITER       ETOT/eV          EDIFF/eV         DRHO     TIME/s
 GE1     -3.49331982e+03   0.00000000e+00   1.2596e-02   1.33
 GE2     -3.49335563e+03  -3.58043030e-02   2.8578e-03   1.17
 GE3     -3.49335623e+03  -6.05503862e-04   1.3851e-03   1.18
 GE4     -3.49335697e+03  -7.39264119e-04   7.6886e-04   1.20
 GE5     -3.49335714e+03  -1.71311608e-04   1.3705e-04   1.29
 GE6     -3.49335715e+03  -4.34416016e-06   6.2488e-05   1.19
 GE7     -3.49335715e+03  -1.42237979e-06   1.0193e-05   1.20
 GE8     -3.49335715e+03  -6.99612565e-09   1.9813e-06   1.19
 GE9     -3.49335715e+03  -6.34183400e-11   2.4200e-07   1.40
 GE10    -3.49335715e+03  -3.86697195e-12   2.1590e-08   1.19
 ----------------------------------------------------------------
              Stress_x             Stress_y             Stress_z 
 ----------------------------------------------------------------
        103.2345938829         0.0000000000         1.7881560937 
          0.0000000000       122.4118824660         0.0000000000 
          1.7881560937         0.0000000000       103.2345938829 
 ----------------------------------------------------------------
 TOTAL-PRESSURE (EXCLUDE KINETIC PART OF IONS): 109.627023 kbar
 ETOT DIFF (eV)              : -3.880821
 LARGEST GRAD (eV/Angstrom)  : 0.581304
 DONE(37.904012  SEC) : SETUP UNITCELL

 ================================================================
 RELAX STEP: 3 (CELL_CHANGE# 3 IONS_CHANGE# 1)
 ================================================================
 DONE(37.996421  SEC) : LOCAL POTENTIAL
 DONE(38.044140  SEC) : SYMMETRY
 DONE(38.044497  SEC) : INIT K-POINTS
 DONE(38.361576  SEC) : INIT SCF
 ITER       ETOT/eV          EDIFF/eV         DRHO     TIME/s
 GE1     -3.49351353e+03   0.00000000e+00   1.0293e-02   1.17
 GE2     -3.49353586e+03  -2.23309699e-02   2.4382e-03   1.18
 GE3     -3.49353630e+03  -4.41305906e-04   1.3723e-03   1.10
 GE4     -3.49353713e+03  -8.21865092e-04   5.5195e-04   1.06
 GE5     -3.49353721e+03  -8.23617153e-05   8.1390e-05   1.07
 GE6     -3.49353721e+03  -5.69753460e-07   1.2655e-05   1.06
 GE7     -3.49353721e+03  -5.46789834e-09   3.6943e-06   1.06
 GE8     -3.49353721e+03  -1.74323096e-09   2.6135e-06   1.07
 GE9     -3.49353721e+03  -1.27996772e-09   2.2200e-07   1.07
 GE10    -3.49353721e+03  -3.86697195e-12   2.0361e-08   1.11
 ----------------------------------------------------------------
              Stress_x             Stress_y             Stress_z 
 ----------------------------------------------------------------
         26.0481690174        -0.0000000000         2.5641338442 
         -0.0000000000        44.0715136824        -0.0000000000 
          2.5641338442        -0.0000000000        26.0481690174 
 ----------------------------------------------------------------
 TOTAL-PRESSURE (EXCLUDE KINETIC PART OF IONS): 32.055951 kbar
 ETOT DIFF (eV)              : -0.180061
 LARGEST GRAD (eV/Angstrom)  : 0.388090
 DONE(51.638572  SEC) : SETUP UNITCELL

 ================================================================
 RELAX STEP: 4 (CELL_CHANGE# 4 IONS_CHANGE# 1)
 ================================================================
 DONE(51.731382  SEC) : LOCAL POTENTIAL
 DONE(51.778817  SEC) : SYMMETRY
 DONE(51.779186  SEC) : INIT K-POINTS
 DONE(52.089361  SEC) : INIT SCF
 ITER       ETOT/eV          EDIFF/eV         DRHO     TIME/s
 GE1     -3.49341481e+03   0.00000000e+00   3.2981e-03   1.01
 GE2     -3.49341718e+03  -2.36370415e-03   2.8038e-03   0.92
 GE3     -3.49341853e+03  -1.35489452e-03   5.1237e-04   0.92
 GE4     -3.49341854e+03  -1.22958300e-05   1.0921e-04   0.92
 GE5     -3.49341854e+03  -1.62969047e-06   2.6893e-05   0.91
 GE6     -3.49341854e+03  -1.49710592e-07   1.9064e-05   0.91
 GE7     -3.49341854e+03  -9.32945653e-08   3.3345e-06   0.91
 GE8     -3.49341854e+03  -1.07347141e-09   5.9987e-07   0.91
 GE9     -3.49341854e+03  -7.73394390e-12   6.9168e-08   0.91
 ----------------------------------------------------------------
              Stress_x             Stress_y             Stress_z 
 ----------------------------------------------------------------
        -81.8152209755         0.0000000000         3.5302201374 
          0.0000000000       -66.7480449051        -0.0000000000 
          3.5302201374         0.0000000000       -81.8152209755 
 ----------------------------------------------------------------
 TOTAL-PRESSURE (EXCLUDE KINETIC PART OF IONS): -76.792829 kbar
 ETOT DIFF (eV)              : 0.118665
 LARGEST GRAD (eV/Angstrom)  : 0.131619
 DONE(62.562816  SEC) : SETUP UNITCELL

 ================================================================
 RELAX STEP: 5 (CELL_CHANGE# 5 IONS_CHANGE# 1)
 ================================================================
 DONE(62.655172  SEC) : LOCAL POTENTIAL
 DONE(62.702441  SEC) : SYMMETRY
 DONE(62.702796  SEC) : INIT K-POINTS
 DONE(63.017392  SEC) : INIT SCF
 ITER       ETOT/eV          EDIFF/eV         DRHO     TIME/s
 GE1     -3.49352946e+03   0.00000000e+00   9.9646e-03   1.12
 GE2     -3.49355245e+03  -2.29918854e-02   7.1672e-03   1.01
 GE3     -3.49356273e+03  -1.02791622e-02   1.3433e-03   1.01
 GE4     -3.49356274e+03  -1.03135839e-05   3.9598e-04   1.01
 GE5     -3.49356276e+03  -2.51036859e-05   7.2199e-05   1.02
 GE6     -3.49356276e+03  -4.32683999e-07   3.8293e-05   1.02
 GE7     -3.49356276e+03  -4.52494496e-07   1.1601e-05   1.02
 GE8     -3.49356276e+03  -2.47973443e-08   1.6429e-06   1.03
 GE9     -3.49356276e+03  -4.40834802e-11   2.3617e-07   1.01
 GE10    -3.49356276e+03  -3.09357756e-12   1.8571e-08   1.02
 ----------------------------------------------------------------
              Stress_x             Stress_y             Stress_z 
 ----------------------------------------------------------------
        -13.2102108744         0.0000000000         2.9634168892 
          0.0000000000         4.0023798448        -0.0000000000 
          2.9634168892        -0.0000000000       -13.2102108744 
 ----------------------------------------------------------------
 TOTAL-PRESSURE (EXCLUDE KINETIC PART OF IONS): -7.472681 kbar
 ETOT DIFF (eV)              : -0.144218
 LARGEST GRAD (eV/Angstrom)  : 0.283465
 DONE(75.537849  SEC) : SETUP UNITCELL

 ================================================================
 RELAX STEP: 6 (CELL_CHANGE# 6 IONS_CHANGE# 1)
 ================================================================
 DONE(75.630600  SEC) : LOCAL POTENTIAL
 DONE(75.677855  SEC) : SYMMETRY
 DONE(75.678224  SEC) : INIT K-POINTS
 DONE(75.992344  SEC) : INIT SCF
 ITER       ETOT/eV          EDIFF/eV         DRHO     TIME/s
 GE1     -3.49356346e+03   0.00000000e+00   4.8587e-03   1.15
 GE2     -3.49356894e+03  -5.48475685e-03   3.2842e-03   1.03
 GE3     -3.49357131e+03  -2.36152972e-03   6.4036e-04   1.02
 GE4     -3.49357131e+03  -2.42222096e-06   2.1158e-04   1.02
 GE5     -3.49357131e+03  -6.60852513e-06   5.4704e-05   1.02
 GE6     -3.49357131e+03  -9.06931759e-07   3.1653e-05   1.02
 GE7     -3.49357132e+03  -2.51180710e-07   4.5951e-06   1.03
 GE8     -3.49357132e+03  -1.90719057e-09   7.8286e-07   1.03
 GE9     -3.49357132e+03  -1.08275215e-11   1.0570e-07   1.02
 GE10    -3.49357132e+03   3.09357756e-12   7.8770e-09   1.03
 ----------------------------------------------------------------
              Stress_x             Stress_y             Stress_z 
 ----------------------------------------------------------------
        -10.7685532998         0.0000000000         2.6268115107 
          0.0000000000         2.7423823359         0.0000000000 
          2.6268115107         0.0000000000       -10.7685532998 
 ----------------------------------------------------------------
 TOTAL-PRESSURE (EXCLUDE KINETIC PART OF IONS): -6.264908 kbar
 ETOT DIFF (eV)              : -0.008553
 LARGEST GRAD (eV/Angstrom)  : 0.235610
 DONE(88.645624  SEC) : SETUP UNITCELL

 ================================================================
 RELAX STEP: 7 (CELL_CHANGE# 7 IONS_CHANGE# 1)
 ================================================================
 DONE(88.738183  SEC) : LOCAL POTENTIAL
 DONE(88.785445  SEC) : SYMMETRY
 DONE(88.785833  SEC) : INIT K-POINTS
 DONE(89.101036  SEC) : INIT SCF
 ITER       ETOT/eV          EDIFF/eV         DRHO     TIME/s
 GE1     -3.49358527e+03   0.00000000e+00   2.0608e-03   1.14
 GE2     -3.49358619e+03  -9.25013110e-04   8.1363e-04   1.02
 GE3     -3.49358636e+03  -1.68349987e-04   4.2227e-04   1.02
 GE4     -3.49358641e+03  -5.02941558e-05   8.4423e-05   1.03
 GE5     -3.49358641e+03  -1.67500829e-06   4.8254e-05   1.03
 GE6     -3.49358641e+03  -7.97327853e-07   1.3919e-05   1.02
 GE7     -3.49358641e+03  -3.58924603e-08   2.2863e-06   1.02
 GE8     -3.49358641e+03  -3.30239405e-10   3.0543e-07   1.02
 GE9     -3.49358641e+03  -4.64036634e-12   2.6818e-08   1.03
 ----------------------------------------------------------------
              Stress_x             Stress_y             Stress_z 
 ----------------------------------------------------------------
         -2.4603865915         0.0000000000         1.5959266820 
          0.0000000000        -0.8760077927         0.0000000000 
          1.5959266820         0.0000000000        -2.4603865915 
 ----------------------------------------------------------------
 TOTAL-PRESSURE (EXCLUDE KINETIC PART OF IONS): -1.932260 kbar
 ETOT DIFF (eV)              : -0.015096
 LARGEST GRAD (eV/Angstrom)  : 0.084454
 DONE(100.708883 SEC) : SETUP UNITCELL

 ================================================================
 RELAX STEP: 8 (CELL_CHANGE# 8 IONS_CHANGE# 1)
 ================================================================
 DONE(100.801563 SEC) : LOCAL POTENTIAL
 DONE(100.848824 SEC) : SYMMETRY
 DONE(100.849188 SEC) : INIT K-POINTS
 DONE(101.164813 SEC) : INIT SCF
 ITER       ETOT/eV          EDIFF/eV         DRHO     TIME/s
 GE1     -3.49358445e+03   0.00000000e+00   3.0180e-03   1.14
 GE2     -3.49358635e+03  -1.90121831e-03   1.2457e-03   1.02
 GE3     -3.49358679e+03  -4.33983034e-04   6.0660e-04   1.03
 GE4     -3.49358689e+03  -9.95531666e-05   1.2079e-04   1.03
 GE5     -3.49358689e+03  -3.28147914e-06   7.7198e-05   1.03
 GE6     -3.49358689e+03  -2.00867770e-06   1.9399e-05   1.04
 GE7     -3.49358689e+03  -6.58924287e-08   3.2618e-06   1.04
 GE8     -3.49358689e+03  -6.43464133e-10   4.2469e-07   1.03
 GE9     -3.49358689e+03  -1.08275215e-11   3.5893e-08   1.04
 ----------------------------------------------------------------
              Stress_x             Stress_y             Stress_z 
 ----------------------------------------------------------------
         -1.7174274726         0.0000000000         1.0354003486 
          0.0000000000         0.7233886154        -0.0000000000 
          1.0354003486         0.0000000000        -1.7174274726 
 ----------------------------------------------------------------
 TOTAL-PRESSURE (EXCLUDE KINETIC PART OF IONS): -0.903822 kbar
 ETOT DIFF (eV)              : -0.000480
 LARGEST GRAD (eV/Angstrom)  : 0.074007
 DONE(112.865801 SEC) : SETUP UNITCELL

 ================================================================
 RELAX STEP: 9 (CELL_CHANGE# 9 IONS_CHANGE# 1)
 ================================================================
 DONE(112.958246 SEC) : LOCAL POTENTIAL
 DONE(113.005516 SEC) : SYMMETRY
 DONE(113.005868 SEC) : INIT K-POINTS
 DONE(113.322801 SEC) : INIT SCF
 ITER       ETOT/eV          EDIFF/eV         DRHO     TIME/s
 GE1     -3.49358730e+03   0.00000000e+00   2.5276e-04   1.13
 GE2     -3.49358731e+03  -5.07734809e-06   1.1214e-04   1.03
 GE3     -3.49358731e+03  -5.37966641e-06   5.1938e-05   1.03
 GE4     -3.49358732e+03  -6.32212791e-07   6.1310e-06   1.02
 GE5     -3.49358732e+03  -6.49264591e-09   3.7289e-06   1.04
 GE6     -3.49358732e+03  -3.96132607e-09   1.2950e-06   1.02
 GE7     -3.49358732e+03  -2.85382530e-10   1.9735e-07   1.23
 GE8     -3.49358732e+03  -2.32018317e-12   4.6221e-08   1.07
 ----------------------------------------------------------------
              Stress_x             Stress_y             Stress_z 
 ----------------------------------------------------------------
         -0.1145737901         0.0000000000        -0.1710508393 
          0.0000000000         4.1651643225        -0.0000000000 
         -0.1710508393        -0.0000000000        -0.1145737901 
 ----------------------------------------------------------------
 TOTAL-PRESSURE (EXCLUDE KINETIC PART OF IONS): 1.312006 kbar
 ETOT DIFF (eV)              : -0.000424
 LARGEST GRAD (eV/Angstrom)  : 0.051602
 DONE(124.197061 SEC) : SETUP UNITCELL

 ================================================================
 RELAX STEP: 10 (CELL_CHANGE# 10 IONS_CHANGE# 1)
 ================================================================
 DONE(124.289926 SEC) : LOCAL POTENTIAL
 DONE(124.337084 SEC) : SYMMETRY
 DONE(124.337398 SEC) : INIT K-POINTS
 DONE(124.651592 SEC) : INIT SCF
 ITER       ETOT/eV          EDIFF/eV         DRHO     TIME/s
 GE1     -3.49358780e+03   0.00000000e+00   3.8876e-04   1.24
 GE2     -3.49358780e+03   7.77153087e-08   2.3724e-04   1.03
 GE3     -3.49358783e+03  -3.10578350e-05   7.9734e-05   1.04
 GE4     -3.49358783e+03  -9.42177662e-07   1.6199e-05   1.04
 GE5     -3.49358783e+03  -6.36604124e-08   8.2295e-06   1.04
 GE6     -3.49358783e+03  -1.50672695e-08   1.8476e-06   1.16
 GE7     -3.49358783e+03  -2.98530235e-10   1.7443e-07   1.04
 GE8     -3.49358783e+03   0.00000000e+00   1.0688e-08   1.04
 ----------------------------------------------------------------
              Stress_x             Stress_y             Stress_z 
 ----------------------------------------------------------------
         -0.5144182987        -0.0000000000        -0.0085823318 
         -0.0000000000         2.2318727587         0.0000000000 
         -0.0085823318         0.0000000000        -0.5144182987 
 ----------------------------------------------------------------
 TOTAL-PRESSURE (EXCLUDE KINETIC PART OF IONS): 0.401012 kbar
 ETOT DIFF (eV)              : -0.000519
 LARGEST GRAD (eV/Angstrom)  : 0.035054
 DONE(135.656369 SEC) : SETUP UNITCELL

 ================================================================
 RELAX STEP: 11 (CELL_CHANGE# 11 IONS_CHANGE# 1)
 ================================================================
 DONE(135.748525 SEC) : LOCAL POTENTIAL
 DONE(135.795564 SEC) : SYMMETRY
 DONE(135.795893 SEC) : INIT K-POINTS
 DONE(136.115295 SEC) : INIT SCF
 ITER       ETOT/eV          EDIFF/eV         DRHO     TIME/s
 GE1     -3.49358815e+03   0.00000000e+00   6.2349e-05   1.13
 GE2     -3.49358815e+03  -7.94485629e-07   2.7432e-05   1.03
 GE3     -3.49358815e+03  -2.50326882e-07   1.1730e-05   1.03
 GE4     -3.49358815e+03  -3.43858880e-08   2.6757e-06   1.02
 GE5     -3.49358815e+03  -1.61794106e-09   1.8882e-06   1.14
 GE6     -3.49358815e+03  -1.14153012e-09   3.6210e-07   1.03
 GE7     -3.49358815e+03  -1.93348598e-11   6.3493e-08   1.03
 ----------------------------------------------------------------
              Stress_x             Stress_y             Stress_z 
 ----------------------------------------------------------------
         -0.9686106705        -0.0000000000         0.1840294690 
         -0.0000000000        -0.0287870045         0.0000000000 
          0.1840294690        -0.0000000000        -0.9686106705 
 ----------------------------------------------------------------
 TOTAL-PRESSURE (EXCLUDE KINETIC PART OF IONS): -0.655336 kbar
 ETOT DIFF (eV)              : -0.000314
 LARGEST GRAD (eV/Angstrom)  : 0.015454
 DONE(145.860867 SEC) : SETUP UNITCELL

 ================================================================
 RELAX STEP: 12 (CELL_CHANGE# 12 IONS_CHANGE# 1)
 ================================================================
 DONE(145.961709 SEC) : LOCAL POTENTIAL
 DONE(146.008773 SEC) : SYMMETRY
 DONE(146.009115 SEC) : INIT K-POINTS
 DONE(146.316076 SEC) : INIT SCF
 ITER       ETOT/eV          EDIFF/eV         DRHO     TIME/s
 GE1     -3.49358815e+03   0.00000000e+00   3.4808e-04   1.15
 GE2     -3.49358818e+03  -2.58445304e-05   1.6791e-04   1.04
 GE3     -3.49358819e+03  -8.89743378e-06   6.2177e-05   1.04
 GE4     -3.49358819e+03  -7.75737775e-07   1.4396e-05   1.10
 GE5     -3.49358819e+03  -4.48460471e-08   1.0222e-05   1.09
 GE6     -3.49358819e+03  -3.42551843e-08   2.0503e-06   1.04
 GE7     -3.49358819e+03  -6.05567808e-10   3.4086e-07   1.04
 GE8     -3.49358819e+03  -5.41376073e-12   3.8069e-08   1.05
 ----------------------------------------------------------------
              Stress_x             Stress_y             Stress_z 
 ----------------------------------------------------------------
         -0.0643603133         0.0000000000         0.1309220925 
          0.0000000000         0.5733481121         0.0000000000 
          0.1309220925         0.0000000000        -0.0643603133 
 ----------------------------------------------------------------
 TOTAL-PRESSURE (EXCLUDE KINETIC PART OF IONS): 0.148209 kbar
 ETOT DIFF (eV)              : -0.000037
 LARGEST GRAD (eV/Angstrom)  : 0.012883
 DONE(157.131433 SEC) : SETUP UNITCELL

 ================================================================
 RELAX STEP: 13 (CELL_CHANGE# 13 IONS_CHANGE# 1)
 ================================================================
 DONE(157.224140 SEC) : LOCAL POTENTIAL
 DONE(157.271595 SEC) : SYMMETRY
 DONE(157.271963 SEC) : INIT K-POINTS
 DONE(157.587528 SEC) : INIT SCF
 ITER       ETOT/eV          EDIFF/eV         DRHO     TIME/s
 GE1     -3.49358819e+03   0.00000000e+00   2.7202e-05   1.14
 GE2     -3.49358819e+03  -1.12723006e-07   8.4749e-06   1.03
 GE3     -3.49358819e+03  -1.55684291e-08   5.5419e-06   1.10
 GE4     -3.49358819e+03  -1.28360267e-08   1.2113e-06   1.06
 GE5     -3.49358819e+03  -3.82056829e-10   3.4085e-07   1.04
 GE6     -3.49358819e+03  -2.70688037e-11   1.8865e-07   1.04
 GE7     -3.49358819e+03  -2.32018317e-12   3.6045e-08   1.04
 ----------------------------------------------------------------
              Stress_x             Stress_y             Stress_z 
 ----------------------------------------------------------------
          0.4635818109         0.0000000000         0.1000248463 
          0.0000000000         0.9242276362        -0.0000000000 
          0.1000248463         0.0000000000         0.4635818109 
 ----------------------------------------------------------------
 TOTAL-PRESSURE (EXCLUDE KINETIC PART OF IONS): 0.617130 kbar
 ETOT DIFF (eV)              : -0.000005
 LARGEST GRAD (eV/Angstrom)  : 0.011382
 DONE(167.372009 SEC) : SETUP UNITCELL

 ================================================================
 RELAX STEP: 14 (CELL_CHANGE# 14 IONS_CHANGE# 1)
 ================================================================
 DONE(167.464751 SEC) : LOCAL POTENTIAL
 DONE(167.511822 SEC) : SYMMETRY
 DONE(167.512156 SEC) : INIT K-POINTS
 DONE(167.826055 SEC) : INIT SCF
 ITER       ETOT/eV          EDIFF/eV         DRHO     TIME/s
 GE1     -3.49358822e+03   0.00000000e+00   8.0664e-05   1.14
 GE2     -3.49358822e+03  -1.61772529e-06   4.4545e-05   1.03
 GE3     -3.49358822e+03  -5.24652966e-07   1.1966e-05   1.11
 GE4     -3.49358822e+03  -1.84392691e-08   3.5796e-06   1.05
 GE5     -3.49358822e+03  -1.98685019e-09   7.6490e-07   1.03
 GE6     -3.49358822e+03  -1.12142187e-10   4.6510e-07   1.03
 GE7     -3.49358822e+03  -6.26449456e-11   8.7701e-08   1.04
 ----------------------------------------------------------------
              Stress_x             Stress_y             Stress_z 
 ----------------------------------------------------------------
          0.1075210194         0.0000000000         0.0468824422 
          0.0000000000         0.2774524362        -0.0000000000 
          0.0468824422        -0.0000000000         0.1075210194 
 ----------------------------------------------------------------
 TOTAL-PRESSURE (EXCLUDE KINETIC PART OF IONS): 0.164165 kbar
 ETOT DIFF (eV)              : -0.000030
 LARGEST GRAD (eV/Angstrom)  : 0.005472

 ~~~~~~~~~~~~~~~~~~~~~~~~~~~~~~~~~~~~~~~~~~~~~~~~~~~~~~~~~~~~~~~~
 Geometry relaxation thresholds are reached within 13 steps.
 ~~~~~~~~~~~~~~~~~~~~~~~~~~~~~~~~~~~~~~~~~~~~~~~~~~~~~~~~~~~~~~~~

 TIME STATISTICS
-----------------------------------------------------------------
    CLASS_NAME          NAME       TIME/s  CALLS   AVG/s  PER/%  
-----------------------------------------------------------------
                   total           177.62 145      1.22   100.00 
 Driver            atomic_world    177.62 1        177.62 100.00 
 Charge            atomic_rho      2.62   28       0.09   1.47   
 Relax_Driver      relax_driver    176.57 1        176.57 99.41  
 ESolver_KS        runner          145.88 14       10.42  82.13  
 ESolver_KS_LCAO   before_scf      6.13   14       0.44   3.45   
 Potential         cal_veff        1.97   137      0.01   1.11   
 XC_Functional     v_xc            2.06   165      0.01   1.16   
 HSolverLCAO       solve           134.32 123      1.09   75.63  
 HamiltLCAO        updateHk        67.39  1230     0.05   37.94  
 OperatorLCAO      init            67.39  6150     0.01   37.94  
 Veff              contributeHR    65.88  123      0.54   37.09  
 Gint              cal_gint_vl     65.87  123      0.54   37.09  
 Gint              hr_gint_to_hR   9.23   123      0.08   5.20   
 HSolverLCAO       hamiltSolvePsiK 11.46  1230     0.01   6.45   
 DiagoElpa         elpa_solve      9.65   1230     0.01   5.43   
 LCAO_domain       dm2rho          54.47  123      0.44   30.67  
 Gint              cal_gint_rho    48.92  123      0.40   27.54  
 Gint              dm_2d_to_gint   1.92   137      0.01   1.08   
 ESolver_KS_LCAO   cal_force       30.65  14       2.19   17.26  
 Force_Stress_LCAO getForceStress  30.65  14       2.19   17.26  
 Stress            stress_loc      5.26   14       0.38   2.96   
 Stress            stress_cc       6.75   14       0.48   3.80   
 Gint              cal_gint_fvl    11.98  14       0.86   6.74   
-----------------------------------------------------------------


 START  Time  : Tue Jun 30 13:53:50 2026
 FINISH Time  : Tue Jun 30 13:56:47 2026
 TOTAL  Time  : 177
 SEE INFORMATION IN : OUT.CaOMgO/
